Found 1 instances

=================================================================
  STAGE 1 DIVERSIFICATION WEIGHT SWEEP
=================================================================

=================================================================
  Instance: paper_data — S1 diversification sweep
=================================================================
    Solving Stage 1 (S1-div-w0)... cost=4494, time=1199.045s
    Solving Stage 2 (S2-FULL)... cost=[0, 35, 4210], time=11.38s
    Solving Stage 1 (S1-div-w20)... cost=4562, time=1199.053s
    Solving Stage 2 (S2-FULL)... cost=[20, 80, 4525], time=600.012s
    Solving Stage 1 (S1-div-w40)... cost=4710, time=1199.065s
    Solving Stage 2 (S2-FULL)... cost=[0, 95, 4439], time=431.54s
    Solving Stage 1 (S1-div-w60)... cost=4550, time=1199.116s
    Solving Stage 2 (S2-FULL)... cost=[0, 65, 4244], time=600.012s
    Solving Stage 1 (S1-div-w80)... cost=4494, time=1199.04s
    Solving Stage 2 (S2-FULL)... cost=[0, 35, 4247], time=1.051s
    Solving Stage 1 (S1-div-w100)... cost=4522, time=1199.063s
    Solving Stage 2 (S2-FULL)... cost=[0, 50, 4361], time=600.012s
    Solving Stage 1 (S1-div-w120)... cost=4522, time=1199.042s
    Solving Stage 2 (S2-FULL)... cost=[0, 40, 4411], time=2.418s
    Solving Stage 1 (S1-div-w140)... cost=4494, time=1199.036s
    Solving Stage 2 (S2-FULL)... cost=[0, 60, 4414], time=0.02s
    Solving Stage 1 (S1-div-w160)... cost=4494, time=1199.04s
    Solving Stage 2 (S2-FULL)... cost=[0, 80, 4412], time=600.012s
    Solving Stage 1 (S1-div-w180)... cost=4466, time=1199.045s
    Solving Stage 2 (S2-FULL)... cost=[0, 70, 4468], time=45.671s
    Solving Stage 1 (S1-div-w200)... cost=4466, time=1199.054s
    Solving Stage 2 (S2-FULL)... cost=[0, 65, 4468], time=220.568s
    Solving Stage 1 (S1-div-w220)... cost=4494, time=1199.054s
    Solving Stage 2 (S2-FULL)... cost=[0, 90, 4415], time=600.012s
    Solving Stage 1 (S1-div-w240)... cost=4466, time=1199.063s
    Solving Stage 2 (S2-FULL)... cost=[0, 85, 4469], time=600.012s
    Solving Stage 1 (S1-div-w260)... cost=4466, time=1199.038s
    Solving Stage 2 (S2-FULL)... cost=[0, 90, 4468], time=119.351s
    Solving Stage 1 (S1-div-w280)... cost=4522, time=1199.04s
    Solving Stage 2 (S2-FULL)... cost=[0, 70, 4467], time=48.366s
    Solving Stage 1 (S1-div-w300)... cost=4466, time=1199.054s
    Solving Stage 2 (S2-FULL)... cost=[0, 60, 4468], time=203.218s
    Solving Stage 1 (S1-div-w320)...