nohup: ignoring input
══════════════════════════════════════════════════════════════════════
  FINAL TWO-STAGE EXPERIMENT
══════════════════════════════════════════════════════════════════════
  Stage 1 encoding: stage_1_flow.lp
  Stage 2 encoding: stage2_packing.lp
  Instances:        5
  Weights:          [0, 300, 500, 750, 1000, 1500]
  Exposure N:       3
  S2 configs:       ['off_off', 'hetero', 'conc', 'both']
  Total runs:       120
  Output:           experiments/two_stage/final/results/sweep_small_ralpha_v2.csv
══════════════════════════════════════════════════════════════════════

══════════════════════════════════════════════════════════════════════
  Instance: layered_small_seed1  (type=layered, size=small, seed=1, time_limit=600s
══════════════════════════════════════════════════════════════════════
  Parsed: 2 parts, 17 routes

  [layered_small_seed1 w=0] Stage 1 solve (limit=600s, enc=stage_1_flow.lp)...
  cmd: clingcon /home/racquelnina/MultiNetworkBatchingUsingASP/src/experiments/two_stage/final/encodings/stage_1_flow.lp /home/racquelnina/MultiNetworkBatchingUsingASP/src/instances/generated/layered_small_seed1.lp -c weight=0 -c max_freq=20 -c exposure_n=3 -c use_exposure=1 -c cap_size_divide=1 --time-limit=600 --outf=2 -t 1 --configuration=many
  Stage 1: cost=4002  routes=6  loads=11  optimal=True
  R_TR=0.4667  worst_arc=(l2,l4,tr1)

  [layered_small_seed1 w=0 s2=off_off] Stage 2 solve (enc=stage2_packing.lp)...
  cmd: clingcon /tmp/s2_facts_w8fdtp65.lp /home/racquelnina/MultiNetworkBatchingUsingASP/src/experiments/two_stage/final/encodings/stage2_packing.lp -c weight=0 -c hetero_on=0 -c concentrated_on=0 --time-limit=600 --outf=2 -t 1 --configuration=many
  [clingcon stderr] *** Info : (clingcon): Sending shutdown signal...
  [clingcon stderr] *** ERROR: (clingcon): solving stopped by signal
  [clingcon stderr] *** Info : (clingcon): Shutdown completed in 0.047 seconds
  mono=4  conc=4  optimal=False
  R_1=0.8  worst_trip=(l4,l5,tr1,k1)
  K_1=0.8
  R_alpha: heaviest_single_0.2=0.5333  heaviest_global_0.2=0.0
  First solution: R_1=0.8  R_TR=0.3  s1_time=0.016  s2_time=0.012

  [layered_small_seed1 w=0 s2=hetero] Stage 2 solve (enc=stage2_packing.lp)...
  cmd: clingcon /tmp/s2_facts_1monpxpn.lp /home/racquelnina/MultiNetworkBatchingUsingASP/src/experiments/two_stage/final/encodings/stage2_packing.lp -c weight=0 -c hetero_on=1 -c concentrated_on=0 --time-limit=600 --outf=2 -t 1 --configuration=many
  [clingcon stderr] *** Info : (clingcon): Sending shutdown signal...
  [clingcon stderr] *** ERROR: (clingcon): solving stopped by signal
  [clingcon stderr] *** Info : (clingcon): Shutdown completed in 0.004 seconds
  mono=0  conc=4  optimal=False
  R_1=0.8333  worst_trip=(l3,l5,tr1,k1)
  K_1=0.8333
  R_alpha: heaviest_single_0.2=0.5  heaviest_global_0.2=0.0333
  First solution: R_1=0.8  R_TR=0.3  s1_time=0.016  s2_time=0.026

  [layered_small_seed1 w=0 s2=conc] Stage 2 solve (enc=stage2_packing.lp)...
  cmd: clingcon /tmp/s2_facts_jcmu4etq.lp /home/racquelnina/MultiNetworkBatchingUsingASP/src/experiments/two_stage/final/encodings/stage2_packing.lp -c weight=0 -c hetero_on=0 -c concentrated_on=1 --time-limit=600 --outf=2 -t 1 --configuration=many
  [clingcon stderr] *** Info : (clingcon): Sending shutdown signal...
  [clingcon stderr] *** ERROR: (clingcon): solving stopped by signal
  [clingcon stderr] *** Info : (clingcon): Shutdown completed in 0.001 seconds
  mono=3  conc=4  optimal=False
  R_1=0.8333  worst_trip=(l4,l5,tr1,k2)
  K_1=0.8333
  R_alpha: heaviest_single_0.2=0.5  heaviest_global_0.2=0.0667
  First solution: R_1=0.8  R_TR=0.3  s1_time=0.016  s2_time=0.025

  [layered_small_seed1 w=0 s2=both] Stage 2 solve (enc=stage2_packing.lp)...
  cmd: clingcon /tmp/s2_facts_vt05qgt8.lp /home/racquelnina/MultiNetworkBatchingUsingASP/src/experiments/two_stage/final/encodings/stage2_packing.lp -c weight=0 -c hetero_on=1 -c concentrated_on=1 --time-limit=600 --outf=2 -t 1 --configuration=many
  [clingcon stderr] *** Info : (clingcon): Sending shutdown signal...
  [clingcon stderr] *** ERROR: (clingcon): solving stopped by signal
  [clingcon stderr] *** Info : (clingcon): Shutdown completed in 0.005 seconds
  mono=1  conc=4  optimal=False
  R_1=0.8333  worst_trip=(l2,l4,tr1,k3)
  K_1=0.8333
  R_alpha: heaviest_single_0.2=0.5  heaviest_global_0.2=0.0667
  First solution: R_1=0.8  R_TR=0.3  s1_time=0.016  s2_time=0.025

  [layered_small_seed1 w=300] Stage 1 solve (limit=600s, enc=stage_1_flow.lp)...
  cmd: clingcon /home/racquelnina/MultiNetworkBatchingUsingASP/src/experiments/two_stage/final/encodings/stage_1_flow.lp /home/racquelnina/MultiNetworkBatchingUsingASP/src/instances/generated/layered_small_seed1.lp -c weight=300 -c max_freq=20 -c exposure_n=3 -c use_exposure=1 -c cap_size_divide=1 --time-limit=600 --outf=2 -t 1 --configuration=many
  [clingcon stderr] *** Info : (clingcon): Sending shutdown signal...
  [clingcon stderr] *** ERROR: (clingcon): solving stopped by signal
  [clingcon stderr] *** Info : (clingcon): Shutdown completed in 0.000 seconds
  Stage 1: cost=4978  routes=7  loads=13  optimal=False
  R_TR=0.3  worst_arc=(l3,l5,tr1)

  [layered_small_seed1 w=300 s2=off_off] Stage 2 solve (enc=stage2_packing.lp)...
  cmd: clingcon /tmp/s2_facts_q0w1iaq2.lp /home/racquelnina/MultiNetworkBatchingUsingASP/src/experiments/two_stage/final/encodings/stage2_packing.lp -c weight=300 -c hetero_on=0 -c concentrated_on=0 --time-limit=600 --outf=2 -t 1 --configuration=many
  [clingcon stderr] *** Info : (clingcon): Sending shutdown signal...
  [clingcon stderr] *** ERROR: (clingcon): solving stopped by signal
  [clingcon stderr] *** Info : (clingcon): Shutdown completed in 0.104 seconds
  mono=12  conc=11  optimal=False
  R_1=0.8  worst_trip=(l3,l5,tr1,k3)
  K_1=0.8
  R_alpha: heaviest_single_0.2=0.3667  heaviest_global_0.2=0.0
  First solution: R_1=0.8333  R_TR=0.3  s1_time=0.06  s2_time=0.036

  [layered_small_seed1 w=300 s2=hetero] Stage 2 solve (enc=stage2_packing.lp)...
  cmd: clingcon /tmp/s2_facts_5fs9o8ec.lp /home/racquelnina/MultiNetworkBatchingUsingASP/src/experiments/two_stage/final/encodings/stage2_packing.lp -c weight=300 -c hetero_on=1 -c concentrated_on=0 --time-limit=600 --outf=2 -t 1 --configuration=many
  mono=0  conc=5  optimal=True
  R_1=0.8667  worst_trip=(l3,l5,tr1,k6)
  K_1=0.8667
  R_alpha: heaviest_single_0.2=0.4  heaviest_global_0.2=0.0333
  First solution: R_1=0.8333  R_TR=0.3  s1_time=0.06  s2_time=0.133

  [layered_small_seed1 w=300 s2=conc] Stage 2 solve (enc=stage2_packing.lp)...
  cmd: clingcon /tmp/s2_facts_bhgj3qwx.lp /home/racquelnina/MultiNetworkBatchingUsingASP/src/experiments/two_stage/final/encodings/stage2_packing.lp -c weight=300 -c hetero_on=0 -c concentrated_on=1 --time-limit=600 --outf=2 -t 1 --configuration=many
  [clingcon stderr] *** Info : (clingcon): Sending shutdown signal...
  [clingcon stderr] *** ERROR: (clingcon): solving stopped by signal
  [clingcon stderr] *** Info : (clingcon): Shutdown completed in 0.001 seconds
  mono=8  conc=12  optimal=False
  R_1=0.8  worst_trip=(l3,l5,tr1,k5)
  K_1=0.8
  R_alpha: heaviest_single_0.2=0.3667  heaviest_global_0.2=0.0667
  First solution: R_1=0.8333  R_TR=0.3  s1_time=0.06  s2_time=0.015

  [layered_small_seed1 w=300 s2=both] Stage 2 solve (enc=stage2_packing.lp)...
  cmd: clingcon /tmp/s2_facts_6oi76u69.lp /home/racquelnina/MultiNetworkBatchingUsingASP/src/experiments/two_stage/final/encodings/stage2_packing.lp -c weight=300 -c hetero_on=1 -c concentrated_on=1 --time-limit=600 --outf=2 -t 1 --configuration=many
  [clingcon stderr] *** Info : (clingcon): Sending shutdown signal...
  [clingcon stderr] *** ERROR: (clingcon): solving stopped by signal
  [clingcon stderr] *** Info : (clingcon): Shutdown completed in 0.001 seconds
  mono=7  conc=12  optimal=False
  R_1=0.8  worst_trip=(l3,l5,tr1,k3)
  K_1=0.8
  R_alpha: heaviest_single_0.2=0.3667  heaviest_global_0.2=0.0333
  First solution: R_1=0.8333  R_TR=0.3  s1_time=0.06  s2_time=0.03

  [layered_small_seed1 w=500] Stage 1 solve (limit=600s, enc=stage_1_flow.lp)...
  cmd: clingcon /home/racquelnina/MultiNetworkBatchingUsingASP/src/experiments/two_stage/final/encodings/stage_1_flow.lp /home/racquelnina/MultiNetworkBatchingUsingASP/src/instances/generated/layered_small_seed1.lp -c weight=500 -c max_freq=20 -c exposure_n=3 -c use_exposure=1 -c cap_size_divide=1 --time-limit=600 --outf=2 -t 1 --configuration=many
  Stage 1: cost=5072  routes=9  loads=18  optimal=True
  R_TR=0.6667  worst_arc=(l1,l3,tr2)

  [layered_small_seed1 w=500 s2=off_off] Stage 2 solve (enc=stage2_packing.lp)...
  cmd: clingcon /tmp/s2_facts_8v4tpx2b.lp /home/racquelnina/MultiNetworkBatchingUsingASP/src/experiments/two_stage/final/encodings/stage2_packing.lp -c weight=500 -c hetero_on=0 -c concentrated_on=0 --time-limit=600 --outf=2 -t 1 --configuration=many
  mono=1  conc=14  optimal=True
  R_1=0.8333  worst_trip=(l3,l5,tr1,k1)
  K_1=0.8333
  R_alpha: heaviest_single_0.2=0.6667  heaviest_global_0.2=0.0
  First solution: R_1=0.8667  R_TR=0.3  s1_time=0.036  s2_time=0.399

  [layered_small_seed1 w=500 s2=hetero] Stage 2 solve (enc=stage2_packing.lp)...
  cmd: clingcon /tmp/s2_facts_jo0q_l8s.lp /home/racquelnina/MultiNetworkBatchingUsingASP/src/experiments/two_stage/final/encodings/stage2_packing.lp -c weight=500 -c hetero_on=1 -c concentrated_on=0 --time-limit=600 --outf=2 -t 1 --configuration=many
  mono=0  conc=14  optimal=True
  R_1=0.8333  worst_trip=(l2,l3,tr1,k1)
  K_1=0.8333
  R_alpha: heaviest_single_0.2=0.6667  heaviest_global_0.2=0.0
  First solution: R_1=0.8667  R_TR=0.3  s1_time=0.036  s2_time=0.026

  [layered_small_seed1 w=500 s2=conc] Stage 2 solve (enc=stage2_packing.lp)...
  cmd: clingcon /tmp/s2_facts_vmd0q4pt.lp /home/racquelnina/MultiNetworkBatchingUsingASP/src/experiments/two_stage/final/encodings/stage2_packing.lp -c weight=500 -c hetero_on=0 -c concentrated_on=1 --time-limit=600 --outf=2 -t 1 --configuration=many
  [clingcon stderr] *** Info : (clingcon): Sending shutdown signal...
  [clingcon stderr] *** ERROR: (clingcon): solving stopped by signal
  [clingcon stderr] *** Info : (clingcon): Shutdown completed in 0.000 seconds
  mono=3  conc=13  optimal=False
  R_1=0.8  worst_trip=(l2,l4,tr1,k6)
  K_1=0.8
  R_alpha: heaviest_single_0.2=0.6667  heaviest_global_0.2=0.0
  First solution: R_1=0.8667  R_TR=0.3  s1_time=0.036  s2_time=0.017

  [layered_small_seed1 w=500 s2=both] Stage 2 solve (enc=stage2_packing.lp)...
  cmd: clingcon /tmp/s2_facts_khjk112i.lp /home/racquelnina/MultiNetworkBatchingUsingASP/src/experiments/two_stage/final/encodings/stage2_packing.lp -c weight=500 -c hetero_on=1 -c concentrated_on=1 --time-limit=600 --outf=2 -t 1 --configuration=many
  [clingcon stderr] *** Info : (clingcon): Sending shutdown signal...
  [clingcon stderr] *** ERROR: (clingcon): solving stopped by signal
  [clingcon stderr] *** Info : (clingcon): Shutdown completed in 0.106 seconds
  mono=0  conc=12  optimal=False
  R_1=0.8333  worst_trip=(l2,l4,tr1,k3)
  K_1=0.8333
  R_alpha: heaviest_single_0.2=0.6667  heaviest_global_0.2=0.0
  First solution: R_1=0.8667  R_TR=0.3  s1_time=0.036  s2_time=0.028

  [layered_small_seed1 w=750] Stage 1 solve (limit=600s, enc=stage_1_flow.lp)...
  cmd: clingcon /home/racquelnina/MultiNetworkBatchingUsingASP/src/experiments/two_stage/final/encodings/stage_1_flow.lp /home/racquelnina/MultiNetworkBatchingUsingASP/src/instances/generated/layered_small_seed1.lp -c weight=750 -c max_freq=20 -c exposure_n=3 -c use_exposure=1 -c cap_size_divide=1 --time-limit=600 --outf=2 -t 1 --configuration=many
  Stage 1: cost=5072  routes=9  loads=18  optimal=True
  R_TR=0.6667  worst_arc=(l1,l3,tr2)

  [layered_small_seed1 w=750 s2=off_off] Stage 2 solve (enc=stage2_packing.lp)...
  cmd: clingcon /tmp/s2_facts_7ehy3ba4.lp /home/racquelnina/MultiNetworkBatchingUsingASP/src/experiments/two_stage/final/encodings/stage2_packing.lp -c weight=750 -c hetero_on=0 -c concentrated_on=0 --time-limit=600 --outf=2 -t 1 --configuration=many
  mono=1  conc=14  optimal=True
  R_1=0.8333  worst_trip=(l3,l5,tr1,k1)
  K_1=0.8333
  R_alpha: heaviest_single_0.2=0.6667  heaviest_global_0.2=0.0
  First solution: R_1=0.8667  R_TR=0.3  s1_time=0.032  s2_time=0.031

  [layered_small_seed1 w=750 s2=hetero] Stage 2 solve (enc=stage2_packing.lp)...
  cmd: clingcon /tmp/s2_facts_v_xv22w5.lp /home/racquelnina/MultiNetworkBatchingUsingASP/src/experiments/two_stage/final/encodings/stage2_packing.lp -c weight=750 -c hetero_on=1 -c concentrated_on=0 --time-limit=600 --outf=2 -t 1 --configuration=many
  mono=0  conc=14  optimal=True
  R_1=0.8333  worst_trip=(l2,l3,tr1,k1)
  K_1=0.8333
  R_alpha: heaviest_single_0.2=0.6667  heaviest_global_0.2=0.0
  First solution: R_1=0.8667  R_TR=0.3  s1_time=0.032  s2_time=0.026

  [layered_small_seed1 w=750 s2=conc] Stage 2 solve (enc=stage2_packing.lp)...
  cmd: clingcon /tmp/s2_facts_3b8hwu94.lp /home/racquelnina/MultiNetworkBatchingUsingASP/src/experiments/two_stage/final/encodings/stage2_packing.lp -c weight=750 -c hetero_on=0 -c concentrated_on=1 --time-limit=600 --outf=2 -t 1 --configuration=many
  [clingcon stderr] *** Info : (clingcon): Sending shutdown signal...
  [clingcon stderr] *** ERROR: (clingcon): solving stopped by signal
  [clingcon stderr] *** Info : (clingcon): Shutdown completed in 0.074 seconds
  mono=3  conc=13  optimal=False
  R_1=0.8  worst_trip=(l2,l4,tr1,k6)
  K_1=0.8
  R_alpha: heaviest_single_0.2=0.6667  heaviest_global_0.2=0.0
  First solution: R_1=0.8667  R_TR=0.3  s1_time=0.032  s2_time=0.026

  [layered_small_seed1 w=750 s2=both] Stage 2 solve (enc=stage2_packing.lp)...
  cmd: clingcon /tmp/s2_facts_vdmywh1h.lp /home/racquelnina/MultiNetworkBatchingUsingASP/src/experiments/two_stage/final/encodings/stage2_packing.lp -c weight=750 -c hetero_on=1 -c concentrated_on=1 --time-limit=600 --outf=2 -t 1 --configuration=many
  [clingcon stderr] *** Info : (clingcon): Sending shutdown signal...
  [clingcon stderr] *** ERROR: (clingcon): solving stopped by signal
  [clingcon stderr] *** Info : (clingcon): Shutdown completed in 0.000 seconds
  mono=0  conc=12  optimal=False
  R_1=0.8333  worst_trip=(l2,l3,tr1,k3)
  K_1=0.8333
  R_alpha: heaviest_single_0.2=0.6667  heaviest_global_0.2=0.0
  First solution: R_1=0.8667  R_TR=0.3  s1_time=0.032  s2_time=0.025

  [layered_small_seed1 w=1000] Stage 1 solve (limit=600s, enc=stage_1_flow.lp)...
  cmd: clingcon /home/racquelnina/MultiNetworkBatchingUsingASP/src/experiments/two_stage/final/encodings/stage_1_flow.lp /home/racquelnina/MultiNetworkBatchingUsingASP/src/instances/generated/layered_small_seed1.lp -c weight=1000 -c max_freq=20 -c exposure_n=3 -c use_exposure=1 -c cap_size_divide=1 --time-limit=600 --outf=2 -t 1 --configuration=many
  Stage 1: cost=5072  routes=9  loads=18  optimal=True
  R_TR=0.6667  worst_arc=(l1,l3,tr2)

  [layered_small_seed1 w=1000 s2=off_off] Stage 2 solve (enc=stage2_packing.lp)...
  cmd: clingcon /tmp/s2_facts_mgjdp__a.lp /home/racquelnina/MultiNetworkBatchingUsingASP/src/experiments/two_stage/final/encodings/stage2_packing.lp -c weight=1000 -c hetero_on=0 -c concentrated_on=0 --time-limit=600 --outf=2 -t 1 --configuration=many
  mono=1  conc=14  optimal=True
  R_1=0.8333  worst_trip=(l3,l5,tr1,k1)
  K_1=0.8333
  R_alpha: heaviest_single_0.2=0.6667  heaviest_global_0.2=0.0
  First solution: R_1=0.8667  R_TR=0.3  s1_time=0.037  s2_time=0.026

  [layered_small_seed1 w=1000 s2=hetero] Stage 2 solve (enc=stage2_packing.lp)...
  cmd: clingcon /tmp/s2_facts_040c0qdi.lp /home/racquelnina/MultiNetworkBatchingUsingASP/src/experiments/two_stage/final/encodings/stage2_packing.lp -c weight=1000 -c hetero_on=1 -c concentrated_on=0 --time-limit=600 --outf=2 -t 1 --configuration=many
  mono=0  conc=14  optimal=True
  R_1=0.8333  worst_trip=(l4,l5,tr1,k4)
  K_1=0.8333
  R_alpha: heaviest_single_0.2=0.6667  heaviest_global_0.2=0.0
  First solution: R_1=0.8667  R_TR=0.3  s1_time=0.037  s2_time=0.026

  [layered_small_seed1 w=1000 s2=conc] Stage 2 solve (enc=stage2_packing.lp)...
  cmd: clingcon /tmp/s2_facts_qi2o4b1v.lp /home/racquelnina/MultiNetworkBatchingUsingASP/src/experiments/two_stage/final/encodings/stage2_packing.lp -c weight=1000 -c hetero_on=0 -c concentrated_on=1 --time-limit=600 --outf=2 -t 1 --configuration=many
  [clingcon stderr] *** Info : (clingcon): Sending shutdown signal...
  [clingcon stderr] *** ERROR: (clingcon): solving stopped by signal
  [clingcon stderr] *** Info : (clingcon): Shutdown completed in 0.001 seconds
  mono=3  conc=13  optimal=False
  R_1=0.8  worst_trip=(l2,l4,tr1,k6)
  K_1=0.8
  R_alpha: heaviest_single_0.2=0.6667  heaviest_global_0.2=0.0
  First solution: R_1=0.8667  R_TR=0.3  s1_time=0.037  s2_time=0.026

  [layered_small_seed1 w=1000 s2=both] Stage 2 solve (enc=stage2_packing.lp)...
  cmd: clingcon /tmp/s2_facts_rcr6yqji.lp /home/racquelnina/MultiNetworkBatchingUsingASP/src/experiments/two_stage/final/encodings/stage2_packing.lp -c weight=1000 -c hetero_on=1 -c concentrated_on=1 --time-limit=600 --outf=2 -t 1 --configuration=many
  [clingcon stderr] *** Info : (clingcon): Sending shutdown signal...
  [clingcon stderr] *** ERROR: (clingcon): solving stopped by signal
  [clingcon stderr] *** Info : (clingcon): Shutdown completed in 0.000 seconds
  mono=0  conc=12  optimal=False
  R_1=0.8333  worst_trip=(l2,l4,tr1,k3)
  K_1=0.8333
  R_alpha: heaviest_single_0.2=0.6667  heaviest_global_0.2=0.0
  First solution: R_1=0.8667  R_TR=0.3  s1_time=0.037  s2_time=0.03

  [layered_small_seed1 w=1500] Stage 1 solve (limit=600s, enc=stage_1_flow.lp)...
  cmd: clingcon /home/racquelnina/MultiNetworkBatchingUsingASP/src/experiments/two_stage/final/encodings/stage_1_flow.lp /home/racquelnina/MultiNetworkBatchingUsingASP/src/instances/generated/layered_small_seed1.lp -c weight=1500 -c max_freq=20 -c exposure_n=3 -c use_exposure=1 -c cap_size_divide=1 --time-limit=600 --outf=2 -t 1 --configuration=many
  Stage 1: cost=5072  routes=9  loads=17  optimal=True
  R_TR=0.6667  worst_arc=(l1,l3,tr2)

  [layered_small_seed1 w=1500 s2=off_off] Stage 2 solve (enc=stage2_packing.lp)...
  cmd: clingcon /tmp/s2_facts_irhwwllp.lp /home/racquelnina/MultiNetworkBatchingUsingASP/src/experiments/two_stage/final/encodings/stage2_packing.lp -c weight=1500 -c hetero_on=0 -c concentrated_on=0 --time-limit=600 --outf=2 -t 1 --configuration=many
  mono=3  conc=12  optimal=True
  R_1=0.8333  worst_trip=(l2,l3,tr1,k3)
  K_1=0.8333
  R_alpha: heaviest_single_0.2=0.6667  heaviest_global_0.2=0.0
  First solution: R_1=0.8667  R_TR=0.3  s1_time=0.037  s2_time=0.025

  [layered_small_seed1 w=1500 s2=hetero] Stage 2 solve (enc=stage2_packing.lp)...
  cmd: clingcon /tmp/s2_facts_iesfg4he.lp /home/racquelnina/MultiNetworkBatchingUsingASP/src/experiments/two_stage/final/encodings/stage2_packing.lp -c weight=1500 -c hetero_on=1 -c concentrated_on=0 --time-limit=600 --outf=2 -t 1 --configuration=many
  mono=1  conc=11  optimal=True
  R_1=0.8333  worst_trip=(l2,l3,tr1,k1)
  K_1=0.8333
  R_alpha: heaviest_single_0.2=0.6667  heaviest_global_0.2=0.0
  First solution: R_1=0.8667  R_TR=0.3  s1_time=0.037  s2_time=0.025

  [layered_small_seed1 w=1500 s2=conc] Stage 2 solve (enc=stage2_packing.lp)...
  cmd: clingcon /tmp/s2_facts_9k8dr0gy.lp /home/racquelnina/MultiNetworkBatchingUsingASP/src/experiments/two_stage/final/encodings/stage2_packing.lp -c weight=1500 -c hetero_on=0 -c concentrated_on=1 --time-limit=600 --outf=2 -t 1 --configuration=many
  [clingcon stderr] *** Info : (clingcon): Sending shutdown signal...
  [clingcon stderr] *** ERROR: (clingcon): solving stopped by signal
  [clingcon stderr] *** Info : (clingcon): Shutdown completed in 0.000 seconds
  mono=6  conc=11  optimal=False
  R_1=0.8  worst_trip=(l2,l3,tr1,k1)
  K_1=0.8
  R_alpha: heaviest_single_0.2=0.6667  heaviest_global_0.2=0.0
  First solution: R_1=0.8667  R_TR=0.3  s1_time=0.037  s2_time=0.026

  [layered_small_seed1 w=1500 s2=both] Stage 2 solve (enc=stage2_packing.lp)...
  cmd: clingcon /tmp/s2_facts_sgiqs9x5.lp /home/racquelnina/MultiNetworkBatchingUsingASP/src/experiments/two_stage/final/encodings/stage2_packing.lp -c weight=1500 -c hetero_on=1 -c concentrated_on=1 --time-limit=600 --outf=2 -t 1 --configuration=many
  [clingcon stderr] *** Info : (clingcon): Sending shutdown signal...
  [clingcon stderr] *** ERROR: (clingcon): solving stopped by signal
  [clingcon stderr] *** Info : (clingcon): Shutdown completed in 0.001 seconds
  mono=2  conc=10  optimal=False
  R_1=0.8  worst_trip=(l3,l5,tr1,k1)
  K_1=0.8
  R_alpha: heaviest_single_0.2=0.6667  heaviest_global_0.2=0.0333
  First solution: R_1=0.8667  R_TR=0.3  s1_time=0.037  s2_time=0.026

══════════════════════════════════════════════════════════════════════
  Instance: layered_small_seed2  (type=layered, size=small, seed=2, time_limit=600s
══════════════════════════════════════════════════════════════════════
  Parsed: 2 parts, 22 routes

  [layered_small_seed2 w=0] Stage 1 solve (limit=600s, enc=stage_1_flow.lp)...
  cmd: clingcon /home/racquelnina/MultiNetworkBatchingUsingASP/src/experiments/two_stage/final/encodings/stage_1_flow.lp /home/racquelnina/MultiNetworkBatchingUsingASP/src/instances/generated/layered_small_seed2.lp -c weight=0 -c max_freq=20 -c exposure_n=3 -c use_exposure=1 -c cap_size_divide=1 --time-limit=600 --outf=2 -t 1 --configuration=many
  Stage 1: cost=1707  routes=5  loads=9  optimal=True
  R_TR=0.3667  worst_arc=(l1,l6,tr1)

  [layered_small_seed2 w=0 s2=off_off] Stage 2 solve (enc=stage2_packing.lp)...
  cmd: clingcon /tmp/s2_facts_n3s93n2s.lp /home/racquelnina/MultiNetworkBatchingUsingASP/src/experiments/two_stage/final/encodings/stage2_packing.lp -c weight=0 -c hetero_on=0 -c concentrated_on=0 --time-limit=600 --outf=2 -t 1 --configuration=many
  mono=4  conc=3  optimal=True
  R_1=0.7667  worst_trip=(l1,l6,tr1,k4)
  K_1=0.7667
  R_alpha: heaviest_single_0.2=0.3667  heaviest_global_0.2=0.0333
  First solution: R_1=1.0  R_TR=0.3333  s1_time=0.038  s2_time=0.018

  [layered_small_seed2 w=0 s2=hetero] Stage 2 solve (enc=stage2_packing.lp)...
  cmd: clingcon /tmp/s2_facts_3nhyrz9_.lp /home/racquelnina/MultiNetworkBatchingUsingASP/src/experiments/two_stage/final/encodings/stage2_packing.lp -c weight=0 -c hetero_on=1 -c concentrated_on=0 --time-limit=600 --outf=2 -t 1 --configuration=many
  mono=0  conc=3  optimal=True
  R_1=0.8333  worst_trip=(l1,l6,tr1,k9)
  K_1=0.8333
  R_alpha: heaviest_single_0.2=0.4  heaviest_global_0.2=0.0667
  First solution: R_1=1.0  R_TR=0.3333  s1_time=0.038  s2_time=0.019

  [layered_small_seed2 w=0 s2=conc] Stage 2 solve (enc=stage2_packing.lp)...
  cmd: clingcon /tmp/s2_facts_5kgx5frf.lp /home/racquelnina/MultiNetworkBatchingUsingASP/src/experiments/two_stage/final/encodings/stage2_packing.lp -c weight=0 -c hetero_on=0 -c concentrated_on=1 --time-limit=600 --outf=2 -t 1 --configuration=many
  [clingcon stderr] *** Info : (clingcon): Sending shutdown signal...
  [clingcon stderr] *** ERROR: (clingcon): solving stopped by signal
  [clingcon stderr] *** Info : (clingcon): Shutdown completed in 0.001 seconds
  mono=7  conc=5  optimal=False
  R_1=0.8333  worst_trip=(l1,l6,tr1,k5)
  K_1=0.8333
  R_alpha: heaviest_single_0.2=0.4333  heaviest_global_0.2=0.0667
  First solution: R_1=1.0  R_TR=0.3333  s1_time=0.038  s2_time=0.009

  [layered_small_seed2 w=0 s2=both] Stage 2 solve (enc=stage2_packing.lp)...
  cmd: clingcon /tmp/s2_facts_1l6lyhu5.lp /home/racquelnina/MultiNetworkBatchingUsingASP/src/experiments/two_stage/final/encodings/stage2_packing.lp -c weight=0 -c hetero_on=1 -c concentrated_on=1 --time-limit=600 --outf=2 -t 1 --configuration=many
  [clingcon stderr] *** Info : (clingcon): Sending shutdown signal...
  [clingcon stderr] *** ERROR: (clingcon): solving stopped by signal
  [clingcon stderr] *** Info : (clingcon): Shutdown completed in 0.001 seconds
  mono=7  conc=5  optimal=False
  R_1=0.8333  worst_trip=(l1,l6,tr1,k1)
  K_1=0.8333
  R_alpha: heaviest_single_0.2=0.4333  heaviest_global_0.2=0.0667
  First solution: R_1=1.0  R_TR=0.3333  s1_time=0.038  s2_time=0.019

  [layered_small_seed2 w=300] Stage 1 solve (limit=600s, enc=stage_1_flow.lp)...
  cmd: clingcon /home/racquelnina/MultiNetworkBatchingUsingASP/src/experiments/two_stage/final/encodings/stage_1_flow.lp /home/racquelnina/MultiNetworkBatchingUsingASP/src/instances/generated/layered_small_seed2.lp -c weight=300 -c max_freq=20 -c exposure_n=3 -c use_exposure=1 -c cap_size_divide=1 --time-limit=600 --outf=2 -t 1 --configuration=many
  Stage 1: cost=2560  routes=8  loads=12  optimal=True
  R_TR=0.6667  worst_arc=(l1,l6,tr1)

  [layered_small_seed2 w=300 s2=off_off] Stage 2 solve (enc=stage2_packing.lp)...
  cmd: clingcon /tmp/s2_facts_f5ry3dfx.lp /home/racquelnina/MultiNetworkBatchingUsingASP/src/experiments/two_stage/final/encodings/stage2_packing.lp -c weight=300 -c hetero_on=0 -c concentrated_on=0 --time-limit=600 --outf=2 -t 1 --configuration=many
  mono=5  conc=14  optimal=True
  R_1=0.8333  worst_trip=(l2,l5,tr2,k8)
  K_1=0.8333
  R_alpha: heaviest_single_0.2=0.7  heaviest_global_0.2=0.0333
  First solution: R_1=0.8667  R_TR=0.3333  s1_time=0.021  s2_time=0.01

  [layered_small_seed2 w=300 s2=hetero] Stage 2 solve (enc=stage2_packing.lp)...
  cmd: clingcon /tmp/s2_facts_qjkgf47o.lp /home/racquelnina/MultiNetworkBatchingUsingASP/src/experiments/two_stage/final/encodings/stage2_packing.lp -c weight=300 -c hetero_on=1 -c concentrated_on=0 --time-limit=600 --outf=2 -t 1 --configuration=many
  mono=0  conc=14  optimal=True
  R_1=0.8667  worst_trip=(l4,l6,tr2,k2)
  K_1=0.8667
  R_alpha: heaviest_single_0.2=0.7  heaviest_global_0.2=0.0667
  First solution: R_1=0.8667  R_TR=0.3333  s1_time=0.021  s2_time=0.02

  [layered_small_seed2 w=300 s2=conc] Stage 2 solve (enc=stage2_packing.lp)...
  cmd: clingcon /tmp/s2_facts_mcf7n54h.lp /home/racquelnina/MultiNetworkBatchingUsingASP/src/experiments/two_stage/final/encodings/stage2_packing.lp -c weight=300 -c hetero_on=0 -c concentrated_on=1 --time-limit=600 --outf=2 -t 1 --configuration=many
  mono=0  conc=13  optimal=True
  R_1=0.8333  worst_trip=(l1,l6,tr1,k5)
  K_1=0.8333
  R_alpha: heaviest_single_0.2=0.7  heaviest_global_0.2=0.0667
  First solution: R_1=0.8667  R_TR=0.3333  s1_time=0.021  s2_time=0.019

  [layered_small_seed2 w=300 s2=both] Stage 2 solve (enc=stage2_packing.lp)...
  cmd: clingcon /tmp/s2_facts_ogsldlss.lp /home/racquelnina/MultiNetworkBatchingUsingASP/src/experiments/two_stage/final/encodings/stage2_packing.lp -c weight=300 -c hetero_on=1 -c concentrated_on=1 --time-limit=600 --outf=2 -t 1 --configuration=many
  mono=0  conc=12  optimal=True
  R_1=0.8333  worst_trip=(l1,l6,tr1,k2)
  K_1=0.8333
  R_alpha: heaviest_single_0.2=0.7  heaviest_global_0.2=0.0667
  First solution: R_1=0.8667  R_TR=0.3333  s1_time=0.021  s2_time=0.02

  [layered_small_seed2 w=500] Stage 1 solve (limit=600s, enc=stage_1_flow.lp)...
  cmd: clingcon /home/racquelnina/MultiNetworkBatchingUsingASP/src/experiments/two_stage/final/encodings/stage_1_flow.lp /home/racquelnina/MultiNetworkBatchingUsingASP/src/instances/generated/layered_small_seed2.lp -c weight=500 -c max_freq=20 -c exposure_n=3 -c use_exposure=1 -c cap_size_divide=1 --time-limit=600 --outf=2 -t 1 --configuration=many
  Stage 1: cost=2560  routes=8  loads=12  optimal=True
  R_TR=0.6667  worst_arc=(l1,l6,tr1)

  [layered_small_seed2 w=500 s2=off_off] Stage 2 solve (enc=stage2_packing.lp)...
  cmd: clingcon /tmp/s2_facts_11pc5ko6.lp /home/racquelnina/MultiNetworkBatchingUsingASP/src/experiments/two_stage/final/encodings/stage2_packing.lp -c weight=500 -c hetero_on=0 -c concentrated_on=0 --time-limit=600 --outf=2 -t 1 --configuration=many
  mono=5  conc=14  optimal=True
  R_1=0.8333  worst_trip=(l2,l5,tr2,k8)
  K_1=0.8333
  R_alpha: heaviest_single_0.2=0.7  heaviest_global_0.2=0.0333
  First solution: R_1=0.8667  R_TR=0.3333  s1_time=0.044  s2_time=0.02

  [layered_small_seed2 w=500 s2=hetero] Stage 2 solve (enc=stage2_packing.lp)...
  cmd: clingcon /tmp/s2_facts_qo5ykagk.lp /home/racquelnina/MultiNetworkBatchingUsingASP/src/experiments/two_stage/final/encodings/stage2_packing.lp -c weight=500 -c hetero_on=1 -c concentrated_on=0 --time-limit=600 --outf=2 -t 1 --configuration=many
  mono=0  conc=14  optimal=True
  R_1=0.8667  worst_trip=(l4,l6,tr2,k2)
  K_1=0.8667
  R_alpha: heaviest_single_0.2=0.7  heaviest_global_0.2=0.0667
  First solution: R_1=0.8667  R_TR=0.3333  s1_time=0.044  s2_time=0.011

  [layered_small_seed2 w=500 s2=conc] Stage 2 solve (enc=stage2_packing.lp)...
  cmd: clingcon /tmp/s2_facts_4jhci8nl.lp /home/racquelnina/MultiNetworkBatchingUsingASP/src/experiments/two_stage/final/encodings/stage2_packing.lp -c weight=500 -c hetero_on=0 -c concentrated_on=1 --time-limit=600 --outf=2 -t 1 --configuration=many
  mono=0  conc=13  optimal=True
  R_1=0.8333  worst_trip=(l1,l6,tr1,k5)
  K_1=0.8333
  R_alpha: heaviest_single_0.2=0.7  heaviest_global_0.2=0.0667
  First solution: R_1=0.8667  R_TR=0.3333  s1_time=0.044  s2_time=0.018

  [layered_small_seed2 w=500 s2=both] Stage 2 solve (enc=stage2_packing.lp)...
  cmd: clingcon /tmp/s2_facts_lobzxkw5.lp /home/racquelnina/MultiNetworkBatchingUsingASP/src/experiments/two_stage/final/encodings/stage2_packing.lp -c weight=500 -c hetero_on=1 -c concentrated_on=1 --time-limit=600 --outf=2 -t 1 --configuration=many
  mono=0  conc=12  optimal=True
  R_1=0.8333  worst_trip=(l1,l6,tr1,k2)
  K_1=0.8333
  R_alpha: heaviest_single_0.2=0.7  heaviest_global_0.2=0.0667
  First solution: R_1=0.8667  R_TR=0.3333  s1_time=0.044  s2_time=0.01

  [layered_small_seed2 w=750] Stage 1 solve (limit=600s, enc=stage_1_flow.lp)...
  cmd: clingcon /home/racquelnina/MultiNetworkBatchingUsingASP/src/experiments/two_stage/final/encodings/stage_1_flow.lp /home/racquelnina/MultiNetworkBatchingUsingASP/src/instances/generated/layered_small_seed2.lp -c weight=750 -c max_freq=20 -c exposure_n=3 -c use_exposure=1 -c cap_size_divide=1 --time-limit=600 --outf=2 -t 1 --configuration=many
  [clingcon stderr] *** Info : (clingcon): Sending shutdown signal...
  [clingcon stderr] *** ERROR: (clingcon): solving stopped by signal
  [clingcon stderr] *** Info : (clingcon): Shutdown completed in 0.001 seconds
  Stage 1: cost=3532  routes=9  loads=17  optimal=False
  R_TR=0.6667  worst_arc=(l1,l6,tr1)

  [layered_small_seed2 w=750 s2=off_off] Stage 2 solve (enc=stage2_packing.lp)...
  cmd: clingcon /tmp/s2_facts__mpwkkvw.lp /home/racquelnina/MultiNetworkBatchingUsingASP/src/experiments/two_stage/final/encodings/stage2_packing.lp -c weight=750 -c hetero_on=0 -c concentrated_on=0 --time-limit=600 --outf=2 -t 1 --configuration=many
  mono=6  conc=12  optimal=True
  R_1=0.7667  worst_trip=(l1,l3,tr1,k2)
  K_1=0.7667
  R_alpha: heaviest_single_0.2=0.6667  heaviest_global_0.2=0.0333
  First solution: R_1=0.9333  R_TR=0.3333  s1_time=0.021  s2_time=0.011

  [layered_small_seed2 w=750 s2=hetero] Stage 2 solve (enc=stage2_packing.lp)...
  cmd: clingcon /tmp/s2_facts_qlbb0pnq.lp /home/racquelnina/MultiNetworkBatchingUsingASP/src/experiments/two_stage/final/encodings/stage2_packing.lp -c weight=750 -c hetero_on=1 -c concentrated_on=0 --time-limit=600 --outf=2 -t 1 --configuration=many
  mono=2  conc=15  optimal=True
  R_1=0.8  worst_trip=(l3,l6,tr1,k2)
  K_1=0.8
  R_alpha: heaviest_single_0.2=0.7  heaviest_global_0.2=0.0667
  First solution: R_1=0.9333  R_TR=0.3333  s1_time=0.021  s2_time=0.021

  [layered_small_seed2 w=750 s2=conc] Stage 2 solve (enc=stage2_packing.lp)...
  cmd: clingcon /tmp/s2_facts_slmj4g8y.lp /home/racquelnina/MultiNetworkBatchingUsingASP/src/experiments/two_stage/final/encodings/stage2_packing.lp -c weight=750 -c hetero_on=0 -c concentrated_on=1 --time-limit=600 --outf=2 -t 1 --configuration=many
  [clingcon stderr] *** Info : (clingcon): Sending shutdown signal...
  [clingcon stderr] *** ERROR: (clingcon): solving stopped by signal
  [clingcon stderr] *** Info : (clingcon): Shutdown completed in 0.001 seconds
  mono=9  conc=17  optimal=False
  R_1=0.8333  worst_trip=(l1,l6,tr1,k6)
  K_1=0.8333
  R_alpha: heaviest_single_0.2=0.7  heaviest_global_0.2=0.0333
  First solution: R_1=0.9333  R_TR=0.3333  s1_time=0.021  s2_time=0.024

  [layered_small_seed2 w=750 s2=both] Stage 2 solve (enc=stage2_packing.lp)...
  cmd: clingcon /tmp/s2_facts_u7r7ytm4.lp /home/racquelnina/MultiNetworkBatchingUsingASP/src/experiments/two_stage/final/encodings/stage2_packing.lp -c weight=750 -c hetero_on=1 -c concentrated_on=1 --time-limit=600 --outf=2 -t 1 --configuration=many
  [clingcon stderr] *** Info : (clingcon): Sending shutdown signal...
  [clingcon stderr] *** ERROR: (clingcon): solving stopped by signal
  [clingcon stderr] *** Info : (clingcon): Shutdown completed in 0.001 seconds
  mono=8  conc=18  optimal=False
  R_1=0.8333  worst_trip=(l1,l6,tr1,k2)
  K_1=0.8333
  R_alpha: heaviest_single_0.2=0.7  heaviest_global_0.2=0.0333
  First solution: R_1=0.9333  R_TR=0.3333  s1_time=0.021  s2_time=0.021

  [layered_small_seed2 w=1000] Stage 1 solve (limit=600s, enc=stage_1_flow.lp)...
  cmd: clingcon /home/racquelnina/MultiNetworkBatchingUsingASP/src/experiments/two_stage/final/encodings/stage_1_flow.lp /home/racquelnina/MultiNetworkBatchingUsingASP/src/instances/generated/layered_small_seed2.lp -c weight=1000 -c max_freq=20 -c exposure_n=3 -c use_exposure=1 -c cap_size_divide=1 --time-limit=600 --outf=2 -t 1 --configuration=many
  Stage 1: cost=2560  routes=8  loads=12  optimal=True
  R_TR=0.6667  worst_arc=(l1,l6,tr1)

  [layered_small_seed2 w=1000 s2=off_off] Stage 2 solve (enc=stage2_packing.lp)...
  cmd: clingcon /tmp/s2_facts_6h01wx2_.lp /home/racquelnina/MultiNetworkBatchingUsingASP/src/experiments/two_stage/final/encodings/stage2_packing.lp -c weight=1000 -c hetero_on=0 -c concentrated_on=0 --time-limit=600 --outf=2 -t 1 --configuration=many
  mono=5  conc=14  optimal=True
  R_1=0.8333  worst_trip=(l2,l5,tr2,k8)
  K_1=0.8333
  R_alpha: heaviest_single_0.2=0.7  heaviest_global_0.2=0.0333
  First solution: R_1=0.8667  R_TR=0.3333  s1_time=0.041  s2_time=0.02

  [layered_small_seed2 w=1000 s2=hetero] Stage 2 solve (enc=stage2_packing.lp)...
  cmd: clingcon /tmp/s2_facts_3fumpxgn.lp /home/racquelnina/MultiNetworkBatchingUsingASP/src/experiments/two_stage/final/encodings/stage2_packing.lp -c weight=1000 -c hetero_on=1 -c concentrated_on=0 --time-limit=600 --outf=2 -t 1 --configuration=many
  mono=0  conc=14  optimal=True
  R_1=0.8667  worst_trip=(l4,l6,tr2,k2)
  K_1=0.8667
  R_alpha: heaviest_single_0.2=0.7  heaviest_global_0.2=0.0667
  First solution: R_1=0.8667  R_TR=0.3333  s1_time=0.041  s2_time=0.021

  [layered_small_seed2 w=1000 s2=conc] Stage 2 solve (enc=stage2_packing.lp)...
  cmd: clingcon /tmp/s2_facts_r508vc9t.lp /home/racquelnina/MultiNetworkBatchingUsingASP/src/experiments/two_stage/final/encodings/stage2_packing.lp -c weight=1000 -c hetero_on=0 -c concentrated_on=1 --time-limit=600 --outf=2 -t 1 --configuration=many
  mono=0  conc=13  optimal=True
  R_1=0.8333  worst_trip=(l1,l6,tr1,k5)
  K_1=0.8333
  R_alpha: heaviest_single_0.2=0.7  heaviest_global_0.2=0.0667
  First solution: R_1=0.8667  R_TR=0.3333  s1_time=0.041  s2_time=0.02

  [layered_small_seed2 w=1000 s2=both] Stage 2 solve (enc=stage2_packing.lp)...
  cmd: clingcon /tmp/s2_facts_b008l7id.lp /home/racquelnina/MultiNetworkBatchingUsingASP/src/experiments/two_stage/final/encodings/stage2_packing.lp -c weight=1000 -c hetero_on=1 -c concentrated_on=1 --time-limit=600 --outf=2 -t 1 --configuration=many
  mono=0  conc=12  optimal=True
  R_1=0.8333  worst_trip=(l1,l6,tr1,k2)
  K_1=0.8333
  R_alpha: heaviest_single_0.2=0.7  heaviest_global_0.2=0.0667
  First solution: R_1=0.8667  R_TR=0.3333  s1_time=0.041  s2_time=0.01

  [layered_small_seed2 w=1500] Stage 1 solve (limit=600s, enc=stage_1_flow.lp)...
  cmd: clingcon /home/racquelnina/MultiNetworkBatchingUsingASP/src/experiments/two_stage/final/encodings/stage_1_flow.lp /home/racquelnina/MultiNetworkBatchingUsingASP/src/instances/generated/layered_small_seed2.lp -c weight=1500 -c max_freq=20 -c exposure_n=3 -c use_exposure=1 -c cap_size_divide=1 --time-limit=600 --outf=2 -t 1 --configuration=many
  [clingcon stderr] *** Info : (clingcon): Sending shutdown signal...
  [clingcon stderr] *** ERROR: (clingcon): solving stopped by signal
  [clingcon stderr] *** Info : (clingcon): Shutdown completed in 0.001 seconds
  Stage 1: cost=2560  routes=8  loads=12  optimal=False
  R_TR=0.6667  worst_arc=(l1,l6,tr1)

  [layered_small_seed2 w=1500 s2=off_off] Stage 2 solve (enc=stage2_packing.lp)...
  cmd: clingcon /tmp/s2_facts_so3b1u3z.lp /home/racquelnina/MultiNetworkBatchingUsingASP/src/experiments/two_stage/final/encodings/stage2_packing.lp -c weight=1500 -c hetero_on=0 -c concentrated_on=0 --time-limit=600 --outf=2 -t 1 --configuration=many
  mono=5  conc=14  optimal=True
  R_1=0.8333  worst_trip=(l2,l5,tr2,k8)
  K_1=0.8333
  R_alpha: heaviest_single_0.2=0.7  heaviest_global_0.2=0.0333
  First solution: R_1=0.8667  R_TR=0.3333  s1_time=0.019  s2_time=0.019

  [layered_small_seed2 w=1500 s2=hetero] Stage 2 solve (enc=stage2_packing.lp)...
  cmd: clingcon /tmp/s2_facts_higr37gr.lp /home/racquelnina/MultiNetworkBatchingUsingASP/src/experiments/two_stage/final/encodings/stage2_packing.lp -c weight=1500 -c hetero_on=1 -c concentrated_on=0 --time-limit=600 --outf=2 -t 1 --configuration=many
  mono=0  conc=14  optimal=True
  R_1=0.8667  worst_trip=(l4,l6,tr2,k2)
  K_1=0.8667
  R_alpha: heaviest_single_0.2=0.7  heaviest_global_0.2=0.0667
  First solution: R_1=0.8667  R_TR=0.3333  s1_time=0.019  s2_time=0.011

  [layered_small_seed2 w=1500 s2=conc] Stage 2 solve (enc=stage2_packing.lp)...
  cmd: clingcon /tmp/s2_facts__16rkzbb.lp /home/racquelnina/MultiNetworkBatchingUsingASP/src/experiments/two_stage/final/encodings/stage2_packing.lp -c weight=1500 -c hetero_on=0 -c concentrated_on=1 --time-limit=600 --outf=2 -t 1 --configuration=many
  mono=0  conc=13  optimal=True
  R_1=0.8333  worst_trip=(l1,l6,tr1,k5)
  K_1=0.8333
  R_alpha: heaviest_single_0.2=0.7  heaviest_global_0.2=0.0667
  First solution: R_1=0.8667  R_TR=0.3333  s1_time=0.019  s2_time=0.019

  [layered_small_seed2 w=1500 s2=both] Stage 2 solve (enc=stage2_packing.lp)...
  cmd: clingcon /tmp/s2_facts_gftoha_n.lp /home/racquelnina/MultiNetworkBatchingUsingASP/src/experiments/two_stage/final/encodings/stage2_packing.lp -c weight=1500 -c hetero_on=1 -c concentrated_on=1 --time-limit=600 --outf=2 -t 1 --configuration=many
  mono=0  conc=12  optimal=True
  R_1=0.8333  worst_trip=(l1,l6,tr1,k2)
  K_1=0.8333
  R_alpha: heaviest_single_0.2=0.7  heaviest_global_0.2=0.0667
  First solution: R_1=0.8667  R_TR=0.3333  s1_time=0.019  s2_time=0.02

══════════════════════════════════════════════════════════════════════
  Instance: layered_small_seed3  (type=layered, size=small, seed=3, time_limit=600s
══════════════════════════════════════════════════════════════════════
  Parsed: 2 parts, 17 routes

  [layered_small_seed3 w=0] Stage 1 solve (limit=600s, enc=stage_1_flow.lp)...
  cmd: clingcon /home/racquelnina/MultiNetworkBatchingUsingASP/src/experiments/two_stage/final/encodings/stage_1_flow.lp /home/racquelnina/MultiNetworkBatchingUsingASP/src/instances/generated/layered_small_seed3.lp -c weight=0 -c max_freq=20 -c exposure_n=3 -c use_exposure=1 -c cap_size_divide=1 --time-limit=600 --outf=2 -t 1 --configuration=many
  Stage 1: cost=5756  routes=5  loads=9  optimal=True
  R_TR=0.1667  worst_arc=(l4,l5,tr2)

  [layered_small_seed3 w=0 s2=off_off] Stage 2 solve (enc=stage2_packing.lp)...
  cmd: clingcon /tmp/s2_facts_ygrsnen0.lp /home/racquelnina/MultiNetworkBatchingUsingASP/src/experiments/two_stage/final/encodings/stage2_packing.lp -c weight=0 -c hetero_on=0 -c concentrated_on=0 --time-limit=600 --outf=2 -t 1 --configuration=many
  [clingcon stderr] *** Info : (clingcon): Sending shutdown signal...
  [clingcon stderr] *** ERROR: (clingcon): solving stopped by signal
  [clingcon stderr] *** Info : (clingcon): Shutdown completed in 0.000 seconds
  mono=29  conc=2  optimal=False
  R_1=0.8667  worst_trip=(l1,l4,tr1,k3)
  K_1=0.8667
  R_alpha: heaviest_single_0.2=0.3667  heaviest_global_0.2=0.0
  First solution: R_1=0.9  R_TR=0.1667  s1_time=0.036  s2_time=0.031

  [layered_small_seed3 w=0 s2=hetero] Stage 2 solve (enc=stage2_packing.lp)...
  cmd: clingcon /tmp/s2_facts_4t5i0hyj.lp /home/racquelnina/MultiNetworkBatchingUsingASP/src/experiments/two_stage/final/encodings/stage2_packing.lp -c weight=0 -c hetero_on=1 -c concentrated_on=0 --time-limit=600 --outf=2 -t 1 --configuration=many
  [clingcon stderr] *** Info : (clingcon): Sending shutdown signal...
  [clingcon stderr] *** ERROR: (clingcon): solving stopped by signal
  [clingcon stderr] *** Info : (clingcon): Shutdown completed in 0.000 seconds
  mono=4  conc=0  optimal=False
  R_1=0.8667  worst_trip=(l1,l4,tr1,k4)
  K_1=0.8667
  R_alpha: heaviest_single_0.2=0.3  heaviest_global_0.2=0.1
  First solution: R_1=0.9  R_TR=0.1667  s1_time=0.036  s2_time=0.015

  [layered_small_seed3 w=0 s2=conc] Stage 2 solve (enc=stage2_packing.lp)...
  cmd: clingcon /tmp/s2_facts_3tr48llw.lp /home/racquelnina/MultiNetworkBatchingUsingASP/src/experiments/two_stage/final/encodings/stage2_packing.lp -c weight=0 -c hetero_on=0 -c concentrated_on=1 --time-limit=600 --outf=2 -t 1 --configuration=many
  [clingcon stderr] *** Info : (clingcon): Sending shutdown signal...
  [clingcon stderr] *** ERROR: (clingcon): solving stopped by signal
  [clingcon stderr] *** Info : (clingcon): Shutdown completed in 0.003 seconds
  mono=29  conc=2  optimal=False
  R_1=0.8667  worst_trip=(l1,l4,tr1,k3)
  K_1=0.8667
  R_alpha: heaviest_single_0.2=0.2667  heaviest_global_0.2=0.0
  First solution: R_1=0.9  R_TR=0.1667  s1_time=0.036  s2_time=0.029

  [layered_small_seed3 w=0 s2=both] Stage 2 solve (enc=stage2_packing.lp)...
  cmd: clingcon /tmp/s2_facts_9ox9ejuu.lp /home/racquelnina/MultiNetworkBatchingUsingASP/src/experiments/two_stage/final/encodings/stage2_packing.lp -c weight=0 -c hetero_on=1 -c concentrated_on=1 --time-limit=600 --outf=2 -t 1 --configuration=many
  [clingcon stderr] *** Info : (clingcon): Sending shutdown signal...
  [clingcon stderr] *** ERROR: (clingcon): solving stopped by signal
  [clingcon stderr] *** Info : (clingcon): Shutdown completed in 0.000 seconds
  mono=31  conc=2  optimal=False
  R_1=0.8667  worst_trip=(l1,l4,tr1,k4)
  K_1=0.8667
  R_alpha: heaviest_single_0.2=0.2667  heaviest_global_0.2=0.0667
  First solution: R_1=0.9  R_TR=0.1667  s1_time=0.036  s2_time=0.015

  [layered_small_seed3 w=300] Stage 1 solve (limit=600s, enc=stage_1_flow.lp)...
  cmd: clingcon /home/racquelnina/MultiNetworkBatchingUsingASP/src/experiments/two_stage/final/encodings/stage_1_flow.lp /home/racquelnina/MultiNetworkBatchingUsingASP/src/instances/generated/layered_small_seed3.lp -c weight=300 -c max_freq=20 -c exposure_n=3 -c use_exposure=1 -c cap_size_divide=1 --time-limit=600 --outf=2 -t 1 --configuration=many
  Stage 1: cost=6840  routes=9  loads=14  optimal=True
  R_TR=0.3333  worst_arc=(l4,l5,tr2)

  [layered_small_seed3 w=300 s2=off_off] Stage 2 solve (enc=stage2_packing.lp)...
  cmd: clingcon /tmp/s2_facts_v1cfwcq0.lp /home/racquelnina/MultiNetworkBatchingUsingASP/src/experiments/two_stage/final/encodings/stage2_packing.lp -c weight=300 -c hetero_on=0 -c concentrated_on=0 --time-limit=600 --outf=2 -t 1 --configuration=many
  [clingcon stderr] *** Info : (clingcon): Sending shutdown signal...
  [clingcon stderr] *** ERROR: (clingcon): solving stopped by signal
  [clingcon stderr] *** Info : (clingcon): Shutdown completed in 0.000 seconds
  mono=24  conc=9  optimal=False
  R_1=0.8667  worst_trip=(l2,l3,tr1,k5)
  K_1=0.8667
  R_alpha: heaviest_single_0.2=0.4  heaviest_global_0.2=0.0
  First solution: R_1=0.9  R_TR=0.1667  s1_time=0.037  s2_time=0.014

  [layered_small_seed3 w=300 s2=hetero] Stage 2 solve (enc=stage2_packing.lp)...
  cmd: clingcon /tmp/s2_facts_dv8bovrl.lp /home/racquelnina/MultiNetworkBatchingUsingASP/src/experiments/two_stage/final/encodings/stage2_packing.lp -c weight=300 -c hetero_on=1 -c concentrated_on=0 --time-limit=600 --outf=2 -t 1 --configuration=many
  [clingcon stderr] *** Info : (clingcon): Sending shutdown signal...
  [clingcon stderr] *** ERROR: (clingcon): solving stopped by signal
  [clingcon stderr] *** Info : (clingcon): Shutdown completed in 0.001 seconds
  mono=3  conc=11  optimal=False
  R_1=0.8667  worst_trip=(l2,l3,tr1,k5)
  K_1=0.8667
  R_alpha: heaviest_single_0.2=0.4333  heaviest_global_0.2=0.0667
  First solution: R_1=0.9  R_TR=0.1667  s1_time=0.037  s2_time=0.03

  [layered_small_seed3 w=300 s2=conc] Stage 2 solve (enc=stage2_packing.lp)...
  cmd: clingcon /tmp/s2_facts_474lwzz1.lp /home/racquelnina/MultiNetworkBatchingUsingASP/src/experiments/two_stage/final/encodings/stage2_packing.lp -c weight=300 -c hetero_on=0 -c concentrated_on=1 --time-limit=600 --outf=2 -t 1 --configuration=many
  [clingcon stderr] *** Info : (clingcon): Sending shutdown signal...
  [clingcon stderr] *** ERROR: (clingcon): solving stopped by signal
  [clingcon stderr] *** Info : (clingcon): Shutdown completed in 0.000 seconds
  mono=20  conc=10  optimal=False
  R_1=0.8667  worst_trip=(l1,l4,tr1,k3)
  K_1=0.8667
  R_alpha: heaviest_single_0.2=0.4  heaviest_global_0.2=0.0333
  First solution: R_1=0.9  R_TR=0.1667  s1_time=0.037  s2_time=0.015

  [layered_small_seed3 w=300 s2=both] Stage 2 solve (enc=stage2_packing.lp)...
  cmd: clingcon /tmp/s2_facts_xt8agkt5.lp /home/racquelnina/MultiNetworkBatchingUsingASP/src/experiments/two_stage/final/encodings/stage2_packing.lp -c weight=300 -c hetero_on=1 -c concentrated_on=1 --time-limit=600 --outf=2 -t 1 --configuration=many
  [clingcon stderr] *** Info : (clingcon): Sending shutdown signal...
  [clingcon stderr] *** ERROR: (clingcon): solving stopped by signal
  [clingcon stderr] *** Info : (clingcon): Shutdown completed in 0.000 seconds
  mono=23  conc=10  optimal=False
  R_1=0.8667  worst_trip=(l1,l4,tr1,k3)
  K_1=0.8667
  R_alpha: heaviest_single_0.2=0.4  heaviest_global_0.2=0.0333
  First solution: R_1=0.9  R_TR=0.1667  s1_time=0.037  s2_time=0.014

  [layered_small_seed3 w=500] Stage 1 solve (limit=600s, enc=stage_1_flow.lp)...
  cmd: clingcon /home/racquelnina/MultiNetworkBatchingUsingASP/src/experiments/two_stage/final/encodings/stage_1_flow.lp /home/racquelnina/MultiNetworkBatchingUsingASP/src/instances/generated/layered_small_seed3.lp -c weight=500 -c max_freq=20 -c exposure_n=3 -c use_exposure=1 -c cap_size_divide=1 --time-limit=600 --outf=2 -t 1 --configuration=many
  Stage 1: cost=7148  routes=10  loads=16  optimal=True
  R_TR=0.6667  worst_arc=(l1,l4,tr1)

  [layered_small_seed3 w=500 s2=off_off] Stage 2 solve (enc=stage2_packing.lp)...
  cmd: clingcon /tmp/s2_facts_g3k1l70x.lp /home/racquelnina/MultiNetworkBatchingUsingASP/src/experiments/two_stage/final/encodings/stage2_packing.lp -c weight=500 -c hetero_on=0 -c concentrated_on=0 --time-limit=600 --outf=2 -t 1 --configuration=many
  [clingcon stderr] *** Info : (clingcon): Sending shutdown signal...
  [clingcon stderr] *** ERROR: (clingcon): solving stopped by signal
  [clingcon stderr] *** Info : (clingcon): Shutdown completed in 0.001 seconds
  mono=13  conc=6  optimal=False
  R_1=0.8667  worst_trip=(l4,l5,tr1,k1)
  K_1=0.8667
  R_alpha: heaviest_single_0.2=0.6667  heaviest_global_0.2=0.0333
  First solution: R_1=0.8667  R_TR=0.1667  s1_time=0.033  s2_time=0.026

  [layered_small_seed3 w=500 s2=hetero] Stage 2 solve (enc=stage2_packing.lp)...
  cmd: clingcon /tmp/s2_facts__w4aqdji.lp /home/racquelnina/MultiNetworkBatchingUsingASP/src/experiments/two_stage/final/encodings/stage2_packing.lp -c weight=500 -c hetero_on=1 -c concentrated_on=0 --time-limit=600 --outf=2 -t 1 --configuration=many
  [clingcon stderr] *** Info : (clingcon): Sending shutdown signal...
  [clingcon stderr] *** ERROR: (clingcon): solving stopped by signal
  [clingcon stderr] *** Info : (clingcon): Shutdown completed in 0.000 seconds
  mono=1  conc=5  optimal=False
  R_1=0.8667  worst_trip=(l3,l6,tr1,k1)
  K_1=0.8667
  R_alpha: heaviest_single_0.2=0.6667  heaviest_global_0.2=0.0667
  First solution: R_1=0.8667  R_TR=0.1667  s1_time=0.033  s2_time=0.022

  [layered_small_seed3 w=500 s2=conc] Stage 2 solve (enc=stage2_packing.lp)...
  cmd: clingcon /tmp/s2_facts_5qar6_1v.lp /home/racquelnina/MultiNetworkBatchingUsingASP/src/experiments/two_stage/final/encodings/stage2_packing.lp -c weight=500 -c hetero_on=0 -c concentrated_on=1 --time-limit=600 --outf=2 -t 1 --configuration=many
  [clingcon stderr] *** Info : (clingcon): Sending shutdown signal...
  [clingcon stderr] *** ERROR: (clingcon): solving stopped by signal
  [clingcon stderr] *** Info : (clingcon): Shutdown completed in 0.000 seconds
  mono=12  conc=7  optimal=False
  R_1=0.8667  worst_trip=(l3,l6,tr1,k4)
  K_1=0.8667
  R_alpha: heaviest_single_0.2=0.6667  heaviest_global_0.2=0.0333
  First solution: R_1=0.8667  R_TR=0.1667  s1_time=0.033  s2_time=0.014

  [layered_small_seed3 w=500 s2=both] Stage 2 solve (enc=stage2_packing.lp)...
  cmd: clingcon /tmp/s2_facts_1p1b4oxm.lp /home/racquelnina/MultiNetworkBatchingUsingASP/src/experiments/two_stage/final/encodings/stage2_packing.lp -c weight=500 -c hetero_on=1 -c concentrated_on=1 --time-limit=600 --outf=2 -t 1 --configuration=many
  [clingcon stderr] *** Info : (clingcon): Sending shutdown signal...
  [clingcon stderr] *** ERROR: (clingcon): solving stopped by signal
  [clingcon stderr] *** Info : (clingcon): Shutdown completed in 0.001 seconds
  mono=8  conc=7  optimal=False
  R_1=0.8667  worst_trip=(l3,l6,tr1,k1)
  K_1=0.8667
  R_alpha: heaviest_single_0.2=0.6667  heaviest_global_0.2=0.0667
  First solution: R_1=0.8667  R_TR=0.1667  s1_time=0.033  s2_time=0.027

  [layered_small_seed3 w=750] Stage 1 solve (limit=600s, enc=stage_1_flow.lp)...
  cmd: clingcon /home/racquelnina/MultiNetworkBatchingUsingASP/src/experiments/two_stage/final/encodings/stage_1_flow.lp /home/racquelnina/MultiNetworkBatchingUsingASP/src/instances/generated/layered_small_seed3.lp -c weight=750 -c max_freq=20 -c exposure_n=3 -c use_exposure=1 -c cap_size_divide=1 --time-limit=600 --outf=2 -t 1 --configuration=many
  Stage 1: cost=7148  routes=10  loads=16  optimal=True
  R_TR=0.6667  worst_arc=(l1,l4,tr1)

  [layered_small_seed3 w=750 s2=off_off] Stage 2 solve (enc=stage2_packing.lp)...
  cmd: clingcon /tmp/s2_facts_21s4__zh.lp /home/racquelnina/MultiNetworkBatchingUsingASP/src/experiments/two_stage/final/encodings/stage2_packing.lp -c weight=750 -c hetero_on=0 -c concentrated_on=0 --time-limit=600 --outf=2 -t 1 --configuration=many
  [clingcon stderr] *** Info : (clingcon): Sending shutdown signal...
  [clingcon stderr] *** ERROR: (clingcon): solving stopped by signal
  [clingcon stderr] *** Info : (clingcon): Shutdown completed in 0.000 seconds
  mono=13  conc=6  optimal=False
  R_1=0.8667  worst_trip=(l3,l6,tr1,k3)
  K_1=0.8667
  R_alpha: heaviest_single_0.2=0.6667  heaviest_global_0.2=0.0333
  First solution: R_1=0.8667  R_TR=0.1667  s1_time=0.032  s2_time=0.026

  [layered_small_seed3 w=750 s2=hetero] Stage 2 solve (enc=stage2_packing.lp)...
  cmd: clingcon /tmp/s2_facts_yrc73az3.lp /home/racquelnina/MultiNetworkBatchingUsingASP/src/experiments/two_stage/final/encodings/stage2_packing.lp -c weight=750 -c hetero_on=1 -c concentrated_on=0 --time-limit=600 --outf=2 -t 1 --configuration=many
  [clingcon stderr] *** Info : (clingcon): Sending shutdown signal...
  [clingcon stderr] *** ERROR: (clingcon): solving stopped by signal
  [clingcon stderr] *** Info : (clingcon): Shutdown completed in 0.000 seconds
  mono=1  conc=5  optimal=False
  R_1=0.8667  worst_trip=(l4,l5,tr1,k2)
  K_1=0.8667
  R_alpha: heaviest_single_0.2=0.6667  heaviest_global_0.2=0.0667
  First solution: R_1=0.8667  R_TR=0.1667  s1_time=0.032  s2_time=0.014

  [layered_small_seed3 w=750 s2=conc] Stage 2 solve (enc=stage2_packing.lp)...
  cmd: clingcon /tmp/s2_facts_wka0yjrx.lp /home/racquelnina/MultiNetworkBatchingUsingASP/src/experiments/two_stage/final/encodings/stage2_packing.lp -c weight=750 -c hetero_on=0 -c concentrated_on=1 --time-limit=600 --outf=2 -t 1 --configuration=many
  [clingcon stderr] *** Info : (clingcon): Sending shutdown signal...
  [clingcon stderr] *** ERROR: (clingcon): solving stopped by signal
  [clingcon stderr] *** Info : (clingcon): Shutdown completed in 0.449 seconds
  mono=12  conc=7  optimal=False
  R_1=0.8667  worst_trip=(l3,l6,tr1,k4)
  K_1=0.8667
  R_alpha: heaviest_single_0.2=0.6667  heaviest_global_0.2=0.0333
  First solution: R_1=0.8667  R_TR=0.1667  s1_time=0.032  s2_time=0.014

  [layered_small_seed3 w=750 s2=both] Stage 2 solve (enc=stage2_packing.lp)...
  cmd: clingcon /tmp/s2_facts_vdz2763k.lp /home/racquelnina/MultiNetworkBatchingUsingASP/src/experiments/two_stage/final/encodings/stage2_packing.lp -c weight=750 -c hetero_on=1 -c concentrated_on=1 --time-limit=600 --outf=2 -t 1 --configuration=many
  [clingcon stderr] *** Info : (clingcon): Sending shutdown signal...
  [clingcon stderr] *** ERROR: (clingcon): solving stopped by signal
  [clingcon stderr] *** Info : (clingcon): Shutdown completed in 0.065 seconds
  mono=8  conc=7  optimal=False
  R_1=0.8667  worst_trip=(l4,l5,tr1,k3)
  K_1=0.8667
  R_alpha: heaviest_single_0.2=0.6667  heaviest_global_0.2=0.0667
  First solution: R_1=0.8667  R_TR=0.1667  s1_time=0.032  s2_time=0.04

  [layered_small_seed3 w=1000] Stage 1 solve (limit=600s, enc=stage_1_flow.lp)...
  cmd: clingcon /home/racquelnina/MultiNetworkBatchingUsingASP/src/experiments/two_stage/final/encodings/stage_1_flow.lp /home/racquelnina/MultiNetworkBatchingUsingASP/src/instances/generated/layered_small_seed3.lp -c weight=1000 -c max_freq=20 -c exposure_n=3 -c use_exposure=1 -c cap_size_divide=1 --time-limit=600 --outf=2 -t 1 --configuration=many
  Stage 1: cost=7148  routes=10  loads=16  optimal=True
  R_TR=0.6667  worst_arc=(l1,l4,tr1)

  [layered_small_seed3 w=1000 s2=off_off] Stage 2 solve (enc=stage2_packing.lp)...
  cmd: clingcon /tmp/s2_facts_oyyhv6np.lp /home/racquelnina/MultiNetworkBatchingUsingASP/src/experiments/two_stage/final/encodings/stage2_packing.lp -c weight=1000 -c hetero_on=0 -c concentrated_on=0 --time-limit=600 --outf=2 -t 1 --configuration=many
  [clingcon stderr] *** Info : (clingcon): Sending shutdown signal...
  [clingcon stderr] *** ERROR: (clingcon): solving stopped by signal
  [clingcon stderr] *** Info : (clingcon): Shutdown completed in 0.000 seconds
  mono=13  conc=8  optimal=False
  R_1=0.8667  worst_trip=(l3,l6,tr1,k4)
  K_1=0.8667
  R_alpha: heaviest_single_0.2=0.6667  heaviest_global_0.2=0.0
  First solution: R_1=0.8667  R_TR=0.1667  s1_time=0.053  s2_time=0.026

  [layered_small_seed3 w=1000 s2=hetero] Stage 2 solve (enc=stage2_packing.lp)...
  cmd: clingcon /tmp/s2_facts_86kzl0xq.lp /home/racquelnina/MultiNetworkBatchingUsingASP/src/experiments/two_stage/final/encodings/stage2_packing.lp -c weight=1000 -c hetero_on=1 -c concentrated_on=0 --time-limit=600 --outf=2 -t 1 --configuration=many
  [clingcon stderr] *** Info : (clingcon): Sending shutdown signal...
  [clingcon stderr] *** ERROR: (clingcon): solving stopped by signal
  [clingcon stderr] *** Info : (clingcon): Shutdown completed in 0.000 seconds
  mono=4  conc=7  optimal=False
  R_1=0.8667  worst_trip=(l3,l6,tr1,k2)
  K_1=0.8667
  R_alpha: heaviest_single_0.2=0.6667  heaviest_global_0.2=0.0667
  First solution: R_1=0.8667  R_TR=0.1667  s1_time=0.053  s2_time=0.026

  [layered_small_seed3 w=1000 s2=conc] Stage 2 solve (enc=stage2_packing.lp)...
  cmd: clingcon /tmp/s2_facts_uo71xxxx.lp /home/racquelnina/MultiNetworkBatchingUsingASP/src/experiments/two_stage/final/encodings/stage2_packing.lp -c weight=1000 -c hetero_on=0 -c concentrated_on=1 --time-limit=600 --outf=2 -t 1 --configuration=many
  [clingcon stderr] *** Info : (clingcon): Sending shutdown signal...
  [clingcon stderr] *** ERROR: (clingcon): solving stopped by signal
  [clingcon stderr] *** Info : (clingcon): Shutdown completed in 0.002 seconds
  mono=11  conc=8  optimal=False
  R_1=0.8667  worst_trip=(l3,l6,tr1,k4)
  K_1=0.8667
  R_alpha: heaviest_single_0.2=0.6667  heaviest_global_0.2=0.0333
  First solution: R_1=0.8667  R_TR=0.1667  s1_time=0.053  s2_time=0.026

  [layered_small_seed3 w=1000 s2=both] Stage 2 solve (enc=stage2_packing.lp)...
  cmd: clingcon /tmp/s2_facts_s_o6qlk8.lp /home/racquelnina/MultiNetworkBatchingUsingASP/src/experiments/two_stage/final/encodings/stage2_packing.lp -c weight=1000 -c hetero_on=1 -c concentrated_on=1 --time-limit=600 --outf=2 -t 1 --configuration=many
  [clingcon stderr] *** Info : (clingcon): Sending shutdown signal...
  [clingcon stderr] *** ERROR: (clingcon): solving stopped by signal
  [clingcon stderr] *** Info : (clingcon): Shutdown completed in 0.000 seconds
  mono=11  conc=9  optimal=False
  R_1=0.8667  worst_trip=(l3,l5,tr1,k2)
  K_1=0.8667
  R_alpha: heaviest_single_0.2=0.6667  heaviest_global_0.2=0.0333
  First solution: R_1=0.8667  R_TR=0.1667  s1_time=0.053  s2_time=0.031

  [layered_small_seed3 w=1500] Stage 1 solve (limit=600s, enc=stage_1_flow.lp)...
  cmd: clingcon /home/racquelnina/MultiNetworkBatchingUsingASP/src/experiments/two_stage/final/encodings/stage_1_flow.lp /home/racquelnina/MultiNetworkBatchingUsingASP/src/instances/generated/layered_small_seed3.lp -c weight=1500 -c max_freq=20 -c exposure_n=3 -c use_exposure=1 -c cap_size_divide=1 --time-limit=600 --outf=2 -t 1 --configuration=many
  Stage 1: cost=7148  routes=10  loads=16  optimal=True
  R_TR=0.6667  worst_arc=(l1,l4,tr1)

  [layered_small_seed3 w=1500 s2=off_off] Stage 2 solve (enc=stage2_packing.lp)...
  cmd: clingcon /tmp/s2_facts_8cq29gwv.lp /home/racquelnina/MultiNetworkBatchingUsingASP/src/experiments/two_stage/final/encodings/stage2_packing.lp -c weight=1500 -c hetero_on=0 -c concentrated_on=0 --time-limit=600 --outf=2 -t 1 --configuration=many
  [clingcon stderr] *** Info : (clingcon): Sending shutdown signal...
  [clingcon stderr] *** ERROR: (clingcon): solving stopped by signal
  [clingcon stderr] *** Info : (clingcon): Shutdown completed in 0.000 seconds
  mono=13  conc=6  optimal=False
  R_1=0.8667  worst_trip=(l4,l5,tr1,k2)
  K_1=0.8667
  R_alpha: heaviest_single_0.2=0.6667  heaviest_global_0.2=0.0333
  First solution: R_1=0.8667  R_TR=0.1667  s1_time=0.038  s2_time=0.027

  [layered_small_seed3 w=1500 s2=hetero] Stage 2 solve (enc=stage2_packing.lp)...
  cmd: clingcon /tmp/s2_facts_y05rfka4.lp /home/racquelnina/MultiNetworkBatchingUsingASP/src/experiments/two_stage/final/encodings/stage2_packing.lp -c weight=1500 -c hetero_on=1 -c concentrated_on=0 --time-limit=600 --outf=2 -t 1 --configuration=many
  [clingcon stderr] *** Info : (clingcon): Sending shutdown signal...
  [clingcon stderr] *** ERROR: (clingcon): solving stopped by signal
  [clingcon stderr] *** Info : (clingcon): Shutdown completed in 0.000 seconds
  mono=1  conc=5  optimal=False
  R_1=0.8667  worst_trip=(l1,l4,tr1,k3)
  K_1=0.8667
  R_alpha: heaviest_single_0.2=0.6667  heaviest_global_0.2=0.0667
  First solution: R_1=0.8667  R_TR=0.1667  s1_time=0.038  s2_time=0.02

  [layered_small_seed3 w=1500 s2=conc] Stage 2 solve (enc=stage2_packing.lp)...
  cmd: clingcon /tmp/s2_facts_ftz1w2z_.lp /home/racquelnina/MultiNetworkBatchingUsingASP/src/experiments/two_stage/final/encodings/stage2_packing.lp -c weight=1500 -c hetero_on=0 -c concentrated_on=1 --time-limit=600 --outf=2 -t 1 --configuration=many
  [clingcon stderr] *** Info : (clingcon): Sending shutdown signal...
  [clingcon stderr] *** ERROR: (clingcon): solving stopped by signal
  [clingcon stderr] *** Info : (clingcon): Shutdown completed in 0.000 seconds
  mono=12  conc=7  optimal=False
  R_1=0.8667  worst_trip=(l3,l6,tr1,k2)
  K_1=0.8667
  R_alpha: heaviest_single_0.2=0.6667  heaviest_global_0.2=0.0333
  First solution: R_1=0.8667  R_TR=0.1667  s1_time=0.038  s2_time=0.026

  [layered_small_seed3 w=1500 s2=both] Stage 2 solve (enc=stage2_packing.lp)...
  cmd: clingcon /tmp/s2_facts_6crhiz9m.lp /home/racquelnina/MultiNetworkBatchingUsingASP/src/experiments/two_stage/final/encodings/stage2_packing.lp -c weight=1500 -c hetero_on=1 -c concentrated_on=1 --time-limit=600 --outf=2 -t 1 --configuration=many
  [clingcon stderr] *** Info : (clingcon): Sending shutdown signal...
  [clingcon stderr] *** ERROR: (clingcon): solving stopped by signal
  [clingcon stderr] *** Info : (clingcon): Shutdown completed in 0.001 seconds
  mono=8  conc=7  optimal=False
  R_1=0.8667  worst_trip=(l4,l5,tr1,k3)
  K_1=0.8667
  R_alpha: heaviest_single_0.2=0.6667  heaviest_global_0.2=0.0667
  First solution: R_1=0.8667  R_TR=0.1667  s1_time=0.038  s2_time=0.027

══════════════════════════════════════════════════════════════════════
  Instance: layered_small_seed4  (type=layered, size=small, seed=4, time_limit=600s
══════════════════════════════════════════════════════════════════════
  Parsed: 2 parts, 17 routes

  [layered_small_seed4 w=0] Stage 1 solve (limit=600s, enc=stage_1_flow.lp)...
  cmd: clingcon /home/racquelnina/MultiNetworkBatchingUsingASP/src/experiments/two_stage/final/encodings/stage_1_flow.lp /home/racquelnina/MultiNetworkBatchingUsingASP/src/instances/generated/layered_small_seed4.lp -c weight=0 -c max_freq=20 -c exposure_n=3 -c use_exposure=1 -c cap_size_divide=1 --time-limit=600 --outf=2 -t 1 --configuration=many
  Stage 1: cost=3784  routes=8  loads=15  optimal=True
  R_TR=0.5667  worst_arc=(l1,l6,tr2)

  [layered_small_seed4 w=0 s2=off_off] Stage 2 solve (enc=stage2_packing.lp)...
  cmd: clingcon /tmp/s2_facts_uwbwvzn4.lp /home/racquelnina/MultiNetworkBatchingUsingASP/src/experiments/two_stage/final/encodings/stage2_packing.lp -c weight=0 -c hetero_on=0 -c concentrated_on=0 --time-limit=600 --outf=2 -t 1 --configuration=many
  mono=16  conc=7  optimal=True
  R_1=0.8333  worst_trip=(l1,l4,tr2,k3)
  K_1=0.8333
  R_alpha: heaviest_single_0.2=0.6  heaviest_global_0.2=0.0
  First solution: R_1=0.8333  R_TR=0.5333  s1_time=0.032  s2_time=0.021

  [layered_small_seed4 w=0 s2=hetero] Stage 2 solve (enc=stage2_packing.lp)...
  cmd: clingcon /tmp/s2_facts_ngnmpkws.lp /home/racquelnina/MultiNetworkBatchingUsingASP/src/experiments/two_stage/final/encodings/stage2_packing.lp -c weight=0 -c hetero_on=1 -c concentrated_on=0 --time-limit=600 --outf=2 -t 1 --configuration=many
  mono=2  conc=6  optimal=True
  R_1=0.9  worst_trip=(l1,l6,tr2,k5)
  K_1=0.9
  R_alpha: heaviest_single_0.2=0.6333  heaviest_global_0.2=0.0333
  First solution: R_1=0.8333  R_TR=0.5333  s1_time=0.032  s2_time=0.025

  [layered_small_seed4 w=0 s2=conc] Stage 2 solve (enc=stage2_packing.lp)...
  cmd: clingcon /tmp/s2_facts_x9waaa58.lp /home/racquelnina/MultiNetworkBatchingUsingASP/src/experiments/two_stage/final/encodings/stage2_packing.lp -c weight=0 -c hetero_on=0 -c concentrated_on=1 --time-limit=600 --outf=2 -t 1 --configuration=many
  [clingcon stderr] *** Info : (clingcon): Sending shutdown signal...
  [clingcon stderr] *** ERROR: (clingcon): solving stopped by signal
  [clingcon stderr] *** Info : (clingcon): Shutdown completed in 0.001 seconds
  mono=9  conc=8  optimal=False
  R_1=0.8333  worst_trip=(l4,l5,tr2,k2)
  K_1=0.8333
  R_alpha: heaviest_single_0.2=0.6  heaviest_global_0.2=0.0
  First solution: R_1=0.8333  R_TR=0.5333  s1_time=0.032  s2_time=0.011

  [layered_small_seed4 w=0 s2=both] Stage 2 solve (enc=stage2_packing.lp)...
  cmd: clingcon /tmp/s2_facts_llsgqiht.lp /home/racquelnina/MultiNetworkBatchingUsingASP/src/experiments/two_stage/final/encodings/stage2_packing.lp -c weight=0 -c hetero_on=1 -c concentrated_on=1 --time-limit=600 --outf=2 -t 1 --configuration=many
  [clingcon stderr] *** Info : (clingcon): Sending shutdown signal...
  [clingcon stderr] *** ERROR: (clingcon): solving stopped by signal
  [clingcon stderr] *** Info : (clingcon): Shutdown completed in 0.001 seconds
  mono=7  conc=6  optimal=False
  R_1=0.8333  worst_trip=(l4,l5,tr2,k6)
  K_1=0.8333
  R_alpha: heaviest_single_0.2=0.6  heaviest_global_0.2=0.0333
  First solution: R_1=0.8333  R_TR=0.5333  s1_time=0.032  s2_time=0.012

  [layered_small_seed4 w=300] Stage 1 solve (limit=600s, enc=stage_1_flow.lp)...
  cmd: clingcon /home/racquelnina/MultiNetworkBatchingUsingASP/src/experiments/two_stage/final/encodings/stage_1_flow.lp /home/racquelnina/MultiNetworkBatchingUsingASP/src/instances/generated/layered_small_seed4.lp -c weight=300 -c max_freq=20 -c exposure_n=3 -c use_exposure=1 -c cap_size_divide=1 --time-limit=600 --outf=2 -t 1 --configuration=many
  Stage 1: cost=3816  routes=8  loads=16  optimal=True
  R_TR=0.6667  worst_arc=(l1,l6,tr2)

  [layered_small_seed4 w=300 s2=off_off] Stage 2 solve (enc=stage2_packing.lp)...
  cmd: clingcon /tmp/s2_facts_n7v65ev3.lp /home/racquelnina/MultiNetworkBatchingUsingASP/src/experiments/two_stage/final/encodings/stage2_packing.lp -c weight=300 -c hetero_on=0 -c concentrated_on=0 --time-limit=600 --outf=2 -t 1 --configuration=many
  mono=19  conc=11  optimal=True
  R_1=0.8  worst_trip=(l1,l6,tr1,k1)
  K_1=0.8
  R_alpha: heaviest_single_0.2=0.6667  heaviest_global_0.2=0.0
  First solution: R_1=0.8333  R_TR=0.5333  s1_time=0.017  s2_time=0.013

  [layered_small_seed4 w=300 s2=hetero] Stage 2 solve (enc=stage2_packing.lp)...
  cmd: clingcon /tmp/s2_facts_lkbkchgr.lp /home/racquelnina/MultiNetworkBatchingUsingASP/src/experiments/two_stage/final/encodings/stage2_packing.lp -c weight=300 -c hetero_on=1 -c concentrated_on=0 --time-limit=600 --outf=2 -t 1 --configuration=many
  mono=2  conc=9  optimal=True
  R_1=0.8333  worst_trip=(l1,l6,tr1,k1)
  K_1=0.8333
  R_alpha: heaviest_single_0.2=0.7  heaviest_global_0.2=0.0333
  First solution: R_1=0.8333  R_TR=0.5333  s1_time=0.017  s2_time=0.013

  [layered_small_seed4 w=300 s2=conc] Stage 2 solve (enc=stage2_packing.lp)...
  cmd: clingcon /tmp/s2_facts_cgubgra_.lp /home/racquelnina/MultiNetworkBatchingUsingASP/src/experiments/two_stage/final/encodings/stage2_packing.lp -c weight=300 -c hetero_on=0 -c concentrated_on=1 --time-limit=600 --outf=2 -t 1 --configuration=many
  [clingcon stderr] *** Info : (clingcon): Sending shutdown signal...
  [clingcon stderr] *** ERROR: (clingcon): solving stopped by signal
  [clingcon stderr] *** Info : (clingcon): Shutdown completed in 0.001 seconds
  mono=19  conc=17  optimal=False
  R_1=0.8333  worst_trip=(l1,l6,tr2,k4)
  K_1=0.8333
  R_alpha: heaviest_single_0.2=0.6667  heaviest_global_0.2=0.0
  First solution: R_1=0.8333  R_TR=0.5333  s1_time=0.017  s2_time=0.014

  [layered_small_seed4 w=300 s2=both] Stage 2 solve (enc=stage2_packing.lp)...
  cmd: clingcon /tmp/s2_facts_f2_wo6dx.lp /home/racquelnina/MultiNetworkBatchingUsingASP/src/experiments/two_stage/final/encodings/stage2_packing.lp -c weight=300 -c hetero_on=1 -c concentrated_on=1 --time-limit=600 --outf=2 -t 1 --configuration=many
  [clingcon stderr] *** Info : (clingcon): Sending shutdown signal...
  [clingcon stderr] *** ERROR: (clingcon): solving stopped by signal
  [clingcon stderr] *** Info : (clingcon): Shutdown completed in 0.001 seconds
  mono=18  conc=16  optimal=False
  R_1=0.8333  worst_trip=(l4,l5,tr2,k7)
  K_1=0.8333
  R_alpha: heaviest_single_0.2=0.6667  heaviest_global_0.2=0.0333
  First solution: R_1=0.8333  R_TR=0.5333  s1_time=0.017  s2_time=0.014

  [layered_small_seed4 w=500] Stage 1 solve (limit=600s, enc=stage_1_flow.lp)...
  cmd: clingcon /home/racquelnina/MultiNetworkBatchingUsingASP/src/experiments/two_stage/final/encodings/stage_1_flow.lp /home/racquelnina/MultiNetworkBatchingUsingASP/src/instances/generated/layered_small_seed4.lp -c weight=500 -c max_freq=20 -c exposure_n=3 -c use_exposure=1 -c cap_size_divide=1 --time-limit=600 --outf=2 -t 1 --configuration=many
  Stage 1: cost=3816  routes=8  loads=15  optimal=True
  R_TR=0.6667  worst_arc=(l2,l3,tr2)

  [layered_small_seed4 w=500 s2=off_off] Stage 2 solve (enc=stage2_packing.lp)...
  cmd: clingcon /tmp/s2_facts_me9nseb0.lp /home/racquelnina/MultiNetworkBatchingUsingASP/src/experiments/two_stage/final/encodings/stage2_packing.lp -c weight=500 -c hetero_on=0 -c concentrated_on=0 --time-limit=600 --outf=2 -t 1 --configuration=many
  mono=18  conc=10  optimal=True
  R_1=0.8333  worst_trip=(l4,l5,tr2,k5)
  K_1=0.8333
  R_alpha: heaviest_single_0.2=0.7  heaviest_global_0.2=0.0667
  First solution: R_1=0.9  R_TR=0.5333  s1_time=0.018  s2_time=0.015

  [layered_small_seed4 w=500 s2=hetero] Stage 2 solve (enc=stage2_packing.lp)...
  cmd: clingcon /tmp/s2_facts_ly0oe70g.lp /home/racquelnina/MultiNetworkBatchingUsingASP/src/experiments/two_stage/final/encodings/stage2_packing.lp -c weight=500 -c hetero_on=1 -c concentrated_on=0 --time-limit=600 --outf=2 -t 1 --configuration=many
  mono=2  conc=4  optimal=True
  R_1=0.8333  worst_trip=(l1,l6,tr1,k1)
  K_1=0.8333
  R_alpha: heaviest_single_0.2=0.7  heaviest_global_0.2=0.0667
  First solution: R_1=0.9  R_TR=0.5333  s1_time=0.018  s2_time=0.015

  [layered_small_seed4 w=500 s2=conc] Stage 2 solve (enc=stage2_packing.lp)...
  cmd: clingcon /tmp/s2_facts_8dau0sox.lp /home/racquelnina/MultiNetworkBatchingUsingASP/src/experiments/two_stage/final/encodings/stage2_packing.lp -c weight=500 -c hetero_on=0 -c concentrated_on=1 --time-limit=600 --outf=2 -t 1 --configuration=many
  [clingcon stderr] *** Info : (clingcon): Sending shutdown signal...
  [clingcon stderr] *** ERROR: (clingcon): solving stopped by signal
  [clingcon stderr] *** Info : (clingcon): Shutdown completed in 0.002 seconds
  mono=12  conc=9  optimal=False
  R_1=0.8333  worst_trip=(l4,l5,tr2,k1)
  K_1=0.8333
  R_alpha: heaviest_single_0.2=0.7  heaviest_global_0.2=0.0667
  First solution: R_1=0.9  R_TR=0.5333  s1_time=0.018  s2_time=0.015

  [layered_small_seed4 w=500 s2=both] Stage 2 solve (enc=stage2_packing.lp)...
  cmd: clingcon /tmp/s2_facts_6b086bxt.lp /home/racquelnina/MultiNetworkBatchingUsingASP/src/experiments/two_stage/final/encodings/stage2_packing.lp -c weight=500 -c hetero_on=1 -c concentrated_on=1 --time-limit=600 --outf=2 -t 1 --configuration=many
  [clingcon stderr] *** Info : (clingcon): Sending shutdown signal...
  [clingcon stderr] *** ERROR: (clingcon): solving stopped by signal
  [clingcon stderr] *** Info : (clingcon): Shutdown completed in 0.001 seconds
  mono=9  conc=8  optimal=False
  R_1=0.8  worst_trip=(l1,l6,tr1,k2)
  K_1=0.8
  R_alpha: heaviest_single_0.2=0.7  heaviest_global_0.2=0.0333
  First solution: R_1=0.9  R_TR=0.5333  s1_time=0.018  s2_time=0.015

  [layered_small_seed4 w=750] Stage 1 solve (limit=600s, enc=stage_1_flow.lp)...
  cmd: clingcon /home/racquelnina/MultiNetworkBatchingUsingASP/src/experiments/two_stage/final/encodings/stage_1_flow.lp /home/racquelnina/MultiNetworkBatchingUsingASP/src/instances/generated/layered_small_seed4.lp -c weight=750 -c max_freq=20 -c exposure_n=3 -c use_exposure=1 -c cap_size_divide=1 --time-limit=600 --outf=2 -t 1 --configuration=many
  Stage 1: cost=3816  routes=8  loads=14  optimal=True
  R_TR=0.6667  worst_arc=(l1,l6,tr2)

  [layered_small_seed4 w=750 s2=off_off] Stage 2 solve (enc=stage2_packing.lp)...
  cmd: clingcon /tmp/s2_facts_c8gfz4_w.lp /home/racquelnina/MultiNetworkBatchingUsingASP/src/experiments/two_stage/final/encodings/stage2_packing.lp -c weight=750 -c hetero_on=0 -c concentrated_on=0 --time-limit=600 --outf=2 -t 1 --configuration=many
  mono=13  conc=9  optimal=True
  R_1=0.8333  worst_trip=(l4,l5,tr2,k4)
  K_1=0.8333
  R_alpha: heaviest_single_0.2=0.7  heaviest_global_0.2=0.0333
  First solution: R_1=0.8667  R_TR=0.5333  s1_time=0.017  s2_time=0.015

  [layered_small_seed4 w=750 s2=hetero] Stage 2 solve (enc=stage2_packing.lp)...
  cmd: clingcon /tmp/s2_facts_jrfq_b1m.lp /home/racquelnina/MultiNetworkBatchingUsingASP/src/experiments/two_stage/final/encodings/stage2_packing.lp -c weight=750 -c hetero_on=1 -c concentrated_on=0 --time-limit=600 --outf=2 -t 1 --configuration=many
  mono=0  conc=5  optimal=True
  R_1=0.9  worst_trip=(l1,l6,tr2,k5)
  K_1=0.9
  R_alpha: heaviest_single_0.2=0.7  heaviest_global_0.2=0.0667
  First solution: R_1=0.8667  R_TR=0.5333  s1_time=0.017  s2_time=0.015

  [layered_small_seed4 w=750 s2=conc] Stage 2 solve (enc=stage2_packing.lp)...
  cmd: clingcon /tmp/s2_facts_ifu7s1ox.lp /home/racquelnina/MultiNetworkBatchingUsingASP/src/experiments/two_stage/final/encodings/stage2_packing.lp -c weight=750 -c hetero_on=0 -c concentrated_on=1 --time-limit=600 --outf=2 -t 1 --configuration=many
  [clingcon stderr] *** Info : (clingcon): Sending shutdown signal...
  [clingcon stderr] *** ERROR: (clingcon): solving stopped by signal
  [clingcon stderr] *** Info : (clingcon): Shutdown completed in 0.004 seconds
  mono=12  conc=12  optimal=False
  R_1=0.8333  worst_trip=(l4,l5,tr2,k2)
  K_1=0.8333
  R_alpha: heaviest_single_0.2=0.6667  heaviest_global_0.2=0.0667
  First solution: R_1=0.8667  R_TR=0.5333  s1_time=0.017  s2_time=0.014