nohup: ignoring input
══════════════════════════════════════════════════════════════════════
  FINAL TWO-STAGE EXPERIMENT
══════════════════════════════════════════════════════════════════════
  Stage 1 encoding: stage_1_flow.lp
  Stage 2 encoding: stage2_packing.lp
  Instances:        5
  Weights:          [0, 300, 500, 750, 1000]
  Exposure N:       3
  S2 configs:       ['off_off', 'hetero', 'conc', 'both']
  Total runs:       100
  Output:           src/experiments/two_stage/final/results/sweep_medium_full_ra.csv
══════════════════════════════════════════════════════════════════════

══════════════════════════════════════════════════════════════════════
  Instance: layered_medium_seed1  (type=layered, size=medium, seed=1, time_limit=100s
══════════════════════════════════════════════════════════════════════
  Parsed: 3 parts, 36 routes

  [layered_medium_seed1 w=0] Stage 1 solve (limit=100s, enc=stage_1_flow.lp)...
  cmd: clingcon /home/racquelnina/MultiNetworkBatchingUsingASP/src/experiments/two_stage/final/encodings/stage_1_flow.lp /home/racquelnina/MultiNetworkBatchingUsingASP/src/instances/generated/layered_medium_seed1.lp -c weight=0 -c max_freq=20 -c exposure_n=3 -c use_exposure=1 -c cap_size_divide=1 --time-limit=100 --outf=2 -t 1 --configuration=many
  [clingcon stderr] *** Info : (clingcon): Sending shutdown signal...
  [clingcon stderr] *** ERROR: (clingcon): solving stopped by signal
  [clingcon stderr] *** Info : (clingcon): Shutdown completed in 0.001 seconds
  Stage 1: cost=10276  routes=14  loads=35  optimal=False
  R_TR=0.3333  worst_arc=(l2,l7,tr2)

  [layered_medium_seed1 w=0 s2=off_off] Stage 2 solve (enc=stage2_packing.lp)...
  cmd: clingcon /tmp/s2_facts_in35qzhu.lp /home/racquelnina/MultiNetworkBatchingUsingASP/src/experiments/two_stage/final/encodings/stage2_packing.lp -c weight=0 -c hetero_on=0 -c concentrated_on=0 --time-limit=100 --outf=2 -t 1 --configuration=many
  [clingcon stderr] *** Info : (clingcon): Sending shutdown signal...
  [clingcon stderr] *** ERROR: (clingcon): solving stopped by signal
  [clingcon stderr] *** Info : (clingcon): Shutdown completed in 0.000 seconds
  mono=7  conc=16  optimal=False
  R_1=0.8  worst_trip=(l5,l8,tr2,k2)
  K_1=0.8
  R_alpha: heaviest_single_0.2=0.4  heaviest_global_0.2=0.0333
  First solution: R_1=0.8  R_TR=0.4  s1_time=0.055  s2_time=0.018

  [layered_medium_seed1 w=0 s2=hetero] Stage 2 solve (enc=stage2_packing.lp)...
  cmd: clingcon /tmp/s2_facts_o7ti7bvy.lp /home/racquelnina/MultiNetworkBatchingUsingASP/src/experiments/two_stage/final/encodings/stage2_packing.lp -c weight=0 -c hetero_on=1 -c concentrated_on=0 --time-limit=100 --outf=2 -t 1 --configuration=many
  [clingcon stderr] *** Info : (clingcon): Sending shutdown signal...
  [clingcon stderr] *** ERROR: (clingcon): solving stopped by signal
  [clingcon stderr] *** Info : (clingcon): Shutdown completed in 0.000 seconds
  mono=2  conc=12  optimal=False
  R_1=0.8333  worst_trip=(l1,l5,tr2,k1)
  K_1=0.8333
  R_alpha: heaviest_single_0.2=0.4  heaviest_global_0.2=0.0333
  First solution: R_1=0.8  R_TR=0.4  s1_time=0.055  s2_time=0.037

  [layered_medium_seed1 w=0 s2=conc] Stage 2 solve (enc=stage2_packing.lp)...
  cmd: clingcon /tmp/s2_facts_5hoi1lh7.lp /home/racquelnina/MultiNetworkBatchingUsingASP/src/experiments/two_stage/final/encodings/stage2_packing.lp -c weight=0 -c hetero_on=0 -c concentrated_on=1 --time-limit=100 --outf=2 -t 1 --configuration=many
  [clingcon stderr] *** Info : (clingcon): Sending shutdown signal...
  [clingcon stderr] *** ERROR: (clingcon): solving stopped by signal
  [clingcon stderr] *** Info : (clingcon): Shutdown completed in 0.003 seconds
  mono=8  conc=14  optimal=False
  R_1=0.8  worst_trip=(l2,l7,tr2,k6)
  K_1=0.8
  R_alpha: heaviest_single_0.2=0.4  heaviest_global_0.2=0.0333
  First solution: R_1=0.8  R_TR=0.4  s1_time=0.055  s2_time=0.038

  [layered_medium_seed1 w=0 s2=both] Stage 2 solve (enc=stage2_packing.lp)...
  cmd: clingcon /tmp/s2_facts_uxzjhkr5.lp /home/racquelnina/MultiNetworkBatchingUsingASP/src/experiments/two_stage/final/encodings/stage2_packing.lp -c weight=0 -c hetero_on=1 -c concentrated_on=1 --time-limit=100 --outf=2 -t 1 --configuration=many
  [clingcon stderr] *** Info : (clingcon): Sending shutdown signal...
  [clingcon stderr] *** ERROR: (clingcon): solving stopped by signal
  [clingcon stderr] *** Info : (clingcon): Shutdown completed in 0.000 seconds
  mono=6  conc=16  optimal=False
  R_1=0.8  worst_trip=(l2,l7,tr2,k9)
  K_1=0.8
  R_alpha: heaviest_single_0.2=0.4  heaviest_global_0.2=0.0333
  First solution: R_1=0.8  R_TR=0.4  s1_time=0.055  s2_time=0.039

  [layered_medium_seed1 w=300] Stage 1 solve (limit=100s, enc=stage_1_flow.lp)...
  cmd: clingcon /home/racquelnina/MultiNetworkBatchingUsingASP/src/experiments/two_stage/final/encodings/stage_1_flow.lp /home/racquelnina/MultiNetworkBatchingUsingASP/src/instances/generated/layered_medium_seed1.lp -c weight=300 -c max_freq=20 -c exposure_n=3 -c use_exposure=1 -c cap_size_divide=1 --time-limit=100 --outf=2 -t 1 --configuration=many
  [clingcon stderr] *** Info : (clingcon): Sending shutdown signal...
  [clingcon stderr] *** ERROR: (clingcon): solving stopped by signal
  [clingcon stderr] *** Info : (clingcon): Shutdown completed in 0.000 seconds
  Stage 1: cost=17036  routes=21  loads=52  optimal=False
  R_TR=0.6667  worst_arc=(l2,l7,tr2)

  [layered_medium_seed1 w=300 s2=off_off] Stage 2 solve (enc=stage2_packing.lp)...
  cmd: clingcon /tmp/s2_facts_23zbqeag.lp /home/racquelnina/MultiNetworkBatchingUsingASP/src/experiments/two_stage/final/encodings/stage2_packing.lp -c weight=300 -c hetero_on=0 -c concentrated_on=0 --time-limit=100 --outf=2 -t 1 --configuration=many
  [clingcon stderr] *** Info : (clingcon): Sending shutdown signal...
  [clingcon stderr] *** ERROR: (clingcon): solving stopped by signal
  [clingcon stderr] *** Info : (clingcon): Shutdown completed in 0.000 seconds
  mono=6  conc=41  optimal=False
  R_1=0.8333  worst_trip=(l5,l8,tr2,k2)
  K_1=0.8333
  R_alpha: heaviest_single_0.2=0.6667  heaviest_global_0.2=0.0333
  First solution: R_1=0.8  R_TR=0.4  s1_time=0.126  s2_time=0.041

  [layered_medium_seed1 w=300 s2=hetero] Stage 2 solve (enc=stage2_packing.lp)...
  cmd: clingcon /tmp/s2_facts_yqaactij.lp /home/racquelnina/MultiNetworkBatchingUsingASP/src/experiments/two_stage/final/encodings/stage2_packing.lp -c weight=300 -c hetero_on=1 -c concentrated_on=0 --time-limit=100 --outf=2 -t 1 --configuration=many
  [clingcon stderr] *** Info : (clingcon): Sending shutdown signal...
  [clingcon stderr] *** ERROR: (clingcon): solving stopped by signal
  [clingcon stderr] *** Info : (clingcon): Shutdown completed in 0.000 seconds
  mono=3  conc=38  optimal=False
  R_1=0.8333  worst_trip=(l5,l8,tr2,k3)
  K_1=0.8333
  R_alpha: heaviest_single_0.2=0.6667  heaviest_global_0.2=0.0333
  First solution: R_1=0.8  R_TR=0.4  s1_time=0.126  s2_time=0.037

  [layered_medium_seed1 w=300 s2=conc] Stage 2 solve (enc=stage2_packing.lp)...
  cmd: clingcon /tmp/s2_facts_1n6gz9rm.lp /home/racquelnina/MultiNetworkBatchingUsingASP/src/experiments/two_stage/final/encodings/stage2_packing.lp -c weight=300 -c hetero_on=0 -c concentrated_on=1 --time-limit=100 --outf=2 -t 1 --configuration=many
  [clingcon stderr] *** Info : (clingcon): Sending shutdown signal...
  [clingcon stderr] *** ERROR: (clingcon): solving stopped by signal
  [clingcon stderr] *** Info : (clingcon): Shutdown completed in 0.012 seconds
  mono=15  conc=37  optimal=False
  R_1=0.8  worst_trip=(l4,l7,tr2,k4)
  K_1=0.8
  R_alpha: heaviest_single_0.2=0.6667  heaviest_global_0.2=0.0
  First solution: R_1=0.8  R_TR=0.4  s1_time=0.126  s2_time=0.038

  [layered_medium_seed1 w=300 s2=both] Stage 2 solve (enc=stage2_packing.lp)...
  cmd: clingcon /tmp/s2_facts_ixxueta9.lp /home/racquelnina/MultiNetworkBatchingUsingASP/src/experiments/two_stage/final/encodings/stage2_packing.lp -c weight=300 -c hetero_on=1 -c concentrated_on=1 --time-limit=100 --outf=2 -t 1 --configuration=many
  [clingcon stderr] *** Info : (clingcon): Sending shutdown signal...
  [clingcon stderr] *** ERROR: (clingcon): solving stopped by signal
  [clingcon stderr] *** Info : (clingcon): Shutdown completed in 0.003 seconds
  mono=11  conc=38  optimal=False
  R_1=0.8  worst_trip=(l2,l7,tr2,k2)
  K_1=0.8
  R_alpha: heaviest_single_0.2=0.6667  heaviest_global_0.2=0.0
  First solution: R_1=0.8  R_TR=0.4  s1_time=0.126  s2_time=0.027

  [layered_medium_seed1 w=500] Stage 1 solve (limit=100s, enc=stage_1_flow.lp)...
  cmd: clingcon /home/racquelnina/MultiNetworkBatchingUsingASP/src/experiments/two_stage/final/encodings/stage_1_flow.lp /home/racquelnina/MultiNetworkBatchingUsingASP/src/instances/generated/layered_medium_seed1.lp -c weight=500 -c max_freq=20 -c exposure_n=3 -c use_exposure=1 -c cap_size_divide=1 --time-limit=100 --outf=2 -t 1 --configuration=many
  [clingcon stderr] *** Info : (clingcon): Sending shutdown signal...
  [clingcon stderr] *** ERROR: (clingcon): solving stopped by signal
  [clingcon stderr] *** Info : (clingcon): Shutdown completed in 0.001 seconds
  Stage 1: cost=18210  routes=19  loads=47  optimal=False
  R_TR=0.6667  worst_arc=(l2,l7,tr2)

  [layered_medium_seed1 w=500 s2=off_off] Stage 2 solve (enc=stage2_packing.lp)...
  cmd: clingcon /tmp/s2_facts_8ym9pmwy.lp /home/racquelnina/MultiNetworkBatchingUsingASP/src/experiments/two_stage/final/encodings/stage2_packing.lp -c weight=500 -c hetero_on=0 -c concentrated_on=0 --time-limit=100 --outf=2 -t 1 --configuration=many
  [clingcon stderr] *** Info : (clingcon): Sending shutdown signal...
  [clingcon stderr] *** ERROR: (clingcon): solving stopped by signal
  [clingcon stderr] *** Info : (clingcon): Shutdown completed in 0.000 seconds
  mono=5  conc=52  optimal=False
  R_1=0.8  worst_trip=(l2,l7,tr2,k4)
  K_1=0.8
  R_alpha: heaviest_single_0.2=0.6667  heaviest_global_0.2=0.0
  First solution: R_1=0.8  R_TR=0.4  s1_time=0.119  s2_time=0.045

  [layered_medium_seed1 w=500 s2=hetero] Stage 2 solve (enc=stage2_packing.lp)...
  cmd: clingcon /tmp/s2_facts_2hgplap2.lp /home/racquelnina/MultiNetworkBatchingUsingASP/src/experiments/two_stage/final/encodings/stage2_packing.lp -c weight=500 -c hetero_on=1 -c concentrated_on=0 --time-limit=100 --outf=2 -t 1 --configuration=many
  [clingcon stderr] *** Info : (clingcon): Sending shutdown signal...
  [clingcon stderr] *** ERROR: (clingcon): solving stopped by signal
  [clingcon stderr] *** Info : (clingcon): Shutdown completed in 0.000 seconds
  mono=1  conc=51  optimal=False
  R_1=0.8333  worst_trip=(l2,l7,tr2,k5)
  K_1=0.8333
  R_alpha: heaviest_single_0.2=0.6667  heaviest_global_0.2=0.0
  First solution: R_1=0.8  R_TR=0.4  s1_time=0.119  s2_time=0.047

  [layered_medium_seed1 w=500 s2=conc] Stage 2 solve (enc=stage2_packing.lp)...
  cmd: clingcon /tmp/s2_facts_s1zpqbdl.lp /home/racquelnina/MultiNetworkBatchingUsingASP/src/experiments/two_stage/final/encodings/stage2_packing.lp -c weight=500 -c hetero_on=0 -c concentrated_on=1 --time-limit=100 --outf=2 -t 1 --configuration=many
  [clingcon stderr] *** Info : (clingcon): Sending shutdown signal...
  [clingcon stderr] *** ERROR: (clingcon): solving stopped by signal
  [clingcon stderr] *** Info : (clingcon): Shutdown completed in 0.000 seconds
  mono=14  conc=50  optimal=False
  R_1=0.8  worst_trip=(l1,l5,tr2,k4)
  K_1=0.8
  R_alpha: heaviest_single_0.2=0.6667  heaviest_global_0.2=0.0
  First solution: R_1=0.8  R_TR=0.4  s1_time=0.119  s2_time=0.049

  [layered_medium_seed1 w=500 s2=both] Stage 2 solve (enc=stage2_packing.lp)...
  cmd: clingcon /tmp/s2_facts_9c5w8p1m.lp /home/racquelnina/MultiNetworkBatchingUsingASP/src/experiments/two_stage/final/encodings/stage2_packing.lp -c weight=500 -c hetero_on=1 -c concentrated_on=1 --time-limit=100 --outf=2 -t 1 --configuration=many
  [clingcon stderr] *** Info : (clingcon): Sending shutdown signal...
  [clingcon stderr] *** ERROR: (clingcon): solving stopped by signal
  [clingcon stderr] *** Info : (clingcon): Shutdown completed in 0.000 seconds
  mono=14  conc=49  optimal=False
  R_1=0.8  worst_trip=(l2,l3,tr2,k1)
  K_1=0.8
  R_alpha: heaviest_single_0.2=0.6667  heaviest_global_0.2=0.0
  First solution: R_1=0.8  R_TR=0.4  s1_time=0.119  s2_time=0.049

  [layered_medium_seed1 w=750] Stage 1 solve (limit=100s, enc=stage_1_flow.lp)...
  cmd: clingcon /home/racquelnina/MultiNetworkBatchingUsingASP/src/experiments/two_stage/final/encodings/stage_1_flow.lp /home/racquelnina/MultiNetworkBatchingUsingASP/src/instances/generated/layered_medium_seed1.lp -c weight=750 -c max_freq=20 -c exposure_n=3 -c use_exposure=1 -c cap_size_divide=1 --time-limit=100 --outf=2 -t 1 --configuration=many
  [clingcon stderr] *** Info : (clingcon): Sending shutdown signal...
  [clingcon stderr] *** ERROR: (clingcon): solving stopped by signal
  [clingcon stderr] *** Info : (clingcon): Shutdown completed in 0.001 seconds
  Stage 1: cost=16338  routes=25  loads=49  optimal=False
  R_TR=0.7  worst_arc=(l1,l5,tr2)

  [layered_medium_seed1 w=750 s2=off_off] Stage 2 solve (enc=stage2_packing.lp)...
  cmd: clingcon /tmp/s2_facts_0o57s_jq.lp /home/racquelnina/MultiNetworkBatchingUsingASP/src/experiments/two_stage/final/encodings/stage2_packing.lp -c weight=750 -c hetero_on=0 -c concentrated_on=0 --time-limit=100 --outf=2 -t 1 --configuration=many
  mono=4  conc=46  optimal=True
  R_1=0.8333  worst_trip=(l5,l7,tr2,k2)
  K_1=0.8333
  R_alpha: heaviest_single_0.2=0.7  heaviest_global_0.2=0.0
  First solution: R_1=0.8  R_TR=0.4  s1_time=0.119  s2_time=0.037

  [layered_medium_seed1 w=750 s2=hetero] Stage 2 solve (enc=stage2_packing.lp)...
  cmd: clingcon /tmp/s2_facts_1zpvwkzr.lp /home/racquelnina/MultiNetworkBatchingUsingASP/src/experiments/two_stage/final/encodings/stage2_packing.lp -c weight=750 -c hetero_on=1 -c concentrated_on=0 --time-limit=100 --outf=2 -t 1 --configuration=many
  mono=2  conc=46  optimal=True
  R_1=0.8333  worst_trip=(l5,l8,tr2,k1)
  K_1=0.8333
  R_alpha: heaviest_single_0.2=0.7  heaviest_global_0.2=0.0
  First solution: R_1=0.8  R_TR=0.4  s1_time=0.119  s2_time=0.037

  [layered_medium_seed1 w=750 s2=conc] Stage 2 solve (enc=stage2_packing.lp)...
  cmd: clingcon /tmp/s2_facts_f6_ise9x.lp /home/racquelnina/MultiNetworkBatchingUsingASP/src/experiments/two_stage/final/encodings/stage2_packing.lp -c weight=750 -c hetero_on=0 -c concentrated_on=1 --time-limit=100 --outf=2 -t 1 --configuration=many
  [clingcon stderr] *** Info : (clingcon): Sending shutdown signal...
  [clingcon stderr] *** ERROR: (clingcon): solving stopped by signal
  [clingcon stderr] *** Info : (clingcon): Shutdown completed in 0.000 seconds
  mono=8  conc=42  optimal=False
  R_1=0.8  worst_trip=(l2,l7,tr2,k1)
  K_1=0.8
  R_alpha: heaviest_single_0.2=0.7  heaviest_global_0.2=0.0
  First solution: R_1=0.8  R_TR=0.4  s1_time=0.119  s2_time=0.018

  [layered_medium_seed1 w=750 s2=both] Stage 2 solve (enc=stage2_packing.lp)...
  cmd: clingcon /tmp/s2_facts_s_vtrlg8.lp /home/racquelnina/MultiNetworkBatchingUsingASP/src/experiments/two_stage/final/encodings/stage2_packing.lp -c weight=750 -c hetero_on=1 -c concentrated_on=1 --time-limit=100 --outf=2 -t 1 --configuration=many
  [clingcon stderr] *** Info : (clingcon): Sending shutdown signal...
  [clingcon stderr] *** ERROR: (clingcon): solving stopped by signal
  [clingcon stderr] *** Info : (clingcon): Shutdown completed in 0.003 seconds
  mono=4  conc=41  optimal=False
  R_1=0.8333  worst_trip=(l5,l8,tr2,k2)
  K_1=0.8333
  R_alpha: heaviest_single_0.2=0.7  heaviest_global_0.2=0.0
  First solution: R_1=0.8  R_TR=0.4  s1_time=0.119  s2_time=0.038

  [layered_medium_seed1 w=1000] Stage 1 solve (limit=100s, enc=stage_1_flow.lp)...
  cmd: clingcon /home/racquelnina/MultiNetworkBatchingUsingASP/src/experiments/two_stage/final/encodings/stage_1_flow.lp /home/racquelnina/MultiNetworkBatchingUsingASP/src/instances/generated/layered_medium_seed1.lp -c weight=1000 -c max_freq=20 -c exposure_n=3 -c use_exposure=1 -c cap_size_divide=1 --time-limit=100 --outf=2 -t 1 --configuration=many
  [clingcon stderr] *** Info : (clingcon): Sending shutdown signal...
  [clingcon stderr] *** ERROR: (clingcon): solving stopped by signal
  [clingcon stderr] *** Info : (clingcon): Shutdown completed in 0.001 seconds
  Stage 1: cost=19234  routes=32  loads=63  optimal=False
  R_TR=0.6667  worst_arc=(l2,l7,tr2)

  [layered_medium_seed1 w=1000 s2=off_off] Stage 2 solve (enc=stage2_packing.lp)...
  cmd: clingcon /tmp/s2_facts_6ca2iz9p.lp /home/racquelnina/MultiNetworkBatchingUsingASP/src/experiments/two_stage/final/encodings/stage2_packing.lp -c weight=1000 -c hetero_on=0 -c concentrated_on=0 --time-limit=100 --outf=2 -t 1 --configuration=many
  mono=7  conc=51  optimal=True
  R_1=0.8333  worst_trip=(l2,l7,tr2,k3)
  K_1=0.8333
  R_alpha: heaviest_single_0.2=0.6667  heaviest_global_0.2=0.0
  First solution: R_1=0.8  R_TR=0.4  s1_time=0.127  s2_time=0.039

  [layered_medium_seed1 w=1000 s2=hetero] Stage 2 solve (enc=stage2_packing.lp)...
  cmd: clingcon /tmp/s2_facts_gqztmh8x.lp /home/racquelnina/MultiNetworkBatchingUsingASP/src/experiments/two_stage/final/encodings/stage2_packing.lp -c weight=1000 -c hetero_on=1 -c concentrated_on=0 --time-limit=100 --outf=2 -t 1 --configuration=many
  [clingcon stderr] *** Info : (clingcon): Sending shutdown signal...
  [clingcon stderr] *** ERROR: (clingcon): solving stopped by signal
  [clingcon stderr] *** Info : (clingcon): Shutdown completed in 0.001 seconds
  mono=3  conc=47  optimal=False
  R_1=0.8333  worst_trip=(l4,l7,tr2,k2)
  K_1=0.8333
  R_alpha: heaviest_single_0.2=0.6667  heaviest_global_0.2=0.0
  First solution: R_1=0.8  R_TR=0.4  s1_time=0.127  s2_time=0.022

  [layered_medium_seed1 w=1000 s2=conc] Stage 2 solve (enc=stage2_packing.lp)...
  cmd: clingcon /tmp/s2_facts_mktvdcw7.lp /home/racquelnina/MultiNetworkBatchingUsingASP/src/experiments/two_stage/final/encodings/stage2_packing.lp -c weight=1000 -c hetero_on=0 -c concentrated_on=1 --time-limit=100 --outf=2 -t 1 --configuration=many
  [clingcon stderr] *** Info : (clingcon): Sending shutdown signal...
  [clingcon stderr] *** ERROR: (clingcon): solving stopped by signal
  [clingcon stderr] *** Info : (clingcon): Shutdown completed in 0.003 seconds
  mono=13  conc=47  optimal=False
  R_1=0.8  worst_trip=(l1,l5,tr2,k2)
  K_1=0.8
  R_alpha: heaviest_single_0.2=0.6667  heaviest_global_0.2=0.0
  First solution: R_1=0.8  R_TR=0.4  s1_time=0.127  s2_time=0.021

  [layered_medium_seed1 w=1000 s2=both] Stage 2 solve (enc=stage2_packing.lp)...
  cmd: clingcon /tmp/s2_facts_dwz5mqvm.lp /home/racquelnina/MultiNetworkBatchingUsingASP/src/experiments/two_stage/final/encodings/stage2_packing.lp -c weight=1000 -c hetero_on=1 -c concentrated_on=1 --time-limit=100 --outf=2 -t 1 --configuration=many
  [clingcon stderr] *** Info : (clingcon): Sending shutdown signal...
  [clingcon stderr] *** ERROR: (clingcon): solving stopped by signal
  [clingcon stderr] *** Info : (clingcon): Shutdown completed in 0.000 seconds
  mono=15  conc=51  optimal=False
  R_1=0.8  worst_trip=(l2,l7,tr2,k1)
  K_1=0.8
  R_alpha: heaviest_single_0.2=0.6667  heaviest_global_0.2=0.0
  First solution: R_1=0.8  R_TR=0.4  s1_time=0.127  s2_time=0.021

══════════════════════════════════════════════════════════════════════
  Instance: layered_medium_seed2  (type=layered, size=medium, seed=2, time_limit=100s
══════════════════════════════════════════════════════════════════════
  Parsed: 3 parts, 45 routes

  [layered_medium_seed2 w=0] Stage 1 solve (limit=100s, enc=stage_1_flow.lp)...
  cmd: clingcon /home/racquelnina/MultiNetworkBatchingUsingASP/src/experiments/two_stage/final/encodings/stage_1_flow.lp /home/racquelnina/MultiNetworkBatchingUsingASP/src/instances/generated/layered_medium_seed2.lp -c weight=0 -c max_freq=20 -c exposure_n=3 -c use_exposure=1 -c cap_size_divide=1 --time-limit=100 --outf=2 -t 1 --configuration=many
  [clingcon stderr] *** Info : (clingcon): Sending shutdown signal...
  [clingcon stderr] *** ERROR: (clingcon): solving stopped by signal
  [clingcon stderr] *** Info : (clingcon): Shutdown completed in 0.000 seconds
  Stage 1: cost=8760  routes=25  loads=45  optimal=False
  R_TR=0.8  worst_arc=(l1,l3,tr2)

  [layered_medium_seed2 w=0 s2=off_off] Stage 2 solve (enc=stage2_packing.lp)...
  cmd: clingcon /tmp/s2_facts_2hyvieyz.lp /home/racquelnina/MultiNetworkBatchingUsingASP/src/experiments/two_stage/final/encodings/stage2_packing.lp -c weight=0 -c hetero_on=0 -c concentrated_on=0 --time-limit=100 --outf=2 -t 1 --configuration=many
  mono=4  conc=36  optimal=True
  R_1=0.8  worst_trip=(l2,l5,tr2,k1)
  K_1=0.8
  R_alpha: heaviest_single_0.2=0.8  heaviest_global_0.2=0.0
  First solution: R_1=0.8667  R_TR=0.4333  s1_time=0.121  s2_time=0.026

  [layered_medium_seed2 w=0 s2=hetero] Stage 2 solve (enc=stage2_packing.lp)...
  cmd: clingcon /tmp/s2_facts_byvmn9fm.lp /home/racquelnina/MultiNetworkBatchingUsingASP/src/experiments/two_stage/final/encodings/stage2_packing.lp -c weight=0 -c hetero_on=1 -c concentrated_on=0 --time-limit=100 --outf=2 -t 1 --configuration=many
  mono=1  conc=35  optimal=True
  R_1=0.8  worst_trip=(l2,l5,tr2,k1)
  K_1=0.8
  R_alpha: heaviest_single_0.2=0.8  heaviest_global_0.2=0.0
  First solution: R_1=0.8667  R_TR=0.4333  s1_time=0.121  s2_time=0.026

  [layered_medium_seed2 w=0 s2=conc] Stage 2 solve (enc=stage2_packing.lp)...
  cmd: clingcon /tmp/s2_facts_4q02rkjv.lp /home/racquelnina/MultiNetworkBatchingUsingASP/src/experiments/two_stage/final/encodings/stage2_packing.lp -c weight=0 -c hetero_on=0 -c concentrated_on=1 --time-limit=100 --outf=2 -t 1 --configuration=many
  mono=4  conc=44  optimal=True
  R_1=0.8  worst_trip=(l2,l5,tr2,k1)
  K_1=0.8
  R_alpha: heaviest_single_0.2=0.8  heaviest_global_0.2=0.0
  First solution: R_1=0.8667  R_TR=0.4333  s1_time=0.121  s2_time=0.025

  [layered_medium_seed2 w=0 s2=both] Stage 2 solve (enc=stage2_packing.lp)...
  cmd: clingcon /tmp/s2_facts_igqjwjoc.lp /home/racquelnina/MultiNetworkBatchingUsingASP/src/experiments/two_stage/final/encodings/stage2_packing.lp -c weight=0 -c hetero_on=1 -c concentrated_on=1 --time-limit=100 --outf=2 -t 1 --configuration=many
  mono=2  conc=45  optimal=True
  R_1=0.8  worst_trip=(l2,l5,tr2,k1)
  K_1=0.8
  R_alpha: heaviest_single_0.2=0.8  heaviest_global_0.2=0.0
  First solution: R_1=0.8667  R_TR=0.4333  s1_time=0.121  s2_time=0.026

  [layered_medium_seed2 w=300] Stage 1 solve (limit=100s, enc=stage_1_flow.lp)...
  cmd: clingcon /home/racquelnina/MultiNetworkBatchingUsingASP/src/experiments/two_stage/final/encodings/stage_1_flow.lp /home/racquelnina/MultiNetworkBatchingUsingASP/src/instances/generated/layered_medium_seed2.lp -c weight=300 -c max_freq=20 -c exposure_n=3 -c use_exposure=1 -c cap_size_divide=1 --time-limit=100 --outf=2 -t 1 --configuration=many
  [clingcon stderr] *** Info : (clingcon): Sending shutdown signal...
  [clingcon stderr] *** ERROR: (clingcon): solving stopped by signal
  [clingcon stderr] *** Info : (clingcon): Shutdown completed in 0.003 seconds
  Stage 1: cost=9105  routes=20  loads=41  optimal=False
  R_TR=0.6667  worst_arc=(l1,l7,tr1)

  [layered_medium_seed2 w=300 s2=off_off] Stage 2 solve (enc=stage2_packing.lp)...
  cmd: clingcon /tmp/s2_facts_2jwuevrn.lp /home/racquelnina/MultiNetworkBatchingUsingASP/src/experiments/two_stage/final/encodings/stage2_packing.lp -c weight=300 -c hetero_on=0 -c concentrated_on=0 --time-limit=100 --outf=2 -t 1 --configuration=many
  mono=3  conc=41  optimal=True
  R_1=0.8  worst_trip=(l3,l8,tr1,k2)
  K_1=0.8
  R_alpha: heaviest_single_0.2=0.6667  heaviest_global_0.2=0.0
  First solution: R_1=0.8  R_TR=0.4333  s1_time=0.127  s2_time=0.033

  [layered_medium_seed2 w=300 s2=hetero] Stage 2 solve (enc=stage2_packing.lp)...
  cmd: clingcon /tmp/s2_facts_wp9usjzn.lp /home/racquelnina/MultiNetworkBatchingUsingASP/src/experiments/two_stage/final/encodings/stage2_packing.lp -c weight=300 -c hetero_on=1 -c concentrated_on=0 --time-limit=100 --outf=2 -t 1 --configuration=many
  mono=2  conc=42  optimal=True
  R_1=0.8  worst_trip=(l3,l8,tr1,k1)
  K_1=0.8
  R_alpha: heaviest_single_0.2=0.6667  heaviest_global_0.2=0.0
  First solution: R_1=0.8  R_TR=0.4333  s1_time=0.127  s2_time=0.032

  [layered_medium_seed2 w=300 s2=conc] Stage 2 solve (enc=stage2_packing.lp)...
  cmd: clingcon /tmp/s2_facts_tm1q3eh5.lp /home/racquelnina/MultiNetworkBatchingUsingASP/src/experiments/two_stage/final/encodings/stage2_packing.lp -c weight=300 -c hetero_on=0 -c concentrated_on=1 --time-limit=100 --outf=2 -t 1 --configuration=many
  [clingcon stderr] *** Info : (clingcon): Sending shutdown signal...
  [clingcon stderr] *** ERROR: (clingcon): solving stopped by signal
  [clingcon stderr] *** Info : (clingcon): Shutdown completed in 0.008 seconds
  mono=6  conc=36  optimal=False
  R_1=0.8  worst_trip=(l1,l6,tr2,k4)
  K_1=0.8
  R_alpha: heaviest_single_0.2=0.6667  heaviest_global_0.2=0.0
  First solution: R_1=0.8  R_TR=0.4333  s1_time=0.127  s2_time=0.017

  [layered_medium_seed2 w=300 s2=both] Stage 2 solve (enc=stage2_packing.lp)...
  cmd: clingcon /tmp/s2_facts_irfntlob.lp /home/racquelnina/MultiNetworkBatchingUsingASP/src/experiments/two_stage/final/encodings/stage2_packing.lp -c weight=300 -c hetero_on=1 -c concentrated_on=1 --time-limit=100 --outf=2 -t 1 --configuration=many
  [clingcon stderr] *** Info : (clingcon): Sending shutdown signal...
  [clingcon stderr] *** ERROR: (clingcon): solving stopped by signal
  [clingcon stderr] *** Info : (clingcon): Shutdown completed in 0.000 seconds
  mono=5  conc=35  optimal=False
  R_1=0.8  worst_trip=(l1,l6,tr2,k2)
  K_1=0.8
  R_alpha: heaviest_single_0.2=0.6667  heaviest_global_0.2=0.0
  First solution: R_1=0.8  R_TR=0.4333  s1_time=0.127  s2_time=0.036

  [layered_medium_seed2 w=500] Stage 1 solve (limit=100s, enc=stage_1_flow.lp)...
  cmd: clingcon /home/racquelnina/MultiNetworkBatchingUsingASP/src/experiments/two_stage/final/encodings/stage_1_flow.lp /home/racquelnina/MultiNetworkBatchingUsingASP/src/instances/generated/layered_medium_seed2.lp -c weight=500 -c max_freq=20 -c exposure_n=3 -c use_exposure=1 -c cap_size_divide=1 --time-limit=100 --outf=2 -t 1 --configuration=many
  [clingcon stderr] *** Info : (clingcon): Sending shutdown signal...
  [clingcon stderr] *** ERROR: (clingcon): solving stopped by signal
  [clingcon stderr] *** Info : (clingcon): Shutdown completed in 0.001 seconds
  Stage 1: cost=8880  routes=21  loads=38  optimal=False
  R_TR=0.6667  worst_arc=(l1,l7,tr1)

  [layered_medium_seed2 w=500 s2=off_off] Stage 2 solve (enc=stage2_packing.lp)...
  cmd: clingcon /tmp/s2_facts_rlv0ksrg.lp /home/racquelnina/MultiNetworkBatchingUsingASP/src/experiments/two_stage/final/encodings/stage2_packing.lp -c weight=500 -c hetero_on=0 -c concentrated_on=0 --time-limit=100 --outf=2 -t 1 --configuration=many
  [clingcon stderr] *** Info : (clingcon): Sending shutdown signal...
  [clingcon stderr] *** ERROR: (clingcon): solving stopped by signal
  [clingcon stderr] *** Info : (clingcon): Shutdown completed in 0.001 seconds
  mono=2  conc=35  optimal=False
  R_1=0.7667  worst_trip=(l2,l7,tr2,k1)
  K_1=0.7667
  R_alpha: heaviest_single_0.2=0.6667  heaviest_global_0.2=0.0
  First solution: R_1=0.7667  R_TR=0.4333  s1_time=0.059  s2_time=0.05

  [layered_medium_seed2 w=500 s2=hetero] Stage 2 solve (enc=stage2_packing.lp)...
  cmd: clingcon /tmp/s2_facts_lkmq2oxi.lp /home/racquelnina/MultiNetworkBatchingUsingASP/src/experiments/two_stage/final/encodings/stage2_packing.lp -c weight=500 -c hetero_on=1 -c concentrated_on=0 --time-limit=100 --outf=2 -t 1 --configuration=many
  [clingcon stderr] *** Info : (clingcon): Sending shutdown signal...
  [clingcon stderr] *** ERROR: (clingcon): solving stopped by signal
  [clingcon stderr] *** Info : (clingcon): Shutdown completed in 0.003 seconds
  mono=1  conc=37  optimal=False
  R_1=0.7667  worst_trip=(l2,l4,tr2,k1)
  K_1=0.7667
  R_alpha: heaviest_single_0.2=0.6667  heaviest_global_0.2=0.0
  First solution: R_1=0.7667  R_TR=0.4333  s1_time=0.059  s2_time=0.05

  [layered_medium_seed2 w=500 s2=conc] Stage 2 solve (enc=stage2_packing.lp)...
  cmd: clingcon /tmp/s2_facts_wwmcv9_1.lp /home/racquelnina/MultiNetworkBatchingUsingASP/src/experiments/two_stage/final/encodings/stage2_packing.lp -c weight=500 -c hetero_on=0 -c concentrated_on=1 --time-limit=100 --outf=2 -t 1 --configuration=many
  [clingcon stderr] *** Info : (clingcon): Sending shutdown signal...
  [clingcon stderr] *** ERROR: (clingcon): solving stopped by signal
  [clingcon stderr] *** Info : (clingcon): Shutdown completed in 0.003 seconds
  mono=14  conc=36  optimal=False
  R_1=0.7667  worst_trip=(l2,l7,tr2,k1)
  K_1=0.7667
  R_alpha: heaviest_single_0.2=0.6667  heaviest_global_0.2=0.0
  First solution: R_1=0.7667  R_TR=0.4333  s1_time=0.059  s2_time=0.049

  [layered_medium_seed2 w=500 s2=both] Stage 2 solve (enc=stage2_packing.lp)...
  cmd: clingcon /tmp/s2_facts_td3ypozt.lp /home/racquelnina/MultiNetworkBatchingUsingASP/src/experiments/two_stage/final/encodings/stage2_packing.lp -c weight=500 -c hetero_on=1 -c concentrated_on=1 --time-limit=100 --outf=2 -t 1 --configuration=many
  [clingcon stderr] *** Info : (clingcon): Sending shutdown signal...
  [clingcon stderr] *** ERROR: (clingcon): solving stopped by signal
  [clingcon stderr] *** Info : (clingcon): Shutdown completed in 0.000 seconds
  mono=13  conc=37  optimal=False
  R_1=0.7667  worst_trip=(l2,l4,tr2,k1)
  K_1=0.7667
  R_alpha: heaviest_single_0.2=0.6667  heaviest_global_0.2=0.0
  First solution: R_1=0.7667  R_TR=0.4333  s1_time=0.059  s2_time=0.049

  [layered_medium_seed2 w=750] Stage 1 solve (limit=100s, enc=stage_1_flow.lp)...
  cmd: clingcon /home/racquelnina/MultiNetworkBatchingUsingASP/src/experiments/two_stage/final/encodings/stage_1_flow.lp /home/racquelnina/MultiNetworkBatchingUsingASP/src/instances/generated/layered_medium_seed2.lp -c weight=750 -c max_freq=20 -c exposure_n=3 -c use_exposure=1 -c cap_size_divide=1 --time-limit=100 --outf=2 -t 1 --configuration=many
  [clingcon stderr] *** Info : (clingcon): Sending shutdown signal...
  [clingcon stderr] *** ERROR: (clingcon): solving stopped by signal
  [clingcon stderr] *** Info : (clingcon): Shutdown completed in 0.001 seconds
  Stage 1: cost=8160  routes=23  loads=48  optimal=False
  R_TR=0.7  worst_arc=(l1,l6,tr2)

  [layered_medium_seed2 w=750 s2=off_off] Stage 2 solve (enc=stage2_packing.lp)...
  cmd: clingcon /tmp/s2_facts_y31iqpon.lp /home/racquelnina/MultiNetworkBatchingUsingASP/src/experiments/two_stage/final/encodings/stage2_packing.lp -c weight=750 -c hetero_on=0 -c concentrated_on=0 --time-limit=100 --outf=2 -t 1 --configuration=many
  mono=15  conc=36  optimal=True
  R_1=0.7333  worst_trip=(l1,l3,tr2,k1)
  K_1=0.7333
  R_alpha: heaviest_single_0.2=0.7  heaviest_global_0.2=0.0
  First solution: R_1=0.8  R_TR=0.4333  s1_time=0.129  s2_time=0.026

  [layered_medium_seed2 w=750 s2=hetero] Stage 2 solve (enc=stage2_packing.lp)...
  cmd: clingcon /tmp/s2_facts_p77qerkz.lp /home/racquelnina/MultiNetworkBatchingUsingASP/src/experiments/two_stage/final/encodings/stage2_packing.lp -c weight=750 -c hetero_on=1 -c concentrated_on=0 --time-limit=100 --outf=2 -t 1 --configuration=many
  mono=1  conc=45  optimal=True
  R_1=0.7667  worst_trip=(l1,l3,tr2,k3)
  K_1=0.7667
  R_alpha: heaviest_single_0.2=0.7  heaviest_global_0.2=0.0
  First solution: R_1=0.8  R_TR=0.4333  s1_time=0.129  s2_time=0.026

  [layered_medium_seed2 w=750 s2=conc] Stage 2 solve (enc=stage2_packing.lp)...
  cmd: clingcon /tmp/s2_facts_aim3iihi.lp /home/racquelnina/MultiNetworkBatchingUsingASP/src/experiments/two_stage/final/encodings/stage2_packing.lp -c weight=750 -c hetero_on=0 -c concentrated_on=1 --time-limit=100 --outf=2 -t 1 --configuration=many
  mono=2  conc=49  optimal=True
  R_1=0.8  worst_trip=(l2,l4,tr2,k1)
  K_1=0.8
  R_alpha: heaviest_single_0.2=0.7  heaviest_global_0.2=0.0
  First solution: R_1=0.8  R_TR=0.4333  s1_time=0.129  s2_time=0.013

  [layered_medium_seed2 w=750 s2=both] Stage 2 solve (enc=stage2_packing.lp)...
  cmd: clingcon /tmp/s2_facts_30c9kn4m.lp /home/racquelnina/MultiNetworkBatchingUsingASP/src/experiments/two_stage/final/encodings/stage2_packing.lp -c weight=750 -c hetero_on=1 -c concentrated_on=1 --time-limit=100 --outf=2 -t 1 --configuration=many
  mono=2  conc=48  optimal=True
  R_1=0.8  worst_trip=(l2,l5,tr2,k2)
  K_1=0.8
  R_alpha: heaviest_single_0.2=0.7  heaviest_global_0.2=0.0
  First solution: R_1=0.8  R_TR=0.4333  s1_time=0.129  s2_time=0.029

  [layered_medium_seed2 w=1000] Stage 1 solve (limit=100s, enc=stage_1_flow.lp)...
  cmd: clingcon /home/racquelnina/MultiNetworkBatchingUsingASP/src/experiments/two_stage/final/encodings/stage_1_flow.lp /home/racquelnina/MultiNetworkBatchingUsingASP/src/instances/generated/layered_medium_seed2.lp -c weight=1000 -c max_freq=20 -c exposure_n=3 -c use_exposure=1 -c cap_size_divide=1 --time-limit=100 --outf=2 -t 1 --configuration=many
  [clingcon stderr] *** Info : (clingcon): Sending shutdown signal...
  [clingcon stderr] *** ERROR: (clingcon): solving stopped by signal
  [clingcon stderr] *** Info : (clingcon): Shutdown completed in 0.000 seconds
  Stage 1: cost=8055  routes=19  loads=41  optimal=False
  R_TR=0.6667  worst_arc=(l1,l6,tr2)

  [layered_medium_seed2 w=1000 s2=off_off] Stage 2 solve (enc=stage2_packing.lp)...
  cmd: clingcon /tmp/s2_facts_cxqa9cm9.lp /home/racquelnina/MultiNetworkBatchingUsingASP/src/experiments/two_stage/final/encodings/stage2_packing.lp -c weight=1000 -c hetero_on=0 -c concentrated_on=0 --time-limit=100 --outf=2 -t 1 --configuration=many
  mono=5  conc=33  optimal=True
  R_1=0.7333  worst_trip=(l4,l8,tr2,k1)
  K_1=0.7333
  R_alpha: heaviest_single_0.2=0.6667  heaviest_global_0.2=0.0
  First solution: R_1=0.8667  R_TR=0.4333  s1_time=0.132  s2_time=0.026

  [layered_medium_seed2 w=1000 s2=hetero] Stage 2 solve (enc=stage2_packing.lp)...
  cmd: clingcon /tmp/s2_facts_jnxlwcky.lp /home/racquelnina/MultiNetworkBatchingUsingASP/src/experiments/two_stage/final/encodings/stage2_packing.lp -c weight=1000 -c hetero_on=1 -c concentrated_on=0 --time-limit=100 --outf=2 -t 1 --configuration=many
  mono=1  conc=28  optimal=True
  R_1=0.7333  worst_trip=(l4,l8,tr2,k2)
  K_1=0.7333
  R_alpha: heaviest_single_0.2=0.6667  heaviest_global_0.2=0.0
  First solution: R_1=0.8667  R_TR=0.4333  s1_time=0.132  s2_time=0.025

  [layered_medium_seed2 w=1000 s2=conc] Stage 2 solve (enc=stage2_packing.lp)...
  cmd: clingcon /tmp/s2_facts_cdlm41fs.lp /home/racquelnina/MultiNetworkBatchingUsingASP/src/experiments/two_stage/final/encodings/stage2_packing.lp -c weight=1000 -c hetero_on=0 -c concentrated_on=1 --time-limit=100 --outf=2 -t 1 --configuration=many
  mono=3  conc=30  optimal=True
  R_1=0.8  worst_trip=(l1,l7,tr2,k1)
  K_1=0.8
  R_alpha: heaviest_single_0.2=0.6667  heaviest_global_0.2=0.0
  First solution: R_1=0.8667  R_TR=0.4333  s1_time=0.132  s2_time=0.026

  [layered_medium_seed2 w=1000 s2=both] Stage 2 solve (enc=stage2_packing.lp)...
  cmd: clingcon /tmp/s2_facts_l6pieq7v.lp /home/racquelnina/MultiNetworkBatchingUsingASP/src/experiments/two_stage/final/encodings/stage2_packing.lp -c weight=1000 -c hetero_on=1 -c concentrated_on=1 --time-limit=100 --outf=2 -t 1 --configuration=many
  mono=2  conc=29  optimal=True
  R_1=0.7333  worst_trip=(l4,l8,tr2,k1)
  K_1=0.7333
  R_alpha: heaviest_single_0.2=0.6667  heaviest_global_0.2=0.0
  First solution: R_1=0.8667  R_TR=0.4333  s1_time=0.132  s2_time=0.025

══════════════════════════════════════════════════════════════════════
  Instance: layered_medium_seed3  (type=layered, size=medium, seed=3, time_limit=100s
══════════════════════════════════════════════════════════════════════
  Parsed: 3 parts, 40 routes

  [layered_medium_seed3 w=0] Stage 1 solve (limit=100s, enc=stage_1_flow.lp)...
  cmd: clingcon /home/racquelnina/MultiNetworkBatchingUsingASP/src/experiments/two_stage/final/encodings/stage_1_flow.lp /home/racquelnina/MultiNetworkBatchingUsingASP/src/instances/generated/layered_medium_seed3.lp -c weight=0 -c max_freq=20 -c exposure_n=3 -c use_exposure=1 -c cap_size_divide=1 --time-limit=100 --outf=2 -t 1 --configuration=many
  [clingcon stderr] *** Info : (clingcon): Sending shutdown signal...
  [clingcon stderr] *** ERROR: (clingcon): solving stopped by signal
  [clingcon stderr] *** Info : (clingcon): Shutdown completed in 0.000 seconds
  Stage 1: cost=17493  routes=24  loads=44  optimal=False
  R_TR=0.3333  worst_arc=(l2,l3,tr2)

  [layered_medium_seed3 w=0 s2=off_off] Stage 2 solve (enc=stage2_packing.lp)...
  cmd: clingcon /tmp/s2_facts_t5ug4pob.lp /home/racquelnina/MultiNetworkBatchingUsingASP/src/experiments/two_stage/final/encodings/stage2_packing.lp -c weight=0 -c hetero_on=0 -c concentrated_on=0 --time-limit=100 --outf=2 -t 1 --configuration=many
  mono=21  conc=30  optimal=True
  R_1=0.8333  worst_trip=(l2,l3,tr2,k4)
  K_1=0.8333
  R_alpha: heaviest_single_0.2=0.4667  heaviest_global_0.2=0.0
  First solution: R_1=0.9333  R_TR=0.1333  s1_time=0.111  s2_time=0.036

  [layered_medium_seed3 w=0 s2=hetero] Stage 2 solve (enc=stage2_packing.lp)...
  cmd: clingcon /tmp/s2_facts_2nyzktih.lp /home/racquelnina/MultiNetworkBatchingUsingASP/src/experiments/two_stage/final/encodings/stage2_packing.lp -c weight=0 -c hetero_on=1 -c concentrated_on=0 --time-limit=100 --outf=2 -t 1 --configuration=many
  [clingcon stderr] *** Info : (clingcon): Sending shutdown signal...
  [clingcon stderr] *** ERROR: (clingcon): solving stopped by signal
  [clingcon stderr] *** Info : (clingcon): Shutdown completed in 0.000 seconds
  mono=7  conc=41  optimal=False
  R_1=0.8333  worst_trip=(l1,l3,tr2,k3)
  K_1=0.8333
  R_alpha: heaviest_single_0.2=0.4  heaviest_global_0.2=0.0
  First solution: R_1=0.9333  R_TR=0.1333  s1_time=0.111  s2_time=0.037

  [layered_medium_seed3 w=0 s2=conc] Stage 2 solve (enc=stage2_packing.lp)...
  cmd: clingcon /tmp/s2_facts_40ne0ab0.lp /home/racquelnina/MultiNetworkBatchingUsingASP/src/experiments/two_stage/final/encodings/stage2_packing.lp -c weight=0 -c hetero_on=0 -c concentrated_on=1 --time-limit=100 --outf=2 -t 1 --configuration=many
  [clingcon stderr] *** Info : (clingcon): Sending shutdown signal...
  [clingcon stderr] *** ERROR: (clingcon): solving stopped by signal
  [clingcon stderr] *** Info : (clingcon): Shutdown completed in 0.000 seconds
  mono=14  conc=35  optimal=False
  R_1=0.8333  worst_trip=(l2,l3,tr2,k3)
  K_1=0.8333
  R_alpha: heaviest_single_0.2=0.4  heaviest_global_0.2=0.0
  First solution: R_1=0.9333  R_TR=0.1333  s1_time=0.111  s2_time=0.018

  [layered_medium_seed3 w=0 s2=both] Stage 2 solve (enc=stage2_packing.lp)...
  cmd: clingcon /tmp/s2_facts_sqaja9o6.lp /home/racquelnina/MultiNetworkBatchingUsingASP/src/experiments/two_stage/final/encodings/stage2_packing.lp -c weight=0 -c hetero_on=1 -c concentrated_on=1 --time-limit=100 --outf=2 -t 1 --configuration=many
  [clingcon stderr] *** Info : (clingcon): Sending shutdown signal...
  [clingcon stderr] *** ERROR: (clingcon): solving stopped by signal
  [clingcon stderr] *** Info : (clingcon): Shutdown completed in 0.000 seconds
  mono=16  conc=34  optimal=False
  R_1=0.8333  worst_trip=(l2,l3,tr2,k8)
  K_1=0.8333
  R_alpha: heaviest_single_0.2=0.3667  heaviest_global_0.2=0.0
  First solution: R_1=0.9333  R_TR=0.1333  s1_time=0.111  s2_time=0.035

  [layered_medium_seed3 w=300] Stage 1 solve (limit=100s, enc=stage_1_flow.lp)...
  cmd: clingcon /home/racquelnina/MultiNetworkBatchingUsingASP/src/experiments/two_stage/final/encodings/stage_1_flow.lp /home/racquelnina/MultiNetworkBatchingUsingASP/src/instances/generated/layered_medium_seed3.lp -c weight=300 -c max_freq=20 -c exposure_n=3 -c use_exposure=1 -c cap_size_divide=1 --time-limit=100 --outf=2 -t 1 --configuration=many
  [clingcon stderr] *** Info : (clingcon): Sending shutdown signal...
  [clingcon stderr] *** ERROR: (clingcon): solving stopped by signal
  [clingcon stderr] *** Info : (clingcon): Shutdown completed in 0.001 seconds
  Stage 1: cost=20766  routes=28  loads=47  optimal=False
  R_TR=0.5667  worst_arc=(l3,l7,tr1)

  [layered_medium_seed3 w=300 s2=off_off] Stage 2 solve (enc=stage2_packing.lp)...
  cmd: clingcon /tmp/s2_facts_ws1p7zfs.lp /home/racquelnina/MultiNetworkBatchingUsingASP/src/experiments/two_stage/final/encodings/stage2_packing.lp -c weight=300 -c hetero_on=0 -c concentrated_on=0 --time-limit=100 --outf=2 -t 1 --configuration=many
  mono=8  conc=42  optimal=True
  R_1=0.8333  worst_trip=(l2,l4,tr2,k1)
  K_1=0.8333
  R_alpha: heaviest_single_0.2=0.5667  heaviest_global_0.2=0.0
  First solution: R_1=0.9333  R_TR=0.1333  s1_time=0.109  s2_time=0.044

  [layered_medium_seed3 w=300 s2=hetero] Stage 2 solve (enc=stage2_packing.lp)...
  cmd: clingcon /tmp/s2_facts_lb_by3z2.lp /home/racquelnina/MultiNetworkBatchingUsingASP/src/experiments/two_stage/final/encodings/stage2_packing.lp -c weight=300 -c hetero_on=1 -c concentrated_on=0 --time-limit=100 --outf=2 -t 1 --configuration=many
  [clingcon stderr] *** Info : (clingcon): Sending shutdown signal...
  [clingcon stderr] *** ERROR: (clingcon): solving stopped by signal
  [clingcon stderr] *** Info : (clingcon): Shutdown completed in 0.000 seconds
  mono=1  conc=42  optimal=False
  R_1=0.8333  worst_trip=(l3,l8,tr2,k4)
  K_1=0.8333
  R_alpha: heaviest_single_0.2=0.5667  heaviest_global_0.2=0.0
  First solution: R_1=0.9333  R_TR=0.1333  s1_time=0.109  s2_time=0.048

  [layered_medium_seed3 w=300 s2=conc] Stage 2 solve (enc=stage2_packing.lp)...
  cmd: clingcon /tmp/s2_facts_i2u1o0ru.lp /home/racquelnina/MultiNetworkBatchingUsingASP/src/experiments/two_stage/final/encodings/stage2_packing.lp -c weight=300 -c hetero_on=0 -c concentrated_on=1 --time-limit=100 --outf=2 -t 1 --configuration=many
  [clingcon stderr] *** Info : (clingcon): Sending shutdown signal...
  [clingcon stderr] *** ERROR: (clingcon): solving stopped by signal
  [clingcon stderr] *** Info : (clingcon): Shutdown completed in 0.000 seconds
  mono=19  conc=42  optimal=False
  R_1=0.8333  worst_trip=(l3,l8,tr2,k3)
  K_1=0.8333
  R_alpha: heaviest_single_0.2=0.5667  heaviest_global_0.2=0.0
  First solution: R_1=0.9333  R_TR=0.1333  s1_time=0.109  s2_time=0.043

  [layered_medium_seed3 w=300 s2=both] Stage 2 solve (enc=stage2_packing.lp)...
  cmd: clingcon /tmp/s2_facts__i58pcg7.lp /home/racquelnina/MultiNetworkBatchingUsingASP/src/experiments/two_stage/final/encodings/stage2_packing.lp -c weight=300 -c hetero_on=1 -c concentrated_on=1 --time-limit=100 --outf=2 -t 1 --configuration=many
  [clingcon stderr] *** Info : (clingcon): Sending shutdown signal...
  [clingcon stderr] *** ERROR: (clingcon): solving stopped by signal
  [clingcon stderr] *** Info : (clingcon): Shutdown completed in 0.000 seconds
  mono=17  conc=40  optimal=False
  R_1=0.8333  worst_trip=(l2,l4,tr2,k2)
  K_1=0.8333
  R_alpha: heaviest_single_0.2=0.5667  heaviest_global_0.2=0.0
  First solution: R_1=0.9333  R_TR=0.1333  s1_time=0.109  s2_time=0.049

  [layered_medium_seed3 w=500] Stage 1 solve (limit=100s, enc=stage_1_flow.lp)...
  cmd: clingcon /home/racquelnina/MultiNetworkBatchingUsingASP/src/experiments/two_stage/final/encodings/stage_1_flow.lp /home/racquelnina/MultiNetworkBatchingUsingASP/src/instances/generated/layered_medium_seed3.lp -c weight=500 -c max_freq=20 -c exposure_n=3 -c use_exposure=1 -c cap_size_divide=1 --time-limit=100 --outf=2 -t 1 --configuration=many
  [clingcon stderr] *** Info : (clingcon): Sending shutdown signal...
  [clingcon stderr] *** ERROR: (clingcon): solving stopped by signal
  [clingcon stderr] *** Info : (clingcon): Shutdown completed in 0.000 seconds
  Stage 1: cost=27489  routes=26  loads=51  optimal=False
  R_TR=0.4333  worst_arc=(l1,l4,tr2)

  [layered_medium_seed3 w=500 s2=off_off] Stage 2 solve (enc=stage2_packing.lp)...
  cmd: clingcon /tmp/s2_facts_8fswfgk7.lp /home/racquelnina/MultiNetworkBatchingUsingASP/src/experiments/two_stage/final/encodings/stage2_packing.lp -c weight=500 -c hetero_on=0 -c concentrated_on=0 --time-limit=100 --outf=2 -t 1 --configuration=many
  [clingcon stderr] *** Info : (clingcon): Sending shutdown signal...
  [clingcon stderr] *** ERROR: (clingcon): solving stopped by signal
  [clingcon stderr] *** Info : (clingcon): Shutdown completed in 0.000 seconds
  mono=17  conc=39  optimal=False
  R_1=0.8333  worst_trip=(l4,l7,tr2,k2)
  K_1=0.8333
  R_alpha: heaviest_single_0.2=0.4333  heaviest_global_0.2=0.0
  First solution: R_1=0.9  R_TR=0.1333  s1_time=0.071  s2_time=0.024

  [layered_medium_seed3 w=500 s2=hetero] Stage 2 solve (enc=stage2_packing.lp)...
  cmd: clingcon /tmp/s2_facts_0f4lpyd5.lp /home/racquelnina/MultiNetworkBatchingUsingASP/src/experiments/two_stage/final/encodings/stage2_packing.lp -c weight=500 -c hetero_on=1 -c concentrated_on=0 --time-limit=100 --outf=2 -t 1 --configuration=many
  [clingcon stderr] *** Info : (clingcon): Sending shutdown signal...
  [clingcon stderr] *** ERROR: (clingcon): solving stopped by signal
  [clingcon stderr] *** Info : (clingcon): Shutdown completed in 0.000 seconds
  mono=7  conc=33  optimal=False
  R_1=0.8667  worst_trip=(l5,l6,tr2,k2)
  K_1=0.8667
  R_alpha: heaviest_single_0.2=0.5333  heaviest_global_0.2=0.0
  First solution: R_1=0.9  R_TR=0.1333  s1_time=0.071  s2_time=0.03

  [layered_medium_seed3 w=500 s2=conc] Stage 2 solve (enc=stage2_packing.lp)...
  cmd: clingcon /tmp/s2_facts_fv0c86mj.lp /home/racquelnina/MultiNetworkBatchingUsingASP/src/experiments/two_stage/final/encodings/stage2_packing.lp -c weight=500 -c hetero_on=0 -c concentrated_on=1 --time-limit=100 --outf=2 -t 1 --configuration=many
  [clingcon stderr] *** Info : (clingcon): Sending shutdown signal...
  [clingcon stderr] *** ERROR: (clingcon): solving stopped by signal
  [clingcon stderr] *** Info : (clingcon): Shutdown completed in 0.000 seconds
  mono=20  conc=38  optimal=False
  R_1=0.8333  worst_trip=(l4,l5,tr2,k2)
  K_1=0.8333
  R_alpha: heaviest_single_0.2=0.4333  heaviest_global_0.2=0.0
  First solution: R_1=0.9  R_TR=0.1333  s1_time=0.071  s2_time=0.028

  [layered_medium_seed3 w=500 s2=both] Stage 2 solve (enc=stage2_packing.lp)...
  cmd: clingcon /tmp/s2_facts_dr3hhtqv.lp /home/racquelnina/MultiNetworkBatchingUsingASP/src/experiments/two_stage/final/encodings/stage2_packing.lp -c weight=500 -c hetero_on=1 -c concentrated_on=1 --time-limit=100 --outf=2 -t 1 --configuration=many
  [clingcon stderr] *** Info : (clingcon): Sending shutdown signal...
  [clingcon stderr] *** ERROR: (clingcon): solving stopped by signal
  [clingcon stderr] *** Info : (clingcon): Shutdown completed in 0.000 seconds
  mono=19  conc=40  optimal=False
  R_1=0.8333  worst_trip=(l1,l4,tr2,k2)
  K_1=0.8333
  R_alpha: heaviest_single_0.2=0.4667  heaviest_global_0.2=0.0
  First solution: R_1=0.9  R_TR=0.1333  s1_time=0.071  s2_time=0.051

  [layered_medium_seed3 w=750] Stage 1 solve (limit=100s, enc=stage_1_flow.lp)...
  cmd: clingcon /home/racquelnina/MultiNetworkBatchingUsingASP/src/experiments/two_stage/final/encodings/stage_1_flow.lp /home/racquelnina/MultiNetworkBatchingUsingASP/src/instances/generated/layered_medium_seed3.lp -c weight=750 -c max_freq=20 -c exposure_n=3 -c use_exposure=1 -c cap_size_divide=1 --time-limit=100 --outf=2 -t 1 --configuration=many
  [clingcon stderr] *** Info : (clingcon): Sending shutdown signal...
  [clingcon stderr] *** ERROR: (clingcon): solving stopped by signal
  [clingcon stderr] *** Info : (clingcon): Shutdown completed in 0.001 seconds
  Stage 1: cost=24487  routes=20  loads=40  optimal=False
  R_TR=0.4333  worst_arc=(l3,l6,tr1)

  [layered_medium_seed3 w=750 s2=off_off] Stage 2 solve (enc=stage2_packing.lp)...
  cmd: clingcon /tmp/s2_facts_mi2zipw2.lp /home/racquelnina/MultiNetworkBatchingUsingASP/src/experiments/two_stage/final/encodings/stage2_packing.lp -c weight=750 -c hetero_on=0 -c concentrated_on=0 --time-limit=100 --outf=2 -t 1 --configuration=many
  [clingcon stderr] *** Info : (clingcon): Sending shutdown signal...
  [clingcon stderr] *** ERROR: (clingcon): solving stopped by signal
  [clingcon stderr] *** Info : (clingcon): Shutdown completed in 0.000 seconds
  mono=15  conc=28  optimal=False
  R_1=0.8333  worst_trip=(l2,l4,tr2,k5)
  K_1=0.8333
  R_alpha: heaviest_single_0.2=0.5  heaviest_global_0.2=0.0
  First solution: R_1=1.0  R_TR=0.1333  s1_time=0.059  s2_time=0.043

  [layered_medium_seed3 w=750 s2=hetero] Stage 2 solve (enc=stage2_packing.lp)...
  cmd: clingcon /tmp/s2_facts_rulnru4h.lp /home/racquelnina/MultiNetworkBatchingUsingASP/src/experiments/two_stage/final/encodings/stage2_packing.lp -c weight=750 -c hetero_on=1 -c concentrated_on=0 --time-limit=100 --outf=2 -t 1 --configuration=many