nohup: ignoring input
══════════════════════════════════════════════════════════════════════
  FINAL TWO-STAGE EXPERIMENT
══════════════════════════════════════════════════════════════════════
  Stage 1 encoding: stage_1_flow.lp
  Stage 2 encoding: stage2_packing.lp
  Instances:        5
  Weights:          [0, 2000]
  Exposure N:       3
  S2 configs:       ['off_off', 'hetero', 'conc', 'both']
  Total runs:       40
  Output:           experiments/two_stage/final/results/sweep_industrylite_ralpha_v2.csv
══════════════════════════════════════════════════════════════════════

══════════════════════════════════════════════════════════════════════
  Instance: layered_industrylite_seed1  (type=layered, size=industrylite, seed=1, time_limit=600s
══════════════════════════════════════════════════════════════════════
  Parsed: 10 parts, 503 routes

  [layered_industrylite_seed1 w=0] Stage 1 solve (limit=600s, enc=stage_1_flow.lp)...
  cmd: clingcon /home/racquelnina/MultiNetworkBatchingUsingASP/src/experiments/two_stage/final/encodings/stage_1_flow.lp /home/racquelnina/MultiNetworkBatchingUsingASP/src/instances/generated/layered_industrylite_seed1.lp -c weight=0 -c max_freq=20 -c exposure_n=3 -c use_exposure=1 -c cap_size_divide=1 --time-limit=600 --outf=2 -t 1 --configuration=many
  [clingcon stderr] *** Info : (clingcon): Sending shutdown signal...
  [clingcon stderr] *** ERROR: (clingcon): solving stopped by signal
  [clingcon stderr] *** Info : (clingcon): Shutdown completed in 3.640 seconds
  Stage 1: cost=123999  routes=112  loads=402  optimal=False
  R_TR=0.5333  worst_arc=(l2,l5,tr3)

  [layered_industrylite_seed1 w=0 s2=off_off] Stage 2 solve (enc=stage2_packing.lp)...
  cmd: clingcon /tmp/s2_facts_j91aysjc.lp /home/racquelnina/MultiNetworkBatchingUsingASP/src/experiments/two_stage/final/encodings/stage2_packing.lp -c weight=0 -c hetero_on=0 -c concentrated_on=0 --time-limit=600 --outf=2 -t 1 --configuration=many
  [clingcon stderr] *** Info : (clingcon): Sending shutdown signal...
  [clingcon stderr] *** ERROR: (clingcon): solving stopped by signal
  [clingcon stderr] *** Info : (clingcon): Shutdown completed in 0.005 seconds
  mono=105  conc=229  optimal=False
  R_1=0.8333  worst_trip=(l8,l10,tr3,k1)
  K_1=0.8333
  R_alpha: heaviest_single_0.2=0.6  heaviest_global_0.2=0.0
  First solution: R_1=0.9  R_TR=0.6  s1_time=4.412  s2_time=0.269

  [layered_industrylite_seed1 w=0 s2=hetero] Stage 2 solve (enc=stage2_packing.lp)...
  cmd: clingcon /tmp/s2_facts_ghfpgi6b.lp /home/racquelnina/MultiNetworkBatchingUsingASP/src/experiments/two_stage/final/encodings/stage2_packing.lp -c weight=0 -c hetero_on=1 -c concentrated_on=0 --time-limit=600 --outf=2 -t 1 --configuration=many
  [clingcon stderr] *** Info : (clingcon): Sending shutdown signal...
  [clingcon stderr] *** ERROR: (clingcon): solving stopped by signal
  [clingcon stderr] *** Info : (clingcon): Shutdown completed in 0.118 seconds
  mono=9  conc=250  optimal=False
  R_1=0.8667  worst_trip=(l9,l10,tr4,k2)
  K_1=0.8667
  R_alpha: heaviest_single_0.2=0.5667  heaviest_global_0.2=0.0
  First solution: R_1=0.9  R_TR=0.6  s1_time=4.412  s2_time=0.51

  [layered_industrylite_seed1 w=0 s2=conc] Stage 2 solve (enc=stage2_packing.lp)...
  cmd: clingcon /tmp/s2_facts_6b3ky_pr.lp /home/racquelnina/MultiNetworkBatchingUsingASP/src/experiments/two_stage/final/encodings/stage2_packing.lp -c weight=0 -c hetero_on=0 -c concentrated_on=1 --time-limit=600 --outf=2 -t 1 --configuration=many
  [clingcon stderr] *** Info : (clingcon): Sending shutdown signal...
  [clingcon stderr] *** ERROR: (clingcon): solving stopped by signal
  [clingcon stderr] *** Info : (clingcon): Shutdown completed in 0.007 seconds
  mono=134  conc=236  optimal=False
  R_1=0.8  worst_trip=(l3,l11,tr2,k2)
  K_1=0.8
  R_alpha: heaviest_single_0.2=0.6  heaviest_global_0.2=0.0
  First solution: R_1=0.9  R_TR=0.6  s1_time=4.412  s2_time=0.531

  [layered_industrylite_seed1 w=0 s2=both] Stage 2 solve (enc=stage2_packing.lp)...
  cmd: clingcon /tmp/s2_facts_6zkuegmz.lp /home/racquelnina/MultiNetworkBatchingUsingASP/src/experiments/two_stage/final/encodings/stage2_packing.lp -c weight=0 -c hetero_on=1 -c concentrated_on=1 --time-limit=600 --outf=2 -t 1 --configuration=many
  [clingcon stderr] *** Info : (clingcon): Sending shutdown signal...
  [clingcon stderr] *** ERROR: (clingcon): solving stopped by signal
  [clingcon stderr] *** Info : (clingcon): Shutdown completed in 0.001 seconds
  mono=193  conc=231  optimal=False
  R_1=0.8  worst_trip=(l3,l11,tr2,k2)
  K_1=0.8
  R_alpha: heaviest_single_0.2=0.6  heaviest_global_0.2=0.0
  First solution: R_1=0.9  R_TR=0.6  s1_time=4.412  s2_time=0.423

  [layered_industrylite_seed1 w=2000] Stage 1 solve (limit=600s, enc=stage_1_flow.lp)...
  cmd: clingcon /home/racquelnina/MultiNetworkBatchingUsingASP/src/experiments/two_stage/final/encodings/stage_1_flow.lp /home/racquelnina/MultiNetworkBatchingUsingASP/src/instances/generated/layered_industrylite_seed1.lp -c weight=2000 -c max_freq=20 -c exposure_n=3 -c use_exposure=1 -c cap_size_divide=1 --time-limit=600 --outf=2 -t 1 --configuration=many
  [clingcon stderr] *** Info : (clingcon): Sending shutdown signal...
  [clingcon stderr] *** ERROR: (clingcon): solving stopped by signal
  [clingcon stderr] *** Info : (clingcon): Shutdown completed in 0.387 seconds
  Stage 1: cost=128552  routes=115  loads=381  optimal=False
  R_TR=0.6  worst_arc=(l4,l5,tr2)

  [layered_industrylite_seed1 w=2000 s2=off_off] Stage 2 solve (enc=stage2_packing.lp)...
  cmd: clingcon /tmp/s2_facts_blr683o5.lp /home/racquelnina/MultiNetworkBatchingUsingASP/src/experiments/two_stage/final/encodings/stage2_packing.lp -c weight=2000 -c hetero_on=0 -c concentrated_on=0 --time-limit=600 --outf=2 -t 1 --configuration=many
  [clingcon stderr] *** Info : (clingcon): Sending shutdown signal...
  [clingcon stderr] *** ERROR: (clingcon): solving stopped by signal
  [clingcon stderr] *** Info : (clingcon): Shutdown completed in 0.001 seconds
  mono=91  conc=194  optimal=False
  R_1=0.8  worst_trip=(l5,l8,tr3,k6)
  K_1=0.8
  R_alpha: heaviest_single_0.2=0.6  heaviest_global_0.2=0.0
  First solution: R_1=0.9  R_TR=0.6  s1_time=4.005  s2_time=0.259

  [layered_industrylite_seed1 w=2000 s2=hetero] Stage 2 solve (enc=stage2_packing.lp)...
  cmd: clingcon /tmp/s2_facts_frko1q0m.lp /home/racquelnina/MultiNetworkBatchingUsingASP/src/experiments/two_stage/final/encodings/stage2_packing.lp -c weight=2000 -c hetero_on=1 -c concentrated_on=0 --time-limit=600 --outf=2 -t 1 --configuration=many
  [clingcon stderr] *** Info : (clingcon): Sending shutdown signal...
  [clingcon stderr] *** ERROR: (clingcon): solving stopped by signal
  [clingcon stderr] *** Info : (clingcon): Shutdown completed in 0.001 seconds
  mono=13  conc=220  optimal=False
  R_1=0.8333  worst_trip=(l4,l5,tr2,k3)
  K_1=0.8333
  R_alpha: heaviest_single_0.2=0.6  heaviest_global_0.2=0.0
  First solution: R_1=0.9  R_TR=0.6  s1_time=4.005  s2_time=0.402

  [layered_industrylite_seed1 w=2000 s2=conc] Stage 2 solve (enc=stage2_packing.lp)...
  cmd: clingcon /tmp/s2_facts_a103a7x9.lp /home/racquelnina/MultiNetworkBatchingUsingASP/src/experiments/two_stage/final/encodings/stage2_packing.lp -c weight=2000 -c hetero_on=0 -c concentrated_on=1 --time-limit=600 --outf=2 -t 1 --configuration=many
  [clingcon stderr] *** Info : (clingcon): Sending shutdown signal...
  [clingcon stderr] *** ERROR: (clingcon): solving stopped by signal
  [clingcon stderr] *** Info : (clingcon): Shutdown completed in 0.122 seconds
  mono=123  conc=221  optimal=False
  R_1=0.8  worst_trip=(l5,l8,tr3,k6)
  K_1=0.8
  R_alpha: heaviest_single_0.2=0.6333  heaviest_global_0.2=0.0
  First solution: R_1=0.9  R_TR=0.6  s1_time=4.005  s2_time=2.772

  [layered_industrylite_seed1 w=2000 s2=both] Stage 2 solve (enc=stage2_packing.lp)...
  cmd: clingcon /tmp/s2_facts_9lwrv66d.lp /home/racquelnina/MultiNetworkBatchingUsingASP/src/experiments/two_stage/final/encodings/stage2_packing.lp -c weight=2000 -c hetero_on=1 -c concentrated_on=1 --time-limit=600 --outf=2 -t 1 --configuration=many
  [clingcon stderr] *** Info : (clingcon): Sending shutdown signal...
  [clingcon stderr] *** ERROR: (clingcon): solving stopped by signal
  [clingcon stderr] *** Info : (clingcon): Shutdown completed in 0.074 seconds
  mono=149  conc=211  optimal=False
  R_1=0.8  worst_trip=(l12,l14,tr1,k4)
  K_1=0.8
  R_alpha: heaviest_single_0.2=0.6  heaviest_global_0.2=0.0
  First solution: R_1=0.9  R_TR=0.6  s1_time=4.005  s2_time=0.235

══════════════════════════════════════════════════════════════════════
  Instance: layered_industrylite_seed2  (type=layered, size=industrylite, seed=2, time_limit=600s
══════════════════════════════════════════════════════════════════════
  Parsed: 10 parts, 524 routes

  [layered_industrylite_seed2 w=0] Stage 1 solve (limit=600s, enc=stage_1_flow.lp)...
  cmd: clingcon /home/racquelnina/MultiNetworkBatchingUsingASP/src/experiments/two_stage/final/encodings/stage_1_flow.lp /home/racquelnina/MultiNetworkBatchingUsingASP/src/instances/generated/layered_industrylite_seed2.lp -c weight=0 -c max_freq=20 -c exposure_n=3 -c use_exposure=1 -c cap_size_divide=1 --time-limit=600 --outf=2 -t 1 --configuration=many
  [clingcon stderr] *** Info : (clingcon): Sending shutdown signal...
  [clingcon stderr] *** ERROR: (clingcon): solving stopped by signal
  [clingcon stderr] *** Info : (clingcon): Shutdown completed in 0.111 seconds
  Stage 1: cost=49512  routes=98  loads=336  optimal=False
  R_TR=0.7333  worst_arc=(l4,l12,tr2)

  [layered_industrylite_seed2 w=0 s2=off_off] Stage 2 solve (enc=stage2_packing.lp)...
  cmd: clingcon /tmp/s2_facts_ihmslp1b.lp /home/racquelnina/MultiNetworkBatchingUsingASP/src/experiments/two_stage/final/encodings/stage2_packing.lp -c weight=0 -c hetero_on=0 -c concentrated_on=0 --time-limit=600 --outf=2 -t 1 --configuration=many
  [clingcon stderr] *** Info : (clingcon): Sending shutdown signal...
  [clingcon stderr] *** ERROR: (clingcon): solving stopped by signal
  [clingcon stderr] *** Info : (clingcon): Shutdown completed in 0.000 seconds
  mono=16  conc=164  optimal=False
  R_1=0.7667  worst_trip=(l4,l12,tr2,k1)
  K_1=0.7667
  R_alpha: heaviest_single_0.2=0.7333  heaviest_global_0.2=0.0
  First solution: R_1=0.8  R_TR=0.5667  s1_time=6.439  s2_time=0.174

  [layered_industrylite_seed2 w=0 s2=hetero] Stage 2 solve (enc=stage2_packing.lp)...
  cmd: clingcon /tmp/s2_facts_73kowog5.lp /home/racquelnina/MultiNetworkBatchingUsingASP/src/experiments/two_stage/final/encodings/stage2_packing.lp -c weight=0 -c hetero_on=1 -c concentrated_on=0 --time-limit=600 --outf=2 -t 1 --configuration=many
  [clingcon stderr] *** Info : (clingcon): Sending shutdown signal...
  [clingcon stderr] *** ERROR: (clingcon): solving stopped by signal
  [clingcon stderr] *** Info : (clingcon): Shutdown completed in 0.000 seconds
  mono=1  conc=160  optimal=False
  R_1=0.8  worst_trip=(l4,l12,tr2,k1)
  K_1=0.8
  R_alpha: heaviest_single_0.2=0.7333  heaviest_global_0.2=0.0
  First solution: R_1=0.8  R_TR=0.5667  s1_time=6.439  s2_time=0.159

  [layered_industrylite_seed2 w=0 s2=conc] Stage 2 solve (enc=stage2_packing.lp)...
  cmd: clingcon /tmp/s2_facts_iwrg53r1.lp /home/racquelnina/MultiNetworkBatchingUsingASP/src/experiments/two_stage/final/encodings/stage2_packing.lp -c weight=0 -c hetero_on=0 -c concentrated_on=1 --time-limit=600 --outf=2 -t 1 --configuration=many
  [clingcon stderr] *** Info : (clingcon): Sending shutdown signal...
  [clingcon stderr] *** ERROR: (clingcon): solving stopped by signal
  [clingcon stderr] *** Info : (clingcon): Shutdown completed in 0.001 seconds
  mono=12  conc=210  optimal=False
  R_1=0.8333  worst_trip=(l12,l11,tr1,k2)
  K_1=0.8333
  R_alpha: heaviest_single_0.2=0.7333  heaviest_global_0.2=0.0
  First solution: R_1=0.8  R_TR=0.5667  s1_time=6.439  s2_time=0.174

  [layered_industrylite_seed2 w=0 s2=both] Stage 2 solve (enc=stage2_packing.lp)...
  cmd: clingcon /tmp/s2_facts_kou8gyue.lp /home/racquelnina/MultiNetworkBatchingUsingASP/src/experiments/two_stage/final/encodings/stage2_packing.lp -c weight=0 -c hetero_on=1 -c concentrated_on=1 --time-limit=600 --outf=2 -t 1 --configuration=many
  [clingcon stderr] *** Info : (clingcon): Sending shutdown signal...
  [clingcon stderr] *** ERROR: (clingcon): solving stopped by signal
  [clingcon stderr] *** Info : (clingcon): Shutdown completed in 0.001 seconds
  mono=12  conc=211  optimal=False
  R_1=0.8333  worst_trip=(l4,l12,tr2,k2)
  K_1=0.8333
  R_alpha: heaviest_single_0.2=0.7667  heaviest_global_0.2=0.0
  First solution: R_1=0.8  R_TR=0.5667  s1_time=6.439  s2_time=0.177

  [layered_industrylite_seed2 w=2000] Stage 1 solve (limit=600s, enc=stage_1_flow.lp)...
  cmd: clingcon /home/racquelnina/MultiNetworkBatchingUsingASP/src/experiments/two_stage/final/encodings/stage_1_flow.lp /home/racquelnina/MultiNetworkBatchingUsingASP/src/instances/generated/layered_industrylite_seed2.lp -c weight=2000 -c max_freq=20 -c exposure_n=3 -c use_exposure=1 -c cap_size_divide=1 --time-limit=600 --outf=2 -t 1 --configuration=many
  [clingcon stderr] *** Info : (clingcon): Sending shutdown signal...
  [clingcon stderr] *** ERROR: (clingcon): solving stopped by signal
  [clingcon stderr] *** Info : (clingcon): Shutdown completed in 0.100 seconds
  Stage 1: cost=54397  routes=101  loads=326  optimal=False
  R_TR=0.6333  worst_arc=(l10,l12,tr3)

  [layered_industrylite_seed2 w=2000 s2=off_off] Stage 2 solve (enc=stage2_packing.lp)...
  cmd: clingcon /tmp/s2_facts_ffabncz7.lp /home/racquelnina/MultiNetworkBatchingUsingASP/src/experiments/two_stage/final/encodings/stage2_packing.lp -c weight=2000 -c hetero_on=0 -c concentrated_on=0 --time-limit=600 --outf=2 -t 1 --configuration=many
  [clingcon stderr] *** Info : (clingcon): Sending shutdown signal...
  [clingcon stderr] *** ERROR: (clingcon): solving stopped by signal
  [clingcon stderr] *** Info : (clingcon): Shutdown completed in 0.004 seconds
  mono=11  conc=210  optimal=False
  R_1=0.7667  worst_trip=(l11,l10,tr2,k1)
  K_1=0.7667
  R_alpha: heaviest_single_0.2=0.6333  heaviest_global_0.2=0.0
  First solution: R_1=0.8667  R_TR=0.5667  s1_time=3.984  s2_time=0.183

  [layered_industrylite_seed2 w=2000 s2=hetero] Stage 2 solve (enc=stage2_packing.lp)...
  cmd: clingcon /tmp/s2_facts_lvxexg_q.lp /home/racquelnina/MultiNetworkBatchingUsingASP/src/experiments/two_stage/final/encodings/stage2_packing.lp -c weight=2000 -c hetero_on=1 -c concentrated_on=0 --time-limit=600 --outf=2 -t 1 --configuration=many
  [clingcon stderr] *** Info : (clingcon): Sending shutdown signal...
  [clingcon stderr] *** ERROR: (clingcon): solving stopped by signal
  [clingcon stderr] *** Info : (clingcon): Shutdown completed in 0.002 seconds
  mono=3  conc=184  optimal=False
  R_1=0.8  worst_trip=(l11,l10,tr2,k1)
  K_1=0.8
  R_alpha: heaviest_single_0.2=0.6333  heaviest_global_0.2=0.0
  First solution: R_1=0.8667  R_TR=0.5667  s1_time=3.984  s2_time=0.117

  [layered_industrylite_seed2 w=2000 s2=conc] Stage 2 solve (enc=stage2_packing.lp)...
  cmd: clingcon /tmp/s2_facts_o8_el73q.lp /home/racquelnina/MultiNetworkBatchingUsingASP/src/experiments/two_stage/final/encodings/stage2_packing.lp -c weight=2000 -c hetero_on=0 -c concentrated_on=1 --time-limit=600 --outf=2 -t 1 --configuration=many
  [clingcon stderr] *** Info : (clingcon): Sending shutdown signal...
  [clingcon stderr] *** ERROR: (clingcon): solving stopped by signal
  [clingcon stderr] *** Info : (clingcon): Shutdown completed in 0.001 seconds
  mono=17  conc=214  optimal=False
  R_1=0.8  worst_trip=(l10,l12,tr3,k3)
  K_1=0.8
  R_alpha: heaviest_single_0.2=0.6667  heaviest_global_0.2=0.0
  First solution: R_1=0.8667  R_TR=0.5667  s1_time=3.984  s2_time=0.126

  [layered_industrylite_seed2 w=2000 s2=both] Stage 2 solve (enc=stage2_packing.lp)...
  cmd: clingcon /tmp/s2_facts_1kgctguk.lp /home/racquelnina/MultiNetworkBatchingUsingASP/src/experiments/two_stage/final/encodings/stage2_packing.lp -c weight=2000 -c hetero_on=1 -c concentrated_on=1 --time-limit=600 --outf=2 -t 1 --configuration=many
  [clingcon stderr] *** Info : (clingcon): Sending shutdown signal...
  [clingcon stderr] *** ERROR: (clingcon): solving stopped by signal
  [clingcon stderr] *** Info : (clingcon): Shutdown completed in 0.001 seconds
  mono=17  conc=214  optimal=False
  R_1=0.8  worst_trip=(l11,l10,tr2,k3)
  K_1=0.8
  R_alpha: heaviest_single_0.2=0.6667  heaviest_global_0.2=0.0
  First solution: R_1=0.8667  R_TR=0.5667  s1_time=3.984  s2_time=0.15

══════════════════════════════════════════════════════════════════════
  Instance: layered_industrylite_seed3  (type=layered, size=industrylite, seed=3, time_limit=600s
══════════════════════════════════════════════════════════════════════
  Parsed: 10 parts, 516 routes

  [layered_industrylite_seed3 w=0] Stage 1 solve (limit=600s, enc=stage_1_flow.lp)...
  cmd: clingcon /home/racquelnina/MultiNetworkBatchingUsingASP/src/experiments/two_stage/final/encodings/stage_1_flow.lp /home/racquelnina/MultiNetworkBatchingUsingASP/src/instances/generated/layered_industrylite_seed3.lp -c weight=0 -c max_freq=20 -c exposure_n=3 -c use_exposure=1 -c cap_size_divide=1 --time-limit=600 --outf=2 -t 1 --configuration=many
  [clingcon stderr] *** Info : (clingcon): Sending shutdown signal...
  [clingcon stderr] *** ERROR: (clingcon): solving stopped by signal
  [clingcon stderr] *** Info : (clingcon): Shutdown completed in 0.240 seconds
  Stage 1: cost=96583  routes=130  loads=401  optimal=False
  R_TR=0.6667  worst_arc=(l11,l6,tr3)

  [layered_industrylite_seed3 w=0 s2=off_off] Stage 2 solve (enc=stage2_packing.lp)...
  cmd: clingcon /tmp/s2_facts_5axkarq0.lp /home/racquelnina/MultiNetworkBatchingUsingASP/src/experiments/two_stage/final/encodings/stage2_packing.lp -c weight=0 -c hetero_on=0 -c concentrated_on=0 --time-limit=600 --outf=2 -t 1 --configuration=many
  [clingcon stderr] *** Info : (clingcon): Sending shutdown signal...
  [clingcon stderr] *** ERROR: (clingcon): solving stopped by signal
  [clingcon stderr] *** Info : (clingcon): Shutdown completed in 0.001 seconds
  mono=91  conc=241  optimal=False
  R_1=0.8667  worst_trip=(l7,l10,tr3,k1)
  K_1=0.8667
  R_alpha: heaviest_single_0.2=0.7667  heaviest_global_0.2=0.0
  First solution: R_1=0.9333  R_TR=0.6333  s1_time=3.051  s2_time=0.308

  [layered_industrylite_seed3 w=0 s2=hetero] Stage 2 solve (enc=stage2_packing.lp)...
  cmd: clingcon /tmp/s2_facts_jpcxgcc1.lp /home/racquelnina/MultiNetworkBatchingUsingASP/src/experiments/two_stage/final/encodings/stage2_packing.lp -c weight=0 -c hetero_on=1 -c concentrated_on=0 --time-limit=600 --outf=2 -t 1 --configuration=many
  [clingcon stderr] *** Info : (clingcon): Sending shutdown signal...
  [clingcon stderr] *** ERROR: (clingcon): solving stopped by signal
  [clingcon stderr] *** Info : (clingcon): Shutdown completed in 0.003 seconds
  mono=19  conc=289  optimal=False
  R_1=0.8667  worst_trip=(l4,l11,tr2,k1)
  K_1=0.8667
  R_alpha: heaviest_single_0.2=0.7333  heaviest_global_0.2=0.0
  First solution: R_1=0.9333  R_TR=0.6333  s1_time=3.051  s2_time=0.214

  [layered_industrylite_seed3 w=0 s2=conc] Stage 2 solve (enc=stage2_packing.lp)...
  cmd: clingcon /tmp/s2_facts_ekb83u8m.lp /home/racquelnina/MultiNetworkBatchingUsingASP/src/experiments/two_stage/final/encodings/stage2_packing.lp -c weight=0 -c hetero_on=0 -c concentrated_on=1 --time-limit=600 --outf=2 -t 1 --configuration=many
  [clingcon stderr] *** Info : (clingcon): Sending shutdown signal...
  [clingcon stderr] *** ERROR: (clingcon): solving stopped by signal
  [clingcon stderr] *** Info : (clingcon): Shutdown completed in 0.003 seconds
  mono=149  conc=243  optimal=False
  R_1=0.8667  worst_trip=(l3,l11,tr4,k2)
  K_1=0.8667
  R_alpha: heaviest_single_0.2=0.6667  heaviest_global_0.2=0.0
  First solution: R_1=0.9333  R_TR=0.6333  s1_time=3.051  s2_time=0.283

  [layered_industrylite_seed3 w=0 s2=both] Stage 2 solve (enc=stage2_packing.lp)...
  cmd: clingcon /tmp/s2_facts_vvsth46f.lp /home/racquelnina/MultiNetworkBatchingUsingASP/src/experiments/two_stage/final/encodings/stage2_packing.lp -c weight=0 -c hetero_on=1 -c concentrated_on=1 --time-limit=600 --outf=2 -t 1 --configuration=many
  [clingcon stderr] *** Info : (clingcon): Sending shutdown signal...
  [clingcon stderr] *** ERROR: (clingcon): solving stopped by signal
  [clingcon stderr] *** Info : (clingcon): Shutdown completed in 0.002 seconds
  mono=164  conc=260  optimal=False
  R_1=0.8333  worst_trip=(l7,l10,tr3,k7)
  K_1=0.8333
  R_alpha: heaviest_single_0.2=0.6667  heaviest_global_0.2=0.0
  First solution: R_1=0.9333  R_TR=0.6333  s1_time=3.051  s2_time=0.312

  [layered_industrylite_seed3 w=2000] Stage 1 solve (limit=600s, enc=stage_1_flow.lp)...
  cmd: clingcon /home/racquelnina/MultiNetworkBatchingUsingASP/src/experiments/two_stage/final/encodings/stage_1_flow.lp /home/racquelnina/MultiNetworkBatchingUsingASP/src/instances/generated/layered_industrylite_seed3.lp -c weight=2000 -c max_freq=20 -c exposure_n=3 -c use_exposure=1 -c cap_size_divide=1 --time-limit=600 --outf=2 -t 1 --configuration=many
  [clingcon stderr] *** Info : (clingcon): Sending shutdown signal...
  [clingcon stderr] *** ERROR: (clingcon): solving stopped by signal
  [clingcon stderr] *** Info : (clingcon): Shutdown completed in 0.275 seconds
  Stage 1: cost=151544  routes=111  loads=388  optimal=False
  R_TR=0.5333  worst_arc=(l3,l8,tr3)

  [layered_industrylite_seed3 w=2000 s2=off_off] Stage 2 solve (enc=stage2_packing.lp)...
  cmd: clingcon /tmp/s2_facts_dvr59vof.lp /home/racquelnina/MultiNetworkBatchingUsingASP/src/experiments/two_stage/final/encodings/stage2_packing.lp -c weight=2000 -c hetero_on=0 -c concentrated_on=0 --time-limit=600 --outf=2 -t 1 --configuration=many
  [clingcon stderr] *** Info : (clingcon): Sending shutdown signal...
  [clingcon stderr] *** ERROR: (clingcon): solving stopped by signal
  [clingcon stderr] *** Info : (clingcon): Shutdown completed in 0.001 seconds
  mono=150  conc=210  optimal=False
  R_1=0.8667  worst_trip=(l9,l17,tr2,k1)
  K_1=0.8667
  R_alpha: heaviest_single_0.2=0.6333  heaviest_global_0.2=0.0
  First solution: R_1=0.8667  R_TR=0.6333  s1_time=3.531  s2_time=0.347

  [layered_industrylite_seed3 w=2000 s2=hetero] Stage 2 solve (enc=stage2_packing.lp)...
  cmd: clingcon /tmp/s2_facts_hiz4maj5.lp /home/racquelnina/MultiNetworkBatchingUsingASP/src/experiments/two_stage/final/encodings/stage2_packing.lp -c weight=2000 -c hetero_on=1 -c concentrated_on=0 --time-limit=600 --outf=2 -t 1 --configuration=many
  [clingcon stderr] *** Info : (clingcon): Sending shutdown signal...
  [clingcon stderr] *** ERROR: (clingcon): solving stopped by signal
  [clingcon stderr] *** Info : (clingcon): Shutdown completed in 0.001 seconds
  mono=28  conc=218  optimal=False
  R_1=0.8667  worst_trip=(l10,l12,tr2,k2)
  K_1=0.8667
  R_alpha: heaviest_single_0.2=0.6333  heaviest_global_0.2=0.0
  First solution: R_1=0.8667  R_TR=0.6333  s1_time=3.531  s2_time=0.366

  [layered_industrylite_seed3 w=2000 s2=conc] Stage 2 solve (enc=stage2_packing.lp)...
  cmd: clingcon /tmp/s2_facts_zznmd9uq.lp /home/racquelnina/MultiNetworkBatchingUsingASP/src/experiments/two_stage/final/encodings/stage2_packing.lp -c weight=2000 -c hetero_on=0 -c concentrated_on=1 --time-limit=600 --outf=2 -t 1 --configuration=many
  [clingcon stderr] *** Info : (clingcon): Sending shutdown signal...
  [clingcon stderr] *** ERROR: (clingcon): solving stopped by signal
  [clingcon stderr] *** Info : (clingcon): Shutdown completed in 0.002 seconds
  mono=254  conc=195  optimal=False
  R_1=0.8333  worst_trip=(l3,l7,tr4,k6)
  K_1=0.8333
  R_alpha: heaviest_single_0.2=0.6  heaviest_global_0.2=0.0
  First solution: R_1=0.8667  R_TR=0.6333  s1_time=3.531  s2_time=0.402

  [layered_industrylite_seed3 w=2000 s2=both] Stage 2 solve (enc=stage2_packing.lp)...
  cmd: clingcon /tmp/s2_facts__1tvdomf.lp /home/racquelnina/MultiNetworkBatchingUsingASP/src/experiments/two_stage/final/encodings/stage2_packing.lp -c weight=2000 -c hetero_on=1 -c concentrated_on=1 --time-limit=600 --outf=2 -t 1 --configuration=many
  [clingcon stderr] *** Info : (clingcon): Sending shutdown signal...
  [clingcon stderr] *** ERROR: (clingcon): solving stopped by signal
  [clingcon stderr] *** Info : (clingcon): Shutdown completed in 0.002 seconds
  mono=265  conc=201  optimal=False
  R_1=0.8333  worst_trip=(l3,l7,tr4,k6)
  K_1=0.8333
  R_alpha: heaviest_single_0.2=0.5333  heaviest_global_0.2=0.0
  First solution: R_1=0.8667  R_TR=0.6333  s1_time=3.531  s2_time=0.402

══════════════════════════════════════════════════════════════════════
  Instance: layered_industrylite_seed4  (type=layered, size=industrylite, seed=4, time_limit=600s
══════════════════════════════════════════════════════════════════════
  Parsed: 10 parts, 522 routes

  [layered_industrylite_seed4 w=0] Stage 1 solve (limit=600s, enc=stage_1_flow.lp)...
  cmd: clingcon /home/racquelnina/MultiNetworkBatchingUsingASP/src/experiments/two_stage/final/encodings/stage_1_flow.lp /home/racquelnina/MultiNetworkBatchingUsingASP/src/instances/generated/layered_industrylite_seed4.lp -c weight=0 -c max_freq=20 -c exposure_n=3 -c use_exposure=1 -c cap_size_divide=1 --time-limit=600 --outf=2 -t 1 --configuration=many
  [clingcon stderr] *** Info : (clingcon): Sending shutdown signal...
  [clingcon stderr] *** ERROR: (clingcon): solving stopped by signal
  [clingcon stderr] *** Info : (clingcon): Shutdown completed in 0.163 seconds
  Stage 1: cost=47183  routes=109  loads=330  optimal=False
  R_TR=0.7  worst_arc=(l2,l6,tr3)

  [layered_industrylite_seed4 w=0 s2=off_off] Stage 2 solve (enc=stage2_packing.lp)...
  cmd: clingcon /tmp/s2_facts_a5pugcqj.lp /home/racquelnina/MultiNetworkBatchingUsingASP/src/experiments/two_stage/final/encodings/stage2_packing.lp -c weight=0 -c hetero_on=0 -c concentrated_on=0 --time-limit=600 --outf=2 -t 1 --configuration=many
  [clingcon stderr] *** Info : (clingcon): Sending shutdown signal...
  [clingcon stderr] *** ERROR: (clingcon): solving stopped by signal
  [clingcon stderr] *** Info : (clingcon): Shutdown completed in 0.000 seconds
  mono=42  conc=161  optimal=False
  R_1=0.8333  worst_trip=(l3,l12,tr1,k1)
  K_1=0.8333
  R_alpha: heaviest_single_0.2=0.7  heaviest_global_0.2=0.0
  First solution: R_1=0.9333  R_TR=0.5667  s1_time=3.079  s2_time=0.181

  [layered_industrylite_seed4 w=0 s2=hetero] Stage 2 solve (enc=stage2_packing.lp)...
  cmd: clingcon /tmp/s2_facts_dwmb6q5t.lp /home/racquelnina/MultiNetworkBatchingUsingASP/src/experiments/two_stage/final/encodings/stage2_packing.lp -c weight=0 -c hetero_on=1 -c concentrated_on=0 --time-limit=600 --outf=2 -t 1 --configuration=many
  [clingcon stderr] *** Info : (clingcon): Sending shutdown signal...
  [clingcon stderr] *** ERROR: (clingcon): solving stopped by signal
  [clingcon stderr] *** Info : (clingcon): Shutdown completed in 0.000 seconds
  mono=5  conc=182  optimal=False
  R_1=0.8333  worst_trip=(l3,l12,tr1,k1)
  K_1=0.8333
  R_alpha: heaviest_single_0.2=0.7  heaviest_global_0.2=0.0
  First solution: R_1=0.9333  R_TR=0.5667  s1_time=3.079  s2_time=0.175

  [layered_industrylite_seed4 w=0 s2=conc] Stage 2 solve (enc=stage2_packing.lp)...
  cmd: clingcon /tmp/s2_facts_l1zs3yq2.lp /home/racquelnina/MultiNetworkBatchingUsingASP/src/experiments/two_stage/final/encodings/stage2_packing.lp -c weight=0 -c hetero_on=0 -c concentrated_on=1 --time-limit=600 --outf=2 -t 1 --configuration=many
  [clingcon stderr] *** Info : (clingcon): Sending shutdown signal...
  [clingcon stderr] *** ERROR: (clingcon): solving stopped by signal
  [clingcon stderr] *** Info : (clingcon): Shutdown completed in 0.001 seconds
  mono=39  conc=209  optimal=False
  R_1=0.8  worst_trip=(l4,l12,tr2,k1)
  K_1=0.8
  R_alpha: heaviest_single_0.2=0.7  heaviest_global_0.2=0.0
  First solution: R_1=0.9333  R_TR=0.5667  s1_time=3.079  s2_time=0.095

  [layered_industrylite_seed4 w=0 s2=both] Stage 2 solve (enc=stage2_packing.lp)...
  cmd: clingcon /tmp/s2_facts_7czynvsd.lp /home/racquelnina/MultiNetworkBatchingUsingASP/src/experiments/two_stage/final/encodings/stage2_packing.lp -c weight=0 -c hetero_on=1 -c concentrated_on=1 --time-limit=600 --outf=2 -t 1 --configuration=many
  [clingcon stderr] *** Info : (clingcon): Sending shutdown signal...
  [clingcon stderr] *** ERROR: (clingcon): solving stopped by signal
  [clingcon stderr] *** Info : (clingcon): Shutdown completed in 0.001 seconds
  mono=36  conc=209  optimal=False
  R_1=0.8667  worst_trip=(l4,l10,tr4,k5)
  K_1=0.8667
  R_alpha: heaviest_single_0.2=0.7  heaviest_global_0.2=0.0
  First solution: R_1=0.9333  R_TR=0.5667  s1_time=3.079  s2_time=0.098

  [layered_industrylite_seed4 w=2000] Stage 1 solve (limit=600s, enc=stage_1_flow.lp)...
  cmd: clingcon /home/racquelnina/MultiNetworkBatchingUsingASP/src/experiments/two_stage/final/encodings/stage_1_flow.lp /home/racquelnina/MultiNetworkBatchingUsingASP/src/instances/generated/layered_industrylite_seed4.lp -c weight=2000 -c max_freq=20 -c exposure_n=3 -c use_exposure=1 -c cap_size_divide=1 --time-limit=600 --outf=2 -t 1 --configuration=many
  [clingcon stderr] *** Info : (clingcon): Sending shutdown signal...
  [clingcon stderr] *** ERROR: (clingcon): solving stopped by signal
  [clingcon stderr] *** Info : (clingcon): Shutdown completed in 0.070 seconds
  Stage 1: cost=50062  routes=84  loads=287  optimal=False
  R_TR=0.6333  worst_arc=(l1,l10,tr4)

  [layered_industrylite_seed4 w=2000 s2=off_off] Stage 2 solve (enc=stage2_packing.lp)...
  cmd: clingcon /tmp/s2_facts_3k8oq0ak.lp /home/racquelnina/MultiNetworkBatchingUsingASP/src/experiments/two_stage/final/encodings/stage2_packing.lp -c weight=2000 -c hetero_on=0 -c concentrated_on=0 --time-limit=600 --outf=2 -t 1 --configuration=many
  [clingcon stderr] *** Info : (clingcon): Sending shutdown signal...
  [clingcon stderr] *** ERROR: (clingcon): solving stopped by signal
  [clingcon stderr] *** Info : (clingcon): Shutdown completed in 0.000 seconds
  mono=23  conc=187  optimal=False
  R_1=0.8333  worst_trip=(l1,l10,tr4,k2)
  K_1=0.8333
  R_alpha: heaviest_single_0.2=0.6333  heaviest_global_0.2=0.0
  First solution: R_1=0.8333  R_TR=0.5667  s1_time=2.804  s2_time=0.116

  [layered_industrylite_seed4 w=2000 s2=hetero] Stage 2 solve (enc=stage2_packing.lp)...
  cmd: clingcon /tmp/s2_facts_qxaqo9cs.lp /home/racquelnina/MultiNetworkBatchingUsingASP/src/experiments/two_stage/final/encodings/stage2_packing.lp -c weight=2000 -c hetero_on=1 -c concentrated_on=0 --time-limit=600 --outf=2 -t 1 --configuration=many
  [clingcon stderr] *** Info : (clingcon): Sending shutdown signal...
  [clingcon stderr] *** ERROR: (clingcon): solving stopped by signal
  [clingcon stderr] *** Info : (clingcon): Shutdown completed in 0.001 seconds
  mono=3  conc=194  optimal=False
  R_1=0.8333  worst_trip=(l4,l6,tr1,k1)
  K_1=0.8333
  R_alpha: heaviest_single_0.2=0.6333  heaviest_global_0.2=0.0
  First solution: R_1=0.8333  R_TR=0.5667  s1_time=2.804  s2_time=0.123

  [layered_industrylite_seed4 w=2000 s2=conc] Stage 2 solve (enc=stage2_packing.lp)...
  cmd: clingcon /tmp/s2_facts_6rmbnhti.lp /home/racquelnina/MultiNetworkBatchingUsingASP/src/experiments/two_stage/final/encodings/stage2_packing.lp -c weight=2000 -c hetero_on=0 -c concentrated_on=1 --time-limit=600 --outf=2 -t 1 --configuration=many
  [clingcon stderr] *** Info : (clingcon): Sending shutdown signal...
  [clingcon stderr] *** ERROR: (clingcon): solving stopped by signal
  [clingcon stderr] *** Info : (clingcon): Shutdown completed in 0.001 seconds
  mono=52  conc=204  optimal=False
  R_1=0.8333  worst_trip=(l1,l10,tr4,k2)
  K_1=0.8333
  R_alpha: heaviest_single_0.2=0.7  heaviest_global_0.2=0.0
  First solution: R_1=0.8333  R_TR=0.5667  s1_time=2.804  s2_time=0.122

  [layered_industrylite_seed4 w=2000 s2=both] Stage 2 solve (enc=stage2_packing.lp)...
  cmd: clingcon /tmp/s2_facts_81i3xpo8.lp /home/racquelnina/MultiNetworkBatchingUsingASP/src/experiments/two_stage/final/encodings/stage2_packing.lp -c weight=2000 -c hetero_on=1 -c concentrated_on=1 --time-limit=600 --outf=2 -t 1 --configuration=many
  [clingcon stderr] *** Info : (clingcon): Sending shutdown signal...
  [clingcon stderr] *** ERROR: (clingcon): solving stopped by signal
  [clingcon stderr] *** Info : (clingcon): Shutdown completed in 0.071 seconds
  mono=67  conc=199  optimal=False
  R_1=0.8  worst_trip=(l4,l19,tr1,k2)
  K_1=0.8
  R_alpha: heaviest_single_0.2=0.6333  heaviest_global_0.2=0.0
  First solution: R_1=0.8333  R_TR=0.5667  s1_time=2.804  s2_time=0.259

══════════════════════════════════════════════════════════════════════
  Instance: layered_industrylite_seed5  (type=layered, size=industrylite, seed=5, time_limit=600s
══════════════════════════════════════════════════════════════════════
  Parsed: 10 parts, 477 routes

  [layered_industrylite_seed5 w=0] Stage 1 solve (limit=600s, enc=stage_1_flow.lp)...
  cmd: clingcon /home/racquelnina/MultiNetworkBatchingUsingASP/src/experiments/two_stage/final/encodings/stage_1_flow.lp /home/racquelnina/MultiNetworkBatchingUsingASP/src/instances/generated/layered_industrylite_seed5.lp -c weight=0 -c max_freq=20 -c exposure_n=3 -c use_exposure=1 -c cap_size_divide=1 --time-limit=600 --outf=2 -t 1 --configuration=many
  [clingcon stderr] *** Info : (clingcon): Sending shutdown signal...
  [clingcon stderr] *** ERROR: (clingcon): solving stopped by signal
  [clingcon stderr] *** Info : (clingcon): Shutdown completed in 0.327 seconds
  Stage 1: cost=57834  routes=101  loads=347  optimal=False
  R_TR=0.5667  worst_arc=(l12,l10,tr2)

  [layered_industrylite_seed5 w=0 s2=off_off] Stage 2 solve (enc=stage2_packing.lp)...
  cmd: clingcon /tmp/s2_facts_06w4ktwt.lp /home/racquelnina/MultiNetworkBatchingUsingASP/src/experiments/two_stage/final/encodings/stage2_packing.lp -c weight=0 -c hetero_on=0 -c concentrated_on=0 --time-limit=600 --outf=2 -t 1 --configuration=many
  [clingcon stderr] *** Info : (clingcon): Sending shutdown signal...
  [clingcon stderr] *** ERROR: (clingcon): solving stopped by signal
  [clingcon stderr] *** Info : (clingcon): Shutdown completed in 0.000 seconds
  mono=36  conc=195  optimal=False
  R_1=0.8  worst_trip=(l5,l17,tr3,k3)
  K_1=0.8
  R_alpha: heaviest_single_0.2=0.5667  heaviest_global_0.2=0.0
  First solution: R_1=0.8333  R_TR=0.5  s1_time=18.312  s2_time=0.25

  [layered_industrylite_seed5 w=0 s2=hetero] Stage 2 solve (enc=stage2_packing.lp)...
  cmd: clingcon /tmp/s2_facts_4_dzh88_.lp /home/racquelnina/MultiNetworkBatchingUsingASP/src/experiments/two_stage/final/encodings/stage2_packing.lp -c weight=0 -c hetero_on=1 -c concentrated_on=0 --time-limit=600 --outf=2 -t 1 --configuration=many
  [clingcon stderr] *** Info : (clingcon): Sending shutdown signal...
  [clingcon stderr] *** ERROR: (clingcon): solving stopped by signal
  [clingcon stderr] *** Info : (clingcon): Shutdown completed in 0.001 seconds
  mono=0  conc=211  optimal=False
  R_1=0.7667  worst_trip=(l3,l5,tr3,k1)
  K_1=0.7667
  R_alpha: heaviest_single_0.2=0.6  heaviest_global_0.2=0.0
  First solution: R_1=0.8333  R_TR=0.5  s1_time=18.312  s2_time=0.245

  [layered_industrylite_seed5 w=0 s2=conc] Stage 2 solve (enc=stage2_packing.lp)...
  cmd: clingcon /tmp/s2_facts_a_s7wkg3.lp /home/racquelnina/MultiNetworkBatchingUsingASP/src/experiments/two_stage/final/encodings/stage2_packing.lp -c weight=0 -c hetero_on=0 -c concentrated_on=1 --time-limit=600 --outf=2 -t 1 --configuration=many
  [clingcon stderr] *** Info : (clingcon): Sending shutdown signal...
  [clingcon stderr] *** ERROR: (clingcon): solving stopped by signal
  [clingcon stderr] *** Info : (clingcon): Shutdown completed in 0.001 seconds
  mono=44  conc=252  optimal=False
  R_1=0.7667  worst_trip=(l3,l5,tr3,k2)
  K_1=0.7667
  R_alpha: heaviest_single_0.2=0.6333  heaviest_global_0.2=0.0
  First solution: R_1=0.8333  R_TR=0.5  s1_time=18.312  s2_time=0.25

  [layered_industrylite_seed5 w=0 s2=both] Stage 2 solve (enc=stage2_packing.lp)...
  cmd: clingcon /tmp/s2_facts_kzgflbsz.lp /home/racquelnina/MultiNetworkBatchingUsingASP/src/experiments/two_stage/final/encodings/stage2_packing.lp -c weight=0 -c hetero_on=1 -c concentrated_on=1 --time-limit=600 --outf=2 -t 1 --configuration=many
  [clingcon stderr] *** Info : (clingcon): Sending shutdown signal...
  [clingcon stderr] *** ERROR: (clingcon): solving stopped by signal
  [clingcon stderr] *** Info : (clingcon): Shutdown completed in 0.001 seconds
  mono=67  conc=239  optimal=False
  R_1=0.7667  worst_trip=(l4,l9,tr3,k3)
  K_1=0.7667
  R_alpha: heaviest_single_0.2=0.6  heaviest_global_0.2=0.0
  First solution: R_1=0.8333  R_TR=0.5  s1_time=18.312  s2_time=0.21

  [layered_industrylite_seed5 w=2000] Stage 1 solve (limit=600s, enc=stage_1_flow.lp)...
  cmd: clingcon /home/racquelnina/MultiNetworkBatchingUsingASP/src/experiments/two_stage/final/encodings/stage_1_flow.lp /home/racquelnina/MultiNetworkBatchingUsingASP/src/instances/generated/layered_industrylite_seed5.lp -c weight=2000 -c max_freq=20 -c exposure_n=3 -c use_exposure=1 -c cap_size_divide=1 --time-limit=600 --outf=2 -t 1 --configuration=many
  [clingcon stderr] *** Info : (clingcon): Sending shutdown signal...
  [clingcon stderr] *** ERROR: (clingcon): solving stopped by signal
  [clingcon stderr] *** Info : (clingcon): Shutdown completed in 0.263 seconds
  Stage 1: cost=71398  routes=108  loads=343  optimal=False
  R_TR=0.4667  worst_arc=(l1,l9,tr3)

  [layered_industrylite_seed5 w=2000 s2=off_off] Stage 2 solve (enc=stage2_packing.lp)...
  cmd: clingcon /tmp/s2_facts_2uzzb9zn.lp /home/racquelnina/MultiNetworkBatchingUsingASP/src/experiments/two_stage/final/encodings/stage2_packing.lp -c weight=2000 -c hetero_on=0 -c concentrated_on=0 --time-limit=600 --outf=2 -t 1 --configuration=many
  [clingcon stderr] *** Info : (clingcon): Sending shutdown signal...
  [clingcon stderr] *** ERROR: (clingcon): solving stopped by signal
  [clingcon stderr] *** Info : (clingcon): Shutdown completed in 0.001 seconds
  mono=48  conc=184  optimal=False
  R_1=0.7667  worst_trip=(l9,l11,tr3,k5)
  K_1=0.7667
  R_alpha: heaviest_single_0.2=0.4667  heaviest_global_0.2=0.0
  First solution: R_1=0.9333  R_TR=0.5  s1_time=20.299  s2_time=0.155

  [layered_industrylite_seed5 w=2000 s2=hetero] Stage 2 solve (enc=stage2_packing.lp)...
  cmd: clingcon /tmp/s2_facts_efwmi5_d.lp /home/racquelnina/MultiNetworkBatchingUsingASP/src/experiments/two_stage/final/encodings/stage2_packing.lp -c weight=2000 -c hetero_on=1 -c concentrated_on=0 --time-limit=600 --outf=2 -t 1 --configuration=many
  [clingcon stderr] *** Info : (clingcon): Sending shutdown signal...
  [clingcon stderr] *** ERROR: (clingcon): solving stopped by signal
  [clingcon stderr] *** Info : (clingcon): Shutdown completed in 0.003 seconds
  mono=2  conc=200  optimal=False
  R_1=0.7333  worst_trip=(l1,l9,tr3,k1)
  K_1=0.7333
  R_alpha: heaviest_single_0.2=0.4667  heaviest_global_0.2=0.0
  First solution: R_1=0.9333  R_TR=0.5  s1_time=20.299  s2_time=0.138

  [layered_industrylite_seed5 w=2000 s2=conc] Stage 2 solve (enc=stage2_packing.lp)...
  cmd: clingcon /tmp/s2_facts_emcedxh2.lp /home/racquelnina/MultiNetworkBatchingUsingASP/src/experiments/two_stage/final/encodings/stage2_packing.lp -c weight=2000 -c hetero_on=0 -c concentrated_on=1 --time-limit=600 --outf=2 -t 1 --configuration=many
  [clingcon stderr] *** Info : (clingcon): Sending shutdown signal...
  [clingcon stderr] *** ERROR: (clingcon): solving stopped by signal
  [clingcon stderr] *** Info : (clingcon): Shutdown completed in 0.001 seconds
  mono=42  conc=231  optimal=False
  R_1=0.7667  worst_trip=(l9,l11,tr3,k2)
  K_1=0.7667
  R_alpha: heaviest_single_0.2=0.4667  heaviest_global_0.2=0.0
  First solution: R_1=0.9333  R_TR=0.5  s1_time=20.299  s2_time=0.177

  [layered_industrylite_seed5 w=2000 s2=both] Stage 2 solve (enc=stage2_packing.lp)...
  cmd: clingcon /tmp/s2_facts_ndmebrog.lp /home/racquelnina/MultiNetworkBatchingUsingASP/src/experiments/two_stage/final/encodings/stage2_packing.lp -c weight=2000 -c hetero_on=1 -c concentrated_on=1 --time-limit=600 --outf=2 -t 1 --configuration=many
  [clingcon stderr] *** Info : (clingcon): Sending shutdown signal...
  [clingcon stderr] *** ERROR: (clingcon): solving stopped by signal
  [clingcon stderr] *** Info : (clingcon): Shutdown completed in 0.001 seconds
  mono=38  conc=228  optimal=False
  R_1=0.7667  worst_trip=(l9,l11,tr3,k1)
  K_1=0.7667
  R_alpha: heaviest_single_0.2=0.4667  heaviest_global_0.2=0.0
  First solution: R_1=0.9333  R_TR=0.5  s1_time=20.299  s2_time=0.152

══════════════════════════════════════════════════════════════════════
  COMPLETE: 40 rows in 32005.2s
  Results → experiments/two_stage/final/results/sweep_industrylite_ralpha_v2.csv
══════════════════════════════════════════════════════════════════════
