nohup: ignoring input
══════════════════════════════════════════════════════════════════════
  FINAL TWO-STAGE EXPERIMENT
══════════════════════════════════════════════════════════════════════
  Stage 1 encoding: stage_1_flow.lp
  Stage 2 encoding: stage2_packing.lp
  Instances:        5
  Weights:          [0, 1000, 2000, 5000]
  Exposure N:       3
  S2 configs:       ['off_off', 'hetero', 'conc', 'both']
  Total runs:       80
  Output:           experiments/two_stage/final/results/sweep_xlarge_ralpha_v2.csv
══════════════════════════════════════════════════════════════════════

══════════════════════════════════════════════════════════════════════
  Instance: layered_xlarge_seed1  (type=layered, size=xlarge, seed=1, time_limit=600s
══════════════════════════════════════════════════════════════════════
  Parsed: 6 parts, 213 routes

  [layered_xlarge_seed1 w=0] Stage 1 solve (limit=600s, enc=stage_1_flow.lp)...
  cmd: clingcon /home/racquelnina/MultiNetworkBatchingUsingASP/src/experiments/two_stage/final/encodings/stage_1_flow.lp /home/racquelnina/MultiNetworkBatchingUsingASP/src/instances/generated/layered_xlarge_seed1.lp -c weight=0 -c max_freq=20 -c exposure_n=3 -c use_exposure=1 -c cap_size_divide=1 --time-limit=600 --outf=2 -t 1 --configuration=many
  [clingcon stderr] *** Info : (clingcon): Sending shutdown signal...
  [clingcon stderr] *** ERROR: (clingcon): solving stopped by signal
  [clingcon stderr] *** Info : (clingcon): Shutdown completed in 0.420 seconds
  Stage 1: cost=23029  routes=50  loads=126  optimal=False
  R_TR=0.6667  worst_arc=(l2,l5,tr1)

  [layered_xlarge_seed1 w=0 s2=off_off] Stage 2 solve (enc=stage2_packing.lp)...
  cmd: clingcon /tmp/s2_facts_tycx2ba3.lp /home/racquelnina/MultiNetworkBatchingUsingASP/src/experiments/two_stage/final/encodings/stage2_packing.lp -c weight=0 -c hetero_on=0 -c concentrated_on=0 --time-limit=600 --outf=2 -t 1 --configuration=many
  [clingcon stderr] *** Info : (clingcon): Sending shutdown signal...
  [clingcon stderr] *** ERROR: (clingcon): solving stopped by signal
  [clingcon stderr] *** Info : (clingcon): Shutdown completed in 0.000 seconds
  mono=21  conc=75  optimal=False
  R_1=0.7667  worst_trip=(l3,l15,tr3,k1)
  K_1=0.7667
  R_alpha: heaviest_single_0.2=0.6667  heaviest_global_0.2=0.0
  First solution: R_1=0.9667  R_TR=0.4333  s1_time=0.717  s2_time=0.058

  [layered_xlarge_seed1 w=0 s2=hetero] Stage 2 solve (enc=stage2_packing.lp)...
  cmd: clingcon /tmp/s2_facts_2ds2zqqp.lp /home/racquelnina/MultiNetworkBatchingUsingASP/src/experiments/two_stage/final/encodings/stage2_packing.lp -c weight=0 -c hetero_on=1 -c concentrated_on=0 --time-limit=600 --outf=2 -t 1 --configuration=many
  [clingcon stderr] *** Info : (clingcon): Sending shutdown signal...
  [clingcon stderr] *** ERROR: (clingcon): solving stopped by signal
  [clingcon stderr] *** Info : (clingcon): Shutdown completed in 0.001 seconds
  mono=0  conc=78  optimal=False
  R_1=0.8  worst_trip=(l1,l9,tr3,k4)
  K_1=0.8
  R_alpha: heaviest_single_0.2=0.6667  heaviest_global_0.2=0.0
  First solution: R_1=0.9667  R_TR=0.4333  s1_time=0.717  s2_time=0.111

  [layered_xlarge_seed1 w=0 s2=conc] Stage 2 solve (enc=stage2_packing.lp)...
  cmd: clingcon /tmp/s2_facts_i_kuco_r.lp /home/racquelnina/MultiNetworkBatchingUsingASP/src/experiments/two_stage/final/encodings/stage2_packing.lp -c weight=0 -c hetero_on=0 -c concentrated_on=1 --time-limit=600 --outf=2 -t 1 --configuration=many
  [clingcon stderr] *** Info : (clingcon): Sending shutdown signal...
  [clingcon stderr] *** ERROR: (clingcon): solving stopped by signal
  [clingcon stderr] *** Info : (clingcon): Shutdown completed in 0.001 seconds
  mono=37  conc=71  optimal=False
  R_1=0.7667  worst_trip=(l1,l9,tr3,k4)
  K_1=0.7667
  R_alpha: heaviest_single_0.2=0.6667  heaviest_global_0.2=0.0
  First solution: R_1=0.9667  R_TR=0.4333  s1_time=0.717  s2_time=0.109

  [layered_xlarge_seed1 w=0 s2=both] Stage 2 solve (enc=stage2_packing.lp)...
  cmd: clingcon /tmp/s2_facts_4eny_px7.lp /home/racquelnina/MultiNetworkBatchingUsingASP/src/experiments/two_stage/final/encodings/stage2_packing.lp -c weight=0 -c hetero_on=1 -c concentrated_on=1 --time-limit=600 --outf=2 -t 1 --configuration=many
  [clingcon stderr] *** Info : (clingcon): Sending shutdown signal...
  [clingcon stderr] *** ERROR: (clingcon): solving stopped by signal
  [clingcon stderr] *** Info : (clingcon): Shutdown completed in 0.001 seconds
  mono=27  conc=76  optimal=False
  R_1=0.7667  worst_trip=(l3,l15,tr3,k1)
  K_1=0.7667
  R_alpha: heaviest_single_0.2=0.6667  heaviest_global_0.2=0.0
  First solution: R_1=0.9667  R_TR=0.4333  s1_time=0.717  s2_time=0.105

  [layered_xlarge_seed1 w=1000] Stage 1 solve (limit=600s, enc=stage_1_flow.lp)...
  cmd: clingcon /home/racquelnina/MultiNetworkBatchingUsingASP/src/experiments/two_stage/final/encodings/stage_1_flow.lp /home/racquelnina/MultiNetworkBatchingUsingASP/src/instances/generated/layered_xlarge_seed1.lp -c weight=1000 -c max_freq=20 -c exposure_n=3 -c use_exposure=1 -c cap_size_divide=1 --time-limit=600 --outf=2 -t 1 --configuration=many
  [clingcon stderr] *** Info : (clingcon): Sending shutdown signal...
  [clingcon stderr] *** ERROR: (clingcon): solving stopped by signal
  [clingcon stderr] *** Info : (clingcon): Shutdown completed in 0.505 seconds
  Stage 1: cost=25013  routes=47  loads=118  optimal=False
  R_TR=0.6  worst_arc=(l1,l7,tr3)

  [layered_xlarge_seed1 w=1000 s2=off_off] Stage 2 solve (enc=stage2_packing.lp)...
  cmd: clingcon /tmp/s2_facts_1x5iccen.lp /home/racquelnina/MultiNetworkBatchingUsingASP/src/experiments/two_stage/final/encodings/stage2_packing.lp -c weight=1000 -c hetero_on=0 -c concentrated_on=0 --time-limit=600 --outf=2 -t 1 --configuration=many
  [clingcon stderr] *** Info : (clingcon): Sending shutdown signal...
  [clingcon stderr] *** ERROR: (clingcon): solving stopped by signal
  [clingcon stderr] *** Info : (clingcon): Shutdown completed in 0.001 seconds
  mono=30  conc=82  optimal=False
  R_1=0.8333  worst_trip=(l8,l10,tr3,k1)
  K_1=0.8333
  R_alpha: heaviest_single_0.2=0.6  heaviest_global_0.2=0.0
  First solution: R_1=0.8667  R_TR=0.4333  s1_time=1.784  s2_time=0.338

  [layered_xlarge_seed1 w=1000 s2=hetero] Stage 2 solve (enc=stage2_packing.lp)...
  cmd: clingcon /tmp/s2_facts_vesaz4yf.lp /home/racquelnina/MultiNetworkBatchingUsingASP/src/experiments/two_stage/final/encodings/stage2_packing.lp -c weight=1000 -c hetero_on=1 -c concentrated_on=0 --time-limit=600 --outf=2 -t 1 --configuration=many
  [clingcon stderr] *** Info : (clingcon): Sending shutdown signal...
  [clingcon stderr] *** ERROR: (clingcon): solving stopped by signal
  [clingcon stderr] *** Info : (clingcon): Shutdown completed in 0.000 seconds
  mono=5  conc=95  optimal=False
  R_1=0.8  worst_trip=(l3,l5,tr3,k3)
  K_1=0.8
  R_alpha: heaviest_single_0.2=0.6  heaviest_global_0.2=0.0
  First solution: R_1=0.8667  R_TR=0.4333  s1_time=1.784  s2_time=0.128

  [layered_xlarge_seed1 w=1000 s2=conc] Stage 2 solve (enc=stage2_packing.lp)...
  cmd: clingcon /tmp/s2_facts_8h4ahzxl.lp /home/racquelnina/MultiNetworkBatchingUsingASP/src/experiments/two_stage/final/encodings/stage2_packing.lp -c weight=1000 -c hetero_on=0 -c concentrated_on=1 --time-limit=600 --outf=2 -t 1 --configuration=many
  [clingcon stderr] *** Info : (clingcon): Sending shutdown signal...
  [clingcon stderr] *** ERROR: (clingcon): solving stopped by signal
  [clingcon stderr] *** Info : (clingcon): Shutdown completed in 0.168 seconds
  mono=42  conc=91  optimal=False
  R_1=0.8333  worst_trip=(l1,l7,tr3,k3)
  K_1=0.8333
  R_alpha: heaviest_single_0.2=0.6333  heaviest_global_0.2=0.0
  First solution: R_1=0.8667  R_TR=0.4333  s1_time=1.784  s2_time=0.141

  [layered_xlarge_seed1 w=1000 s2=both] Stage 2 solve (enc=stage2_packing.lp)...
  cmd: clingcon /tmp/s2_facts_vzii5rdr.lp /home/racquelnina/MultiNetworkBatchingUsingASP/src/experiments/two_stage/final/encodings/stage2_packing.lp -c weight=1000 -c hetero_on=1 -c concentrated_on=1 --time-limit=600 --outf=2 -t 1 --configuration=many
  [clingcon stderr] *** Info : (clingcon): Sending shutdown signal...
  [clingcon stderr] *** ERROR: (clingcon): solving stopped by signal
  [clingcon stderr] *** Info : (clingcon): Shutdown completed in 0.000 seconds
  mono=41  conc=97  optimal=False
  R_1=0.8333  worst_trip=(l3,l5,tr3,k2)
  K_1=0.8333
  R_alpha: heaviest_single_0.2=0.6333  heaviest_global_0.2=0.0
  First solution: R_1=0.8667  R_TR=0.4333  s1_time=1.784  s2_time=0.136

  [layered_xlarge_seed1 w=2000] Stage 1 solve (limit=600s, enc=stage_1_flow.lp)...
  cmd: clingcon /home/racquelnina/MultiNetworkBatchingUsingASP/src/experiments/two_stage/final/encodings/stage_1_flow.lp /home/racquelnina/MultiNetworkBatchingUsingASP/src/instances/generated/layered_xlarge_seed1.lp -c weight=2000 -c max_freq=20 -c exposure_n=3 -c use_exposure=1 -c cap_size_divide=1 --time-limit=600 --outf=2 -t 1 --configuration=many
  [clingcon stderr] *** Info : (clingcon): Sending shutdown signal...
  [clingcon stderr] *** ERROR: (clingcon): solving stopped by signal
  [clingcon stderr] *** Info : (clingcon): Shutdown completed in 0.016 seconds
  Stage 1: cost=38605  routes=51  loads=130  optimal=False
  R_TR=0.6333  worst_arc=(l2,l5,tr1)

  [layered_xlarge_seed1 w=2000 s2=off_off] Stage 2 solve (enc=stage2_packing.lp)...
  cmd: clingcon /tmp/s2_facts_341lw2cr.lp /home/racquelnina/MultiNetworkBatchingUsingASP/src/experiments/two_stage/final/encodings/stage2_packing.lp -c weight=2000 -c hetero_on=0 -c concentrated_on=0 --time-limit=600 --outf=2 -t 1 --configuration=many
  [clingcon stderr] *** Info : (clingcon): Sending shutdown signal...
  [clingcon stderr] *** ERROR: (clingcon): solving stopped by signal
  [clingcon stderr] *** Info : (clingcon): Shutdown completed in 0.004 seconds
  mono=22  conc=87  optimal=False
  R_1=0.7667  worst_trip=(l5,l15,tr3,k10)
  K_1=0.7667
  R_alpha: heaviest_single_0.2=0.7  heaviest_global_0.2=0.0
  First solution: R_1=0.8333  R_TR=0.4333  s1_time=1.217  s2_time=0.116

  [layered_xlarge_seed1 w=2000 s2=hetero] Stage 2 solve (enc=stage2_packing.lp)...
  cmd: clingcon /tmp/s2_facts_jhg4cs0d.lp /home/racquelnina/MultiNetworkBatchingUsingASP/src/experiments/two_stage/final/encodings/stage2_packing.lp -c weight=2000 -c hetero_on=1 -c concentrated_on=0 --time-limit=600 --outf=2 -t 1 --configuration=many
  [clingcon stderr] *** Info : (clingcon): Sending shutdown signal...
  [clingcon stderr] *** ERROR: (clingcon): solving stopped by signal
  [clingcon stderr] *** Info : (clingcon): Shutdown completed in 0.006 seconds
  mono=2  conc=100  optimal=False
  R_1=0.8  worst_trip=(l5,l15,tr3,k10)
  K_1=0.8
  R_alpha: heaviest_single_0.2=0.6333  heaviest_global_0.2=0.0
  First solution: R_1=0.8333  R_TR=0.4333  s1_time=1.217  s2_time=0.064

  [layered_xlarge_seed1 w=2000 s2=conc] Stage 2 solve (enc=stage2_packing.lp)...
  cmd: clingcon /tmp/s2_facts_s5zk00g_.lp /home/racquelnina/MultiNetworkBatchingUsingASP/src/experiments/two_stage/final/encodings/stage2_packing.lp -c weight=2000 -c hetero_on=0 -c concentrated_on=1 --time-limit=600 --outf=2 -t 1 --configuration=many
  [clingcon stderr] *** Info : (clingcon): Sending shutdown signal...
  [clingcon stderr] *** ERROR: (clingcon): solving stopped by signal
  [clingcon stderr] *** Info : (clingcon): Shutdown completed in 0.001 seconds
  mono=53  conc=99  optimal=False
  R_1=0.7667  worst_trip=(l5,l15,tr3,k10)
  K_1=0.7667
  R_alpha: heaviest_single_0.2=0.7  heaviest_global_0.2=0.0
  First solution: R_1=0.8333  R_TR=0.4333  s1_time=1.217  s2_time=0.121

  [layered_xlarge_seed1 w=2000 s2=both] Stage 2 solve (enc=stage2_packing.lp)...
  cmd: clingcon /tmp/s2_facts_b4rd_fba.lp /home/racquelnina/MultiNetworkBatchingUsingASP/src/experiments/two_stage/final/encodings/stage2_packing.lp -c weight=2000 -c hetero_on=1 -c concentrated_on=1 --time-limit=600 --outf=2 -t 1 --configuration=many
  [clingcon stderr] *** Info : (clingcon): Sending shutdown signal...
  [clingcon stderr] *** ERROR: (clingcon): solving stopped by signal
  [clingcon stderr] *** Info : (clingcon): Shutdown completed in 0.001 seconds
  mono=43  conc=99  optimal=False
  R_1=0.7667  worst_trip=(l5,l15,tr3,k10)
  K_1=0.7667
  R_alpha: heaviest_single_0.2=0.7  heaviest_global_0.2=0.0
  First solution: R_1=0.8333  R_TR=0.4333  s1_time=1.217  s2_time=0.126

  [layered_xlarge_seed1 w=5000] Stage 1 solve (limit=600s, enc=stage_1_flow.lp)...
  cmd: clingcon /home/racquelnina/MultiNetworkBatchingUsingASP/src/experiments/two_stage/final/encodings/stage_1_flow.lp /home/racquelnina/MultiNetworkBatchingUsingASP/src/instances/generated/layered_xlarge_seed1.lp -c weight=5000 -c max_freq=20 -c exposure_n=3 -c use_exposure=1 -c cap_size_divide=1 --time-limit=600 --outf=2 -t 1 --configuration=many
  [clingcon stderr] *** Info : (clingcon): Sending shutdown signal...
  [clingcon stderr] *** ERROR: (clingcon): solving stopped by signal
  [clingcon stderr] *** Info : (clingcon): Shutdown completed in 0.006 seconds
  Stage 1: cost=39142  routes=46  loads=122  optimal=False
  R_TR=0.6333  worst_arc=(l2,l5,tr3)

  [layered_xlarge_seed1 w=5000 s2=off_off] Stage 2 solve (enc=stage2_packing.lp)...
  cmd: clingcon /tmp/s2_facts_bet8d3ft.lp /home/racquelnina/MultiNetworkBatchingUsingASP/src/experiments/two_stage/final/encodings/stage2_packing.lp -c weight=5000 -c hetero_on=0 -c concentrated_on=0 --time-limit=600 --outf=2 -t 1 --configuration=many
  [clingcon stderr] *** Info : (clingcon): Sending shutdown signal...
  [clingcon stderr] *** ERROR: (clingcon): solving stopped by signal
  [clingcon stderr] *** Info : (clingcon): Shutdown completed in 0.000 seconds
  mono=20  conc=75  optimal=False
  R_1=0.8333  worst_trip=(l2,l5,tr3,k4)
  K_1=0.8333
  R_alpha: heaviest_single_0.2=0.6667  heaviest_global_0.2=0.0
  First solution: R_1=0.9  R_TR=0.4333  s1_time=1.459  s2_time=0.045

  [layered_xlarge_seed1 w=5000 s2=hetero] Stage 2 solve (enc=stage2_packing.lp)...
  cmd: clingcon /tmp/s2_facts_tn7ddxud.lp /home/racquelnina/MultiNetworkBatchingUsingASP/src/experiments/two_stage/final/encodings/stage2_packing.lp -c weight=5000 -c hetero_on=1 -c concentrated_on=0 --time-limit=600 --outf=2 -t 1 --configuration=many
  [clingcon stderr] *** Info : (clingcon): Sending shutdown signal...
  [clingcon stderr] *** ERROR: (clingcon): solving stopped by signal
  [clingcon stderr] *** Info : (clingcon): Shutdown completed in 0.003 seconds
  mono=1  conc=79  optimal=False
  R_1=0.8667  worst_trip=(l3,l7,tr3,k2)
  K_1=0.8667
  R_alpha: heaviest_single_0.2=0.6667  heaviest_global_0.2=0.0
  First solution: R_1=0.9  R_TR=0.4333  s1_time=1.459  s2_time=0.097

  [layered_xlarge_seed1 w=5000 s2=conc] Stage 2 solve (enc=stage2_packing.lp)...
  cmd: clingcon /tmp/s2_facts_vro3xskr.lp /home/racquelnina/MultiNetworkBatchingUsingASP/src/experiments/two_stage/final/encodings/stage2_packing.lp -c weight=5000 -c hetero_on=0 -c concentrated_on=1 --time-limit=600 --outf=2 -t 1 --configuration=many
  [clingcon stderr] *** Info : (clingcon): Sending shutdown signal...
  [clingcon stderr] *** ERROR: (clingcon): solving stopped by signal
  [clingcon stderr] *** Info : (clingcon): Shutdown completed in 0.001 seconds
  mono=23  conc=81  optimal=False
  R_1=0.8333  worst_trip=(l9,l14,tr3,k1)
  K_1=0.8333
  R_alpha: heaviest_single_0.2=0.6667  heaviest_global_0.2=0.0
  First solution: R_1=0.9  R_TR=0.4333  s1_time=1.459  s2_time=0.091

  [layered_xlarge_seed1 w=5000 s2=both] Stage 2 solve (enc=stage2_packing.lp)...
  cmd: clingcon /tmp/s2_facts_xer3nde_.lp /home/racquelnina/MultiNetworkBatchingUsingASP/src/experiments/two_stage/final/encodings/stage2_packing.lp -c weight=5000 -c hetero_on=1 -c concentrated_on=1 --time-limit=600 --outf=2 -t 1 --configuration=many
  [clingcon stderr] *** Info : (clingcon): Sending shutdown signal...
  [clingcon stderr] *** ERROR: (clingcon): solving stopped by signal
  [clingcon stderr] *** Info : (clingcon): Shutdown completed in 0.000 seconds
  mono=24  conc=85  optimal=False
  R_1=0.8333  worst_trip=(l9,l14,tr3,k1)
  K_1=0.8333
  R_alpha: heaviest_single_0.2=0.6667  heaviest_global_0.2=0.0
  First solution: R_1=0.9  R_TR=0.4333  s1_time=1.459  s2_time=0.098

══════════════════════════════════════════════════════════════════════
  Instance: layered_xlarge_seed2  (type=layered, size=xlarge, seed=2, time_limit=600s
══════════════════════════════════════════════════════════════════════
  Parsed: 6 parts, 201 routes

  [layered_xlarge_seed2 w=0] Stage 1 solve (limit=600s, enc=stage_1_flow.lp)...
  cmd: clingcon /home/racquelnina/MultiNetworkBatchingUsingASP/src/experiments/two_stage/final/encodings/stage_1_flow.lp /home/racquelnina/MultiNetworkBatchingUsingASP/src/instances/generated/layered_xlarge_seed2.lp -c weight=0 -c max_freq=20 -c exposure_n=3 -c use_exposure=1 -c cap_size_divide=1 --time-limit=600 --outf=2 -t 1 --configuration=many
  [clingcon stderr] *** Info : (clingcon): Sending shutdown signal...
  [clingcon stderr] *** ERROR: (clingcon): solving stopped by signal
  [clingcon stderr] *** Info : (clingcon): Shutdown completed in 0.010 seconds
  Stage 1: cost=17753  routes=49  loads=145  optimal=False
  R_TR=0.6  worst_arc=(l1,l8,tr1)

  [layered_xlarge_seed2 w=0 s2=off_off] Stage 2 solve (enc=stage2_packing.lp)...
  cmd: clingcon /tmp/s2_facts_umtt9y1x.lp /home/racquelnina/MultiNetworkBatchingUsingASP/src/experiments/two_stage/final/encodings/stage2_packing.lp -c weight=0 -c hetero_on=0 -c concentrated_on=0 --time-limit=600 --outf=2 -t 1 --configuration=many
  [clingcon stderr] *** Info : (clingcon): Sending shutdown signal...
  [clingcon stderr] *** ERROR: (clingcon): solving stopped by signal
  [clingcon stderr] *** Info : (clingcon): Shutdown completed in 0.000 seconds
  mono=25  conc=84  optimal=False
  R_1=0.7667  worst_trip=(l1,l8,tr1,k3)
  K_1=0.7667
  R_alpha: heaviest_single_0.2=0.6  heaviest_global_0.2=0.0
  First solution: R_1=0.7667  R_TR=0.4667  s1_time=0.825  s2_time=0.092

  [layered_xlarge_seed2 w=0 s2=hetero] Stage 2 solve (enc=stage2_packing.lp)...
  cmd: clingcon /tmp/s2_facts_n2mpbu77.lp /home/racquelnina/MultiNetworkBatchingUsingASP/src/experiments/two_stage/final/encodings/stage2_packing.lp -c weight=0 -c hetero_on=1 -c concentrated_on=0 --time-limit=600 --outf=2 -t 1 --configuration=many
  [clingcon stderr] *** Info : (clingcon): Sending shutdown signal...
  [clingcon stderr] *** ERROR: (clingcon): solving stopped by signal
  [clingcon stderr] *** Info : (clingcon): Shutdown completed in 0.005 seconds
  mono=0  conc=82  optimal=False
  R_1=0.8333  worst_trip=(l9,l13,tr2,k1)
  K_1=0.8333
  R_alpha: heaviest_single_0.2=0.6  heaviest_global_0.2=0.0
  First solution: R_1=0.7667  R_TR=0.4667  s1_time=0.825  s2_time=0.087

  [layered_xlarge_seed2 w=0 s2=conc] Stage 2 solve (enc=stage2_packing.lp)...
  cmd: clingcon /tmp/s2_facts_bwtrnwnx.lp /home/racquelnina/MultiNetworkBatchingUsingASP/src/experiments/two_stage/final/encodings/stage2_packing.lp -c weight=0 -c hetero_on=0 -c concentrated_on=1 --time-limit=600 --outf=2 -t 1 --configuration=many
  [clingcon stderr] *** Info : (clingcon): Sending shutdown signal...
  [clingcon stderr] *** ERROR: (clingcon): solving stopped by signal
  [clingcon stderr] *** Info : (clingcon): Shutdown completed in 0.001 seconds
  mono=16  conc=93  optimal=False
  R_1=0.8  worst_trip=(l1,l8,tr1,k1)
  K_1=0.8
  R_alpha: heaviest_single_0.2=0.6333  heaviest_global_0.2=0.0
  First solution: R_1=0.7667  R_TR=0.4667  s1_time=0.825  s2_time=0.067

  [layered_xlarge_seed2 w=0 s2=both] Stage 2 solve (enc=stage2_packing.lp)...
  cmd: clingcon /tmp/s2_facts_nmg07rag.lp /home/racquelnina/MultiNetworkBatchingUsingASP/src/experiments/two_stage/final/encodings/stage2_packing.lp -c weight=0 -c hetero_on=1 -c concentrated_on=1 --time-limit=600 --outf=2 -t 1 --configuration=many
  [clingcon stderr] *** Info : (clingcon): Sending shutdown signal...
  [clingcon stderr] *** ERROR: (clingcon): solving stopped by signal
  [clingcon stderr] *** Info : (clingcon): Shutdown completed in 0.000 seconds
  mono=11  conc=92  optimal=False
  R_1=0.7667  worst_trip=(l1,l8,tr1,k3)
  K_1=0.7667
  R_alpha: heaviest_single_0.2=0.6333  heaviest_global_0.2=0.0
  First solution: R_1=0.7667  R_TR=0.4667  s1_time=0.825  s2_time=0.047

  [layered_xlarge_seed2 w=1000] Stage 1 solve (limit=600s, enc=stage_1_flow.lp)...
  cmd: clingcon /home/racquelnina/MultiNetworkBatchingUsingASP/src/experiments/two_stage/final/encodings/stage_1_flow.lp /home/racquelnina/MultiNetworkBatchingUsingASP/src/instances/generated/layered_xlarge_seed2.lp -c weight=1000 -c max_freq=20 -c exposure_n=3 -c use_exposure=1 -c cap_size_divide=1 --time-limit=600 --outf=2 -t 1 --configuration=many
  [clingcon stderr] *** Info : (clingcon): Sending shutdown signal...
  [clingcon stderr] *** ERROR: (clingcon): solving stopped by signal
  [clingcon stderr] *** Info : (clingcon): Shutdown completed in 0.007 seconds
  Stage 1: cost=18509  routes=45  loads=124  optimal=False
  R_TR=0.6333  worst_arc=(l7,l5,tr3)

  [layered_xlarge_seed2 w=1000 s2=off_off] Stage 2 solve (enc=stage2_packing.lp)...
  cmd: clingcon /tmp/s2_facts_36vynzox.lp /home/racquelnina/MultiNetworkBatchingUsingASP/src/experiments/two_stage/final/encodings/stage2_packing.lp -c weight=1000 -c hetero_on=0 -c concentrated_on=0 --time-limit=600 --outf=2 -t 1 --configuration=many
  [clingcon stderr] *** Info : (clingcon): Sending shutdown signal...
  [clingcon stderr] *** ERROR: (clingcon): solving stopped by signal
  [clingcon stderr] *** Info : (clingcon): Shutdown completed in 0.000 seconds
  mono=28  conc=83  optimal=False
  R_1=0.7333  worst_trip=(l1,l9,tr2,k3)
  K_1=0.7333
  R_alpha: heaviest_single_0.2=0.6333  heaviest_global_0.2=0.0
  First solution: R_1=0.8667  R_TR=0.4667  s1_time=0.709  s2_time=0.044

  [layered_xlarge_seed2 w=1000 s2=hetero] Stage 2 solve (enc=stage2_packing.lp)...
  cmd: clingcon /tmp/s2_facts_g35ikjt9.lp /home/racquelnina/MultiNetworkBatchingUsingASP/src/experiments/two_stage/final/encodings/stage2_packing.lp -c weight=1000 -c hetero_on=1 -c concentrated_on=0 --time-limit=600 --outf=2 -t 1 --configuration=many
  [clingcon stderr] *** Info : (clingcon): Sending shutdown signal...
  [clingcon stderr] *** ERROR: (clingcon): solving stopped by signal
  [clingcon stderr] *** Info : (clingcon): Shutdown completed in 0.000 seconds
  mono=2  conc=94  optimal=False
  R_1=0.7667  worst_trip=(l1,l9,tr2,k3)
  K_1=0.7667
  R_alpha: heaviest_single_0.2=0.6333  heaviest_global_0.2=0.0
  First solution: R_1=0.8667  R_TR=0.4667  s1_time=0.709  s2_time=0.094

  [layered_xlarge_seed2 w=1000 s2=conc] Stage 2 solve (enc=stage2_packing.lp)...
  cmd: clingcon /tmp/s2_facts_crwzvoby.lp /home/racquelnina/MultiNetworkBatchingUsingASP/src/experiments/two_stage/final/encodings/stage2_packing.lp -c weight=1000 -c hetero_on=0 -c concentrated_on=1 --time-limit=600 --outf=2 -t 1 --configuration=many
  [clingcon stderr] *** Info : (clingcon): Sending shutdown signal...
  [clingcon stderr] *** ERROR: (clingcon): solving stopped by signal
  [clingcon stderr] *** Info : (clingcon): Shutdown completed in 0.003 seconds
  mono=30  conc=102  optimal=False
  R_1=0.7333  worst_trip=(l1,l9,tr2,k3)
  K_1=0.7333
  R_alpha: heaviest_single_0.2=0.6333  heaviest_global_0.2=0.0
  First solution: R_1=0.8667  R_TR=0.4667  s1_time=0.709  s2_time=0.044

  [layered_xlarge_seed2 w=1000 s2=both] Stage 2 solve (enc=stage2_packing.lp)...
  cmd: clingcon /tmp/s2_facts_0li48xrm.lp /home/racquelnina/MultiNetworkBatchingUsingASP/src/experiments/two_stage/final/encodings/stage2_packing.lp -c weight=1000 -c hetero_on=1 -c concentrated_on=1 --time-limit=600 --outf=2 -t 1 --configuration=many
  [clingcon stderr] *** Info : (clingcon): Sending shutdown signal...
  [clingcon stderr] *** ERROR: (clingcon): solving stopped by signal
  [clingcon stderr] *** Info : (clingcon): Shutdown completed in 0.001 seconds
  mono=18  conc=107  optimal=False
  R_1=0.7667  worst_trip=(l1,l9,tr2,k3)
  K_1=0.7667
  R_alpha: heaviest_single_0.2=0.6333  heaviest_global_0.2=0.0
  First solution: R_1=0.8667  R_TR=0.4667  s1_time=0.709  s2_time=0.068

  [layered_xlarge_seed2 w=2000] Stage 1 solve (limit=600s, enc=stage_1_flow.lp)...
  cmd: clingcon /home/racquelnina/MultiNetworkBatchingUsingASP/src/experiments/two_stage/final/encodings/stage_1_flow.lp /home/racquelnina/MultiNetworkBatchingUsingASP/src/instances/generated/layered_xlarge_seed2.lp -c weight=2000 -c max_freq=20 -c exposure_n=3 -c use_exposure=1 -c cap_size_divide=1 --time-limit=600 --outf=2 -t 1 --configuration=many
  [clingcon stderr] *** Info : (clingcon): Sending shutdown signal...
  [clingcon stderr] *** ERROR: (clingcon): solving stopped by signal
  [clingcon stderr] *** Info : (clingcon): Shutdown completed in 0.012 seconds
  Stage 1: cost=19157  routes=44  loads=120  optimal=False
  R_TR=0.5667  worst_arc=(l1,l4,tr2)

  [layered_xlarge_seed2 w=2000 s2=off_off] Stage 2 solve (enc=stage2_packing.lp)...
  cmd: clingcon /tmp/s2_facts_0kufoio6.lp /home/racquelnina/MultiNetworkBatchingUsingASP/src/experiments/two_stage/final/encodings/stage2_packing.lp -c weight=2000 -c hetero_on=0 -c concentrated_on=0 --time-limit=600 --outf=2 -t 1 --configuration=many
  [clingcon stderr] *** Info : (clingcon): Sending shutdown signal...
  [clingcon stderr] *** ERROR: (clingcon): solving stopped by signal
  [clingcon stderr] *** Info : (clingcon): Shutdown completed in 0.001 seconds
  mono=18  conc=78  optimal=False
  R_1=0.8  worst_trip=(l1,l12,tr1,k1)
  K_1=0.8
  R_alpha: heaviest_single_0.2=0.6667  heaviest_global_0.2=0.0
  First solution: R_1=0.9333  R_TR=0.4667  s1_time=0.786  s2_time=0.049

  [layered_xlarge_seed2 w=2000 s2=hetero] Stage 2 solve (enc=stage2_packing.lp)...
  cmd: clingcon /tmp/s2_facts_kf0j48_m.lp /home/racquelnina/MultiNetworkBatchingUsingASP/src/experiments/two_stage/final/encodings/stage2_packing.lp -c weight=2000 -c hetero_on=1 -c concentrated_on=0 --time-limit=600 --outf=2 -t 1 --configuration=many
  [clingcon stderr] *** Info : (clingcon): Sending shutdown signal...
  [clingcon stderr] *** ERROR: (clingcon): solving stopped by signal
  [clingcon stderr] *** Info : (clingcon): Shutdown completed in 0.000 seconds
  mono=0  conc=90  optimal=False
  R_1=0.8333  worst_trip=(l2,l13,tr2,k12)
  K_1=0.8333
  R_alpha: heaviest_single_0.2=0.5667  heaviest_global_0.2=0.0
  First solution: R_1=0.9333  R_TR=0.4667  s1_time=0.786  s2_time=0.106

  [layered_xlarge_seed2 w=2000 s2=conc] Stage 2 solve (enc=stage2_packing.lp)...
  cmd: clingcon /tmp/s2_facts_po44irtv.lp /home/racquelnina/MultiNetworkBatchingUsingASP/src/experiments/two_stage/final/encodings/stage2_packing.lp -c weight=2000 -c hetero_on=0 -c concentrated_on=1 --time-limit=600 --outf=2 -t 1 --configuration=many
  [clingcon stderr] *** Info : (clingcon): Sending shutdown signal...
  [clingcon stderr] *** ERROR: (clingcon): solving stopped by signal
  [clingcon stderr] *** Info : (clingcon): Shutdown completed in 0.001 seconds
  mono=24  conc=92  optimal=False
  R_1=0.8  worst_trip=(l2,l13,tr2,k12)
  K_1=0.8
  R_alpha: heaviest_single_0.2=0.5667  heaviest_global_0.2=0.0
  First solution: R_1=0.9333  R_TR=0.4667  s1_time=0.786  s2_time=0.084

  [layered_xlarge_seed2 w=2000 s2=both] Stage 2 solve (enc=stage2_packing.lp)...
  cmd: clingcon /tmp/s2_facts_fnq7im0b.lp /home/racquelnina/MultiNetworkBatchingUsingASP/src/experiments/two_stage/final/encodings/stage2_packing.lp -c weight=2000 -c hetero_on=1 -c concentrated_on=1 --time-limit=600 --outf=2 -t 1 --configuration=many
  [clingcon stderr] *** Info : (clingcon): Sending shutdown signal...
  [clingcon stderr] *** ERROR: (clingcon): solving stopped by signal
  [clingcon stderr] *** Info : (clingcon): Shutdown completed in 0.001 seconds
  mono=21  conc=93  optimal=False
  R_1=0.8  worst_trip=(l2,l13,tr2,k12)
  K_1=0.8
  R_alpha: heaviest_single_0.2=0.6  heaviest_global_0.2=0.0
  First solution: R_1=0.9333  R_TR=0.4667  s1_time=0.786  s2_time=0.089

  [layered_xlarge_seed2 w=5000] Stage 1 solve (limit=600s, enc=stage_1_flow.lp)...
  cmd: clingcon /home/racquelnina/MultiNetworkBatchingUsingASP/src/experiments/two_stage/final/encodings/stage_1_flow.lp /home/racquelnina/MultiNetworkBatchingUsingASP/src/instances/generated/layered_xlarge_seed2.lp -c weight=5000 -c max_freq=20 -c exposure_n=3 -c use_exposure=1 -c cap_size_divide=1 --time-limit=600 --outf=2 -t 1 --configuration=many
  [clingcon stderr] *** Info : (clingcon): Sending shutdown signal...
  [clingcon stderr] *** ERROR: (clingcon): solving stopped by signal
  [clingcon stderr] *** Info : (clingcon): Shutdown completed in 0.008 seconds
  Stage 1: cost=18261  routes=46  loads=129  optimal=False
  R_TR=0.7333  worst_arc=(l8,l15,tr1)

  [layered_xlarge_seed2 w=5000 s2=off_off] Stage 2 solve (enc=stage2_packing.lp)...
  cmd: clingcon /tmp/s2_facts_vxza59jh.lp /home/racquelnina/MultiNetworkBatchingUsingASP/src/experiments/two_stage/final/encodings/stage2_packing.lp -c weight=5000 -c hetero_on=0 -c concentrated_on=0 --time-limit=600 --outf=2 -t 1 --configuration=many
  [clingcon stderr] *** Info : (clingcon): Sending shutdown signal...
  [clingcon stderr] *** ERROR: (clingcon): solving stopped by signal
  [clingcon stderr] *** Info : (clingcon): Shutdown completed in 0.000 seconds
  mono=3  conc=122  optimal=False
  R_1=0.7667  worst_trip=(l8,l15,tr1,k2)
  K_1=0.7667
  R_alpha: heaviest_single_0.2=0.7333  heaviest_global_0.2=0.0
  First solution: R_1=0.8  R_TR=0.4667  s1_time=0.708  s2_time=0.091

  [layered_xlarge_seed2 w=5000 s2=hetero] Stage 2 solve (enc=stage2_packing.lp)...
  cmd: clingcon /tmp/s2_facts_sqon7qis.lp /home/racquelnina/MultiNetworkBatchingUsingASP/src/experiments/two_stage/final/encodings/stage2_packing.lp -c weight=5000 -c hetero_on=1 -c concentrated_on=0 --time-limit=600 --outf=2 -t 1 --configuration=many
  [clingcon stderr] *** Info : (clingcon): Sending shutdown signal...
  [clingcon stderr] *** ERROR: (clingcon): solving stopped by signal
  [clingcon stderr] *** Info : (clingcon): Shutdown completed in 0.001 seconds
  mono=0  conc=95  optimal=False
  R_1=0.7667  worst_trip=(l8,l15,tr1,k2)
  K_1=0.7667
  R_alpha: heaviest_single_0.2=0.7333  heaviest_global_0.2=0.0
  First solution: R_1=0.8  R_TR=0.4667  s1_time=0.708  s2_time=0.096

  [layered_xlarge_seed2 w=5000 s2=conc] Stage 2 solve (enc=stage2_packing.lp)...
  cmd: clingcon /tmp/s2_facts__z2te8sa.lp /home/racquelnina/MultiNetworkBatchingUsingASP/src/experiments/two_stage/final/encodings/stage2_packing.lp -c weight=5000 -c hetero_on=0 -c concentrated_on=1 --time-limit=600 --outf=2 -t 1 --configuration=many
  [clingcon stderr] *** Info : (clingcon): Sending shutdown signal...
  [clingcon stderr] *** ERROR: (clingcon): solving stopped by signal
  [clingcon stderr] *** Info : (clingcon): Shutdown completed in 0.001 seconds
  mono=16  conc=105  optimal=False
  R_1=0.7667  worst_trip=(l5,l9,tr2,k4)
  K_1=0.7667
  R_alpha: heaviest_single_0.2=0.7333  heaviest_global_0.2=0.0
  First solution: R_1=0.8  R_TR=0.4667  s1_time=0.708  s2_time=0.097

  [layered_xlarge_seed2 w=5000 s2=both] Stage 2 solve (enc=stage2_packing.lp)...
  cmd: clingcon /tmp/s2_facts_3kilw7zw.lp /home/racquelnina/MultiNetworkBatchingUsingASP/src/experiments/two_stage/final/encodings/stage2_packing.lp -c weight=5000 -c hetero_on=1 -c concentrated_on=1 --time-limit=600 --outf=2 -t 1 --configuration=many
  [clingcon stderr] *** Info : (clingcon): Sending shutdown signal...
  [clingcon stderr] *** ERROR: (clingcon): solving stopped by signal
  [clingcon stderr] *** Info : (clingcon): Shutdown completed in 0.000 seconds
  mono=9  conc=107  optimal=False
  R_1=0.8  worst_trip=(l5,l9,tr2,k4)
  K_1=0.8
  R_alpha: heaviest_single_0.2=0.7333  heaviest_global_0.2=0.0
  First solution: R_1=0.8  R_TR=0.4667  s1_time=0.708  s2_time=0.078

══════════════════════════════════════════════════════════════════════
  Instance: layered_xlarge_seed3  (type=layered, size=xlarge, seed=3, time_limit=600s
══════════════════════════════════════════════════════════════════════
  Parsed: 6 parts, 220 routes

  [layered_xlarge_seed3 w=0] Stage 1 solve (limit=600s, enc=stage_1_flow.lp)...
  cmd: clingcon /home/racquelnina/MultiNetworkBatchingUsingASP/src/experiments/two_stage/final/encodings/stage_1_flow.lp /home/racquelnina/MultiNetworkBatchingUsingASP/src/instances/generated/layered_xlarge_seed3.lp -c weight=0 -c max_freq=20 -c exposure_n=3 -c use_exposure=1 -c cap_size_divide=1 --time-limit=600 --outf=2 -t 1 --configuration=many
  [clingcon stderr] *** Info : (clingcon): Sending shutdown signal...
  [clingcon stderr] *** ERROR: (clingcon): solving stopped by signal
  [clingcon stderr] *** Info : (clingcon): Shutdown completed in 0.345 seconds
  Stage 1: cost=17134  routes=47  loads=136  optimal=False
  R_TR=0.7  worst_arc=(l2,l7,tr3)

  [layered_xlarge_seed3 w=0 s2=off_off] Stage 2 solve (enc=stage2_packing.lp)...
  cmd: clingcon /tmp/s2_facts_a54e_rrz.lp /home/racquelnina/MultiNetworkBatchingUsingASP/src/experiments/two_stage/final/encodings/stage2_packing.lp -c weight=0 -c hetero_on=0 -c concentrated_on=0 --time-limit=600 --outf=2 -t 1 --configuration=many
  [clingcon stderr] *** Info : (clingcon): Sending shutdown signal...
  [clingcon stderr] *** ERROR: (clingcon): solving stopped by signal
  [clingcon stderr] *** Info : (clingcon): Shutdown completed in 0.052 seconds
  mono=17  conc=76  optimal=False
  R_1=0.8  worst_trip=(l5,l10,tr3,k4)
  K_1=0.8
  R_alpha: heaviest_single_0.2=0.7  heaviest_global_0.2=0.0
  First solution: R_1=0.8667  R_TR=0.3667  s1_time=0.711  s2_time=0.048

  [layered_xlarge_seed3 w=0 s2=hetero] Stage 2 solve (enc=stage2_packing.lp)...
  cmd: clingcon /tmp/s2_facts_b2e0a53x.lp /home/racquelnina/MultiNetworkBatchingUsingASP/src/experiments/two_stage/final/encodings/stage2_packing.lp -c weight=0 -c hetero_on=1 -c concentrated_on=0 --time-limit=600 --outf=2 -t 1 --configuration=many
  [clingcon stderr] *** Info : (clingcon): Sending shutdown signal...
  [clingcon stderr] *** ERROR: (clingcon): solving stopped by signal
  [clingcon stderr] *** Info : (clingcon): Shutdown completed in 0.000 seconds
  mono=0  conc=84  optimal=False
  R_1=0.8  worst_trip=(l5,l10,tr3,k4)
  K_1=0.8
  R_alpha: heaviest_single_0.2=0.7  heaviest_global_0.2=0.0
  First solution: R_1=0.8667  R_TR=0.3667  s1_time=0.711  s2_time=0.076

  [layered_xlarge_seed3 w=0 s2=conc] Stage 2 solve (enc=stage2_packing.lp)...
  cmd: clingcon /tmp/s2_facts_f6j_69jk.lp /home/racquelnina/MultiNetworkBatchingUsingASP/src/experiments/two_stage/final/encodings/stage2_packing.lp -c weight=0 -c hetero_on=0 -c concentrated_on=1 --time-limit=600 --outf=2 -t 1 --configuration=many
  [clingcon stderr] *** Info : (clingcon): Sending shutdown signal...
  [clingcon stderr] *** ERROR: (clingcon): solving stopped by signal
  [clingcon stderr] *** Info : (clingcon): Shutdown completed in 0.000 seconds
  mono=23  conc=81  optimal=False
  R_1=0.8333  worst_trip=(l5,l10,tr3,k4)
  K_1=0.8333
  R_alpha: heaviest_single_0.2=0.7  heaviest_global_0.2=0.0
  First solution: R_1=0.8667  R_TR=0.3667  s1_time=0.711  s2_time=0.103

  [layered_xlarge_seed3 w=0 s2=both] Stage 2 solve (enc=stage2_packing.lp)...
  cmd: clingcon /tmp/s2_facts_ddpy4m40.lp /home/racquelnina/MultiNetworkBatchingUsingASP/src/experiments/two_stage/final/encodings/stage2_packing.lp -c weight=0 -c hetero_on=1 -c concentrated_on=1 --time-limit=600 --outf=2 -t 1 --configuration=many
  [clingcon stderr] *** Info : (clingcon): Sending shutdown signal...
  [clingcon stderr] *** ERROR: (clingcon): solving stopped by signal
  [clingcon stderr] *** Info : (clingcon): Shutdown completed in 0.001 seconds
  mono=15  conc=83  optimal=False
  R_1=0.8333  worst_trip=(l3,l7,tr3,k2)
  K_1=0.8333
  R_alpha: heaviest_single_0.2=0.7  heaviest_global_0.2=0.0
  First solution: R_1=0.8667  R_TR=0.3667  s1_time=0.711  s2_time=0.053

  [layered_xlarge_seed3 w=1000] Stage 1 solve (limit=600s, enc=stage_1_flow.lp)...
  cmd: clingcon /home/racquelnina/MultiNetworkBatchingUsingASP/src/experiments/two_stage/final/encodings/stage_1_flow.lp /home/racquelnina/MultiNetworkBatchingUsingASP/src/instances/generated/layered_xlarge_seed3.lp -c weight=1000 -c max_freq=20 -c exposure_n=3 -c use_exposure=1 -c cap_size_divide=1 --time-limit=600 --outf=2 -t 1 --configuration=many
  [clingcon stderr] *** Info : (clingcon): Sending shutdown signal...
  [clingcon stderr] *** ERROR: (clingcon): solving stopped by signal
  [clingcon stderr] *** Info : (clingcon): Shutdown completed in 0.006 seconds
  Stage 1: cost=22162  routes=45  loads=136  optimal=False
  R_TR=0.6667  worst_arc=(l1,l7,tr1)

  [layered_xlarge_seed3 w=1000 s2=off_off] Stage 2 solve (enc=stage2_packing.lp)...
  cmd: clingcon /tmp/s2_facts_ql6foo88.lp /home/racquelnina/MultiNetworkBatchingUsingASP/src/experiments/two_stage/final/encodings/stage2_packing.lp -c weight=1000 -c hetero_on=0 -c concentrated_on=0 --time-limit=600 --outf=2 -t 1 --configuration=many
  [clingcon stderr] *** Info : (clingcon): Sending shutdown signal...
  [clingcon stderr] *** ERROR: (clingcon): solving stopped by signal
  [clingcon stderr] *** Info : (clingcon): Shutdown completed in 0.001 seconds
  mono=41  conc=95  optimal=False
  R_1=0.8  worst_trip=(l3,l5,tr3,k1)
  K_1=0.8
  R_alpha: heaviest_single_0.2=0.6667  heaviest_global_0.2=0.0
  First solution: R_1=0.9  R_TR=0.3667  s1_time=0.695  s2_time=0.078

  [layered_xlarge_seed3 w=1000 s2=hetero] Stage 2 solve (enc=stage2_packing.lp)...
  cmd: clingcon /tmp/s2_facts_mgwn4939.lp /home/racquelnina/MultiNetworkBatchingUsingASP/src/experiments/two_stage/final/encodings/stage2_packing.lp -c weight=1000 -c hetero_on=1 -c concentrated_on=0 --time-limit=600 --outf=2 -t 1 --configuration=many
  [clingcon stderr] *** Info : (clingcon): Sending shutdown signal...
  [clingcon stderr] *** ERROR: (clingcon): solving stopped by signal
  [clingcon stderr] *** Info : (clingcon): Shutdown completed in 0.001 seconds
  mono=2  conc=98  optimal=False
  R_1=0.8333  worst_trip=(l3,l5,tr3,k1)
  K_1=0.8333
  R_alpha: heaviest_single_0.2=0.6667  heaviest_global_0.2=0.0
  First solution: R_1=0.9  R_TR=0.3667  s1_time=0.695  s2_time=2.755

  [layered_xlarge_seed3 w=1000 s2=conc] Stage 2 solve (enc=stage2_packing.lp)...
  cmd: clingcon /tmp/s2_facts_lygsar79.lp /home/racquelnina/MultiNetworkBatchingUsingASP/src/experiments/two_stage/final/encodings/stage2_packing.lp -c weight=1000 -c hetero_on=0 -c concentrated_on=1 --time-limit=600 --outf=2 -t 1 --configuration=many
  [clingcon stderr] *** Info : (clingcon): Sending shutdown signal...
  [clingcon stderr] *** ERROR: (clingcon): solving stopped by signal
  [clingcon stderr] *** Info : (clingcon): Shutdown completed in 0.001 seconds
  mono=44  conc=101  optimal=False
  R_1=0.7667  worst_trip=(l1,l7,tr1,k2)
  K_1=0.7667
  R_alpha: heaviest_single_0.2=0.7  heaviest_global_0.2=0.0
  First solution: R_1=0.9  R_TR=0.3667  s1_time=0.695  s2_time=0.105

  [layered_xlarge_seed3 w=1000 s2=both] Stage 2 solve (enc=stage2_packing.lp)...
  cmd: clingcon /tmp/s2_facts_n5x4zhn2.lp /home/racquelnina/MultiNetworkBatchingUsingASP/src/experiments/two_stage/final/encodings/stage2_packing.lp -c weight=1000 -c hetero_on=1 -c concentrated_on=1 --time-limit=600 --outf=2 -t 1 --configuration=many
  [clingcon stderr] *** Info : (clingcon): Sending shutdown signal...
  [clingcon stderr] *** ERROR: (clingcon): solving stopped by signal
  [clingcon stderr] *** Info : (clingcon): Shutdown completed in 0.001 seconds
  mono=25  conc=101  optimal=False
  R_1=0.7667  worst_trip=(l1,l7,tr1,k2)
  K_1=0.7667
  R_alpha: heaviest_single_0.2=0.6667  heaviest_global_0.2=0.0
  First solution: R_1=0.9  R_TR=0.3667  s1_time=0.695  s2_time=0.053

  [layered_xlarge_seed3 w=2000] Stage 1 solve (limit=600s, enc=stage_1_flow.lp)...
  cmd: clingcon /home/racquelnina/MultiNetworkBatchingUsingASP/src/experiments/two_stage/final/encodings/stage_1_flow.lp /home/racquelnina/MultiNetworkBatchingUsingASP/src/instances/generated/layered_xlarge_seed3.lp -c weight=2000 -c max_freq=20 -c exposure_n=3 -c use_exposure=1 -c cap_size_divide=1 --time-limit=600 --outf=2 -t 1 --configuration=many
  [clingcon stderr] *** Info : (clingcon): Sending shutdown signal...
  [clingcon stderr] *** ERROR: (clingcon): solving stopped by signal
  [clingcon stderr] *** Info : (clingcon): Shutdown completed in 0.006 seconds
  Stage 1: cost=22886  routes=44  loads=132  optimal=False
  R_TR=0.6333  worst_arc=(l1,l5,tr1)

  [layered_xlarge_seed3 w=2000 s2=off_off] Stage 2 solve (enc=stage2_packing.lp)...
  cmd: clingcon /tmp/s2_facts_szhzrcm8.lp /home/racquelnina/MultiNetworkBatchingUsingASP/src/experiments/two_stage/final/encodings/stage2_packing.lp -c weight=2000 -c hetero_on=0 -c concentrated_on=0 --time-limit=600 --outf=2 -t 1 --configuration=many
  [clingcon stderr] *** Info : (clingcon): Sending shutdown signal...
  [clingcon stderr] *** ERROR: (clingcon): solving stopped by signal
  [clingcon stderr] *** Info : (clingcon): Shutdown completed in 0.001 seconds
  mono=19  conc=90  optimal=False
  R_1=0.8  worst_trip=(l3,l11,tr3,k2)
  K_1=0.8
  R_alpha: heaviest_single_0.2=0.6333  heaviest_global_0.2=0.0
  First solution: R_1=0.8667  R_TR=0.3667  s1_time=0.718  s2_time=0.056

  [layered_xlarge_seed3 w=2000 s2=hetero] Stage 2 solve (enc=stage2_packing.lp)...
  cmd: clingcon /tmp/s2_facts_4x2xaz7c.lp /home/racquelnina/MultiNetworkBatchingUsingASP/src/experiments/two_stage/final/encodings/stage2_packing.lp -c weight=2000 -c hetero_on=1 -c concentrated_on=0 --time-limit=600 --outf=2 -t 1 --configuration=many
  [clingcon stderr] *** Info : (clingcon): Sending shutdown signal...
  [clingcon stderr] *** ERROR: (clingcon): solving stopped by signal
  [clingcon stderr] *** Info : (clingcon): Shutdown completed in 0.001 seconds
  mono=1  conc=91  optimal=False
  R_1=0.8333  worst_trip=(l3,l11,tr3,k2)
  K_1=0.8333
  R_alpha: heaviest_single_0.2=0.6333  heaviest_global_0.2=0.0
  First solution: R_1=0.8667  R_TR=0.3667  s1_time=0.718  s2_time=0.049

  [layered_xlarge_seed3 w=2000 s2=conc] Stage 2 solve (enc=stage2_packing.lp)...
  cmd: clingcon /tmp/s2_facts_a7jk_e3n.lp /home/racquelnina/MultiNetworkBatchingUsingASP/src/experiments/two_stage/final/encodings/stage2_packing.lp -c weight=2000 -c hetero_on=0 -c concentrated_on=1 --time-limit=600 --outf=2 -t 1 --configuration=many
  [clingcon stderr] *** Info : (clingcon): Sending shutdown signal...
  [clingcon stderr] *** ERROR: (clingcon): solving stopped by signal
  [clingcon stderr] *** Info : (clingcon): Shutdown completed in 0.001 seconds
  mono=27  conc=91  optimal=False
  R_1=0.8333  worst_trip=(l9,l14,tr2,k8)
  K_1=0.8333
  R_alpha: heaviest_single_0.2=0.6667  heaviest_global_0.2=0.0
  First solution: R_1=0.8667  R_TR=0.3667  s1_time=0.718  s2_time=0.052

  [layered_xlarge_seed3 w=2000 s2=both] Stage 2 solve (enc=stage2_packing.lp)...
  cmd: clingcon /tmp/s2_facts_itmingce.lp /home/racquelnina/MultiNetworkBatchingUsingASP/src/experiments/two_stage/final/encodings/stage2_packing.lp -c weight=2000 -c hetero_on=1 -c concentrated_on=1 --time-limit=600 --outf=2 -t 1 --configuration=many
  [clingcon stderr] *** Info : (clingcon): Sending shutdown signal...
  [clingcon stderr] *** ERROR: (clingcon): solving stopped by signal
  [clingcon stderr] *** Info : (clingcon): Shutdown completed in 0.001 seconds
  mono=25  conc=88  optimal=False
  R_1=0.8  worst_trip=(l9,l14,tr2,k8)
  K_1=0.8
  R_alpha: heaviest_single_0.2=0.6667  heaviest_global_0.2=0.0
  First solution: R_1=0.8667  R_TR=0.3667  s1_time=0.718  s2_time=0.049

  [layered_xlarge_seed3 w=5000] Stage 1 solve (limit=600s, enc=stage_1_flow.lp)...
  cmd: clingcon /home/racquelnina/MultiNetworkBatchingUsingASP/src/experiments/two_stage/final/encodings/stage_1_flow.lp /home/racquelnina/MultiNetworkBatchingUsingASP/src/instances/generated/layered_xlarge_seed3.lp -c weight=5000 -c max_freq=20 -c exposure_n=3 -c use_exposure=1 -c cap_size_divide=1 --time-limit=600 --outf=2 -t 1 --configuration=many
  [clingcon stderr] *** Info : (clingcon): Sending shutdown signal...
  [clingcon stderr] *** ERROR: (clingcon): solving stopped by signal
  [clingcon stderr] *** Info : (clingcon): Shutdown completed in 0.006 seconds
  Stage 1: cost=33988  routes=45  loads=121  optimal=False
  R_TR=0.6  worst_arc=(l3,l5,tr3)

  [layered_xlarge_seed3 w=5000 s2=off_off] Stage 2 solve (enc=stage2_packing.lp)...
  cmd: clingcon /tmp/s2_facts_b7u2fzwq.lp /home/racquelnina/MultiNetworkBatchingUsingASP/src/experiments/two_stage/final/encodings/stage2_packing.lp -c weight=5000 -c hetero_on=0 -c concentrated_on=0 --time-limit=600 --outf=2 -t 1 --configuration=many
  [clingcon stderr] *** Info : (clingcon): Sending shutdown signal...
  [clingcon stderr] *** ERROR: (clingcon): solving stopped by signal
  [clingcon stderr] *** Info : (clingcon): Shutdown completed in 0.001 seconds
  mono=15  conc=93  optimal=False
  R_1=0.7  worst_trip=(l2,l10,tr3,k3)
  K_1=0.7
  R_alpha: heaviest_single_0.2=0.6  heaviest_global_0.2=0.0
  First solution: R_1=0.8667  R_TR=0.3667  s1_time=0.527  s2_time=0.049

  [layered_xlarge_seed3 w=5000 s2=hetero] Stage 2 solve (enc=stage2_packing.lp)...
  cmd: clingcon /tmp/s2_facts_df6zz6d9.lp /home/racquelnina/MultiNetworkBatchingUsingASP/src/experiments/two_stage/final/encodings/stage2_packing.lp -c weight=5000 -c hetero_on=1 -c concentrated_on=0 --time-limit=600 --outf=2 -t 1 --configuration=many
  [clingcon stderr] *** Info : (clingcon): Sending shutdown signal...
  [clingcon stderr] *** ERROR: (clingcon): solving stopped by signal
  [clingcon stderr] *** Info : (clingcon): Shutdown completed in 0.001 seconds
  mono=6  conc=97  optimal=False
  R_1=0.8  worst_trip=(l2,l10,tr3,k3)
  K_1=0.8
  R_alpha: heaviest_single_0.2=0.6  heaviest_global_0.2=0.0
  First solution: R_1=0.8667  R_TR=0.3667  s1_time=0.527  s2_time=0.047

  [layered_xlarge_seed3 w=5000 s2=conc] Stage 2 solve (enc=stage2_packing.lp)...
  cmd: clingcon /tmp/s2_facts_frmnlwqh.lp /home/racquelnina/MultiNetworkBatchingUsingASP/src/experiments/two_stage/final/encodings/stage2_packing.lp -c weight=5000 -c hetero_on=0 -c concentrated_on=1 --time-limit=600 --outf=2 -t 1 --configuration=many
  [clingcon stderr] *** Info : (clingcon): Sending shutdown signal...
  [clingcon stderr] *** ERROR: (clingcon): solving stopped by signal
  [clingcon stderr] *** Info : (clingcon): Shutdown completed in 0.001 seconds
  mono=29  conc=93  optimal=False
  R_1=0.8333  worst_trip=(l3,l5,tr3,k1)
  K_1=0.8333
  R_alpha: heaviest_single_0.2=0.6333  heaviest_global_0.2=0.0
  First solution: R_1=0.8667  R_TR=0.3667  s1_time=0.527  s2_time=0.047

  [layered_xlarge_seed3 w=5000 s2=both] Stage 2 solve (enc=stage2_packing.lp)...
  cmd: clingcon /tmp/s2_facts_tq1_mch7.lp /home/racquelnina/MultiNetworkBatchingUsingASP/src/experiments/two_stage/final/encodings/stage2_packing.lp -c weight=5000 -c hetero_on=1 -c concentrated_on=1 --time-limit=600 --outf=2 -t 1 --configuration=many
  [clingcon stderr] *** Info : (clingcon): Sending shutdown signal...
  [clingcon stderr] *** ERROR: (clingcon): solving stopped by signal
  [clingcon stderr] *** Info : (clingcon): Shutdown completed in 0.001 seconds
  mono=26  conc=92  optimal=False
  R_1=0.8  worst_trip=(l3,l5,tr3,k3)
  K_1=0.8
  R_alpha: heaviest_single_0.2=0.6333  heaviest_global_0.2=0.0
  First solution: R_1=0.8667  R_TR=0.3667  s1_time=0.527  s2_time=0.05

══════════════════════════════════════════════════════════════════════
  Instance: layered_xlarge_seed4  (type=layered, size=xlarge, seed=4, time_limit=600s
══════════════════════════════════════════════════════════════════════
  Parsed: 6 parts, 211 routes

  [layered_xlarge_seed4 w=0] Stage 1 solve (limit=600s, enc=stage_1_flow.lp)...
  cmd: clingcon /home/racquelnina/MultiNetworkBatchingUsingASP/src/experiments/two_stage/final/encodings/stage_1_flow.lp /home/racquelnina/MultiNetworkBatchingUsingASP/src/instances/generated/layered_xlarge_seed4.lp -c weight=0 -c max_freq=20 -c exposure_n=3 -c use_exposure=1 -c cap_size_divide=1 --time-limit=600 --outf=2 -t 1 --configuration=many
  [clingcon stderr] *** Info : (clingcon): Sending shutdown signal...
  [clingcon stderr] *** ERROR: (clingcon): solving stopped by signal
  [clingcon stderr] *** Info : (clingcon): Shutdown completed in 0.007 seconds
  Stage 1: cost=16215  routes=44  loads=124  optimal=False
  R_TR=0.5333  worst_arc=(l3,l4,tr2)

  [layered_xlarge_seed4 w=0 s2=off_off] Stage 2 solve (enc=stage2_packing.lp)...
  cmd: clingcon /tmp/s2_facts_g4nceq9q.lp /home/racquelnina/MultiNetworkBatchingUsingASP/src/experiments/two_stage/final/encodings/stage2_packing.lp -c weight=0 -c hetero_on=0 -c concentrated_on=0 --time-limit=600 --outf=2 -t 1 --configuration=many
  [clingcon stderr] *** Info : (clingcon): Sending shutdown signal...
  [clingcon stderr] *** ERROR: (clingcon): solving stopped by signal
  [clingcon stderr] *** Info : (clingcon): Shutdown completed in 0.000 seconds
  mono=28  conc=84  optimal=False
  R_1=0.7333  worst_trip=(l2,l8,tr2,k1)
  K_1=0.7333
  R_alpha: heaviest_single_0.2=0.7  heaviest_global_0.2=0.0
  First solution: R_1=0.8667  R_TR=0.4667  s1_time=0.526  s2_time=0.056

  [layered_xlarge_seed4 w=0 s2=hetero] Stage 2 solve (enc=stage2_packing.lp)...
  cmd: clingcon /tmp/s2_facts_bzgcio8c.lp /home/racquelnina/MultiNetworkBatchingUsingASP/src/experiments/two_stage/final/encodings/stage2_packing.lp -c weight=0 -c hetero_on=1 -c concentrated_on=0 --time-limit=600 --outf=2 -t 1 --configuration=many
  [clingcon stderr] *** Info : (clingcon): Sending shutdown signal...
  [clingcon stderr] *** ERROR: (clingcon): solving stopped by signal
  [clingcon stderr] *** Info : (clingcon): Shutdown completed in 0.000 seconds
  mono=4  conc=102  optimal=False
  R_1=0.7333  worst_trip=(l2,l8,tr2,k1)
  K_1=0.7333
  R_alpha: heaviest_single_0.2=0.6667  heaviest_global_0.2=0.0
  First solution: R_1=0.8667  R_TR=0.4667  s1_time=0.526  s2_time=0.056

  [layered_xlarge_seed4 w=0 s2=conc] Stage 2 solve (enc=stage2_packing.lp)...
  cmd: clingcon /tmp/s2_facts_38r_upr4.lp /home/racquelnina/MultiNetworkBatchingUsingASP/src/experiments/two_stage/final/encodings/stage2_packing.lp -c weight=0 -c hetero_on=0 -c concentrated_on=1 --time-limit=600 --outf=2 -t 1 --configuration=many
  [clingcon stderr] *** Info : (clingcon): Sending shutdown signal...
  [clingcon stderr] *** ERROR: (clingcon): solving stopped by signal
  [clingcon stderr] *** Info : (clingcon): Shutdown completed in 0.001 seconds
  mono=32  conc=77  optimal=False
  R_1=0.8  worst_trip=(l2,l5,tr2,k2)
  K_1=0.8
  R_alpha: heaviest_single_0.2=0.5667  heaviest_global_0.2=0.0
  First solution: R_1=0.8667  R_TR=0.4667  s1_time=0.526  s2_time=0.058

  [layered_xlarge_seed4 w=0 s2=both] Stage 2 solve (enc=stage2_packing.lp)...
  cmd: clingcon /tmp/s2_facts_r0zmwfju.lp /home/racquelnina/MultiNetworkBatchingUsingASP/src/experiments/two_stage/final/encodings/stage2_packing.lp -c weight=0 -c hetero_on=1 -c concentrated_on=1 --time-limit=600 --outf=2 -t 1 --configuration=many
  [clingcon stderr] *** Info : (clingcon): Sending shutdown signal...
  [clingcon stderr] *** ERROR: (clingcon): solving stopped by signal
  [clingcon stderr] *** Info : (clingcon): Shutdown completed in 0.002 seconds
  mono=29  conc=77  optimal=False
  R_1=0.8  worst_trip=(l2,l5,tr2,k2)
  K_1=0.8
  R_alpha: heaviest_single_0.2=0.5667  heaviest_global_0.2=0.0
  First solution: R_1=0.8667  R_TR=0.4667  s1_time=0.526  s2_time=0.058

  [layered_xlarge_seed4 w=1000] Stage 1 solve (limit=600s, enc=stage_1_flow.lp)...
  cmd: clingcon /home/racquelnina/MultiNetworkBatchingUsingASP/src/experiments/two_stage/final/encodings/stage_1_flow.lp /home/racquelnina/MultiNetworkBatchingUsingASP/src/instances/generated/layered_xlarge_seed4.lp -c weight=1000 -c max_freq=20 -c exposure_n=3 -c use_exposure=1 -c cap_size_divide=1 --time-limit=600 --outf=2 -t 1 --configuration=many
  [clingcon stderr] *** Info : (clingcon): Sending shutdown signal...
  [clingcon stderr] *** ERROR: (clingcon): solving stopped by signal
  [clingcon stderr] *** Info : (clingcon): Shutdown completed in 0.007 seconds
  Stage 1: cost=22468  routes=44  loads=126  optimal=False
  R_TR=0.5  worst_arc=(l2,l9,tr1)

  [layered_xlarge_seed4 w=1000 s2=off_off] Stage 2 solve (enc=stage2_packing.lp)...
  cmd: clingcon /tmp/s2_facts_6oqg9nen.lp /home/racquelnina/MultiNetworkBatchingUsingASP/src/experiments/two_stage/final/encodings/stage2_packing.lp -c weight=1000 -c hetero_on=0 -c concentrated_on=0 --time-limit=600 --outf=2 -t 1 --configuration=many
  [clingcon stderr] *** Info : (clingcon): Sending shutdown signal...
  [clingcon stderr] *** ERROR: (clingcon): solving stopped by signal
  [clingcon stderr] *** Info : (clingcon): Shutdown completed in 0.000 seconds
  mono=17  conc=89  optimal=False
  R_1=0.7333  worst_trip=(l3,l9,tr2,k4)
  K_1=0.7333
  R_alpha: heaviest_single_0.2=0.5333  heaviest_global_0.2=0.0
  First solution: R_1=0.8667  R_TR=0.4667  s1_time=0.527  s2_time=0.05

  [layered_xlarge_seed4 w=1000 s2=hetero] Stage 2 solve (enc=stage2_packing.lp)...
  cmd: clingcon /tmp/s2_facts__v2feu2o.lp /home/racquelnina/MultiNetworkBatchingUsingASP/src/experiments/two_stage/final/encodings/stage2_packing.lp -c weight=1000 -c hetero_on=1 -c concentrated_on=0 --time-limit=600 --outf=2 -t 1 --configuration=many
  [clingcon stderr] *** Info : (clingcon): Sending shutdown signal...
  [clingcon stderr] *** ERROR: (clingcon): solving stopped by signal
  [clingcon stderr] *** Info : (clingcon): Shutdown completed in 0.000 seconds
  mono=5  conc=88  optimal=False
  R_1=0.7667  worst_trip=(l3,l9,tr2,k4)
  K_1=0.7667
  R_alpha: heaviest_single_0.2=0.5  heaviest_global_0.2=0.0
  First solution: R_1=0.8667  R_TR=0.4667  s1_time=0.527  s2_time=0.05

  [layered_xlarge_seed4 w=1000 s2=conc] Stage 2 solve (enc=stage2_packing.lp)...
  cmd: clingcon /tmp/s2_facts_u7qc0gq8.lp /home/racquelnina/MultiNetworkBatchingUsingASP/src/experiments/two_stage/final/encodings/stage2_packing.lp -c weight=1000 -c hetero_on=0 -c concentrated_on=1 --time-limit=600 --outf=2 -t 1 --configuration=many
  [clingcon stderr] *** Info : (clingcon): Sending shutdown signal...
  [clingcon stderr] *** ERROR: (clingcon): solving stopped by signal
  [clingcon stderr] *** Info : (clingcon): Shutdown completed in 0.001 seconds
  mono=35  conc=82  optimal=False
  R_1=0.7667  worst_trip=(l2,l9,tr1,k4)
  K_1=0.7667
  R_alpha: heaviest_single_0.2=0.5333  heaviest_global_0.2=0.0
  First solution: R_1=0.8667  R_TR=0.4667  s1_time=0.527  s2_time=0.049

  [layered_xlarge_seed4 w=1000 s2=both] Stage 2 solve (enc=stage2_packing.lp)...
  cmd: clingcon /tmp/s2_facts_c97z4w8c.lp /home/racquelnina/MultiNetworkBatchingUsingASP/src/experiments/two_stage/final/encodings/stage2_packing.lp -c weight=1000 -c hetero_on=1 -c concentrated_on=1 --time-limit=600 --outf=2 -t 1 --configuration=many
  [clingcon stderr] *** Info : (clingcon): Sending shutdown signal...
  [clingcon stderr] *** ERROR: (clingcon): solving stopped by signal
  [clingcon stderr] *** Info : (clingcon): Shutdown completed in 0.000 seconds
  mono=29  conc=83  optimal=False
  R_1=0.7333  worst_trip=(l3,l9,tr2,k4)
  K_1=0.7333
  R_alpha: heaviest_single_0.2=0.5667  heaviest_global_0.2=0.0
  First solution: R_1=0.8667  R_TR=0.4667  s1_time=0.527  s2_time=0.045

  [layered_xlarge_seed4 w=2000] Stage 1 solve (limit=600s, enc=stage_1_flow.lp)...
  cmd: clingcon /home/racquelnina/MultiNetworkBatchingUsingASP/src/experiments/two_stage/final/encodings/stage_1_flow.lp /home/racquelnina/MultiNetworkBatchingUsingASP/src/instances/generated/layered_xlarge_seed4.lp -c weight=2000 -c max_freq=20 -c exposure_n=3 -c use_exposure=1 -c cap_size_divide=1 --time-limit=600 --outf=2 -t 1 --configuration=many
  [clingcon stderr] *** Info : (clingcon): Sending shutdown signal...
  [clingcon stderr] *** ERROR: (clingcon): solving stopped by signal
  [clingcon stderr] *** Info : (clingcon): Shutdown completed in 0.008 seconds
  Stage 1: cost=19635  routes=51  loads=123  optimal=False
  R_TR=0.6333  worst_arc=(l3,l8,tr3)

  [layered_xlarge_seed4 w=2000 s2=off_off] Stage 2 solve (enc=stage2_packing.lp)...
  cmd: clingcon /tmp/s2_facts_b4yb9blc.lp /home/racquelnina/MultiNetworkBatchingUsingASP/src/experiments/two_stage/final/encodings/stage2_packing.lp -c weight=2000 -c hetero_on=0 -c concentrated_on=0 --time-limit=600 --outf=2 -t 1 --configuration=many