nohup: ignoring input
══════════════════════════════════════════════════════════════════════
  FINAL TWO-STAGE EXPERIMENT
══════════════════════════════════════════════════════════════════════
  Stage 1 encoding: stage_1_flow.lp
  Stage 2 encoding: stage2_packing.lp
  Instances:        5
  Weights:          [0, 300, 500, 750, 1000]
  Exposure N:       3
  S2 configs:       ['off_off', 'hetero', 'conc', 'both']
  Total runs:       100
  Output:           experiments/two_stage/final/results/sweep_small.csv
══════════════════════════════════════════════════════════════════════

══════════════════════════════════════════════════════════════════════
  Instance: layered_small_seed1  (type=layered, size=small, seed=1, time_limit=60s
══════════════════════════════════════════════════════════════════════
  Parsed: 2 parts, 17 routes

  [layered_small_seed1 w=0] Stage 1 solve (limit=60s, enc=stage_1_flow.lp)...
  cmd: clingcon /home/racquelnina/MultiNetworkBatchingUsingASP/src/experiments/two_stage/final/encodings/stage_1_flow.lp /home/racquelnina/MultiNetworkBatchingUsingASP/src/instances/generated/layered_small_seed1.lp -c weight=0 -c max_freq=20 -c exposure_n=3 -c use_exposure=1 -c cap_size_divide=1 --time-limit=60 --outf=2 -t 1 --configuration=many
  Stage 1: cost=4002  routes=6  loads=11  optimal=True
  R_TR=0.4667  worst_arc=(l2,l4,tr1)

  [layered_small_seed1 w=0 s2=off_off] Stage 2 solve (enc=stage2_packing.lp)...
  cmd: clingcon /tmp/s2_facts_m4brbl8i.lp /home/racquelnina/MultiNetworkBatchingUsingASP/src/experiments/two_stage/final/encodings/stage2_packing.lp -c weight=0 -c hetero_on=0 -c concentrated_on=0 --time-limit=60 --outf=2 -t 1 --configuration=many
  [clingcon stderr] *** Info : (clingcon): Sending shutdown signal...
  [clingcon stderr] *** ERROR: (clingcon): solving stopped by signal
  [clingcon stderr] *** Info : (clingcon): Shutdown completed in 0.000 seconds
  mono=4  conc=4  optimal=False
  R_1=0.8  worst_trip=(l4,l5,tr1,k1)
  K_1=0.8

  [layered_small_seed1 w=0 s2=hetero] Stage 2 solve (enc=stage2_packing.lp)...
  cmd: clingcon /tmp/s2_facts_aj3dvoo5.lp /home/racquelnina/MultiNetworkBatchingUsingASP/src/experiments/two_stage/final/encodings/stage2_packing.lp -c weight=0 -c hetero_on=1 -c concentrated_on=0 --time-limit=60 --outf=2 -t 1 --configuration=many
  [clingcon stderr] *** Info : (clingcon): Sending shutdown signal...
  [clingcon stderr] *** ERROR: (clingcon): solving stopped by signal
  [clingcon stderr] *** Info : (clingcon): Shutdown completed in 0.000 seconds
  mono=0  conc=4  optimal=False
  R_1=0.8333  worst_trip=(l3,l5,tr1,k1)
  K_1=0.8333

  [layered_small_seed1 w=0 s2=conc] Stage 2 solve (enc=stage2_packing.lp)...
  cmd: clingcon /tmp/s2_facts_xmk7vjcs.lp /home/racquelnina/MultiNetworkBatchingUsingASP/src/experiments/two_stage/final/encodings/stage2_packing.lp -c weight=0 -c hetero_on=0 -c concentrated_on=1 --time-limit=60 --outf=2 -t 1 --configuration=many
  [clingcon stderr] *** Info : (clingcon): Sending shutdown signal...
  [clingcon stderr] *** ERROR: (clingcon): solving stopped by signal
  [clingcon stderr] *** Info : (clingcon): Shutdown completed in 0.001 seconds
  mono=3  conc=4  optimal=False
  R_1=0.8333  worst_trip=(l4,l5,tr1,k2)
  K_1=0.8333

  [layered_small_seed1 w=0 s2=both] Stage 2 solve (enc=stage2_packing.lp)...
  cmd: clingcon /tmp/s2_facts_jgan2nv8.lp /home/racquelnina/MultiNetworkBatchingUsingASP/src/experiments/two_stage/final/encodings/stage2_packing.lp -c weight=0 -c hetero_on=1 -c concentrated_on=1 --time-limit=60 --outf=2 -t 1 --configuration=many
  [clingcon stderr] *** Info : (clingcon): Sending shutdown signal...
  [clingcon stderr] *** ERROR: (clingcon): solving stopped by signal
  [clingcon stderr] *** Info : (clingcon): Shutdown completed in 0.001 seconds
  mono=2  conc=4  optimal=False
  R_1=0.8  worst_trip=(l2,l4,tr1,k9)
  K_1=0.8

  [layered_small_seed1 w=300] Stage 1 solve (limit=60s, enc=stage_1_flow.lp)...
  cmd: clingcon /home/racquelnina/MultiNetworkBatchingUsingASP/src/experiments/two_stage/final/encodings/stage_1_flow.lp /home/racquelnina/MultiNetworkBatchingUsingASP/src/instances/generated/layered_small_seed1.lp -c weight=300 -c max_freq=20 -c exposure_n=3 -c use_exposure=1 -c cap_size_divide=1 --time-limit=60 --outf=2 -t 1 --configuration=many
  [clingcon stderr] *** Info : (clingcon): Sending shutdown signal...
  [clingcon stderr] *** ERROR: (clingcon): solving stopped by signal
  [clingcon stderr] *** Info : (clingcon): Shutdown completed in 0.000 seconds
  Stage 1: cost=5070  routes=10  loads=18  optimal=False
  R_TR=0.4333  worst_arc=(l2,l4,tr1)

  [layered_small_seed1 w=300 s2=off_off] Stage 2 solve (enc=stage2_packing.lp)...
  cmd: clingcon /tmp/s2_facts_fn4xwigk.lp /home/racquelnina/MultiNetworkBatchingUsingASP/src/experiments/two_stage/final/encodings/stage2_packing.lp -c weight=300 -c hetero_on=0 -c concentrated_on=0 --time-limit=60 --outf=2 -t 1 --configuration=many
  mono=4  conc=12  optimal=True
  R_1=0.8333  worst_trip=(l2,l4,tr1,k6)
  K_1=0.8333

  [layered_small_seed1 w=300 s2=hetero] Stage 2 solve (enc=stage2_packing.lp)...
  cmd: clingcon /tmp/s2_facts_my02c5v2.lp /home/racquelnina/MultiNetworkBatchingUsingASP/src/experiments/two_stage/final/encodings/stage2_packing.lp -c weight=300 -c hetero_on=1 -c concentrated_on=0 --time-limit=60 --outf=2 -t 1 --configuration=many
  mono=1  conc=12  optimal=True
  R_1=0.8333  worst_trip=(l2,l4,tr1,k6)
  K_1=0.8333

  [layered_small_seed1 w=300 s2=conc] Stage 2 solve (enc=stage2_packing.lp)...
  cmd: clingcon /tmp/s2_facts_cath7j4e.lp /home/racquelnina/MultiNetworkBatchingUsingASP/src/experiments/two_stage/final/encodings/stage2_packing.lp -c weight=300 -c hetero_on=0 -c concentrated_on=1 --time-limit=60 --outf=2 -t 1 --configuration=many
  [clingcon stderr] *** Info : (clingcon): Sending shutdown signal...
  [clingcon stderr] *** ERROR: (clingcon): solving stopped by signal
  [clingcon stderr] *** Info : (clingcon): Shutdown completed in 0.001 seconds
  mono=7  conc=12  optimal=False
  R_1=0.8  worst_trip=(l4,l5,tr1,k4)
  K_1=0.8

  [layered_small_seed1 w=300 s2=both] Stage 2 solve (enc=stage2_packing.lp)...
  cmd: clingcon /tmp/s2_facts_5wcsocvi.lp /home/racquelnina/MultiNetworkBatchingUsingASP/src/experiments/two_stage/final/encodings/stage2_packing.lp -c weight=300 -c hetero_on=1 -c concentrated_on=1 --time-limit=60 --outf=2 -t 1 --configuration=many
  [clingcon stderr] *** Info : (clingcon): Sending shutdown signal...
  [clingcon stderr] *** ERROR: (clingcon): solving stopped by signal
  [clingcon stderr] *** Info : (clingcon): Shutdown completed in 0.006 seconds
  mono=3  conc=10  optimal=False
  R_1=0.8333  worst_trip=(l4,l6,tr1,k3)
  K_1=0.8333

  [layered_small_seed1 w=500] Stage 1 solve (limit=60s, enc=stage_1_flow.lp)...
  cmd: clingcon /home/racquelnina/MultiNetworkBatchingUsingASP/src/experiments/two_stage/final/encodings/stage_1_flow.lp /home/racquelnina/MultiNetworkBatchingUsingASP/src/instances/generated/layered_small_seed1.lp -c weight=500 -c max_freq=20 -c exposure_n=3 -c use_exposure=1 -c cap_size_divide=1 --time-limit=60 --outf=2 -t 1 --configuration=many
  [clingcon stderr] *** Info : (clingcon): Sending shutdown signal...
  [clingcon stderr] *** ERROR: (clingcon): solving stopped by signal
  [clingcon stderr] *** Info : (clingcon): Shutdown completed in 0.003 seconds
  Stage 1: cost=5120  routes=10  loads=19  optimal=False
  R_TR=0.6667  worst_arc=(l2,l4,tr1)

  [layered_small_seed1 w=500 s2=off_off] Stage 2 solve (enc=stage2_packing.lp)...
  cmd: clingcon /tmp/s2_facts_bpz64j4l.lp /home/racquelnina/MultiNetworkBatchingUsingASP/src/experiments/two_stage/final/encodings/stage2_packing.lp -c weight=500 -c hetero_on=0 -c concentrated_on=0 --time-limit=60 --outf=2 -t 1 --configuration=many
  mono=7  conc=19  optimal=True
  R_1=0.8333  worst_trip=(l2,l4,tr1,k3)
  K_1=0.8333

  [layered_small_seed1 w=500 s2=hetero] Stage 2 solve (enc=stage2_packing.lp)...
  cmd: clingcon /tmp/s2_facts_chsmrl4t.lp /home/racquelnina/MultiNetworkBatchingUsingASP/src/experiments/two_stage/final/encodings/stage2_packing.lp -c weight=500 -c hetero_on=1 -c concentrated_on=0 --time-limit=60 --outf=2 -t 1 --configuration=many
  mono=1  conc=21  optimal=True
  R_1=0.8333  worst_trip=(l4,l5,tr1,k2)
  K_1=0.8333

  [layered_small_seed1 w=500 s2=conc] Stage 2 solve (enc=stage2_packing.lp)...
  cmd: clingcon /tmp/s2_facts_6uxc9z02.lp /home/racquelnina/MultiNetworkBatchingUsingASP/src/experiments/two_stage/final/encodings/stage2_packing.lp -c weight=500 -c hetero_on=0 -c concentrated_on=1 --time-limit=60 --outf=2 -t 1 --configuration=many
  [clingcon stderr] *** Info : (clingcon): Sending shutdown signal...
  [clingcon stderr] *** ERROR: (clingcon): solving stopped by signal
  [clingcon stderr] *** Info : (clingcon): Shutdown completed in 0.015 seconds
  mono=4  conc=16  optimal=False
  R_1=0.8333  worst_trip=(l3,l5,tr1,k2)
  K_1=0.8333

  [layered_small_seed1 w=500 s2=both] Stage 2 solve (enc=stage2_packing.lp)...
  cmd: clingcon /tmp/s2_facts_y36q_1uz.lp /home/racquelnina/MultiNetworkBatchingUsingASP/src/experiments/two_stage/final/encodings/stage2_packing.lp -c weight=500 -c hetero_on=1 -c concentrated_on=1 --time-limit=60 --outf=2 -t 1 --configuration=many
  [clingcon stderr] *** Info : (clingcon): Sending shutdown signal...
  [clingcon stderr] *** ERROR: (clingcon): solving stopped by signal
  [clingcon stderr] *** Info : (clingcon): Shutdown completed in 0.000 seconds
  mono=2  conc=19  optimal=False
  R_1=0.8333  worst_trip=(l3,l5,tr1,k4)
  K_1=0.8333

  [layered_small_seed1 w=750] Stage 1 solve (limit=60s, enc=stage_1_flow.lp)...
  cmd: clingcon /home/racquelnina/MultiNetworkBatchingUsingASP/src/experiments/two_stage/final/encodings/stage_1_flow.lp /home/racquelnina/MultiNetworkBatchingUsingASP/src/instances/generated/layered_small_seed1.lp -c weight=750 -c max_freq=20 -c exposure_n=3 -c use_exposure=1 -c cap_size_divide=1 --time-limit=60 --outf=2 -t 1 --configuration=many
  [clingcon stderr] *** Info : (clingcon): Sending shutdown signal...
  [clingcon stderr] *** ERROR: (clingcon): solving stopped by signal
  [clingcon stderr] *** Info : (clingcon): Shutdown completed in 0.000 seconds
  Stage 1: cost=5072  routes=9  loads=18  optimal=False
  R_TR=0.6667  worst_arc=(l1,l3,tr2)

  [layered_small_seed1 w=750 s2=off_off] Stage 2 solve (enc=stage2_packing.lp)...
  cmd: clingcon /tmp/s2_facts_yj79_s2g.lp /home/racquelnina/MultiNetworkBatchingUsingASP/src/experiments/two_stage/final/encodings/stage2_packing.lp -c weight=750 -c hetero_on=0 -c concentrated_on=0 --time-limit=60 --outf=2 -t 1 --configuration=many
  mono=1  conc=14  optimal=True
  R_1=0.8333  worst_trip=(l3,l5,tr1,k1)
  K_1=0.8333

  [layered_small_seed1 w=750 s2=hetero] Stage 2 solve (enc=stage2_packing.lp)...
  cmd: clingcon /tmp/s2_facts_1rfv7dyj.lp /home/racquelnina/MultiNetworkBatchingUsingASP/src/experiments/two_stage/final/encodings/stage2_packing.lp -c weight=750 -c hetero_on=1 -c concentrated_on=0 --time-limit=60 --outf=2 -t 1 --configuration=many
  mono=0  conc=14  optimal=True
  R_1=0.8333  worst_trip=(l4,l5,tr1,k4)
  K_1=0.8333

  [layered_small_seed1 w=750 s2=conc] Stage 2 solve (enc=stage2_packing.lp)...
  cmd: clingcon /tmp/s2_facts_vrdjrajz.lp /home/racquelnina/MultiNetworkBatchingUsingASP/src/experiments/two_stage/final/encodings/stage2_packing.lp -c weight=750 -c hetero_on=0 -c concentrated_on=1 --time-limit=60 --outf=2 -t 1 --configuration=many
  [clingcon stderr] *** Info : (clingcon): Sending shutdown signal...
  [clingcon stderr] *** ERROR: (clingcon): solving stopped by signal
  [clingcon stderr] *** Info : (clingcon): Shutdown completed in 0.000 seconds
  mono=5  conc=15  optimal=False
  R_1=0.8  worst_trip=(l3,l5,tr1,k1)
  K_1=0.8

  [layered_small_seed1 w=750 s2=both] Stage 2 solve (enc=stage2_packing.lp)...
  cmd: clingcon /tmp/s2_facts_bkwbxgf1.lp /home/racquelnina/MultiNetworkBatchingUsingASP/src/experiments/two_stage/final/encodings/stage2_packing.lp -c weight=750 -c hetero_on=1 -c concentrated_on=1 --time-limit=60 --outf=2 -t 1 --configuration=many
  [clingcon stderr] *** Info : (clingcon): Sending shutdown signal...
  [clingcon stderr] *** ERROR: (clingcon): solving stopped by signal
  [clingcon stderr] *** Info : (clingcon): Shutdown completed in 0.003 seconds
  mono=2  conc=16  optimal=False
  R_1=0.8  worst_trip=(l2,l4,tr1,k5)
  K_1=0.8

  [layered_small_seed1 w=1000] Stage 1 solve (limit=60s, enc=stage_1_flow.lp)...
  cmd: clingcon /home/racquelnina/MultiNetworkBatchingUsingASP/src/experiments/two_stage/final/encodings/stage_1_flow.lp /home/racquelnina/MultiNetworkBatchingUsingASP/src/instances/generated/layered_small_seed1.lp -c weight=1000 -c max_freq=20 -c exposure_n=3 -c use_exposure=1 -c cap_size_divide=1 --time-limit=60 --outf=2 -t 1 --configuration=many
  Stage 1: cost=5072  routes=9  loads=18  optimal=True
  R_TR=0.6667  worst_arc=(l1,l3,tr2)

  [layered_small_seed1 w=1000 s2=off_off] Stage 2 solve (enc=stage2_packing.lp)...
  cmd: clingcon /tmp/s2_facts_cmznk7_y.lp /home/racquelnina/MultiNetworkBatchingUsingASP/src/experiments/two_stage/final/encodings/stage2_packing.lp -c weight=1000 -c hetero_on=0 -c concentrated_on=0 --time-limit=60 --outf=2 -t 1 --configuration=many
  mono=1  conc=14  optimal=True
  R_1=0.8333  worst_trip=(l3,l5,tr1,k1)
  K_1=0.8333

  [layered_small_seed1 w=1000 s2=hetero] Stage 2 solve (enc=stage2_packing.lp)...
  cmd: clingcon /tmp/s2_facts_0abfyers.lp /home/racquelnina/MultiNetworkBatchingUsingASP/src/experiments/two_stage/final/encodings/stage2_packing.lp -c weight=1000 -c hetero_on=1 -c concentrated_on=0 --time-limit=60 --outf=2 -t 1 --configuration=many
  mono=0  conc=14  optimal=True
  R_1=0.8333  worst_trip=(l4,l5,tr1,k4)
  K_1=0.8333

  [layered_small_seed1 w=1000 s2=conc] Stage 2 solve (enc=stage2_packing.lp)...
  cmd: clingcon /tmp/s2_facts_drqogcry.lp /home/racquelnina/MultiNetworkBatchingUsingASP/src/experiments/two_stage/final/encodings/stage2_packing.lp -c weight=1000 -c hetero_on=0 -c concentrated_on=1 --time-limit=60 --outf=2 -t 1 --configuration=many
  [clingcon stderr] *** Info : (clingcon): Sending shutdown signal...
  [clingcon stderr] *** ERROR: (clingcon): solving stopped by signal
  [clingcon stderr] *** Info : (clingcon): Shutdown completed in 0.058 seconds
  mono=7  conc=15  optimal=False
  R_1=0.8  worst_trip=(l2,l4,tr1,k3)
  K_1=0.8

  [layered_small_seed1 w=1000 s2=both] Stage 2 solve (enc=stage2_packing.lp)...
  cmd: clingcon /tmp/s2_facts_s0xx72lv.lp /home/racquelnina/MultiNetworkBatchingUsingASP/src/experiments/two_stage/final/encodings/stage2_packing.lp -c weight=1000 -c hetero_on=1 -c concentrated_on=1 --time-limit=60 --outf=2 -t 1 --configuration=many
  [clingcon stderr] *** Info : (clingcon): Sending shutdown signal...
  [clingcon stderr] *** ERROR: (clingcon): solving stopped by signal
  [clingcon stderr] *** Info : (clingcon): Shutdown completed in 0.000 seconds
  mono=2  conc=13  optimal=False
  R_1=0.8  worst_trip=(l2,l4,tr1,k5)
  K_1=0.8

══════════════════════════════════════════════════════════════════════
  Instance: layered_small_seed2  (type=layered, size=small, seed=2, time_limit=60s
══════════════════════════════════════════════════════════════════════
  Parsed: 2 parts, 22 routes

  [layered_small_seed2 w=0] Stage 1 solve (limit=60s, enc=stage_1_flow.lp)...
  cmd: clingcon /home/racquelnina/MultiNetworkBatchingUsingASP/src/experiments/two_stage/final/encodings/stage_1_flow.lp /home/racquelnina/MultiNetworkBatchingUsingASP/src/instances/generated/layered_small_seed2.lp -c weight=0 -c max_freq=20 -c exposure_n=3 -c use_exposure=1 -c cap_size_divide=1 --time-limit=60 --outf=2 -t 1 --configuration=many
  Stage 1: cost=1707  routes=5  loads=9  optimal=True
  R_TR=0.3667  worst_arc=(l1,l6,tr1)

  [layered_small_seed2 w=0 s2=off_off] Stage 2 solve (enc=stage2_packing.lp)...
  cmd: clingcon /tmp/s2_facts_99l1hjm5.lp /home/racquelnina/MultiNetworkBatchingUsingASP/src/experiments/two_stage/final/encodings/stage2_packing.lp -c weight=0 -c hetero_on=0 -c concentrated_on=0 --time-limit=60 --outf=2 -t 1 --configuration=many
  mono=4  conc=3  optimal=True
  R_1=0.7667  worst_trip=(l1,l6,tr1,k4)
  K_1=0.7667

  [layered_small_seed2 w=0 s2=hetero] Stage 2 solve (enc=stage2_packing.lp)...
  cmd: clingcon /tmp/s2_facts_84gwa8hd.lp /home/racquelnina/MultiNetworkBatchingUsingASP/src/experiments/two_stage/final/encodings/stage2_packing.lp -c weight=0 -c hetero_on=1 -c concentrated_on=0 --time-limit=60 --outf=2 -t 1 --configuration=many
  mono=0  conc=3  optimal=True
  R_1=0.8333  worst_trip=(l1,l6,tr1,k9)
  K_1=0.8333

  [layered_small_seed2 w=0 s2=conc] Stage 2 solve (enc=stage2_packing.lp)...
  cmd: clingcon /tmp/s2_facts_vsgnuhin.lp /home/racquelnina/MultiNetworkBatchingUsingASP/src/experiments/two_stage/final/encodings/stage2_packing.lp -c weight=0 -c hetero_on=0 -c concentrated_on=1 --time-limit=60 --outf=2 -t 1 --configuration=many
  [clingcon stderr] *** Info : (clingcon): Sending shutdown signal...
  [clingcon stderr] *** ERROR: (clingcon): solving stopped by signal
  [clingcon stderr] *** Info : (clingcon): Shutdown completed in 0.001 seconds
  mono=7  conc=5  optimal=False
  R_1=0.8333  worst_trip=(l1,l6,tr1,k5)
  K_1=0.8333

  [layered_small_seed2 w=0 s2=both] Stage 2 solve (enc=stage2_packing.lp)...
  cmd: clingcon /tmp/s2_facts_pjo8pkps.lp /home/racquelnina/MultiNetworkBatchingUsingASP/src/experiments/two_stage/final/encodings/stage2_packing.lp -c weight=0 -c hetero_on=1 -c concentrated_on=1 --time-limit=60 --outf=2 -t 1 --configuration=many
  [clingcon stderr] *** Info : (clingcon): Sending shutdown signal...
  [clingcon stderr] *** ERROR: (clingcon): solving stopped by signal
  [clingcon stderr] *** Info : (clingcon): Shutdown completed in 0.001 seconds
  mono=7  conc=5  optimal=False
  R_1=0.8333  worst_trip=(l1,l6,tr1,k1)
  K_1=0.8333

  [layered_small_seed2 w=300] Stage 1 solve (limit=60s, enc=stage_1_flow.lp)...
  cmd: clingcon /home/racquelnina/MultiNetworkBatchingUsingASP/src/experiments/two_stage/final/encodings/stage_1_flow.lp /home/racquelnina/MultiNetworkBatchingUsingASP/src/instances/generated/layered_small_seed2.lp -c weight=300 -c max_freq=20 -c exposure_n=3 -c use_exposure=1 -c cap_size_divide=1 --time-limit=60 --outf=2 -t 1 --configuration=many
  [clingcon stderr] *** Info : (clingcon): Sending shutdown signal...
  [clingcon stderr] *** ERROR: (clingcon): solving stopped by signal
  [clingcon stderr] *** Info : (clingcon): Shutdown completed in 0.001 seconds
  Stage 1: cost=2560  routes=8  loads=12  optimal=False
  R_TR=0.6667  worst_arc=(l1,l6,tr1)

  [layered_small_seed2 w=300 s2=off_off] Stage 2 solve (enc=stage2_packing.lp)...
  cmd: clingcon /tmp/s2_facts_qwladsmz.lp /home/racquelnina/MultiNetworkBatchingUsingASP/src/experiments/two_stage/final/encodings/stage2_packing.lp -c weight=300 -c hetero_on=0 -c concentrated_on=0 --time-limit=60 --outf=2 -t 1 --configuration=many
  mono=5  conc=14  optimal=True
  R_1=0.8333  worst_trip=(l2,l5,tr2,k8)
  K_1=0.8333

  [layered_small_seed2 w=300 s2=hetero] Stage 2 solve (enc=stage2_packing.lp)...
  cmd: clingcon /tmp/s2_facts_eq38glqt.lp /home/racquelnina/MultiNetworkBatchingUsingASP/src/experiments/two_stage/final/encodings/stage2_packing.lp -c weight=300 -c hetero_on=1 -c concentrated_on=0 --time-limit=60 --outf=2 -t 1 --configuration=many
  mono=0  conc=14  optimal=True
  R_1=0.8667  worst_trip=(l1,l6,tr1,k5)
  K_1=0.8667

  [layered_small_seed2 w=300 s2=conc] Stage 2 solve (enc=stage2_packing.lp)...
  cmd: clingcon /tmp/s2_facts_fa91t67h.lp /home/racquelnina/MultiNetworkBatchingUsingASP/src/experiments/two_stage/final/encodings/stage2_packing.lp -c weight=300 -c hetero_on=0 -c concentrated_on=1 --time-limit=60 --outf=2 -t 1 --configuration=many
  mono=0  conc=13  optimal=True
  R_1=0.8333  worst_trip=(l1,l6,tr1,k5)
  K_1=0.8333

  [layered_small_seed2 w=300 s2=both] Stage 2 solve (enc=stage2_packing.lp)...
  cmd: clingcon /tmp/s2_facts_c3ljgjwl.lp /home/racquelnina/MultiNetworkBatchingUsingASP/src/experiments/two_stage/final/encodings/stage2_packing.lp -c weight=300 -c hetero_on=1 -c concentrated_on=1 --time-limit=60 --outf=2 -t 1 --configuration=many
  mono=0  conc=12  optimal=True
  R_1=0.8333  worst_trip=(l1,l6,tr1,k2)
  K_1=0.8333

  [layered_small_seed2 w=500] Stage 1 solve (limit=60s, enc=stage_1_flow.lp)...
  cmd: clingcon /home/racquelnina/MultiNetworkBatchingUsingASP/src/experiments/two_stage/final/encodings/stage_1_flow.lp /home/racquelnina/MultiNetworkBatchingUsingASP/src/instances/generated/layered_small_seed2.lp -c weight=500 -c max_freq=20 -c exposure_n=3 -c use_exposure=1 -c cap_size_divide=1 --time-limit=60 --outf=2 -t 1 --configuration=many
  [clingcon stderr] *** Info : (clingcon): Sending shutdown signal...
  [clingcon stderr] *** ERROR: (clingcon): solving stopped by signal
  [clingcon stderr] *** Info : (clingcon): Shutdown completed in 0.003 seconds
  Stage 1: cost=2560  routes=8  loads=12  optimal=False
  R_TR=0.6667  worst_arc=(l1,l6,tr1)

  [layered_small_seed2 w=500 s2=off_off] Stage 2 solve (enc=stage2_packing.lp)...
  cmd: clingcon /tmp/s2_facts_if993_l_.lp /home/racquelnina/MultiNetworkBatchingUsingASP/src/experiments/two_stage/final/encodings/stage2_packing.lp -c weight=500 -c hetero_on=0 -c concentrated_on=0 --time-limit=60 --outf=2 -t 1 --configuration=many
  mono=5  conc=14  optimal=True
  R_1=0.8333  worst_trip=(l2,l5,tr2,k8)
  K_1=0.8333

  [layered_small_seed2 w=500 s2=hetero] Stage 2 solve (enc=stage2_packing.lp)...
  cmd: clingcon /tmp/s2_facts_d4wfiujd.lp /home/racquelnina/MultiNetworkBatchingUsingASP/src/experiments/two_stage/final/encodings/stage2_packing.lp -c weight=500 -c hetero_on=1 -c concentrated_on=0 --time-limit=60 --outf=2 -t 1 --configuration=many
  mono=0  conc=14  optimal=True
  R_1=0.8667  worst_trip=(l4,l6,tr2,k2)
  K_1=0.8667

  [layered_small_seed2 w=500 s2=conc] Stage 2 solve (enc=stage2_packing.lp)...
  cmd: clingcon /tmp/s2_facts_h0gcyxo0.lp /home/racquelnina/MultiNetworkBatchingUsingASP/src/experiments/two_stage/final/encodings/stage2_packing.lp -c weight=500 -c hetero_on=0 -c concentrated_on=1 --time-limit=60 --outf=2 -t 1 --configuration=many
  mono=0  conc=13  optimal=True
  R_1=0.8333  worst_trip=(l1,l6,tr1,k5)
  K_1=0.8333

  [layered_small_seed2 w=500 s2=both] Stage 2 solve (enc=stage2_packing.lp)...
  cmd: clingcon /tmp/s2_facts_rlivm19i.lp /home/racquelnina/MultiNetworkBatchingUsingASP/src/experiments/two_stage/final/encodings/stage2_packing.lp -c weight=500 -c hetero_on=1 -c concentrated_on=1 --time-limit=60 --outf=2 -t 1 --configuration=many
  mono=0  conc=12  optimal=True
  R_1=0.8333  worst_trip=(l4,l6,tr2,k1)
  K_1=0.8333

  [layered_small_seed2 w=750] Stage 1 solve (limit=60s, enc=stage_1_flow.lp)...
  cmd: clingcon /home/racquelnina/MultiNetworkBatchingUsingASP/src/experiments/two_stage/final/encodings/stage_1_flow.lp /home/racquelnina/MultiNetworkBatchingUsingASP/src/instances/generated/layered_small_seed2.lp -c weight=750 -c max_freq=20 -c exposure_n=3 -c use_exposure=1 -c cap_size_divide=1 --time-limit=60 --outf=2 -t 1 --configuration=many
  [clingcon stderr] *** Info : (clingcon): Sending shutdown signal...
  [clingcon stderr] *** ERROR: (clingcon): solving stopped by signal
  [clingcon stderr] *** Info : (clingcon): Shutdown completed in 0.000 seconds
  Stage 1: cost=4642  routes=10  loads=19  optimal=False
  R_TR=0.6667  worst_arc=(l1,l6,tr1)

  [layered_small_seed2 w=750 s2=off_off] Stage 2 solve (enc=stage2_packing.lp)...
  cmd: clingcon /tmp/s2_facts_tiw_bgq2.lp /home/racquelnina/MultiNetworkBatchingUsingASP/src/experiments/two_stage/final/encodings/stage2_packing.lp -c weight=750 -c hetero_on=0 -c concentrated_on=0 --time-limit=60 --outf=2 -t 1 --configuration=many
  mono=4  conc=13  optimal=True
  R_1=0.8333  worst_trip=(l4,l6,tr2,k1)
  K_1=0.8333

  [layered_small_seed2 w=750 s2=hetero] Stage 2 solve (enc=stage2_packing.lp)...
  cmd: clingcon /tmp/s2_facts_zwtoq792.lp /home/racquelnina/MultiNetworkBatchingUsingASP/src/experiments/two_stage/final/encodings/stage2_packing.lp -c weight=750 -c hetero_on=1 -c concentrated_on=0 --time-limit=60 --outf=2 -t 1 --configuration=many
  mono=3  conc=12  optimal=True
  R_1=0.8333  worst_trip=(l4,l6,tr2,k2)
  K_1=0.8333

  [layered_small_seed2 w=750 s2=conc] Stage 2 solve (enc=stage2_packing.lp)...
  cmd: clingcon /tmp/s2_facts_jzt3jy1k.lp /home/racquelnina/MultiNetworkBatchingUsingASP/src/experiments/two_stage/final/encodings/stage2_packing.lp -c weight=750 -c hetero_on=0 -c concentrated_on=1 --time-limit=60 --outf=2 -t 1 --configuration=many
  [clingcon stderr] *** Info : (clingcon): Sending shutdown signal...
  [clingcon stderr] *** ERROR: (clingcon): solving stopped by signal
  [clingcon stderr] *** Info : (clingcon): Shutdown completed in 0.001 seconds
  mono=6  conc=12  optimal=False
  R_1=0.8333  worst_trip=(l4,l6,tr2,k2)
  K_1=0.8333

  [layered_small_seed2 w=750 s2=both] Stage 2 solve (enc=stage2_packing.lp)...
  cmd: clingcon /tmp/s2_facts__ag_w3dn.lp /home/racquelnina/MultiNetworkBatchingUsingASP/src/experiments/two_stage/final/encodings/stage2_packing.lp -c weight=750 -c hetero_on=1 -c concentrated_on=1 --time-limit=60 --outf=2 -t 1 --configuration=many
  [clingcon stderr] *** Info : (clingcon): Sending shutdown signal...
  [clingcon stderr] *** ERROR: (clingcon): solving stopped by signal
  [clingcon stderr] *** Info : (clingcon): Shutdown completed in 0.001 seconds
  mono=3  conc=12  optimal=False
  R_1=0.8333  worst_trip=(l4,l6,tr2,k1)
  K_1=0.8333

  [layered_small_seed2 w=1000] Stage 1 solve (limit=60s, enc=stage_1_flow.lp)...
  cmd: clingcon /home/racquelnina/MultiNetworkBatchingUsingASP/src/experiments/two_stage/final/encodings/stage_1_flow.lp /home/racquelnina/MultiNetworkBatchingUsingASP/src/instances/generated/layered_small_seed2.lp -c weight=1000 -c max_freq=20 -c exposure_n=3 -c use_exposure=1 -c cap_size_divide=1 --time-limit=60 --outf=2 -t 1 --configuration=many
  [clingcon stderr] *** Info : (clingcon): Sending shutdown signal...
  [clingcon stderr] *** ERROR: (clingcon): solving stopped by signal
  [clingcon stderr] *** Info : (clingcon): Shutdown completed in 0.000 seconds
  Stage 1: cost=2601  routes=8  loads=15  optimal=False
  R_TR=0.6667  worst_arc=(l1,l4,tr2)

  [layered_small_seed2 w=1000 s2=off_off] Stage 2 solve (enc=stage2_packing.lp)...
  cmd: clingcon /tmp/s2_facts_ppjduuo6.lp /home/racquelnina/MultiNetworkBatchingUsingASP/src/experiments/two_stage/final/encodings/stage2_packing.lp -c weight=1000 -c hetero_on=0 -c concentrated_on=0 --time-limit=60 --outf=2 -t 1 --configuration=many
  mono=1  conc=9  optimal=True
  R_1=0.8333  worst_trip=(l4,l6,tr2,k3)
  K_1=0.8333

  [layered_small_seed2 w=1000 s2=hetero] Stage 2 solve (enc=stage2_packing.lp)...
  cmd: clingcon /tmp/s2_facts_8bkyd7rt.lp /home/racquelnina/MultiNetworkBatchingUsingASP/src/experiments/two_stage/final/encodings/stage2_packing.lp -c weight=1000 -c hetero_on=1 -c concentrated_on=0 --time-limit=60 --outf=2 -t 1 --configuration=many
  mono=0  conc=7  optimal=True
  R_1=0.9  worst_trip=(l4,l6,tr2,k4)
  K_1=0.9

  [layered_small_seed2 w=1000 s2=conc] Stage 2 solve (enc=stage2_packing.lp)...
  cmd: clingcon /tmp/s2_facts_g4ncaja6.lp /home/racquelnina/MultiNetworkBatchingUsingASP/src/experiments/two_stage/final/encodings/stage2_packing.lp -c weight=1000 -c hetero_on=0 -c concentrated_on=1 --time-limit=60 --outf=2 -t 1 --configuration=many
  [clingcon stderr] *** Info : (clingcon): Sending shutdown signal...
  [clingcon stderr] *** ERROR: (clingcon): solving stopped by signal
  [clingcon stderr] *** Info : (clingcon): Shutdown completed in 0.000 seconds
  mono=10  conc=14  optimal=False
  R_1=0.8667  worst_trip=(l4,l6,tr2,k4)
  K_1=0.8667

  [layered_small_seed2 w=1000 s2=both] Stage 2 solve (enc=stage2_packing.lp)...
  cmd: clingcon /tmp/s2_facts_x3ov1n_5.lp /home/racquelnina/MultiNetworkBatchingUsingASP/src/experiments/two_stage/final/encodings/stage2_packing.lp -c weight=1000 -c hetero_on=1 -c concentrated_on=1 --time-limit=60 --outf=2 -t 1 --configuration=many
  [clingcon stderr] *** Info : (clingcon): Sending shutdown signal...
  [clingcon stderr] *** ERROR: (clingcon): solving stopped by signal
  [clingcon stderr] *** Info : (clingcon): Shutdown completed in 0.000 seconds
  mono=13  conc=13  optimal=False
  R_1=0.8333  worst_trip=(l2,l5,tr2,k1)
  K_1=0.8333

══════════════════════════════════════════════════════════════════════
  Instance: layered_small_seed3  (type=layered, size=small, seed=3, time_limit=60s
══════════════════════════════════════════════════════════════════════
  Parsed: 2 parts, 17 routes

  [layered_small_seed3 w=0] Stage 1 solve (limit=60s, enc=stage_1_flow.lp)...
  cmd: clingcon /home/racquelnina/MultiNetworkBatchingUsingASP/src/experiments/two_stage/final/encodings/stage_1_flow.lp /home/racquelnina/MultiNetworkBatchingUsingASP/src/instances/generated/layered_small_seed3.lp -c weight=0 -c max_freq=20 -c exposure_n=3 -c use_exposure=1 -c cap_size_divide=1 --time-limit=60 --outf=2 -t 1 --configuration=many
  Stage 1: cost=5756  routes=5  loads=9  optimal=True
  R_TR=0.1667  worst_arc=(l4,l5,tr2)

  [layered_small_seed3 w=0 s2=off_off] Stage 2 solve (enc=stage2_packing.lp)...
  cmd: clingcon /tmp/s2_facts_xf9i_u2c.lp /home/racquelnina/MultiNetworkBatchingUsingASP/src/experiments/two_stage/final/encodings/stage2_packing.lp -c weight=0 -c hetero_on=0 -c concentrated_on=0 --time-limit=60 --outf=2 -t 1 --configuration=many
  [clingcon stderr] *** Info : (clingcon): Sending shutdown signal...
  [clingcon stderr] *** ERROR: (clingcon): solving stopped by signal
  [clingcon stderr] *** Info : (clingcon): Shutdown completed in 0.000 seconds
  mono=29  conc=2  optimal=False
  R_1=0.8667  worst_trip=(l1,l4,tr1,k1)
  K_1=0.8667

  [layered_small_seed3 w=0 s2=hetero] Stage 2 solve (enc=stage2_packing.lp)...
  cmd: clingcon /tmp/s2_facts_opamn62q.lp /home/racquelnina/MultiNetworkBatchingUsingASP/src/experiments/two_stage/final/encodings/stage2_packing.lp -c weight=0 -c hetero_on=1 -c concentrated_on=0 --time-limit=60 --outf=2 -t 1 --configuration=many
  [clingcon stderr] *** Info : (clingcon): Sending shutdown signal...
  [clingcon stderr] *** ERROR: (clingcon): solving stopped by signal
  [clingcon stderr] *** Info : (clingcon): Shutdown completed in 0.000 seconds
  mono=4  conc=0  optimal=False
  R_1=0.8667  worst_trip=(l1,l4,tr1,k4)
  K_1=0.8667

  [layered_small_seed3 w=0 s2=conc] Stage 2 solve (enc=stage2_packing.lp)...
  cmd: clingcon /tmp/s2_facts_s4tw4333.lp /home/racquelnina/MultiNetworkBatchingUsingASP/src/experiments/two_stage/final/encodings/stage2_packing.lp -c weight=0 -c hetero_on=0 -c concentrated_on=1 --time-limit=60 --outf=2 -t 1 --configuration=many
  [clingcon stderr] *** Info : (clingcon): Sending shutdown signal...
  [clingcon stderr] *** ERROR: (clingcon): solving stopped by signal
  [clingcon stderr] *** Info : (clingcon): Shutdown completed in 0.000 seconds
  mono=28  conc=2  optimal=False
  R_1=0.8667  worst_trip=(l1,l4,tr1,k3)
  K_1=0.8667

  [layered_small_seed3 w=0 s2=both] Stage 2 solve (enc=stage2_packing.lp)...
  cmd: clingcon /tmp/s2_facts_eigj3h2n.lp /home/racquelnina/MultiNetworkBatchingUsingASP/src/experiments/two_stage/final/encodings/stage2_packing.lp -c weight=0 -c hetero_on=1 -c concentrated_on=1 --time-limit=60 --outf=2 -t 1 --configuration=many
  [clingcon stderr] *** Info : (clingcon): Sending shutdown signal...
  [clingcon stderr] *** ERROR: (clingcon): solving stopped by signal
  [clingcon stderr] *** Info : (clingcon): Shutdown completed in 0.000 seconds
  mono=27  conc=2  optimal=False
  R_1=0.8667  worst_trip=(l1,l4,tr1,k5)
  K_1=0.8667

  [layered_small_seed3 w=300] Stage 1 solve (limit=60s, enc=stage_1_flow.lp)...
  cmd: clingcon /home/racquelnina/MultiNetworkBatchingUsingASP/src/experiments/two_stage/final/encodings/stage_1_flow.lp /home/racquelnina/MultiNetworkBatchingUsingASP/src/instances/generated/layered_small_seed3.lp -c weight=300 -c max_freq=20 -c exposure_n=3 -c use_exposure=1 -c cap_size_divide=1 --time-limit=60 --outf=2 -t 1 --configuration=many
  [clingcon stderr] *** Info : (clingcon): Sending shutdown signal...
  [clingcon stderr] *** ERROR: (clingcon): solving stopped by signal
  [clingcon stderr] *** Info : (clingcon): Shutdown completed in 0.000 seconds
  Stage 1: cost=6980  routes=11  loads=16  optimal=False
  R_TR=0.1667  worst_arc=(l4,l5,tr2)

  [layered_small_seed3 w=300 s2=off_off] Stage 2 solve (enc=stage2_packing.lp)...
  cmd: clingcon /tmp/s2_facts_zzayz52e.lp /home/racquelnina/MultiNetworkBatchingUsingASP/src/experiments/two_stage/final/encodings/stage2_packing.lp -c weight=300 -c hetero_on=0 -c concentrated_on=0 --time-limit=60 --outf=2 -t 1 --configuration=many
  [clingcon stderr] *** Info : (clingcon): Sending shutdown signal...
  [clingcon stderr] *** ERROR: (clingcon): solving stopped by signal
  [clingcon stderr] *** Info : (clingcon): Shutdown completed in 0.000 seconds
  mono=12  conc=11  optimal=False
  R_1=0.8667  worst_trip=(l3,l6,tr1,k2)
  K_1=0.8667

  [layered_small_seed3 w=300 s2=hetero] Stage 2 solve (enc=stage2_packing.lp)...
  cmd: clingcon /tmp/s2_facts_pgafffr8.lp /home/racquelnina/MultiNetworkBatchingUsingASP/src/experiments/two_stage/final/encodings/stage2_packing.lp -c weight=300 -c hetero_on=1 -c concentrated_on=0 --time-limit=60 --outf=2 -t 1 --configuration=many
  [clingcon stderr] *** Info : (clingcon): Sending shutdown signal...
  [clingcon stderr] *** ERROR: (clingcon): solving stopped by signal
  [clingcon stderr] *** Info : (clingcon): Shutdown completed in 0.000 seconds
  mono=3  conc=10  optimal=False
  R_1=0.8667  worst_trip=(l3,l6,tr1,k1)
  K_1=0.8667

  [layered_small_seed3 w=300 s2=conc] Stage 2 solve (enc=stage2_packing.lp)...
  cmd: clingcon /tmp/s2_facts_uw1ntvkz.lp /home/racquelnina/MultiNetworkBatchingUsingASP/src/experiments/two_stage/final/encodings/stage2_packing.lp -c weight=300 -c hetero_on=0 -c concentrated_on=1 --time-limit=60 --outf=2 -t 1 --configuration=many
  [clingcon stderr] *** Info : (clingcon): Sending shutdown signal...
  [clingcon stderr] *** ERROR: (clingcon): solving stopped by signal
  [clingcon stderr] *** Info : (clingcon): Shutdown completed in 0.000 seconds
  mono=23  conc=10  optimal=False
  R_1=0.8667  worst_trip=(l3,l6,tr1,k1)
  K_1=0.8667

  [layered_small_seed3 w=300 s2=both] Stage 2 solve (enc=stage2_packing.lp)...
  cmd: clingcon /tmp/s2_facts_o_z_nc1v.lp /home/racquelnina/MultiNetworkBatchingUsingASP/src/experiments/two_stage/final/encodings/stage2_packing.lp -c weight=300 -c hetero_on=1 -c concentrated_on=1 --time-limit=60 --outf=2 -t 1 --configuration=many
  [clingcon stderr] *** Info : (clingcon): Sending shutdown signal...
  [clingcon stderr] *** ERROR: (clingcon): solving stopped by signal
  [clingcon stderr] *** Info : (clingcon): Shutdown completed in 0.001 seconds
  mono=25  conc=10  optimal=False
  R_1=0.8667  worst_trip=(l2,l3,tr1,k5)
  K_1=0.8667

  [layered_small_seed3 w=500] Stage 1 solve (limit=60s, enc=stage_1_flow.lp)...
  cmd: clingcon /home/racquelnina/MultiNetworkBatchingUsingASP/src/experiments/two_stage/final/encodings/stage_1_flow.lp /home/racquelnina/MultiNetworkBatchingUsingASP/src/instances/generated/layered_small_seed3.lp -c weight=500 -c max_freq=20 -c exposure_n=3 -c use_exposure=1 -c cap_size_divide=1 --time-limit=60 --outf=2 -t 1 --configuration=many
  [clingcon stderr] *** Info : (clingcon): Sending shutdown signal...
  [clingcon stderr] *** ERROR: (clingcon): solving stopped by signal
  [clingcon stderr] *** Info : (clingcon): Shutdown completed in 0.000 seconds
  Stage 1: cost=7420  routes=10  loads=17  optimal=False
  R_TR=0.6667  worst_arc=(l2,l3,tr1)

  [layered_small_seed3 w=500 s2=off_off] Stage 2 solve (enc=stage2_packing.lp)...
  cmd: clingcon /tmp/s2_facts_n9b5emy5.lp /home/racquelnina/MultiNetworkBatchingUsingASP/src/experiments/two_stage/final/encodings/stage2_packing.lp -c weight=500 -c hetero_on=0 -c concentrated_on=0 --time-limit=60 --outf=2 -t 1 --configuration=many
  [clingcon stderr] *** Info : (clingcon): Sending shutdown signal...
  [clingcon stderr] *** ERROR: (clingcon): solving stopped by signal
  [clingcon stderr] *** Info : (clingcon): Shutdown completed in 0.000 seconds
  mono=14  conc=8  optimal=False
  R_1=0.8667  worst_trip=(l3,l5,tr1,k1)
  K_1=0.8667

  [layered_small_seed3 w=500 s2=hetero] Stage 2 solve (enc=stage2_packing.lp)...
  cmd: clingcon /tmp/s2_facts_2w88i6cv.lp /home/racquelnina/MultiNetworkBatchingUsingASP/src/experiments/two_stage/final/encodings/stage2_packing.lp -c weight=500 -c hetero_on=1 -c concentrated_on=0 --time-limit=60 --outf=2 -t 1 --configuration=many
  [clingcon stderr] *** Info : (clingcon): Sending shutdown signal...
  [clingcon stderr] *** ERROR: (clingcon): solving stopped by signal
  [clingcon stderr] *** Info : (clingcon): Shutdown completed in 0.881 seconds
  mono=5  conc=5  optimal=False
  R_1=0.8667  worst_trip=(l3,l5,tr1,k2)
  K_1=0.8667

  [layered_small_seed3 w=500 s2=conc] Stage 2 solve (enc=stage2_packing.lp)...
  cmd: clingcon /tmp/s2_facts_ipej2xhb.lp /home/racquelnina/MultiNetworkBatchingUsingASP/src/experiments/two_stage/final/encodings/stage2_packing.lp -c weight=500 -c hetero_on=0 -c concentrated_on=1 --time-limit=60 --outf=2 -t 1 --configuration=many
  [clingcon stderr] *** Info : (clingcon): Sending shutdown signal...
  [clingcon stderr] *** ERROR: (clingcon): solving stopped by signal
  [clingcon stderr] *** Info : (clingcon): Shutdown completed in 0.000 seconds
  mono=15  conc=7  optimal=False
  R_1=0.8667  worst_trip=(l3,l6,tr1,k1)
  K_1=0.8667

  [layered_small_seed3 w=500 s2=both] Stage 2 solve (enc=stage2_packing.lp)...
  cmd: clingcon /tmp/s2_facts_9d8tjkmu.lp /home/racquelnina/MultiNetworkBatchingUsingASP/src/experiments/two_stage/final/encodings/stage2_packing.lp -c weight=500 -c hetero_on=1 -c concentrated_on=1 --time-limit=60 --outf=2 -t 1 --configuration=many
  [clingcon stderr] *** Info : (clingcon): Sending shutdown signal...
  [clingcon stderr] *** ERROR: (clingcon): solving stopped by signal
  [clingcon stderr] *** Info : (clingcon): Shutdown completed in 0.995 seconds
  mono=17  conc=7  optimal=False
  R_1=0.8667  worst_trip=(l3,l6,tr1,k4)
  K_1=0.8667

  [layered_small_seed3 w=750] Stage 1 solve (limit=60s, enc=stage_1_flow.lp)...
  cmd: clingcon /home/racquelnina/MultiNetworkBatchingUsingASP/src/experiments/two_stage/final/encodings/stage_1_flow.lp /home/racquelnina/MultiNetworkBatchingUsingASP/src/instances/generated/layered_small_seed3.lp -c weight=750 -c max_freq=20 -c exposure_n=3 -c use_exposure=1 -c cap_size_divide=1 --time-limit=60 --outf=2 -t 1 --configuration=many
  [clingcon stderr] *** Info : (clingcon): Sending shutdown signal...
  [clingcon stderr] *** ERROR: (clingcon): solving stopped by signal
  [clingcon stderr] *** Info : (clingcon): Shutdown completed in 0.000 seconds
  Stage 1: cost=7216  routes=10  loads=17  optimal=False
  R_TR=0.6667  worst_arc=(l2,l3,tr1)

  [layered_small_seed3 w=750 s2=off_off] Stage 2 solve (enc=stage2_packing.lp)...
  cmd: clingcon /tmp/s2_facts_hd2rig4j.lp /home/racquelnina/MultiNetworkBatchingUsingASP/src/experiments/two_stage/final/encodings/stage2_packing.lp -c weight=750 -c hetero_on=0 -c concentrated_on=0 --time-limit=60 --outf=2 -t 1 --configuration=many
  [clingcon stderr] *** Info : (clingcon): Sending shutdown signal...
  [clingcon stderr] *** ERROR: (clingcon): solving stopped by signal
  [clingcon stderr] *** Info : (clingcon): Shutdown completed in 0.001 seconds
  mono=10  conc=6  optimal=False
  R_1=0.8667  worst_trip=(l3,l6,tr1,k3)
  K_1=0.8667

  [layered_small_seed3 w=750 s2=hetero] Stage 2 solve (enc=stage2_packing.lp)...
  cmd: clingcon /tmp/s2_facts_qq6u4j8d.lp /home/racquelnina/MultiNetworkBatchingUsingASP/src/experiments/two_stage/final/encodings/stage2_packing.lp -c weight=750 -c hetero_on=1 -c concentrated_on=0 --time-limit=60 --outf=2 -t 1 --configuration=many
  [clingcon stderr] *** Info : (clingcon): Sending shutdown signal...
  [clingcon stderr] *** ERROR: (clingcon): solving stopped by signal
  [clingcon stderr] *** Info : (clingcon): Shutdown completed in 0.000 seconds
  mono=5  conc=5  optimal=False
  R_1=0.8667  worst_trip=(l3,l6,tr1,k4)
  K_1=0.8667

  [layered_small_seed3 w=750 s2=conc] Stage 2 solve (enc=stage2_packing.lp)...
  cmd: clingcon /tmp/s2_facts_xggt1y5w.lp /home/racquelnina/MultiNetworkBatchingUsingASP/src/experiments/two_stage/final/encodings/stage2_packing.lp -c weight=750 -c hetero_on=0 -c concentrated_on=1 --time-limit=60 --outf=2 -t 1 --configuration=many
  [clingcon stderr] *** Info : (clingcon): Sending shutdown signal...
  [clingcon stderr] *** ERROR: (clingcon): solving stopped by signal
  [clingcon stderr] *** Info : (clingcon): Shutdown completed in 0.000 seconds
  mono=13  conc=7  optimal=False
  R_1=0.8667  worst_trip=(l3,l6,tr1,k3)
  K_1=0.8667

  [layered_small_seed3 w=750 s2=both] Stage 2 solve (enc=stage2_packing.lp)...
  cmd: clingcon /tmp/s2_facts_5mq_8oic.lp /home/racquelnina/MultiNetworkBatchingUsingASP/src/experiments/two_stage/final/encodings/stage2_packing.lp -c weight=750 -c hetero_on=1 -c concentrated_on=1 --time-limit=60 --outf=2 -t 1 --configuration=many
  [clingcon stderr] *** Info : (clingcon): Sending shutdown signal...
  [clingcon stderr] *** ERROR: (clingcon): solving stopped by signal
  [clingcon stderr] *** Info : (clingcon): Shutdown completed in 0.000 seconds
  mono=13  conc=7  optimal=False
  R_1=0.8667  worst_trip=(l3,l6,tr1,k3)
  K_1=0.8667

  [layered_small_seed3 w=1000] Stage 1 solve (limit=60s, enc=stage_1_flow.lp)...
  cmd: clingcon /home/racquelnina/MultiNetworkBatchingUsingASP/src/experiments/two_stage/final/encodings/stage_1_flow.lp /home/racquelnina/MultiNetworkBatchingUsingASP/src/instances/generated/layered_small_seed3.lp -c weight=1000 -c max_freq=20 -c exposure_n=3 -c use_exposure=1 -c cap_size_divide=1 --time-limit=60 --outf=2 -t 1 --configuration=many
  [clingcon stderr] *** Info : (clingcon): Sending shutdown signal...
  [clingcon stderr] *** ERROR: (clingcon): solving stopped by signal
  [clingcon stderr] *** Info : (clingcon): Shutdown completed in 0.000 seconds
  Stage 1: cost=7284  routes=10  loads=16  optimal=False
  R_TR=0.6667  worst_arc=(l1,l4,tr1)

  [layered_small_seed3 w=1000 s2=off_off] Stage 2 solve (enc=stage2_packing.lp)...
  cmd: clingcon /tmp/s2_facts_z7r_ubuh.lp /home/racquelnina/MultiNetworkBatchingUsingASP/src/experiments/two_stage/final/encodings/stage2_packing.lp -c weight=1000 -c hetero_on=0 -c concentrated_on=0 --time-limit=60 --outf=2 -t 1 --configuration=many
  [clingcon stderr] *** Info : (clingcon): Sending shutdown signal...
  [clingcon stderr] *** ERROR: (clingcon): solving stopped by signal
  [clingcon stderr] *** Info : (clingcon): Shutdown completed in 0.370 seconds
  mono=14  conc=7  optimal=False
  R_1=0.8667  worst_trip=(l4,l5,tr1,k2)
  K_1=0.8667

  [layered_small_seed3 w=1000 s2=hetero] Stage 2 solve (enc=stage2_packing.lp)...
  cmd: clingcon /tmp/s2_facts_ilelk4_s.lp /home/racquelnina/MultiNetworkBatchingUsingASP/src/experiments/two_stage/final/encodings/stage2_packing.lp -c weight=1000 -c hetero_on=1 -c concentrated_on=0 --time-limit=60 --outf=2 -t 1 --configuration=many
  [clingcon stderr] *** Info : (clingcon): Sending shutdown signal...
  [clingcon stderr] *** ERROR: (clingcon): solving stopped by signal
  [clingcon stderr] *** Info : (clingcon): Shutdown completed in 0.000 seconds
  mono=1  conc=5  optimal=False
  R_1=0.8667  worst_trip=(l4,l5,tr1,k3)
  K_1=0.8667

  [layered_small_seed3 w=1000 s2=conc] Stage 2 solve (enc=stage2_packing.lp)...
  cmd: clingcon /tmp/s2_facts_16ydd381.lp /home/racquelnina/MultiNetworkBatchingUsingASP/src/experiments/two_stage/final/encodings/stage2_packing.lp -c weight=1000 -c hetero_on=0 -c concentrated_on=1 --time-limit=60 --outf=2 -t 1 --configuration=many
  [clingcon stderr] *** Info : (clingcon): Sending shutdown signal...
  [clingcon stderr] *** ERROR: (clingcon): solving stopped by signal
  [clingcon stderr] *** Info : (clingcon): Shutdown completed in 0.001 seconds
  mono=16  conc=7  optimal=False
  R_1=0.8667  worst_trip=(l4,l5,tr1,k2)
  K_1=0.8667

  [layered_small_seed3 w=1000 s2=both] Stage 2 solve (enc=stage2_packing.lp)...
  cmd: clingcon /tmp/s2_facts_ts1cyjiz.lp /home/racquelnina/MultiNetworkBatchingUsingASP/src/experiments/two_stage/final/encodings/stage2_packing.lp -c weight=1000 -c hetero_on=1 -c concentrated_on=1 --time-limit=60 --outf=2 -t 1 --configuration=many
  [clingcon stderr] *** Info : (clingcon): Sending shutdown signal...
  [clingcon stderr] *** ERROR: (clingcon): solving stopped by signal
  [clingcon stderr] *** Info : (clingcon): Shutdown completed in 0.000 seconds
  mono=13  conc=7  optimal=False
  R_1=0.8667  worst_trip=(l4,l5,tr1,k3)
  K_1=0.8667

══════════════════════════════════════════════════════════════════════
  Instance: layered_small_seed4  (type=layered, size=small, seed=4, time_limit=60s
══════════════════════════════════════════════════════════════════════
  Parsed: 2 parts, 17 routes

  [layered_small_seed4 w=0] Stage 1 solve (limit=60s, enc=stage_1_flow.lp)...
  cmd: clingcon /home/racquelnina/MultiNetworkBatchingUsingASP/src/experiments/two_stage/final/encodings/stage_1_flow.lp /home/racquelnina/MultiNetworkBatchingUsingASP/src/instances/generated/layered_small_seed4.lp -c weight=0 -c max_freq=20 -c exposure_n=3 -c use_exposure=1 -c cap_size_divide=1 --time-limit=60 --outf=2 -t 1 --configuration=many
  [clingcon stderr] *** Info : (clingcon): Sending shutdown signal...
  [clingcon stderr] *** ERROR: (clingcon): solving stopped by signal
  [clingcon stderr] *** Info : (clingcon): Shutdown completed in 0.004 seconds
  Stage 1: cost=3784  routes=8  loads=15  optimal=False
  R_TR=0.5667  worst_arc=(l1,l6,tr2)

  [layered_small_seed4 w=0 s2=off_off] Stage 2 solve (enc=stage2_packing.lp)...
  cmd: clingcon /tmp/s2_facts_tqlkn4ce.lp /home/racquelnina/MultiNetworkBatchingUsingASP/src/experiments/two_stage/final/encodings/stage2_packing.lp -c weight=0 -c hetero_on=0 -c concentrated_on=0 --time-limit=60 --outf=2 -t 1 --configuration=many
  mono=16  conc=7  optimal=True
  R_1=0.8333  worst_trip=(l1,l6,tr2,k2)
  K_1=0.8333

  [layered_small_seed4 w=0 s2=hetero] Stage 2 solve (enc=stage2_packing.lp)...
  cmd: clingcon /tmp/s2_facts_f74_2e6e.lp /home/racquelnina/MultiNetworkBatchingUsingASP/src/experiments/two_stage/final/encodings/stage2_packing.lp -c weight=0 -c hetero_on=1 -c concentrated_on=0 --time-limit=60 --outf=2 -t 1 --configuration=many
  mono=2  conc=6  optimal=True
  R_1=0.9  worst_trip=(l1,l4,tr2,k2)
  K_1=0.9

  [layered_small_seed4 w=0 s2=conc] Stage 2 solve (enc=stage2_packing.lp)...
  cmd: clingcon /tmp/s2_facts_87_nrv5t.lp /home/racquelnina/MultiNetworkBatchingUsingASP/src/experiments/two_stage/final/encodings/stage2_packing.lp -c weight=0 -c hetero_on=0 -c concentrated_on=1 --time-limit=60 --outf=2 -t 1 --configuration=many
  [clingcon stderr] *** Info : (clingcon): Sending shutdown signal...
  [clingcon stderr] *** ERROR: (clingcon): solving stopped by signal
  [clingcon stderr] *** Info : (clingcon): Shutdown completed in 0.001 seconds
  mono=8  conc=7  optimal=False
  R_1=0.9  worst_trip=(l1,l6,tr2,k9)
  K_1=0.9

  [layered_small_seed4 w=0 s2=both] Stage 2 solve (enc=stage2_packing.lp)...
  cmd: clingcon /tmp/s2_facts_a6bmh9eu.lp /home/racquelnina/MultiNetworkBatchingUsingASP/src/experiments/two_stage/final/encodings/stage2_packing.lp -c weight=0 -c hetero_on=1 -c concentrated_on=1 --time-limit=60 --outf=2 -t 1 --configuration=many
  [clingcon stderr] *** Info : (clingcon): Sending shutdown signal...
  [clingcon stderr] *** ERROR: (clingcon): solving stopped by signal
  [clingcon stderr] *** Info : (clingcon): Shutdown completed in 0.001 seconds
  mono=7  conc=6  optimal=False
  R_1=0.8333  worst_trip=(l4,l5,tr2,k6)
  K_1=0.8333

  [layered_small_seed4 w=300] Stage 1 solve (limit=60s, enc=stage_1_flow.lp)...
  cmd: clingcon /home/racquelnina/MultiNetworkBatchingUsingASP/src/experiments/two_stage/final/encodings/stage_1_flow.lp /home/racquelnina/MultiNetworkBatchingUsingASP/src/instances/generated/layered_small_seed4.lp -c weight=300 -c max_freq=20 -c exposure_n=3 -c use_exposure=1 -c cap_size_divide=1 --time-limit=60 --outf=2 -t 1 --configuration=many
  [clingcon stderr] *** Info : (clingcon): Sending shutdown signal...
  [clingcon stderr] *** ERROR: (clingcon): solving stopped by signal
  [clingcon stderr] *** Info : (clingcon): Shutdown completed in 0.001 seconds
  Stage 1: cost=3816  routes=8  loads=16  optimal=False
  R_TR=0.6667  worst_arc=(l1,l6,tr2)

  [layered_small_seed4 w=300 s2=off_off] Stage 2 solve (enc=stage2_packing.lp)...
  cmd: clingcon /tmp/s2_facts_82r6euvt.lp /home/racquelnina/MultiNetworkBatchingUsingASP/src/experiments/two_stage/final/encodings/stage2_packing.lp -c weight=300 -c hetero_on=0 -c concentrated_on=0 --time-limit=60 --outf=2 -t 1 --configuration=many
  mono=19  conc=11  optimal=True
  R_1=0.8  worst_trip=(l1,l6,tr1,k1)
  K_1=0.8

  [layered_small_seed4 w=300 s2=hetero] Stage 2 solve (enc=stage2_packing.lp)...
  cmd: clingcon /tmp/s2_facts_ksa1el43.lp /home/racquelnina/MultiNetworkBatchingUsingASP/src/experiments/two_stage/final/encodings/stage2_packing.lp -c weight=300 -c hetero_on=1 -c concentrated_on=0 --time-limit=60 --outf=2 -t 1 --configuration=many
  mono=2  conc=9  optimal=True
  R_1=0.8333  worst_trip=(l1,l6,tr1,k1)
  K_1=0.8333

  [layered_small_seed4 w=300 s2=conc] Stage 2 solve (enc=stage2_packing.lp)...
  cmd: clingcon /tmp/s2_facts_c0f4awih.lp /home/racquelnina/MultiNetworkBatchingUsingASP/src/experiments/two_stage/final/encodings/stage2_packing.lp -c weight=300 -c hetero_on=0 -c concentrated_on=1 --time-limit=60 --outf=2 -t 1 --configuration=many
  [clingcon stderr] *** Info : (clingcon): Sending shutdown signal...
  [clingcon stderr] *** ERROR: (clingcon): solving stopped by signal
  [clingcon stderr] *** Info : (clingcon): Shutdown completed in 0.001 seconds
  mono=11  conc=13  optimal=False
  R_1=0.8333  worst_trip=(l2,l3,tr2,k6)
  K_1=0.8333

  [layered_small_seed4 w=300 s2=both] Stage 2 solve (enc=stage2_packing.lp)...
  cmd: clingcon /tmp/s2_facts_7om2yjdt.lp /home/racquelnina/MultiNetworkBatchingUsingASP/src/experiments/two_stage/final/encodings/stage2_packing.lp -c weight=300 -c hetero_on=1 -c concentrated_on=1 --time-limit=60 --outf=2 -t 1 --configuration=many
  [clingcon stderr] *** Info : (clingcon): Sending shutdown signal...
  [clingcon stderr] *** ERROR: (clingcon): solving stopped by signal
  [clingcon stderr] *** Info : (clingcon): Shutdown completed in 0.001 seconds
  mono=18  conc=16  optimal=False
  R_1=0.8333  worst_trip=(l4,l5,tr2,k7)
  K_1=0.8333

  [layered_small_seed4 w=500] Stage 1 solve (limit=60s, enc=stage_1_flow.lp)...
  cmd: clingcon /home/racquelnina/MultiNetworkBatchingUsingASP/src/experiments/two_stage/final/encodings/stage_1_flow.lp /home/racquelnina/MultiNetworkBatchingUsingASP/src/instances/generated/layered_small_seed4.lp -c weight=500 -c max_freq=20 -c exposure_n=3 -c use_exposure=1 -c cap_size_divide=1 --time-limit=60 --outf=2 -t 1 --configuration=many
  [clingcon stderr] *** Info : (clingcon): Sending shutdown signal...
  [clingcon stderr] *** ERROR: (clingcon): solving stopped by signal
  [clingcon stderr] *** Info : (clingcon): Shutdown completed in 0.001 seconds
  Stage 1: cost=3816  routes=8  loads=15  optimal=False
  R_TR=0.6667  worst_arc=(l2,l3,tr2)

  [layered_small_seed4 w=500 s2=off_off] Stage 2 solve (enc=stage2_packing.lp)...
  cmd: clingcon /tmp/s2_facts_je7dyphy.lp /home/racquelnina/MultiNetworkBatchingUsingASP/src/experiments/two_stage/final/encodings/stage2_packing.lp -c weight=500 -c hetero_on=0 -c concentrated_on=0 --time-limit=60 --outf=2 -t 1 --configuration=many
  mono=18  conc=10  optimal=True
  R_1=0.8333  worst_trip=(l2,l3,tr2,k2)
  K_1=0.8333

  [layered_small_seed4 w=500 s2=hetero] Stage 2 solve (enc=stage2_packing.lp)...
  cmd: clingcon /tmp/s2_facts_oked448t.lp /home/racquelnina/MultiNetworkBatchingUsingASP/src/experiments/two_stage/final/encodings/stage2_packing.lp -c weight=500 -c hetero_on=1 -c concentrated_on=0 --time-limit=60 --outf=2 -t 1 --configuration=many
  mono=2  conc=4  optimal=True
  R_1=0.8333  worst_trip=(l1,l6,tr1,k1)
  K_1=0.8333

  [layered_small_seed4 w=500 s2=conc] Stage 2 solve (enc=stage2_packing.lp)...
  cmd: clingcon /tmp/s2_facts_6i85wz8z.lp /home/racquelnina/MultiNetworkBatchingUsingASP/src/experiments/two_stage/final/encodings/stage2_packing.lp -c weight=500 -c hetero_on=0 -c concentrated_on=1 --time-limit=60 --outf=2 -t 1 --configuration=many
  [clingcon stderr] *** Info : (clingcon): Sending shutdown signal...
  [clingcon stderr] *** ERROR: (clingcon): solving stopped by signal
  [clingcon stderr] *** Info : (clingcon): Shutdown completed in 0.001 seconds
  mono=10  conc=6  optimal=False
  R_1=0.8667  worst_trip=(l1,l6,tr1,k2)
  K_1=0.8667

  [layered_small_seed4 w=500 s2=both] Stage 2 solve (enc=stage2_packing.lp)...
  cmd: clingcon /tmp/s2_facts_r64a1g81.lp /home/racquelnina/MultiNetworkBatchingUsingASP/src/experiments/two_stage/final/encodings/stage2_packing.lp -c weight=500 -c hetero_on=1 -c concentrated_on=1 --time-limit=60 --outf=2 -t 1 --configuration=many
  [clingcon stderr] *** Info : (clingcon): Sending shutdown signal...
  [clingcon stderr] *** ERROR: (clingcon): solving stopped by signal
  [clingcon stderr] *** Info : (clingcon): Shutdown completed in 0.001 seconds
  mono=13  conc=8  optimal=False
  R_1=0.8  worst_trip=(l1,l6,tr1,k2)
  K_1=0.8

  [layered_small_seed4 w=750] Stage 1 solve (limit=60s, enc=stage_1_flow.lp)...
  cmd: clingcon /home/racquelnina/MultiNetworkBatchingUsingASP/src/experiments/two_stage/final/encodings/stage_1_flow.lp /home/racquelnina/MultiNetworkBatchingUsingASP/src/instances/generated/layered_small_seed4.lp -c weight=750 -c max_freq=20 -c exposure_n=3 -c use_exposure=1 -c cap_size_divide=1 --time-limit=60 --outf=2 -t 1 --configuration=many
  [clingcon stderr] *** Info : (clingcon): Sending shutdown signal...
  [clingcon stderr] *** ERROR: (clingcon): solving stopped by signal
  [clingcon stderr] *** Info : (clingcon): Shutdown completed in 0.001 seconds
  Stage 1: cost=3816  routes=8  loads=14  optimal=False
  R_TR=0.6667  worst_arc=(l1,l6,tr2)

  [layered_small_seed4 w=750 s2=off_off] Stage 2 solve (enc=stage2_packing.lp)...
  cmd: clingcon /tmp/s2_facts_o2a42yex.lp /home/racquelnina/MultiNetworkBatchingUsingASP/src/experiments/two_stage/final/encodings/stage2_packing.lp -c weight=750 -c hetero_on=0 -c concentrated_on=0 --time-limit=60 --outf=2 -t 1 --configuration=many
  mono=13  conc=9  optimal=True
  R_1=0.8333  worst_trip=(l4,l5,tr2,k4)
  K_1=0.8333

  [layered_small_seed4 w=750 s2=hetero] Stage 2 solve (enc=stage2_packing.lp)...
  cmd: clingcon /tmp/s2_facts_lfx9hck1.lp /home/racquelnina/MultiNetworkBatchingUsingASP/src/experiments/two_stage/final/encodings/stage2_packing.lp -c weight=750 -c hetero_on=1 -c concentrated_on=0 --time-limit=60 --outf=2 -t 1 --configuration=many
  mono=0  conc=5  optimal=True
  R_1=0.9  worst_trip=(l1,l4,tr2,k4)
  K_1=0.9

  [layered_small_seed4 w=750 s2=conc] Stage 2 solve (enc=stage2_packing.lp)...
  cmd: clingcon /tmp/s2_facts_l9gox5en.lp /home/racquelnina/MultiNetworkBatchingUsingASP/src/experiments/two_stage/final/encodings/stage2_packing.lp -c weight=750 -c hetero_on=0 -c concentrated_on=1 --time-limit=60 --outf=2 -t 1 --configuration=many
  [clingcon stderr] *** Info : (clingcon): Sending shutdown signal...
  [clingcon stderr] *** ERROR: (clingcon): solving stopped by signal
  [clingcon stderr] *** Info : (clingcon): Shutdown completed in 0.000 seconds
  mono=12  conc=12  optimal=False
  R_1=0.8333  worst_trip=(l4,l5,tr2,k2)
  K_1=0.8333

  [layered_small_seed4 w=750 s2=both] Stage 2 solve (enc=stage2_packing.lp)...
  cmd: clingcon /tmp/s2_facts_yq1dysyr.lp /home/racquelnina/MultiNetworkBatchingUsingASP/src/experiments/two_stage/final/encodings/stage2_packing.lp -c weight=750 -c hetero_on=1 -c concentrated_on=1 --time-limit=60 --outf=2 -t 1 --configuration=many
  [clingcon stderr] *** Info : (clingcon): Sending shutdown signal...
  [clingcon stderr] *** ERROR: (clingcon): solving stopped by signal
  [clingcon stderr] *** Info : (clingcon): Shutdown completed in 0.001 seconds
  mono=7  conc=11  optimal=False
  R_1=0.8333  worst_trip=(l4,l5,tr2,k1)
  K_1=0.8333

  [layered_small_seed4 w=1000] Stage 1 solve (limit=60s, enc=stage_1_flow.lp)...
  cmd: clingcon /home/racquelnina/MultiNetworkBatchingUsingASP/src/experiments/two_stage/final/encodings/stage_1_flow.lp /home/racquelnina/MultiNetworkBatchingUsingASP/src/instances/generated/layered_small_seed4.lp -c weight=1000 -c max_freq=20 -c exposure_n=3 -c use_exposure=1 -c cap_size_divide=1 --time-limit=60 --outf=2 -t 1 --configuration=many
  [clingcon stderr] *** Info : (clingcon): Sending shutdown signal...
  [clingcon stderr] *** ERROR: (clingcon): solving stopped by signal
  [clingcon stderr] *** Info : (clingcon): Shutdown completed in 0.001 seconds
  Stage 1: cost=3816  routes=8  loads=15  optimal=False
  R_TR=0.6667  worst_arc=(l1,l6,tr2)

  [layered_small_seed4 w=1000 s2=off_off] Stage 2 solve (enc=stage2_packing.lp)...
  cmd: clingcon /tmp/s2_facts_k0pr5dma.lp /home/racquelnina/MultiNetworkBatchingUsingASP/src/experiments/two_stage/final/encodings/stage2_packing.lp -c weight=1000 -c hetero_on=0 -c concentrated_on=0 --time-limit=60 --outf=2 -t 1 --configuration=many
  mono=22  conc=14  optimal=True
  R_1=0.8  worst_trip=(l1,l6,tr1,k1)
  K_1=0.8

  [layered_small_seed4 w=1000 s2=hetero] Stage 2 solve (enc=stage2_packing.lp)...
  cmd: clingcon /tmp/s2_facts_97iyi27v.lp /home/racquelnina/MultiNetworkBatchingUsingASP/src/experiments/two_stage/final/encodings/stage2_packing.lp -c weight=1000 -c hetero_on=1 -c concentrated_on=0 --time-limit=60 --outf=2 -t 1 --configuration=many
  mono=0  conc=10  optimal=True
  R_1=0.8333  worst_trip=(l1,l6,tr1,k1)
  K_1=0.8333

  [layered_small_seed4 w=1000 s2=conc] Stage 2 solve (enc=stage2_packing.lp)...
  cmd: clingcon /tmp/s2_facts_oyf3_6lx.lp /home/racquelnina/MultiNetworkBatchingUsingASP/src/experiments/two_stage/final/encodings/stage2_packing.lp -c weight=1000 -c hetero_on=0 -c concentrated_on=1 --time-limit=60 --outf=2 -t 1 --configuration=many
  [clingcon stderr] *** Info : (clingcon): Sending shutdown signal...
  [clingcon stderr] *** ERROR: (clingcon): solving stopped by signal
  [clingcon stderr] *** Info : (clingcon): Shutdown completed in 0.003 seconds
  mono=7  conc=15  optimal=False
  R_1=0.8333  worst_trip=(l2,l3,tr2,k4)
  K_1=0.8333

  [layered_small_seed4 w=1000 s2=both] Stage 2 solve (enc=stage2_packing.lp)...
  cmd: clingcon /tmp/s2_facts_8jwm_o4e.lp /home/racquelnina/MultiNetworkBatchingUsingASP/src/experiments/two_stage/final/encodings/stage2_packing.lp -c weight=1000 -c hetero_on=1 -c concentrated_on=1 --time-limit=60 --outf=2 -t 1 --configuration=many
  [clingcon stderr] *** Info : (clingcon): Sending shutdown signal...
  [clingcon stderr] *** ERROR: (clingcon): solving stopped by signal
  [clingcon stderr] *** Info : (clingcon): Shutdown completed in 0.001 seconds
  mono=10  conc=15  optimal=False
  R_1=0.8333  worst_trip=(l2,l3,tr2,k5)
  K_1=0.8333

══════════════════════════════════════════════════════════════════════
  Instance: layered_small_seed5  (type=layered, size=small, seed=5, time_limit=60s
══════════════════════════════════════════════════════════════════════
  Parsed: 2 parts, 21 routes

  [layered_small_seed5 w=0] Stage 1 solve (limit=60s, enc=stage_1_flow.lp)...
  cmd: clingcon /home/racquelnina/MultiNetworkBatchingUsingASP/src/experiments/two_stage/final/encodings/stage_1_flow.lp /home/racquelnina/MultiNetworkBatchingUsingASP/src/instances/generated/layered_small_seed5.lp -c weight=0 -c max_freq=20 -c exposure_n=3 -c use_exposure=1 -c cap_size_divide=1 --time-limit=60 --outf=2 -t 1 --configuration=many
  [clingcon stderr] *** Info : (clingcon): Sending shutdown signal...
  [clingcon stderr] *** ERROR: (clingcon): solving stopped by signal
  [clingcon stderr] *** Info : (clingcon): Shutdown completed in 0.001 seconds
  Stage 1: cost=4410  routes=6  loads=10  optimal=False
  R_TR=0.2667  worst_arc=(l2,l4,tr2)

  [layered_small_seed5 w=0 s2=off_off] Stage 2 solve (enc=stage2_packing.lp)...
  cmd: clingcon /tmp/s2_facts_u30umre5.lp /home/racquelnina/MultiNetworkBatchingUsingASP/src/experiments/two_stage/final/encodings/stage2_packing.lp -c weight=0 -c hetero_on=0 -c concentrated_on=0 --time-limit=60 --outf=2 -t 1 --configuration=many
  mono=7  conc=7  optimal=True
  R_1=0.7  worst_trip=(l4,l5,tr1,k5)
  K_1=0.7

  [layered_small_seed5 w=0 s2=hetero] Stage 2 solve (enc=stage2_packing.lp)...
  cmd: clingcon /tmp/s2_facts_2ywh9tl3.lp /home/racquelnina/MultiNetworkBatchingUsingASP/src/experiments/two_stage/final/encodings/stage2_packing.lp -c weight=0 -c hetero_on=1 -c concentrated_on=0 --time-limit=60 --outf=2 -t 1 --configuration=many
  mono=4  conc=6  optimal=True
  R_1=0.7667  worst_trip=(l4,l5,tr1,k5)
  K_1=0.7667

  [layered_small_seed5 w=0 s2=conc] Stage 2 solve (enc=stage2_packing.lp)...
  cmd: clingcon /tmp/s2_facts_8_cmwe8z.lp /home/racquelnina/MultiNetworkBatchingUsingASP/src/experiments/two_stage/final/encodings/stage2_packing.lp -c weight=0 -c hetero_on=0 -c concentrated_on=1 --time-limit=60 --outf=2 -t 1 --configuration=many
  [clingcon stderr] *** Info : (clingcon): Sending shutdown signal...
  [clingcon stderr] *** ERROR: (clingcon): solving stopped by signal
  [clingcon stderr] *** Info : (clingcon): Shutdown completed in 0.004 seconds
  mono=12  conc=5  optimal=False
  R_1=0.7333  worst_trip=(l2,l4,tr2,k6)
  K_1=0.7333

  [layered_small_seed5 w=0 s2=both] Stage 2 solve (enc=stage2_packing.lp)...
  cmd: clingcon /tmp/s2_facts_dqqslpc3.lp /home/racquelnina/MultiNetworkBatchingUsingASP/src/experiments/two_stage/final/encodings/stage2_packing.lp -c weight=0 -c hetero_on=1 -c concentrated_on=1 --time-limit=60 --outf=2 -t 1 --configuration=many
  [clingcon stderr] *** Info : (clingcon): Sending shutdown signal...
  [clingcon stderr] *** ERROR: (clingcon): solving stopped by signal
  [clingcon stderr] *** Info : (clingcon): Shutdown completed in 0.002 seconds
  mono=11  conc=5  optimal=False
  R_1=0.7333  worst_trip=(l2,l4,tr2,k4)
  K_1=0.7333

  [layered_small_seed5 w=300] Stage 1 solve (limit=60s, enc=stage_1_flow.lp)...
  cmd: clingcon /home/racquelnina/MultiNetworkBatchingUsingASP/src/experiments/two_stage/final/encodings/stage_1_flow.lp /home/racquelnina/MultiNetworkBatchingUsingASP/src/instances/generated/layered_small_seed5.lp -c weight=300 -c max_freq=20 -c exposure_n=3 -c use_exposure=1 -c cap_size_divide=1 --time-limit=60 --outf=2 -t 1 --configuration=many
  [clingcon stderr] *** Info : (clingcon): Sending shutdown signal...
  [clingcon stderr] *** ERROR: (clingcon): solving stopped by signal
  [clingcon stderr] *** Info : (clingcon): Shutdown completed in 0.001 seconds
  Stage 1: cost=5170  routes=6  loads=10  optimal=False
  R_TR=0.2333  worst_arc=(l2,l4,tr2)

  [layered_small_seed5 w=300 s2=off_off] Stage 2 solve (enc=stage2_packing.lp)...
  cmd: clingcon /tmp/s2_facts_2c0jsnqm.lp /home/racquelnina/MultiNetworkBatchingUsingASP/src/experiments/two_stage/final/encodings/stage2_packing.lp -c weight=300 -c hetero_on=0 -c concentrated_on=0 --time-limit=60 --outf=2 -t 1 --configuration=many
  mono=6  conc=8  optimal=True
  R_1=0.7  worst_trip=(l4,l5,tr1,k3)
  K_1=0.7

  [layered_small_seed5 w=300 s2=hetero] Stage 2 solve (enc=stage2_packing.lp)...
  cmd: clingcon /tmp/s2_facts_m11wj7g7.lp /home/racquelnina/MultiNetworkBatchingUsingASP/src/experiments/two_stage/final/encodings/stage2_packing.lp -c weight=300 -c hetero_on=1 -c concentrated_on=0 --time-limit=60 --outf=2 -t 1 --configuration=many
  mono=4  conc=11  optimal=True
  R_1=0.7  worst_trip=(l4,l5,tr1,k4)
  K_1=0.7

  [layered_small_seed5 w=300 s2=conc] Stage 2 solve (enc=stage2_packing.lp)...
  cmd: clingcon /tmp/s2_facts_hk4aqy76.lp /home/racquelnina/MultiNetworkBatchingUsingASP/src/experiments/two_stage/final/encodings/stage2_packing.lp -c weight=300 -c hetero_on=0 -c concentrated_on=1 --time-limit=60 --outf=2 -t 1 --configuration=many
  [clingcon stderr] *** Info : (clingcon): Sending shutdown signal...
  [clingcon stderr] *** ERROR: (clingcon): solving stopped by signal
  [clingcon stderr] *** Info : (clingcon): Shutdown completed in 0.000 seconds
  mono=9  conc=9  optimal=False
  R_1=0.7  worst_trip=(l4,l5,tr1,k1)
  K_1=0.7

  [layered_small_seed5 w=300 s2=both] Stage 2 solve (enc=stage2_packing.lp)...
  cmd: clingcon /tmp/s2_facts_0t72s6ag.lp /home/racquelnina/MultiNetworkBatchingUsingASP/src/experiments/two_stage/final/encodings/stage2_packing.lp -c weight=300 -c hetero_on=1 -c concentrated_on=1 --time-limit=60 --outf=2 -t 1 --configuration=many
  [clingcon stderr] *** Info : (clingcon): Sending shutdown signal...
  [clingcon stderr] *** ERROR: (clingcon): solving stopped by signal
  [clingcon stderr] *** Info : (clingcon): Shutdown completed in 0.000 seconds
  mono=7  conc=10  optimal=False
  R_1=0.7  worst_trip=(l4,l5,tr1,k1)
  K_1=0.7

  [layered_small_seed5 w=500] Stage 1 solve (limit=60s, enc=stage_1_flow.lp)...
  cmd: clingcon /home/racquelnina/MultiNetworkBatchingUsingASP/src/experiments/two_stage/final/encodings/stage_1_flow.lp /home/racquelnina/MultiNetworkBatchingUsingASP/src/instances/generated/layered_small_seed5.lp -c weight=500 -c max_freq=20 -c exposure_n=3 -c use_exposure=1 -c cap_size_divide=1 --time-limit=60 --outf=2 -t 1 --configuration=many
  [clingcon stderr] *** Info : (clingcon): Sending shutdown signal...
  [clingcon stderr] *** ERROR: (clingcon): solving stopped by signal
  [clingcon stderr] *** Info : (clingcon): Shutdown completed in 0.001 seconds
  Stage 1: cost=5770  routes=6  loads=10  optimal=False
  R_TR=0.2333  worst_arc=(l2,l4,tr2)

  [layered_small_seed5 w=500 s2=off_off] Stage 2 solve (enc=stage2_packing.lp)...
  cmd: clingcon /tmp/s2_facts_kxj9zwhi.lp /home/racquelnina/MultiNetworkBatchingUsingASP/src/experiments/two_stage/final/encodings/stage2_packing.lp -c weight=500 -c hetero_on=0 -c concentrated_on=0 --time-limit=60 --outf=2 -t 1 --configuration=many
  mono=6  conc=8  optimal=True
  R_1=0.7  worst_trip=(l4,l5,tr1,k3)
  K_1=0.7

  [layered_small_seed5 w=500 s2=hetero] Stage 2 solve (enc=stage2_packing.lp)...
  cmd: clingcon /tmp/s2_facts_d5rl2xef.lp /home/racquelnina/MultiNetworkBatchingUsingASP/src/experiments/two_stage/final/encodings/stage2_packing.lp -c weight=500 -c hetero_on=1 -c concentrated_on=0 --time-limit=60 --outf=2 -t 1 --configuration=many
  mono=4  conc=11  optimal=True
  R_1=0.7  worst_trip=(l4,l5,tr1,k3)
  K_1=0.7

  [layered_small_seed5 w=500 s2=conc] Stage 2 solve (enc=stage2_packing.lp)...
  cmd: clingcon /tmp/s2_facts_91h3qchs.lp /home/racquelnina/MultiNetworkBatchingUsingASP/src/experiments/two_stage/final/encodings/stage2_packing.lp -c weight=500 -c hetero_on=0 -c concentrated_on=1 --time-limit=60 --outf=2 -t 1 --configuration=many
  [clingcon stderr] *** Info : (clingcon): Sending shutdown signal...
  [clingcon stderr] *** ERROR: (clingcon): solving stopped by signal
  [clingcon stderr] *** Info : (clingcon): Shutdown completed in 0.000 seconds
  mono=9  conc=9  optimal=False
  R_1=0.7  worst_trip=(l4,l5,tr1,k1)
  K_1=0.7

  [layered_small_seed5 w=500 s2=both] Stage 2 solve (enc=stage2_packing.lp)...
  cmd: clingcon /tmp/s2_facts_04mvf_wo.lp /home/racquelnina/MultiNetworkBatchingUsingASP/src/experiments/two_stage/final/encodings/stage2_packing.lp -c weight=500 -c hetero_on=1 -c concentrated_on=1 --time-limit=60 --outf=2 -t 1 --configuration=many
  [clingcon stderr] *** Info : (clingcon): Sending shutdown signal...
  [clingcon stderr] *** ERROR: (clingcon): solving stopped by signal
  [clingcon stderr] *** Info : (clingcon): Shutdown completed in 0.000 seconds
  mono=7  conc=10  optimal=False
  R_1=0.7  worst_trip=(l4,l5,tr1,k1)
  K_1=0.7

  [layered_small_seed5 w=750] Stage 1 solve (limit=60s, enc=stage_1_flow.lp)...
  cmd: clingcon /home/racquelnina/MultiNetworkBatchingUsingASP/src/experiments/two_stage/final/encodings/stage_1_flow.lp /home/racquelnina/MultiNetworkBatchingUsingASP/src/instances/generated/layered_small_seed5.lp -c weight=750 -c max_freq=20 -c exposure_n=3 -c use_exposure=1 -c cap_size_divide=1 --time-limit=60 --outf=2 -t 1 --configuration=many
  [clingcon stderr] *** Info : (clingcon): Sending shutdown signal...
  [clingcon stderr] *** ERROR: (clingcon): solving stopped by signal
  [clingcon stderr] *** Info : (clingcon): Shutdown completed in 0.001 seconds
  Stage 1: cost=6400  routes=9  loads=13  optimal=False
  R_TR=0.3333  worst_arc=(l4,l5,tr1)

  [layered_small_seed5 w=750 s2=off_off] Stage 2 solve (enc=stage2_packing.lp)...
  cmd: clingcon /tmp/s2_facts_vzha7ydx.lp /home/racquelnina/MultiNetworkBatchingUsingASP/src/experiments/two_stage/final/encodings/stage2_packing.lp -c weight=750 -c hetero_on=0 -c concentrated_on=0 --time-limit=60 --outf=2 -t 1 --configuration=many
  mono=11  conc=10  optimal=True
  R_1=0.7  worst_trip=(l4,l5,tr1,k3)
  K_1=0.7

  [layered_small_seed5 w=750 s2=hetero] Stage 2 solve (enc=stage2_packing.lp)...
  cmd: clingcon /tmp/s2_facts_f3mf7xkc.lp /home/racquelnina/MultiNetworkBatchingUsingASP/src/experiments/two_stage/final/encodings/stage2_packing.lp -c weight=750 -c hetero_on=1 -c concentrated_on=0 --time-limit=60 --outf=2 -t 1 --configuration=many
  mono=1  conc=13  optimal=True
  R_1=0.7333  worst_trip=(l2,l4,tr1,k1)
  K_1=0.7333

  [layered_small_seed5 w=750 s2=conc] Stage 2 solve (enc=stage2_packing.lp)...
  cmd: clingcon /tmp/s2_facts_og82ila5.lp /home/racquelnina/MultiNetworkBatchingUsingASP/src/experiments/two_stage/final/encodings/stage2_packing.lp -c weight=750 -c hetero_on=0 -c concentrated_on=1 --time-limit=60 --outf=2 -t 1 --configuration=many
  mono=9  conc=14  optimal=True
  R_1=0.8  worst_trip=(l2,l3,tr1,k1)
  K_1=0.8

  [layered_small_seed5 w=750 s2=both] Stage 2 solve (enc=stage2_packing.lp)...
  cmd: clingcon /tmp/s2_facts_55c9nbd8.lp /home/racquelnina/MultiNetworkBatchingUsingASP/src/experiments/two_stage/final/encodings/stage2_packing.lp -c weight=750 -c hetero_on=1 -c concentrated_on=1 --time-limit=60 --outf=2 -t 1 --configuration=many
  mono=8  conc=16  optimal=True
  R_1=0.8  worst_trip=(l2,l3,tr1,k1)
  K_1=0.8

  [layered_small_seed5 w=1000] Stage 1 solve (limit=60s, enc=stage_1_flow.lp)...
  cmd: clingcon /home/racquelnina/MultiNetworkBatchingUsingASP/src/experiments/two_stage/final/encodings/stage_1_flow.lp /home/racquelnina/MultiNetworkBatchingUsingASP/src/instances/generated/layered_small_seed5.lp -c weight=1000 -c max_freq=20 -c exposure_n=3 -c use_exposure=1 -c cap_size_divide=1 --time-limit=60 --outf=2 -t 1 --configuration=many
  [clingcon stderr] *** Info : (clingcon): Sending shutdown signal...
  [clingcon stderr] *** ERROR: (clingcon): solving stopped by signal
  [clingcon stderr] *** Info : (clingcon): Shutdown completed in 0.001 seconds
  Stage 1: cost=7005  routes=10  loads=15  optimal=False
  R_TR=0.4333  worst_arc=(l4,l5,tr1)

  [layered_small_seed5 w=1000 s2=off_off] Stage 2 solve (enc=stage2_packing.lp)...
  cmd: clingcon /tmp/s2_facts_mfzng3zi.lp /home/racquelnina/MultiNetworkBatchingUsingASP/src/experiments/two_stage/final/encodings/stage2_packing.lp -c weight=1000 -c hetero_on=0 -c concentrated_on=0 --time-limit=60 --outf=2 -t 1 --configuration=many
  mono=5  conc=16  optimal=True
  R_1=0.7  worst_trip=(l4,l5,tr1,k3)
  K_1=0.7

  [layered_small_seed5 w=1000 s2=hetero] Stage 2 solve (enc=stage2_packing.lp)...
  cmd: clingcon /tmp/s2_facts_sf6ey64g.lp /home/racquelnina/MultiNetworkBatchingUsingASP/src/experiments/two_stage/final/encodings/stage2_packing.lp -c weight=1000 -c hetero_on=1 -c concentrated_on=0 --time-limit=60 --outf=2 -t 1 --configuration=many
  mono=4  conc=16  optimal=True
  R_1=0.7333  worst_trip=(l4,l5,tr1,k1)
  K_1=0.7333

  [layered_small_seed5 w=1000 s2=conc] Stage 2 solve (enc=stage2_packing.lp)...
  cmd: clingcon /tmp/s2_facts_yjwbihtr.lp /home/racquelnina/MultiNetworkBatchingUsingASP/src/experiments/two_stage/final/encodings/stage2_packing.lp -c weight=1000 -c hetero_on=0 -c concentrated_on=1 --time-limit=60 --outf=2 -t 1 --configuration=many
  mono=9  conc=15  optimal=True
  R_1=0.7667  worst_trip=(l4,l5,tr1,k3)
  K_1=0.7667

  [layered_small_seed5 w=1000 s2=both] Stage 2 solve (enc=stage2_packing.lp)...
  cmd: clingcon /tmp/s2_facts_ri8ie4sy.lp /home/racquelnina/MultiNetworkBatchingUsingASP/src/experiments/two_stage/final/encodings/stage2_packing.lp -c weight=1000 -c hetero_on=1 -c concentrated_on=1 --time-limit=60 --outf=2 -t 1 --configuration=many
  mono=9  conc=15  optimal=True
  R_1=0.7667  worst_trip=(l4,l5,tr1,k3)
  K_1=0.7667

══════════════════════════════════════════════════════════════════════
  COMPLETE: 100 rows in 4879.4s
  Results → experiments/two_stage/final/results/sweep_small.csv
══════════════════════════════════════════════════════════════════════
