nohup: ignoring input
══════════════════════════════════════════════════════════════════════
  FINAL TWO-STAGE EXPERIMENT
══════════════════════════════════════════════════════════════════════
  Stage 1 encoding: stage_1_flow.lp
  Stage 2 encoding: stage2_packing.lp
  Instances:        1
  Weights:          [0, 300]
  Exposure N:       3
  S2 configs:       ['off_off', 'hetero', 'conc', 'both']
  Total runs:       8
  Output:           experiments/two_stage/final/results/sweep_paper.csv
══════════════════════════════════════════════════════════════════════

══════════════════════════════════════════════════════════════════════
  Instance: layered_paper  (type=layered, size=paper, seed=0, time_limit=60s
══════════════════════════════════════════════════════════════════════
  Parsed: 2 parts, 11 routes

  [layered_paper w=0] Stage 1 solve (limit=60s, enc=stage_1_flow.lp)...
  cmd: clingcon /home/racquelnina/MultiNetworkBatchingUsingASP/src/experiments/two_stage/final/encodings/stage_1_flow.lp /home/racquelnina/MultiNetworkBatchingUsingASP/src/instances/generated/layered_paper.lp -c weight=0 -c max_freq=20 -c exposure_n=3 -c use_exposure=1 -c cap_size_divide=1 --time-limit=60 --outf=2 -t 1 --configuration=many
  Stage 1: cost=3458  routes=8  loads=13  optimal=True
  R_TR=0.5  worst_arc=(l1,l4,tr2)

  [layered_paper w=0 s2=off_off] Stage 2 solve (enc=stage2_packing.lp)...
  cmd: clingcon /tmp/s2_facts_d3j991b2.lp /home/racquelnina/MultiNetworkBatchingUsingASP/src/experiments/two_stage/final/encodings/stage2_packing.lp -c weight=0 -c hetero_on=0 -c concentrated_on=0 --time-limit=60 --outf=2 -t 1 --configuration=many
  mono=10  conc=13  optimal=True
  R_1=0.75  worst_trip=(l3,l5,tr2,k4)
  K_1=0.75

  [layered_paper w=0 s2=hetero] Stage 2 solve (enc=stage2_packing.lp)...
  cmd: clingcon /tmp/s2_facts_t4tdpw5l.lp /home/racquelnina/MultiNetworkBatchingUsingASP/src/experiments/two_stage/final/encodings/stage2_packing.lp -c weight=0 -c hetero_on=1 -c concentrated_on=0 --time-limit=60 --outf=2 -t 1 --configuration=many
  mono=2  conc=16  optimal=True
  R_1=0.85  worst_trip=(l3,l5,tr2,k4)
  K_1=0.85

  [layered_paper w=0 s2=conc] Stage 2 solve (enc=stage2_packing.lp)...
  cmd: clingcon /tmp/s2_facts_83_4pj0n.lp /home/racquelnina/MultiNetworkBatchingUsingASP/src/experiments/two_stage/final/encodings/stage2_packing.lp -c weight=0 -c hetero_on=0 -c concentrated_on=1 --time-limit=60 --outf=2 -t 1 --configuration=many
  mono=6  conc=14  optimal=True
  R_1=0.8  worst_trip=(l3,l5,tr2,k3)
  K_1=0.8

  [layered_paper w=0 s2=both] Stage 2 solve (enc=stage2_packing.lp)...
  cmd: clingcon /tmp/s2_facts_1slg0mdn.lp /home/racquelnina/MultiNetworkBatchingUsingASP/src/experiments/two_stage/final/encodings/stage2_packing.lp -c weight=0 -c hetero_on=1 -c concentrated_on=1 --time-limit=60 --outf=2 -t 1 --configuration=many
  mono=6  conc=14  optimal=True
  R_1=0.8  worst_trip=(l1,l4,tr2,k7)
  K_1=0.8

  [layered_paper w=300] Stage 1 solve (limit=60s, enc=stage_1_flow.lp)...
  cmd: clingcon /home/racquelnina/MultiNetworkBatchingUsingASP/src/experiments/two_stage/final/encodings/stage_1_flow.lp /home/racquelnina/MultiNetworkBatchingUsingASP/src/instances/generated/layered_paper.lp -c weight=300 -c max_freq=20 -c exposure_n=3 -c use_exposure=1 -c cap_size_divide=1 --time-limit=60 --outf=2 -t 1 --configuration=many
  Stage 1: cost=3654  routes=9  loads=17  optimal=True
  R_TR=0.7  worst_arc=(l1,l3,tr2)

  [layered_paper w=300 s2=off_off] Stage 2 solve (enc=stage2_packing.lp)...
  cmd: clingcon /tmp/s2_facts_esqaw6_o.lp /home/racquelnina/MultiNetworkBatchingUsingASP/src/experiments/two_stage/final/encodings/stage2_packing.lp -c weight=300 -c hetero_on=0 -c concentrated_on=0 --time-limit=60 --outf=2 -t 1 --configuration=many
  mono=11  conc=18  optimal=True
  R_1=0.75  worst_trip=(l1,l4,tr2,k3)
  K_1=0.75

  [layered_paper w=300 s2=hetero] Stage 2 solve (enc=stage2_packing.lp)...
  cmd: clingcon /tmp/s2_facts_zud6878u.lp /home/racquelnina/MultiNetworkBatchingUsingASP/src/experiments/two_stage/final/encodings/stage2_packing.lp -c weight=300 -c hetero_on=1 -c concentrated_on=0 --time-limit=60 --outf=2 -t 1 --configuration=many
  mono=1  conc=17  optimal=True
  R_1=0.85  worst_trip=(l3,l5,tr2,k2)
  K_1=0.85

  [layered_paper w=300 s2=conc] Stage 2 solve (enc=stage2_packing.lp)...
  cmd: clingcon /tmp/s2_facts_l0pduqzt.lp /home/racquelnina/MultiNetworkBatchingUsingASP/src/experiments/two_stage/final/encodings/stage2_packing.lp -c weight=300 -c hetero_on=0 -c concentrated_on=1 --time-limit=60 --outf=2 -t 1 --configuration=many
  mono=1  conc=17  optimal=True
  R_1=0.85  worst_trip=(l3,l4,tr2,k1)
  K_1=0.85

  [layered_paper w=300 s2=both] Stage 2 solve (enc=stage2_packing.lp)...
  cmd: clingcon /tmp/s2_facts_1s30ufcf.lp /home/racquelnina/MultiNetworkBatchingUsingASP/src/experiments/two_stage/final/encodings/stage2_packing.lp -c weight=300 -c hetero_on=1 -c concentrated_on=1 --time-limit=60 --outf=2 -t 1 --configuration=many
  mono=1  conc=17  optimal=True
  R_1=0.85  worst_trip=(l3,l4,tr2,k1)
  K_1=0.85

══════════════════════════════════════════════════════════════════════
  COMPLETE: 8 rows in 136.0s
  Results → experiments/two_stage/final/results/sweep_paper.csv
══════════════════════════════════════════════════════════════════════
