nohup: ignoring input
══════════════════════════════════════════════════════════════════════
  FINAL TWO-STAGE EXPERIMENT
══════════════════════════════════════════════════════════════════════
  Stage 1 encoding: stage_1_flow.lp
  Stage 2 encoding: stage2_packing.lp
  Instances:        5
  Weights:          [0, 300, 500, 750, 1000]
  Exposure N:       3
  S2 configs:       ['off_off', 'hetero', 'conc', 'both']
  Total runs:       100
  Output:           src/experiments/two_stage/final/results/sweep_small_full_ra.csv
══════════════════════════════════════════════════════════════════════

══════════════════════════════════════════════════════════════════════
  Instance: layered_small_seed1  (type=layered, size=small, seed=1, time_limit=100s
══════════════════════════════════════════════════════════════════════
  Parsed: 2 parts, 17 routes

  [layered_small_seed1 w=0] Stage 1 solve (limit=100s, enc=stage_1_flow.lp)...
  cmd: clingcon /home/racquelnina/MultiNetworkBatchingUsingASP/src/experiments/two_stage/final/encodings/stage_1_flow.lp /home/racquelnina/MultiNetworkBatchingUsingASP/src/instances/generated/layered_small_seed1.lp -c weight=0 -c max_freq=20 -c exposure_n=3 -c use_exposure=1 -c cap_size_divide=1 --time-limit=100 --outf=2 -t 1 --configuration=many
  Stage 1: cost=4002  routes=6  loads=11  optimal=True
  R_TR=0.4667  worst_arc=(l2,l4,tr1)

  [layered_small_seed1 w=0 s2=off_off] Stage 2 solve (enc=stage2_packing.lp)...
  cmd: clingcon /tmp/s2_facts_lo1upqv0.lp /home/racquelnina/MultiNetworkBatchingUsingASP/src/experiments/two_stage/final/encodings/stage2_packing.lp -c weight=0 -c hetero_on=0 -c concentrated_on=0 --time-limit=100 --outf=2 -t 1 --configuration=many
  [clingcon stderr] *** Info : (clingcon): Sending shutdown signal...
  [clingcon stderr] *** ERROR: (clingcon): solving stopped by signal
  [clingcon stderr] *** Info : (clingcon): Shutdown completed in 0.001 seconds
  mono=4  conc=4  optimal=False
  R_1=0.8  worst_trip=(l4,l5,tr1,k1)
  K_1=0.8
  R_alpha: heaviest_single_0.2=0.5333  heaviest_global_0.2=0.0
  First solution: R_1=0.8  R_TR=0.3  s1_time=0.015  s2_time=0.011

  [layered_small_seed1 w=0 s2=hetero] Stage 2 solve (enc=stage2_packing.lp)...
  cmd: clingcon /tmp/s2_facts_r8b4oofq.lp /home/racquelnina/MultiNetworkBatchingUsingASP/src/experiments/two_stage/final/encodings/stage2_packing.lp -c weight=0 -c hetero_on=1 -c concentrated_on=0 --time-limit=100 --outf=2 -t 1 --configuration=many
  [clingcon stderr] *** Info : (clingcon): Sending shutdown signal...
  [clingcon stderr] *** ERROR: (clingcon): solving stopped by signal
  [clingcon stderr] *** Info : (clingcon): Shutdown completed in 0.001 seconds
  mono=0  conc=4  optimal=False
  R_1=0.8333  worst_trip=(l3,l5,tr1,k1)
  K_1=0.8333
  R_alpha: heaviest_single_0.2=0.5  heaviest_global_0.2=0.0333
  First solution: R_1=0.8  R_TR=0.3  s1_time=0.015  s2_time=0.012

  [layered_small_seed1 w=0 s2=conc] Stage 2 solve (enc=stage2_packing.lp)...
  cmd: clingcon /tmp/s2_facts_jbe4y293.lp /home/racquelnina/MultiNetworkBatchingUsingASP/src/experiments/two_stage/final/encodings/stage2_packing.lp -c weight=0 -c hetero_on=0 -c concentrated_on=1 --time-limit=100 --outf=2 -t 1 --configuration=many
  [clingcon stderr] *** Info : (clingcon): Sending shutdown signal...
  [clingcon stderr] *** ERROR: (clingcon): solving stopped by signal
  [clingcon stderr] *** Info : (clingcon): Shutdown completed in 0.001 seconds
  mono=3  conc=4  optimal=False
  R_1=0.8333  worst_trip=(l4,l5,tr1,k2)
  K_1=0.8333
  R_alpha: heaviest_single_0.2=0.5  heaviest_global_0.2=0.0667
  First solution: R_1=0.8  R_TR=0.3  s1_time=0.015  s2_time=0.025

  [layered_small_seed1 w=0 s2=both] Stage 2 solve (enc=stage2_packing.lp)...
  cmd: clingcon /tmp/s2_facts_gtm1skeo.lp /home/racquelnina/MultiNetworkBatchingUsingASP/src/experiments/two_stage/final/encodings/stage2_packing.lp -c weight=0 -c hetero_on=1 -c concentrated_on=1 --time-limit=100 --outf=2 -t 1 --configuration=many
  [clingcon stderr] *** Info : (clingcon): Sending shutdown signal...
  [clingcon stderr] *** ERROR: (clingcon): solving stopped by signal
  [clingcon stderr] *** Info : (clingcon): Shutdown completed in 0.004 seconds
  mono=2  conc=4  optimal=False
  R_1=0.8  worst_trip=(l2,l4,tr1,k9)
  K_1=0.8
  R_alpha: heaviest_single_0.2=0.5  heaviest_global_0.2=0.0667
  First solution: R_1=0.8  R_TR=0.3  s1_time=0.015  s2_time=0.025

  [layered_small_seed1 w=300] Stage 1 solve (limit=100s, enc=stage_1_flow.lp)...
  cmd: clingcon /home/racquelnina/MultiNetworkBatchingUsingASP/src/experiments/two_stage/final/encodings/stage_1_flow.lp /home/racquelnina/MultiNetworkBatchingUsingASP/src/instances/generated/layered_small_seed1.lp -c weight=300 -c max_freq=20 -c exposure_n=3 -c use_exposure=1 -c cap_size_divide=1 --time-limit=100 --outf=2 -t 1 --configuration=many
  [clingcon stderr] *** Info : (clingcon): Sending shutdown signal...
  [clingcon stderr] *** ERROR: (clingcon): solving stopped by signal
  [clingcon stderr] *** Info : (clingcon): Shutdown completed in 0.000 seconds
  Stage 1: cost=5070  routes=10  loads=18  optimal=False
  R_TR=0.4333  worst_arc=(l2,l4,tr1)

  [layered_small_seed1 w=300 s2=off_off] Stage 2 solve (enc=stage2_packing.lp)...
  cmd: clingcon /tmp/s2_facts_rw1e2poa.lp /home/racquelnina/MultiNetworkBatchingUsingASP/src/experiments/two_stage/final/encodings/stage2_packing.lp -c weight=300 -c hetero_on=0 -c concentrated_on=0 --time-limit=100 --outf=2 -t 1 --configuration=many
  mono=4  conc=12  optimal=True
  R_1=0.8333  worst_trip=(l2,l4,tr1,k6)
  K_1=0.8333
  R_alpha: heaviest_single_0.2=0.5333  heaviest_global_0.2=0.0
  First solution: R_1=0.8  R_TR=0.3  s1_time=0.034  s2_time=0.025

  [layered_small_seed1 w=300 s2=hetero] Stage 2 solve (enc=stage2_packing.lp)...
  cmd: clingcon /tmp/s2_facts_eb91t4so.lp /home/racquelnina/MultiNetworkBatchingUsingASP/src/experiments/two_stage/final/encodings/stage2_packing.lp -c weight=300 -c hetero_on=1 -c concentrated_on=0 --time-limit=100 --outf=2 -t 1 --configuration=many
  mono=1  conc=12  optimal=True
  R_1=0.8333  worst_trip=(l2,l4,tr1,k6)
  K_1=0.8333
  R_alpha: heaviest_single_0.2=0.5  heaviest_global_0.2=0.0
  First solution: R_1=0.8  R_TR=0.3  s1_time=0.034  s2_time=0.024

  [layered_small_seed1 w=300 s2=conc] Stage 2 solve (enc=stage2_packing.lp)...
  cmd: clingcon /tmp/s2_facts_mzspj926.lp /home/racquelnina/MultiNetworkBatchingUsingASP/src/experiments/two_stage/final/encodings/stage2_packing.lp -c weight=300 -c hetero_on=0 -c concentrated_on=1 --time-limit=100 --outf=2 -t 1 --configuration=many
  [clingcon stderr] *** Info : (clingcon): Sending shutdown signal...
  [clingcon stderr] *** ERROR: (clingcon): solving stopped by signal
  [clingcon stderr] *** Info : (clingcon): Shutdown completed in 0.000 seconds
  mono=7  conc=12  optimal=False
  R_1=0.8  worst_trip=(l4,l5,tr1,k4)
  K_1=0.8
  R_alpha: heaviest_single_0.2=0.5  heaviest_global_0.2=0.0333
  First solution: R_1=0.8  R_TR=0.3  s1_time=0.034  s2_time=0.025

  [layered_small_seed1 w=300 s2=both] Stage 2 solve (enc=stage2_packing.lp)...
  cmd: clingcon /tmp/s2_facts_1suy05uj.lp /home/racquelnina/MultiNetworkBatchingUsingASP/src/experiments/two_stage/final/encodings/stage2_packing.lp -c weight=300 -c hetero_on=1 -c concentrated_on=1 --time-limit=100 --outf=2 -t 1 --configuration=many
  [clingcon stderr] *** Info : (clingcon): Sending shutdown signal...
  [clingcon stderr] *** ERROR: (clingcon): solving stopped by signal
  [clingcon stderr] *** Info : (clingcon): Shutdown completed in 0.003 seconds
  mono=3  conc=10  optimal=False
  R_1=0.8333  worst_trip=(l2,l4,tr1,k2)
  K_1=0.8333
  R_alpha: heaviest_single_0.2=0.5  heaviest_global_0.2=0.0
  First solution: R_1=0.8  R_TR=0.3  s1_time=0.034  s2_time=0.015

  [layered_small_seed1 w=500] Stage 1 solve (limit=100s, enc=stage_1_flow.lp)...
  cmd: clingcon /home/racquelnina/MultiNetworkBatchingUsingASP/src/experiments/two_stage/final/encodings/stage_1_flow.lp /home/racquelnina/MultiNetworkBatchingUsingASP/src/instances/generated/layered_small_seed1.lp -c weight=500 -c max_freq=20 -c exposure_n=3 -c use_exposure=1 -c cap_size_divide=1 --time-limit=100 --outf=2 -t 1 --configuration=many
  [clingcon stderr] *** Info : (clingcon): Sending shutdown signal...
  [clingcon stderr] *** ERROR: (clingcon): solving stopped by signal
  [clingcon stderr] *** Info : (clingcon): Shutdown completed in 0.000 seconds
  Stage 1: cost=5072  routes=9  loads=18  optimal=False
  R_TR=0.6667  worst_arc=(l1,l3,tr2)

  [layered_small_seed1 w=500 s2=off_off] Stage 2 solve (enc=stage2_packing.lp)...
  cmd: clingcon /tmp/s2_facts_lltzqt8b.lp /home/racquelnina/MultiNetworkBatchingUsingASP/src/experiments/two_stage/final/encodings/stage2_packing.lp -c weight=500 -c hetero_on=0 -c concentrated_on=0 --time-limit=100 --outf=2 -t 1 --configuration=many
  mono=1  conc=14  optimal=True
  R_1=0.8333  worst_trip=(l3,l5,tr1,k1)
  K_1=0.8333
  R_alpha: heaviest_single_0.2=0.6667  heaviest_global_0.2=0.0
  First solution: R_1=0.8667  R_TR=0.3  s1_time=0.032  s2_time=0.019

  [layered_small_seed1 w=500 s2=hetero] Stage 2 solve (enc=stage2_packing.lp)...
  cmd: clingcon /tmp/s2_facts_hz_jdygl.lp /home/racquelnina/MultiNetworkBatchingUsingASP/src/experiments/two_stage/final/encodings/stage2_packing.lp -c weight=500 -c hetero_on=1 -c concentrated_on=0 --time-limit=100 --outf=2 -t 1 --configuration=many
  mono=0  conc=14  optimal=True
  R_1=0.8333  worst_trip=(l2,l3,tr1,k1)
  K_1=0.8333
  R_alpha: heaviest_single_0.2=0.6667  heaviest_global_0.2=0.0
  First solution: R_1=0.8667  R_TR=0.3  s1_time=0.032  s2_time=0.025

  [layered_small_seed1 w=500 s2=conc] Stage 2 solve (enc=stage2_packing.lp)...
  cmd: clingcon /tmp/s2_facts_gn02l9be.lp /home/racquelnina/MultiNetworkBatchingUsingASP/src/experiments/two_stage/final/encodings/stage2_packing.lp -c weight=500 -c hetero_on=0 -c concentrated_on=1 --time-limit=100 --outf=2 -t 1 --configuration=many
  [clingcon stderr] *** Info : (clingcon): Sending shutdown signal...
  [clingcon stderr] *** ERROR: (clingcon): solving stopped by signal
  [clingcon stderr] *** Info : (clingcon): Shutdown completed in 0.007 seconds
  mono=7  conc=15  optimal=False
  R_1=0.8  worst_trip=(l4,l5,tr1,k1)
  K_1=0.8
  R_alpha: heaviest_single_0.2=0.7  heaviest_global_0.2=0.0
  First solution: R_1=0.8667  R_TR=0.3  s1_time=0.032  s2_time=0.027

  [layered_small_seed1 w=500 s2=both] Stage 2 solve (enc=stage2_packing.lp)...
  cmd: clingcon /tmp/s2_facts__7yl1x2n.lp /home/racquelnina/MultiNetworkBatchingUsingASP/src/experiments/two_stage/final/encodings/stage2_packing.lp -c weight=500 -c hetero_on=1 -c concentrated_on=1 --time-limit=100 --outf=2 -t 1 --configuration=many
  [clingcon stderr] *** Info : (clingcon): Sending shutdown signal...
  [clingcon stderr] *** ERROR: (clingcon): solving stopped by signal
  [clingcon stderr] *** Info : (clingcon): Shutdown completed in 0.006 seconds
  mono=2  conc=13  optimal=False
  R_1=0.8  worst_trip=(l2,l4,tr1,k5)
  K_1=0.8
  R_alpha: heaviest_single_0.2=0.6667  heaviest_global_0.2=0.0
  First solution: R_1=0.8667  R_TR=0.3  s1_time=0.032  s2_time=0.026

  [layered_small_seed1 w=750] Stage 1 solve (limit=100s, enc=stage_1_flow.lp)...
  cmd: clingcon /home/racquelnina/MultiNetworkBatchingUsingASP/src/experiments/two_stage/final/encodings/stage_1_flow.lp /home/racquelnina/MultiNetworkBatchingUsingASP/src/instances/generated/layered_small_seed1.lp -c weight=750 -c max_freq=20 -c exposure_n=3 -c use_exposure=1 -c cap_size_divide=1 --time-limit=100 --outf=2 -t 1 --configuration=many
  Stage 1: cost=5072  routes=9  loads=18  optimal=True
  R_TR=0.6667  worst_arc=(l1,l3,tr2)

  [layered_small_seed1 w=750 s2=off_off] Stage 2 solve (enc=stage2_packing.lp)...
  cmd: clingcon /tmp/s2_facts_05d7kjmv.lp /home/racquelnina/MultiNetworkBatchingUsingASP/src/experiments/two_stage/final/encodings/stage2_packing.lp -c weight=750 -c hetero_on=0 -c concentrated_on=0 --time-limit=100 --outf=2 -t 1 --configuration=many
  mono=1  conc=14  optimal=True
  R_1=0.8333  worst_trip=(l3,l5,tr1,k1)
  K_1=0.8333
  R_alpha: heaviest_single_0.2=0.6667  heaviest_global_0.2=0.0
  First solution: R_1=0.8667  R_TR=0.3  s1_time=0.032  s2_time=0.025

  [layered_small_seed1 w=750 s2=hetero] Stage 2 solve (enc=stage2_packing.lp)...
  cmd: clingcon /tmp/s2_facts_ti555mxi.lp /home/racquelnina/MultiNetworkBatchingUsingASP/src/experiments/two_stage/final/encodings/stage2_packing.lp -c weight=750 -c hetero_on=1 -c concentrated_on=0 --time-limit=100 --outf=2 -t 1 --configuration=many
  mono=0  conc=14  optimal=True
  R_1=0.8333  worst_trip=(l2,l3,tr1,k1)
  K_1=0.8333
  R_alpha: heaviest_single_0.2=0.6667  heaviest_global_0.2=0.0
  First solution: R_1=0.8667  R_TR=0.3  s1_time=0.032  s2_time=0.025

  [layered_small_seed1 w=750 s2=conc] Stage 2 solve (enc=stage2_packing.lp)...
  cmd: clingcon /tmp/s2_facts_snzg63u7.lp /home/racquelnina/MultiNetworkBatchingUsingASP/src/experiments/two_stage/final/encodings/stage2_packing.lp -c weight=750 -c hetero_on=0 -c concentrated_on=1 --time-limit=100 --outf=2 -t 1 --configuration=many
  [clingcon stderr] *** Info : (clingcon): Sending shutdown signal...
  [clingcon stderr] *** ERROR: (clingcon): solving stopped by signal
  [clingcon stderr] *** Info : (clingcon): Shutdown completed in 0.000 seconds
  mono=7  conc=15  optimal=False
  R_1=0.8  worst_trip=(l3,l5,tr1,k4)
  K_1=0.8
  R_alpha: heaviest_single_0.2=0.7  heaviest_global_0.2=0.0
  First solution: R_1=0.8667  R_TR=0.3  s1_time=0.032  s2_time=0.026

  [layered_small_seed1 w=750 s2=both] Stage 2 solve (enc=stage2_packing.lp)...
  cmd: clingcon /tmp/s2_facts_mvg7o1za.lp /home/racquelnina/MultiNetworkBatchingUsingASP/src/experiments/two_stage/final/encodings/stage2_packing.lp -c weight=750 -c hetero_on=1 -c concentrated_on=1 --time-limit=100 --outf=2 -t 1 --configuration=many
  [clingcon stderr] *** Info : (clingcon): Sending shutdown signal...
  [clingcon stderr] *** ERROR: (clingcon): solving stopped by signal
  [clingcon stderr] *** Info : (clingcon): Shutdown completed in 0.001 seconds
  mono=0  conc=12  optimal=False
  R_1=0.8333  worst_trip=(l2,l4,tr1,k3)
  K_1=0.8333
  R_alpha: heaviest_single_0.2=0.6667  heaviest_global_0.2=0.0
  First solution: R_1=0.8667  R_TR=0.3  s1_time=0.032  s2_time=0.025

  [layered_small_seed1 w=1000] Stage 1 solve (limit=100s, enc=stage_1_flow.lp)...
  cmd: clingcon /home/racquelnina/MultiNetworkBatchingUsingASP/src/experiments/two_stage/final/encodings/stage_1_flow.lp /home/racquelnina/MultiNetworkBatchingUsingASP/src/instances/generated/layered_small_seed1.lp -c weight=1000 -c max_freq=20 -c exposure_n=3 -c use_exposure=1 -c cap_size_divide=1 --time-limit=100 --outf=2 -t 1 --configuration=many
  Stage 1: cost=5072  routes=9  loads=18  optimal=True
  R_TR=0.6667  worst_arc=(l1,l3,tr2)

  [layered_small_seed1 w=1000 s2=off_off] Stage 2 solve (enc=stage2_packing.lp)...
  cmd: clingcon /tmp/s2_facts_gugooq9e.lp /home/racquelnina/MultiNetworkBatchingUsingASP/src/experiments/two_stage/final/encodings/stage2_packing.lp -c weight=1000 -c hetero_on=0 -c concentrated_on=0 --time-limit=100 --outf=2 -t 1 --configuration=many
  mono=1  conc=14  optimal=True
  R_1=0.8333  worst_trip=(l3,l5,tr1,k1)
  K_1=0.8333
  R_alpha: heaviest_single_0.2=0.6667  heaviest_global_0.2=0.0
  First solution: R_1=0.8667  R_TR=0.3  s1_time=0.032  s2_time=0.025

  [layered_small_seed1 w=1000 s2=hetero] Stage 2 solve (enc=stage2_packing.lp)...
  cmd: clingcon /tmp/s2_facts_xh5iel89.lp /home/racquelnina/MultiNetworkBatchingUsingASP/src/experiments/two_stage/final/encodings/stage2_packing.lp -c weight=1000 -c hetero_on=1 -c concentrated_on=0 --time-limit=100 --outf=2 -t 1 --configuration=many
  mono=0  conc=14  optimal=True
  R_1=0.8333  worst_trip=(l2,l3,tr1,k1)
  K_1=0.8333
  R_alpha: heaviest_single_0.2=0.6667  heaviest_global_0.2=0.0
  First solution: R_1=0.8667  R_TR=0.3  s1_time=0.032  s2_time=0.026

  [layered_small_seed1 w=1000 s2=conc] Stage 2 solve (enc=stage2_packing.lp)...
  cmd: clingcon /tmp/s2_facts_6ij73vyw.lp /home/racquelnina/MultiNetworkBatchingUsingASP/src/experiments/two_stage/final/encodings/stage2_packing.lp -c weight=1000 -c hetero_on=0 -c concentrated_on=1 --time-limit=100 --outf=2 -t 1 --configuration=many
  [clingcon stderr] *** Info : (clingcon): Sending shutdown signal...
  [clingcon stderr] *** ERROR: (clingcon): solving stopped by signal
  [clingcon stderr] *** Info : (clingcon): Shutdown completed in 0.000 seconds
  mono=7  conc=15  optimal=False
  R_1=0.8  worst_trip=(l4,l5,tr1,k1)
  K_1=0.8
  R_alpha: heaviest_single_0.2=0.7  heaviest_global_0.2=0.0
  First solution: R_1=0.8667  R_TR=0.3  s1_time=0.032  s2_time=0.025

  [layered_small_seed1 w=1000 s2=both] Stage 2 solve (enc=stage2_packing.lp)...
  cmd: clingcon /tmp/s2_facts_yoj5qxp2.lp /home/racquelnina/MultiNetworkBatchingUsingASP/src/experiments/two_stage/final/encodings/stage2_packing.lp -c weight=1000 -c hetero_on=1 -c concentrated_on=1 --time-limit=100 --outf=2 -t 1 --configuration=many
  [clingcon stderr] *** Info : (clingcon): Sending shutdown signal...
  [clingcon stderr] *** ERROR: (clingcon): solving stopped by signal
  [clingcon stderr] *** Info : (clingcon): Shutdown completed in 0.000 seconds
  mono=2  conc=13  optimal=False
  R_1=0.8  worst_trip=(l2,l4,tr1,k5)
  K_1=0.8
  R_alpha: heaviest_single_0.2=0.6667  heaviest_global_0.2=0.0
  First solution: R_1=0.8667  R_TR=0.3  s1_time=0.032  s2_time=0.025

══════════════════════════════════════════════════════════════════════
  Instance: layered_small_seed2  (type=layered, size=small, seed=2, time_limit=100s
══════════════════════════════════════════════════════════════════════
  Parsed: 2 parts, 22 routes

  [layered_small_seed2 w=0] Stage 1 solve (limit=100s, enc=stage_1_flow.lp)...
  cmd: clingcon /home/racquelnina/MultiNetworkBatchingUsingASP/src/experiments/two_stage/final/encodings/stage_1_flow.lp /home/racquelnina/MultiNetworkBatchingUsingASP/src/instances/generated/layered_small_seed2.lp -c weight=0 -c max_freq=20 -c exposure_n=3 -c use_exposure=1 -c cap_size_divide=1 --time-limit=100 --outf=2 -t 1 --configuration=many
  Stage 1: cost=1707  routes=5  loads=9  optimal=True
  R_TR=0.3667  worst_arc=(l1,l6,tr1)

  [layered_small_seed2 w=0 s2=off_off] Stage 2 solve (enc=stage2_packing.lp)...
  cmd: clingcon /tmp/s2_facts_g7asuzdo.lp /home/racquelnina/MultiNetworkBatchingUsingASP/src/experiments/two_stage/final/encodings/stage2_packing.lp -c weight=0 -c hetero_on=0 -c concentrated_on=0 --time-limit=100 --outf=2 -t 1 --configuration=many
  mono=4  conc=3  optimal=True
  R_1=0.7667  worst_trip=(l1,l6,tr1,k3)
  K_1=0.7667
  R_alpha: heaviest_single_0.2=0.3667  heaviest_global_0.2=0.0333
  First solution: R_1=1.0  R_TR=0.3333  s1_time=0.038  s2_time=0.018

  [layered_small_seed2 w=0 s2=hetero] Stage 2 solve (enc=stage2_packing.lp)...
  cmd: clingcon /tmp/s2_facts_cyfui176.lp /home/racquelnina/MultiNetworkBatchingUsingASP/src/experiments/two_stage/final/encodings/stage2_packing.lp -c weight=0 -c hetero_on=1 -c concentrated_on=0 --time-limit=100 --outf=2 -t 1 --configuration=many
  mono=0  conc=3  optimal=True
  R_1=0.8333  worst_trip=(l1,l6,tr1,k9)
  K_1=0.8333
  R_alpha: heaviest_single_0.2=0.4  heaviest_global_0.2=0.0667
  First solution: R_1=1.0  R_TR=0.3333  s1_time=0.038  s2_time=0.015

  [layered_small_seed2 w=0 s2=conc] Stage 2 solve (enc=stage2_packing.lp)...
  cmd: clingcon /tmp/s2_facts_gmo93dil.lp /home/racquelnina/MultiNetworkBatchingUsingASP/src/experiments/two_stage/final/encodings/stage2_packing.lp -c weight=0 -c hetero_on=0 -c concentrated_on=1 --time-limit=100 --outf=2 -t 1 --configuration=many
  [clingcon stderr] *** Info : (clingcon): Sending shutdown signal...
  [clingcon stderr] *** ERROR: (clingcon): solving stopped by signal
  [clingcon stderr] *** Info : (clingcon): Shutdown completed in 0.001 seconds
  mono=7  conc=5  optimal=False
  R_1=0.8333  worst_trip=(l1,l6,tr1,k5)
  K_1=0.8333
  R_alpha: heaviest_single_0.2=0.4333  heaviest_global_0.2=0.0667
  First solution: R_1=1.0  R_TR=0.3333  s1_time=0.038  s2_time=0.015

  [layered_small_seed2 w=0 s2=both] Stage 2 solve (enc=stage2_packing.lp)...
  cmd: clingcon /tmp/s2_facts_y30yhrf6.lp /home/racquelnina/MultiNetworkBatchingUsingASP/src/experiments/two_stage/final/encodings/stage2_packing.lp -c weight=0 -c hetero_on=1 -c concentrated_on=1 --time-limit=100 --outf=2 -t 1 --configuration=many
  [clingcon stderr] *** Info : (clingcon): Sending shutdown signal...
  [clingcon stderr] *** ERROR: (clingcon): solving stopped by signal
  [clingcon stderr] *** Info : (clingcon): Shutdown completed in 0.001 seconds
  mono=7  conc=5  optimal=False
  R_1=0.8333  worst_trip=(l1,l6,tr1,k1)
  K_1=0.8333
  R_alpha: heaviest_single_0.2=0.4333  heaviest_global_0.2=0.0667
  First solution: R_1=1.0  R_TR=0.3333  s1_time=0.038  s2_time=0.009

  [layered_small_seed2 w=300] Stage 1 solve (limit=100s, enc=stage_1_flow.lp)...
  cmd: clingcon /home/racquelnina/MultiNetworkBatchingUsingASP/src/experiments/two_stage/final/encodings/stage_1_flow.lp /home/racquelnina/MultiNetworkBatchingUsingASP/src/instances/generated/layered_small_seed2.lp -c weight=300 -c max_freq=20 -c exposure_n=3 -c use_exposure=1 -c cap_size_divide=1 --time-limit=100 --outf=2 -t 1 --configuration=many
  [clingcon stderr] *** Info : (clingcon): Sending shutdown signal...
  [clingcon stderr] *** ERROR: (clingcon): solving stopped by signal
  [clingcon stderr] *** Info : (clingcon): Shutdown completed in 0.000 seconds
  Stage 1: cost=2560  routes=8  loads=12  optimal=False
  R_TR=0.6667  worst_arc=(l1,l6,tr1)

  [layered_small_seed2 w=300 s2=off_off] Stage 2 solve (enc=stage2_packing.lp)...
  cmd: clingcon /tmp/s2_facts_fmbzyfhj.lp /home/racquelnina/MultiNetworkBatchingUsingASP/src/experiments/two_stage/final/encodings/stage2_packing.lp -c weight=300 -c hetero_on=0 -c concentrated_on=0 --time-limit=100 --outf=2 -t 1 --configuration=many
  mono=5  conc=14  optimal=True
  R_1=0.8333  worst_trip=(l2,l5,tr2,k8)
  K_1=0.8333
  R_alpha: heaviest_single_0.2=0.7  heaviest_global_0.2=0.0333
  First solution: R_1=0.8667  R_TR=0.3333  s1_time=0.043  s2_time=0.02

  [layered_small_seed2 w=300 s2=hetero] Stage 2 solve (enc=stage2_packing.lp)...
  cmd: clingcon /tmp/s2_facts_wvcaz4d3.lp /home/racquelnina/MultiNetworkBatchingUsingASP/src/experiments/two_stage/final/encodings/stage2_packing.lp -c weight=300 -c hetero_on=1 -c concentrated_on=0 --time-limit=100 --outf=2 -t 1 --configuration=many
  mono=0  conc=14  optimal=True
  R_1=0.8667  worst_trip=(l4,l6,tr2,k2)
  K_1=0.8667
  R_alpha: heaviest_single_0.2=0.7  heaviest_global_0.2=0.0667
  First solution: R_1=0.8667  R_TR=0.3333  s1_time=0.043  s2_time=0.02

  [layered_small_seed2 w=300 s2=conc] Stage 2 solve (enc=stage2_packing.lp)...
  cmd: clingcon /tmp/s2_facts_f68d_yzm.lp /home/racquelnina/MultiNetworkBatchingUsingASP/src/experiments/two_stage/final/encodings/stage2_packing.lp -c weight=300 -c hetero_on=0 -c concentrated_on=1 --time-limit=100 --outf=2 -t 1 --configuration=many
  mono=0  conc=13  optimal=True
  R_1=0.8333  worst_trip=(l1,l6,tr1,k5)
  K_1=0.8333
  R_alpha: heaviest_single_0.2=0.7  heaviest_global_0.2=0.0667
  First solution: R_1=0.8667  R_TR=0.3333  s1_time=0.043  s2_time=0.02

  [layered_small_seed2 w=300 s2=both] Stage 2 solve (enc=stage2_packing.lp)...
  cmd: clingcon /tmp/s2_facts_0a85ugt3.lp /home/racquelnina/MultiNetworkBatchingUsingASP/src/experiments/two_stage/final/encodings/stage2_packing.lp -c weight=300 -c hetero_on=1 -c concentrated_on=1 --time-limit=100 --outf=2 -t 1 --configuration=many
  mono=0  conc=12  optimal=True
  R_1=0.8333  worst_trip=(l1,l6,tr1,k2)
  K_1=0.8333
  R_alpha: heaviest_single_0.2=0.7  heaviest_global_0.2=0.0667
  First solution: R_1=0.8667  R_TR=0.3333  s1_time=0.043  s2_time=0.02

  [layered_small_seed2 w=500] Stage 1 solve (limit=100s, enc=stage_1_flow.lp)...
  cmd: clingcon /home/racquelnina/MultiNetworkBatchingUsingASP/src/experiments/two_stage/final/encodings/stage_1_flow.lp /home/racquelnina/MultiNetworkBatchingUsingASP/src/instances/generated/layered_small_seed2.lp -c weight=500 -c max_freq=20 -c exposure_n=3 -c use_exposure=1 -c cap_size_divide=1 --time-limit=100 --outf=2 -t 1 --configuration=many
  [clingcon stderr] *** Info : (clingcon): Sending shutdown signal...
  [clingcon stderr] *** ERROR: (clingcon): solving stopped by signal
  [clingcon stderr] *** Info : (clingcon): Shutdown completed in 0.001 seconds
  Stage 1: cost=2560  routes=8  loads=12  optimal=False
  R_TR=0.6667  worst_arc=(l1,l6,tr1)

  [layered_small_seed2 w=500 s2=off_off] Stage 2 solve (enc=stage2_packing.lp)...
  cmd: clingcon /tmp/s2_facts_u40kiu2m.lp /home/racquelnina/MultiNetworkBatchingUsingASP/src/experiments/two_stage/final/encodings/stage2_packing.lp -c weight=500 -c hetero_on=0 -c concentrated_on=0 --time-limit=100 --outf=2 -t 1 --configuration=many
  mono=5  conc=14  optimal=True
  R_1=0.8333  worst_trip=(l1,l6,tr1,k3)
  K_1=0.8333
  R_alpha: heaviest_single_0.2=0.7  heaviest_global_0.2=0.0333
  First solution: R_1=0.8667  R_TR=0.3333  s1_time=0.041  s2_time=0.02

  [layered_small_seed2 w=500 s2=hetero] Stage 2 solve (enc=stage2_packing.lp)...
  cmd: clingcon /tmp/s2_facts_a6gunjro.lp /home/racquelnina/MultiNetworkBatchingUsingASP/src/experiments/two_stage/final/encodings/stage2_packing.lp -c weight=500 -c hetero_on=1 -c concentrated_on=0 --time-limit=100 --outf=2 -t 1 --configuration=many
  mono=0  conc=14  optimal=True
  R_1=0.8667  worst_trip=(l4,l6,tr2,k2)
  K_1=0.8667
  R_alpha: heaviest_single_0.2=0.7  heaviest_global_0.2=0.0667
  First solution: R_1=0.8667  R_TR=0.3333  s1_time=0.041  s2_time=0.019

  [layered_small_seed2 w=500 s2=conc] Stage 2 solve (enc=stage2_packing.lp)...
  cmd: clingcon /tmp/s2_facts_3mpmdl29.lp /home/racquelnina/MultiNetworkBatchingUsingASP/src/experiments/two_stage/final/encodings/stage2_packing.lp -c weight=500 -c hetero_on=0 -c concentrated_on=1 --time-limit=100 --outf=2 -t 1 --configuration=many
  mono=0  conc=13  optimal=True
  R_1=0.8333  worst_trip=(l1,l6,tr1,k5)
  K_1=0.8333
  R_alpha: heaviest_single_0.2=0.7  heaviest_global_0.2=0.0667
  First solution: R_1=0.8667  R_TR=0.3333  s1_time=0.041  s2_time=0.024

  [layered_small_seed2 w=500 s2=both] Stage 2 solve (enc=stage2_packing.lp)...
  cmd: clingcon /tmp/s2_facts_q76tf3ht.lp /home/racquelnina/MultiNetworkBatchingUsingASP/src/experiments/two_stage/final/encodings/stage2_packing.lp -c weight=500 -c hetero_on=1 -c concentrated_on=1 --time-limit=100 --outf=2 -t 1 --configuration=many
  mono=0  conc=12  optimal=True
  R_1=0.8333  worst_trip=(l4,l6,tr2,k1)
  K_1=0.8333
  R_alpha: heaviest_single_0.2=0.7  heaviest_global_0.2=0.0667
  First solution: R_1=0.8667  R_TR=0.3333  s1_time=0.041  s2_time=0.02

  [layered_small_seed2 w=750] Stage 1 solve (limit=100s, enc=stage_1_flow.lp)...
  cmd: clingcon /home/racquelnina/MultiNetworkBatchingUsingASP/src/experiments/two_stage/final/encodings/stage_1_flow.lp /home/racquelnina/MultiNetworkBatchingUsingASP/src/instances/generated/layered_small_seed2.lp -c weight=750 -c max_freq=20 -c exposure_n=3 -c use_exposure=1 -c cap_size_divide=1 --time-limit=100 --outf=2 -t 1 --configuration=many
  [clingcon stderr] *** Info : (clingcon): Sending shutdown signal...
  [clingcon stderr] *** ERROR: (clingcon): solving stopped by signal
  [clingcon stderr] *** Info : (clingcon): Shutdown completed in 0.001 seconds
  Stage 1: cost=4500  routes=9  loads=18  optimal=False
  R_TR=0.6667  worst_arc=(l1,l3,tr1)

  [layered_small_seed2 w=750 s2=off_off] Stage 2 solve (enc=stage2_packing.lp)...
  cmd: clingcon /tmp/s2_facts_qicuwbda.lp /home/racquelnina/MultiNetworkBatchingUsingASP/src/experiments/two_stage/final/encodings/stage2_packing.lp -c weight=750 -c hetero_on=0 -c concentrated_on=0 --time-limit=100 --outf=2 -t 1 --configuration=many
  mono=3  conc=10  optimal=True
  R_1=0.8  worst_trip=(l3,l6,tr1,k2)
  K_1=0.8
  R_alpha: heaviest_single_0.2=0.6667  heaviest_global_0.2=0.0333
  First solution: R_1=1.0  R_TR=0.3333  s1_time=0.038  s2_time=0.021

  [layered_small_seed2 w=750 s2=hetero] Stage 2 solve (enc=stage2_packing.lp)...
  cmd: clingcon /tmp/s2_facts_2f1stcy6.lp /home/racquelnina/MultiNetworkBatchingUsingASP/src/experiments/two_stage/final/encodings/stage2_packing.lp -c weight=750 -c hetero_on=1 -c concentrated_on=0 --time-limit=100 --outf=2 -t 1 --configuration=many
  mono=1  conc=10  optimal=True
  R_1=0.8333  worst_trip=(l3,l6,tr1,k1)
  K_1=0.8333
  R_alpha: heaviest_single_0.2=0.6667  heaviest_global_0.2=0.0667
  First solution: R_1=1.0  R_TR=0.3333  s1_time=0.038  s2_time=0.024

  [layered_small_seed2 w=750 s2=conc] Stage 2 solve (enc=stage2_packing.lp)...
  cmd: clingcon /tmp/s2_facts_nmntf5rh.lp /home/racquelnina/MultiNetworkBatchingUsingASP/src/experiments/two_stage/final/encodings/stage2_packing.lp -c weight=750 -c hetero_on=0 -c concentrated_on=1 --time-limit=100 --outf=2 -t 1 --configuration=many
  mono=1  conc=9  optimal=True
  R_1=0.8333  worst_trip=(l1,l6,tr1,k2)
  K_1=0.8333
  R_alpha: heaviest_single_0.2=0.7  heaviest_global_0.2=0.0667
  First solution: R_1=1.0  R_TR=0.3333  s1_time=0.038  s2_time=0.02

  [layered_small_seed2 w=750 s2=both] Stage 2 solve (enc=stage2_packing.lp)...
  cmd: clingcon /tmp/s2_facts_727xcjm3.lp /home/racquelnina/MultiNetworkBatchingUsingASP/src/experiments/two_stage/final/encodings/stage2_packing.lp -c weight=750 -c hetero_on=1 -c concentrated_on=1 --time-limit=100 --outf=2 -t 1 --configuration=many
  mono=1  conc=9  optimal=True
  R_1=0.8333  worst_trip=(l1,l3,tr1,k6)
  K_1=0.8333
  R_alpha: heaviest_single_0.2=0.7  heaviest_global_0.2=0.0667
  First solution: R_1=1.0  R_TR=0.3333  s1_time=0.038  s2_time=0.02

  [layered_small_seed2 w=1000] Stage 1 solve (limit=100s, enc=stage_1_flow.lp)...
  cmd: clingcon /home/racquelnina/MultiNetworkBatchingUsingASP/src/experiments/two_stage/final/encodings/stage_1_flow.lp /home/racquelnina/MultiNetworkBatchingUsingASP/src/instances/generated/layered_small_seed2.lp -c weight=1000 -c max_freq=20 -c exposure_n=3 -c use_exposure=1 -c cap_size_divide=1 --time-limit=100 --outf=2 -t 1 --configuration=many
  [clingcon stderr] *** Info : (clingcon): Sending shutdown signal...
  [clingcon stderr] *** ERROR: (clingcon): solving stopped by signal
  [clingcon stderr] *** Info : (clingcon): Shutdown completed in 0.000 seconds
  Stage 1: cost=2601  routes=8  loads=15  optimal=False
  R_TR=0.6667  worst_arc=(l1,l4,tr2)

  [layered_small_seed2 w=1000 s2=off_off] Stage 2 solve (enc=stage2_packing.lp)...
  cmd: clingcon /tmp/s2_facts_lezcygl3.lp /home/racquelnina/MultiNetworkBatchingUsingASP/src/experiments/two_stage/final/encodings/stage2_packing.lp -c weight=1000 -c hetero_on=0 -c concentrated_on=0 --time-limit=100 --outf=2 -t 1 --configuration=many
  mono=1  conc=9  optimal=True
  R_1=0.8333  worst_trip=(l4,l6,tr2,k3)
  K_1=0.8333
  R_alpha: heaviest_single_0.2=0.6667  heaviest_global_0.2=0.1
  First solution: R_1=0.8667  R_TR=0.3333  s1_time=0.039  s2_time=0.025

  [layered_small_seed2 w=1000 s2=hetero] Stage 2 solve (enc=stage2_packing.lp)...
  cmd: clingcon /tmp/s2_facts_1l_c3qb8.lp /home/racquelnina/MultiNetworkBatchingUsingASP/src/experiments/two_stage/final/encodings/stage2_packing.lp -c weight=1000 -c hetero_on=1 -c concentrated_on=0 --time-limit=100 --outf=2 -t 1 --configuration=many
  mono=0  conc=7  optimal=True
  R_1=0.9  worst_trip=(l4,l6,tr2,k4)
  K_1=0.9
  R_alpha: heaviest_single_0.2=0.6667  heaviest_global_0.2=0.0667
  First solution: R_1=0.8667  R_TR=0.3333  s1_time=0.039  s2_time=0.025

  [layered_small_seed2 w=1000 s2=conc] Stage 2 solve (enc=stage2_packing.lp)...
  cmd: clingcon /tmp/s2_facts_qjp503f0.lp /home/racquelnina/MultiNetworkBatchingUsingASP/src/experiments/two_stage/final/encodings/stage2_packing.lp -c weight=1000 -c hetero_on=0 -c concentrated_on=1 --time-limit=100 --outf=2 -t 1 --configuration=many
  [clingcon stderr] *** Info : (clingcon): Sending shutdown signal...
  [clingcon stderr] *** ERROR: (clingcon): solving stopped by signal
  [clingcon stderr] *** Info : (clingcon): Shutdown completed in 0.000 seconds
  mono=10  conc=14  optimal=False
  R_1=0.8667  worst_trip=(l1,l4,tr2,k5)
  K_1=0.8667
  R_alpha: heaviest_single_0.2=0.6667  heaviest_global_0.2=0.0333
  First solution: R_1=0.8667  R_TR=0.3333  s1_time=0.039  s2_time=0.025

  [layered_small_seed2 w=1000 s2=both] Stage 2 solve (enc=stage2_packing.lp)...
  cmd: clingcon /tmp/s2_facts_i8delcfl.lp /home/racquelnina/MultiNetworkBatchingUsingASP/src/experiments/two_stage/final/encodings/stage2_packing.lp -c weight=1000 -c hetero_on=1 -c concentrated_on=1 --time-limit=100 --outf=2 -t 1 --configuration=many
  [clingcon stderr] *** Info : (clingcon): Sending shutdown signal...
  [clingcon stderr] *** ERROR: (clingcon): solving stopped by signal
  [clingcon stderr] *** Info : (clingcon): Shutdown completed in 0.001 seconds
  mono=13  conc=13  optimal=False
  R_1=0.8333  worst_trip=(l2,l5,tr2,k1)
  K_1=0.8333
  R_alpha: heaviest_single_0.2=0.7  heaviest_global_0.2=0.0667
  First solution: R_1=0.8667  R_TR=0.3333  s1_time=0.039  s2_time=0.027

══════════════════════════════════════════════════════════════════════
  Instance: layered_small_seed3  (type=layered, size=small, seed=3, time_limit=100s
══════════════════════════════════════════════════════════════════════
  Parsed: 2 parts, 17 routes

  [layered_small_seed3 w=0] Stage 1 solve (limit=100s, enc=stage_1_flow.lp)...
  cmd: clingcon /home/racquelnina/MultiNetworkBatchingUsingASP/src/experiments/two_stage/final/encodings/stage_1_flow.lp /home/racquelnina/MultiNetworkBatchingUsingASP/src/instances/generated/layered_small_seed3.lp -c weight=0 -c max_freq=20 -c exposure_n=3 -c use_exposure=1 -c cap_size_divide=1 --time-limit=100 --outf=2 -t 1 --configuration=many
  Stage 1: cost=5756  routes=5  loads=9  optimal=True
  R_TR=0.1667  worst_arc=(l4,l5,tr2)

  [layered_small_seed3 w=0 s2=off_off] Stage 2 solve (enc=stage2_packing.lp)...
  cmd: clingcon /tmp/s2_facts_lhe7811o.lp /home/racquelnina/MultiNetworkBatchingUsingASP/src/experiments/two_stage/final/encodings/stage2_packing.lp -c weight=0 -c hetero_on=0 -c concentrated_on=0 --time-limit=100 --outf=2 -t 1 --configuration=many
  [clingcon stderr] *** Info : (clingcon): Sending shutdown signal...
  [clingcon stderr] *** ERROR: (clingcon): solving stopped by signal
  [clingcon stderr] *** Info : (clingcon): Shutdown completed in 0.003 seconds
  mono=29  conc=2  optimal=False
  R_1=0.8667  worst_trip=(l1,l4,tr1,k1)
  K_1=0.8667
  R_alpha: heaviest_single_0.2=0.3667  heaviest_global_0.2=0.0
  First solution: R_1=0.9  R_TR=0.1667  s1_time=0.031  s2_time=0.03

  [layered_small_seed3 w=0 s2=hetero] Stage 2 solve (enc=stage2_packing.lp)...
  cmd: clingcon /tmp/s2_facts_6vvslhlt.lp /home/racquelnina/MultiNetworkBatchingUsingASP/src/experiments/two_stage/final/encodings/stage2_packing.lp -c weight=0 -c hetero_on=1 -c concentrated_on=0 --time-limit=100 --outf=2 -t 1 --configuration=many
  [clingcon stderr] *** Info : (clingcon): Sending shutdown signal...
  [clingcon stderr] *** ERROR: (clingcon): solving stopped by signal
  [clingcon stderr] *** Info : (clingcon): Shutdown completed in 0.000 seconds
  mono=4  conc=0  optimal=False
  R_1=0.8667  worst_trip=(l1,l4,tr1,k4)
  K_1=0.8667
  R_alpha: heaviest_single_0.2=0.3  heaviest_global_0.2=0.1
  First solution: R_1=0.9  R_TR=0.1667  s1_time=0.031  s2_time=0.026

  [layered_small_seed3 w=0 s2=conc] Stage 2 solve (enc=stage2_packing.lp)...
  cmd: clingcon /tmp/s2_facts_8f9vc6fl.lp /home/racquelnina/MultiNetworkBatchingUsingASP/src/experiments/two_stage/final/encodings/stage2_packing.lp -c weight=0 -c hetero_on=0 -c concentrated_on=1 --time-limit=100 --outf=2 -t 1 --configuration=many
  [clingcon stderr] *** Info : (clingcon): Sending shutdown signal...
  [clingcon stderr] *** ERROR: (clingcon): solving stopped by signal
  [clingcon stderr] *** Info : (clingcon): Shutdown completed in 0.000 seconds
  mono=31  conc=2  optimal=False
  R_1=0.8667  worst_trip=(l1,l4,tr1,k1)
  K_1=0.8667
  R_alpha: heaviest_single_0.2=0.2667  heaviest_global_0.2=0.0
  First solution: R_1=0.9  R_TR=0.1667  s1_time=0.031  s2_time=0.031

  [layered_small_seed3 w=0 s2=both] Stage 2 solve (enc=stage2_packing.lp)...
  cmd: clingcon /tmp/s2_facts_zrvfrva9.lp /home/racquelnina/MultiNetworkBatchingUsingASP/src/experiments/two_stage/final/encodings/stage2_packing.lp -c weight=0 -c hetero_on=1 -c concentrated_on=1 --time-limit=100 --outf=2 -t 1 --configuration=many
  [clingcon stderr] *** Info : (clingcon): Sending shutdown signal...
  [clingcon stderr] *** ERROR: (clingcon): solving stopped by signal
  [clingcon stderr] *** Info : (clingcon): Shutdown completed in 0.000 seconds
  mono=27  conc=2  optimal=False
  R_1=0.8667  worst_trip=(l1,l4,tr1,k4)
  K_1=0.8667
  R_alpha: heaviest_single_0.2=0.2333  heaviest_global_0.2=0.0
  First solution: R_1=0.9  R_TR=0.1667  s1_time=0.031  s2_time=0.03

  [layered_small_seed3 w=300] Stage 1 solve (limit=100s, enc=stage_1_flow.lp)...
  cmd: clingcon /home/racquelnina/MultiNetworkBatchingUsingASP/src/experiments/two_stage/final/encodings/stage_1_flow.lp /home/racquelnina/MultiNetworkBatchingUsingASP/src/instances/generated/layered_small_seed3.lp -c weight=300 -c max_freq=20 -c exposure_n=3 -c use_exposure=1 -c cap_size_divide=1 --time-limit=100 --outf=2 -t 1 --configuration=many
  [clingcon stderr] *** Info : (clingcon): Sending shutdown signal...
  [clingcon stderr] *** ERROR: (clingcon): solving stopped by signal
  [clingcon stderr] *** Info : (clingcon): Shutdown completed in 0.000 seconds
  Stage 1: cost=6980  routes=11  loads=16  optimal=False
  R_TR=0.1667  worst_arc=(l4,l5,tr2)

  [layered_small_seed3 w=300 s2=off_off] Stage 2 solve (enc=stage2_packing.lp)...
  cmd: clingcon /tmp/s2_facts_yz06tmfv.lp /home/racquelnina/MultiNetworkBatchingUsingASP/src/experiments/two_stage/final/encodings/stage2_packing.lp -c weight=300 -c hetero_on=0 -c concentrated_on=0 --time-limit=100 --outf=2 -t 1 --configuration=many
  [clingcon stderr] *** Info : (clingcon): Sending shutdown signal...
  [clingcon stderr] *** ERROR: (clingcon): solving stopped by signal
  [clingcon stderr] *** Info : (clingcon): Shutdown completed in 0.003 seconds
  mono=12  conc=11  optimal=False
  R_1=0.8667  worst_trip=(l3,l6,tr1,k1)
  K_1=0.8667
  R_alpha: heaviest_single_0.2=0.2333  heaviest_global_0.2=0.0333
  First solution: R_1=0.9  R_TR=0.1667  s1_time=0.032  s2_time=0.031

  [layered_small_seed3 w=300 s2=hetero] Stage 2 solve (enc=stage2_packing.lp)...
  cmd: clingcon /tmp/s2_facts_8etb6nyt.lp /home/racquelnina/MultiNetworkBatchingUsingASP/src/experiments/two_stage/final/encodings/stage2_packing.lp -c weight=300 -c hetero_on=1 -c concentrated_on=0 --time-limit=100 --outf=2 -t 1 --configuration=many
  [clingcon stderr] *** Info : (clingcon): Sending shutdown signal...
  [clingcon stderr] *** ERROR: (clingcon): solving stopped by signal
  [clingcon stderr] *** Info : (clingcon): Shutdown completed in 0.003 seconds
  mono=3  conc=10  optimal=False
  R_1=0.8667  worst_trip=(l1,l4,tr1,k3)
  K_1=0.8667
  R_alpha: heaviest_single_0.2=0.2333  heaviest_global_0.2=0.0667
  First solution: R_1=0.9  R_TR=0.1667  s1_time=0.032  s2_time=0.027

  [layered_small_seed3 w=300 s2=conc] Stage 2 solve (enc=stage2_packing.lp)...
  cmd: clingcon /tmp/s2_facts_34hu5vya.lp /home/racquelnina/MultiNetworkBatchingUsingASP/src/experiments/two_stage/final/encodings/stage2_packing.lp -c weight=300 -c hetero_on=0 -c concentrated_on=1 --time-limit=100 --outf=2 -t 1 --configuration=many
  [clingcon stderr] *** Info : (clingcon): Sending shutdown signal...
  [clingcon stderr] *** ERROR: (clingcon): solving stopped by signal
  [clingcon stderr] *** Info : (clingcon): Shutdown completed in 0.001 seconds
  mono=18  conc=10  optimal=False
  R_1=0.8667  worst_trip=(l1,l4,tr1,k1)
  K_1=0.8667
  R_alpha: heaviest_single_0.2=0.2333  heaviest_global_0.2=0.0333
  First solution: R_1=0.9  R_TR=0.1667  s1_time=0.032  s2_time=0.031

  [layered_small_seed3 w=300 s2=both] Stage 2 solve (enc=stage2_packing.lp)...
  cmd: clingcon /tmp/s2_facts_2bpyqj9j.lp /home/racquelnina/MultiNetworkBatchingUsingASP/src/experiments/two_stage/final/encodings/stage2_packing.lp -c weight=300 -c hetero_on=1 -c concentrated_on=1 --time-limit=100 --outf=2 -t 1 --configuration=many
  [clingcon stderr] *** Info : (clingcon): Sending shutdown signal...
  [clingcon stderr] *** ERROR: (clingcon): solving stopped by signal
  [clingcon stderr] *** Info : (clingcon): Shutdown completed in 0.000 seconds
  mono=23  conc=10  optimal=False
  R_1=0.8667  worst_trip=(l3,l6,tr1,k1)
  K_1=0.8667
  R_alpha: heaviest_single_0.2=0.2667  heaviest_global_0.2=0.0333
  First solution: R_1=0.9  R_TR=0.1667  s1_time=0.032  s2_time=0.03

  [layered_small_seed3 w=500] Stage 1 solve (limit=100s, enc=stage_1_flow.lp)...
  cmd: clingcon /home/racquelnina/MultiNetworkBatchingUsingASP/src/experiments/two_stage/final/encodings/stage_1_flow.lp /home/racquelnina/MultiNetworkBatchingUsingASP/src/instances/generated/layered_small_seed3.lp -c weight=500 -c max_freq=20 -c exposure_n=3 -c use_exposure=1 -c cap_size_divide=1 --time-limit=100 --outf=2 -t 1 --configuration=many
  [clingcon stderr] *** Info : (clingcon): Sending shutdown signal...
  [clingcon stderr] *** ERROR: (clingcon): solving stopped by signal
  [clingcon stderr] *** Info : (clingcon): Shutdown completed in 0.000 seconds
  Stage 1: cost=7292  routes=10  loads=15  optimal=False
  R_TR=0.5667  worst_arc=(l2,l4,tr2)

  [layered_small_seed3 w=500 s2=off_off] Stage 2 solve (enc=stage2_packing.lp)...
  cmd: clingcon /tmp/s2_facts_2qakyv38.lp /home/racquelnina/MultiNetworkBatchingUsingASP/src/experiments/two_stage/final/encodings/stage2_packing.lp -c weight=500 -c hetero_on=0 -c concentrated_on=0 --time-limit=100 --outf=2 -t 1 --configuration=many
  [clingcon stderr] *** Info : (clingcon): Sending shutdown signal...
  [clingcon stderr] *** ERROR: (clingcon): solving stopped by signal
  [clingcon stderr] *** Info : (clingcon): Shutdown completed in 0.000 seconds
  mono=17  conc=12  optimal=False
  R_1=0.8667  worst_trip=(l3,l6,tr1,k2)
  K_1=0.8667
  R_alpha: heaviest_single_0.2=0.6333  heaviest_global_0.2=0.0
  First solution: R_1=0.8667  R_TR=0.1667  s1_time=0.035  s2_time=0.026

  [layered_small_seed3 w=500 s2=hetero] Stage 2 solve (enc=stage2_packing.lp)...
  cmd: clingcon /tmp/s2_facts_pn0ybhi0.lp /home/racquelnina/MultiNetworkBatchingUsingASP/src/experiments/two_stage/final/encodings/stage2_packing.lp -c weight=500 -c hetero_on=1 -c concentrated_on=0 --time-limit=100 --outf=2 -t 1 --configuration=many
  [clingcon stderr] *** Info : (clingcon): Sending shutdown signal...
  [clingcon stderr] *** ERROR: (clingcon): solving stopped by signal
  [clingcon stderr] *** Info : (clingcon): Shutdown completed in 0.000 seconds
  mono=1  conc=8  optimal=False
  R_1=0.8667  worst_trip=(l1,l4,tr1,k3)
  K_1=0.8667
  R_alpha: heaviest_single_0.2=0.6  heaviest_global_0.2=0.0667
  First solution: R_1=0.8667  R_TR=0.1667  s1_time=0.035  s2_time=0.026

  [layered_small_seed3 w=500 s2=conc] Stage 2 solve (enc=stage2_packing.lp)...
  cmd: clingcon /tmp/s2_facts_kkjiukxg.lp /home/racquelnina/MultiNetworkBatchingUsingASP/src/experiments/two_stage/final/encodings/stage2_packing.lp -c weight=500 -c hetero_on=0 -c concentrated_on=1 --time-limit=100 --outf=2 -t 1 --configuration=many
  [clingcon stderr] *** Info : (clingcon): Sending shutdown signal...
  [clingcon stderr] *** ERROR: (clingcon): solving stopped by signal
  [clingcon stderr] *** Info : (clingcon): Shutdown completed in 0.000 seconds
  mono=16  conc=10  optimal=False
  R_1=0.8667  worst_trip=(l4,l5,tr1,k3)
  K_1=0.8667
  R_alpha: heaviest_single_0.2=0.6  heaviest_global_0.2=0.0
  First solution: R_1=0.8667  R_TR=0.1667  s1_time=0.035  s2_time=0.026

  [layered_small_seed3 w=500 s2=both] Stage 2 solve (enc=stage2_packing.lp)...
  cmd: clingcon /tmp/s2_facts__78njwxv.lp /home/racquelnina/MultiNetworkBatchingUsingASP/src/experiments/two_stage/final/encodings/stage2_packing.lp -c weight=500 -c hetero_on=1 -c concentrated_on=1 --time-limit=100 --outf=2 -t 1 --configuration=many
  [clingcon stderr] *** Info : (clingcon): Sending shutdown signal...
  [clingcon stderr] *** ERROR: (clingcon): solving stopped by signal
  [clingcon stderr] *** Info : (clingcon): Shutdown completed in 0.000 seconds
  mono=13  conc=10  optimal=False
  R_1=0.8667  worst_trip=(l2,l3,tr1,k2)
  K_1=0.8667
  R_alpha: heaviest_single_0.2=0.6  heaviest_global_0.2=0.0
  First solution: R_1=0.8667  R_TR=0.1667  s1_time=0.035  s2_time=0.014

  [layered_small_seed3 w=750] Stage 1 solve (limit=100s, enc=stage_1_flow.lp)...
  cmd: clingcon /home/racquelnina/MultiNetworkBatchingUsingASP/src/experiments/two_stage/final/encodings/stage_1_flow.lp /home/racquelnina/MultiNetworkBatchingUsingASP/src/instances/generated/layered_small_seed3.lp -c weight=750 -c max_freq=20 -c exposure_n=3 -c use_exposure=1 -c cap_size_divide=1 --time-limit=100 --outf=2 -t 1 --configuration=many
  [clingcon stderr] *** Info : (clingcon): Sending shutdown signal...
  [clingcon stderr] *** ERROR: (clingcon): solving stopped by signal
  [clingcon stderr] *** Info : (clingcon): Shutdown completed in 0.000 seconds
  Stage 1: cost=7216  routes=10  loads=17  optimal=False
  R_TR=0.6667  worst_arc=(l2,l3,tr1)

  [layered_small_seed3 w=750 s2=off_off] Stage 2 solve (enc=stage2_packing.lp)...
  cmd: clingcon /tmp/s2_facts_4ejla92b.lp /home/racquelnina/MultiNetworkBatchingUsingASP/src/experiments/two_stage/final/encodings/stage2_packing.lp -c weight=750 -c hetero_on=0 -c concentrated_on=0 --time-limit=100 --outf=2 -t 1 --configuration=many
  [clingcon stderr] *** Info : (clingcon): Sending shutdown signal...
  [clingcon stderr] *** ERROR: (clingcon): solving stopped by signal
  [clingcon stderr] *** Info : (clingcon): Shutdown completed in 0.000 seconds
  mono=10  conc=6  optimal=False
  R_1=0.8667  worst_trip=(l3,l6,tr1,k4)
  K_1=0.8667
  R_alpha: heaviest_single_0.2=0.6667  heaviest_global_0.2=0.0333
  First solution: R_1=0.9  R_TR=0.1667  s1_time=0.034  s2_time=0.03

  [layered_small_seed3 w=750 s2=hetero] Stage 2 solve (enc=stage2_packing.lp)...
  cmd: clingcon /tmp/s2_facts_jadugcuv.lp /home/racquelnina/MultiNetworkBatchingUsingASP/src/experiments/two_stage/final/encodings/stage2_packing.lp -c weight=750 -c hetero_on=1 -c concentrated_on=0 --time-limit=100 --outf=2 -t 1 --configuration=many
  [clingcon stderr] *** Info : (clingcon): Sending shutdown signal...
  [clingcon stderr] *** ERROR: (clingcon): solving stopped by signal
  [clingcon stderr] *** Info : (clingcon): Shutdown completed in 0.000 seconds
  mono=5  conc=5  optimal=False
  R_1=0.8667  worst_trip=(l3,l6,tr1,k2)
  K_1=0.8667
  R_alpha: heaviest_single_0.2=0.6667  heaviest_global_0.2=0.0667
  First solution: R_1=0.9  R_TR=0.1667  s1_time=0.034  s2_time=0.03

  [layered_small_seed3 w=750 s2=conc] Stage 2 solve (enc=stage2_packing.lp)...
  cmd: clingcon /tmp/s2_facts_tlfm_kvn.lp /home/racquelnina/MultiNetworkBatchingUsingASP/src/experiments/two_stage/final/encodings/stage2_packing.lp -c weight=750 -c hetero_on=0 -c concentrated_on=1 --time-limit=100 --outf=2 -t 1 --configuration=many
  [clingcon stderr] *** Info : (clingcon): Sending shutdown signal...
  [clingcon stderr] *** ERROR: (clingcon): solving stopped by signal
  [clingcon stderr] *** Info : (clingcon): Shutdown completed in 0.003 seconds
  mono=12  conc=6  optimal=False
  R_1=0.8667  worst_trip=(l1,l4,tr1,k2)
  K_1=0.8667
  R_alpha: heaviest_single_0.2=0.6667  heaviest_global_0.2=0.0333
  First solution: R_1=0.9  R_TR=0.1667  s1_time=0.034  s2_time=0.026

  [layered_small_seed3 w=750 s2=both] Stage 2 solve (enc=stage2_packing.lp)...
  cmd: clingcon /tmp/s2_facts_le_kj_rp.lp /home/racquelnina/MultiNetworkBatchingUsingASP/src/experiments/two_stage/final/encodings/stage2_packing.lp -c weight=750 -c hetero_on=1 -c concentrated_on=1 --time-limit=100 --outf=2 -t 1 --configuration=many
  [clingcon stderr] *** Info : (clingcon): Sending shutdown signal...
  [clingcon stderr] *** ERROR: (clingcon): solving stopped by signal
  [clingcon stderr] *** Info : (clingcon): Shutdown completed in 0.000 seconds
  mono=13  conc=7  optimal=False
  R_1=0.8667  worst_trip=(l3,l5,tr1,k4)
  K_1=0.8667
  R_alpha: heaviest_single_0.2=0.6667  heaviest_global_0.2=0.0333
  First solution: R_1=0.9  R_TR=0.1667  s1_time=0.034  s2_time=0.03

  [layered_small_seed3 w=1000] Stage 1 solve (limit=100s, enc=stage_1_flow.lp)...
  cmd: clingcon /home/racquelnina/MultiNetworkBatchingUsingASP/src/experiments/two_stage/final/encodings/stage_1_flow.lp /home/racquelnina/MultiNetworkBatchingUsingASP/src/instances/generated/layered_small_seed3.lp -c weight=1000 -c max_freq=20 -c exposure_n=3 -c use_exposure=1 -c cap_size_divide=1 --time-limit=100 --outf=2 -t 1 --configuration=many
  [clingcon stderr] *** Info : (clingcon): Sending shutdown signal...
  [clingcon stderr] *** ERROR: (clingcon): solving stopped by signal
  [clingcon stderr] *** Info : (clingcon): Shutdown completed in 0.000 seconds
  Stage 1: cost=7284  routes=10  loads=16  optimal=False
  R_TR=0.6667  worst_arc=(l1,l4,tr1)

  [layered_small_seed3 w=1000 s2=off_off] Stage 2 solve (enc=stage2_packing.lp)...
  cmd: clingcon /tmp/s2_facts_xztibd2b.lp /home/racquelnina/MultiNetworkBatchingUsingASP/src/experiments/two_stage/final/encodings/stage2_packing.lp -c weight=1000 -c hetero_on=0 -c concentrated_on=0 --time-limit=100 --outf=2 -t 1 --configuration=many
  [clingcon stderr] *** Info : (clingcon): Sending shutdown signal...
  [clingcon stderr] *** ERROR: (clingcon): solving stopped by signal
  [clingcon stderr] *** Info : (clingcon): Shutdown completed in 0.000 seconds
  mono=14  conc=7  optimal=False
  R_1=0.8667  worst_trip=(l4,l5,tr1,k2)
  K_1=0.8667
  R_alpha: heaviest_single_0.2=0.6667  heaviest_global_0.2=0.0
  First solution: R_1=0.8667  R_TR=0.1667  s1_time=0.017  s2_time=0.026

  [layered_small_seed3 w=1000 s2=hetero] Stage 2 solve (enc=stage2_packing.lp)...
  cmd: clingcon /tmp/s2_facts_9txlsmha.lp /home/racquelnina/MultiNetworkBatchingUsingASP/src/experiments/two_stage/final/encodings/stage2_packing.lp -c weight=1000 -c hetero_on=1 -c concentrated_on=0 --time-limit=100 --outf=2 -t 1 --configuration=many
  [clingcon stderr] *** Info : (clingcon): Sending shutdown signal...
  [clingcon stderr] *** ERROR: (clingcon): solving stopped by signal
  [clingcon stderr] *** Info : (clingcon): Shutdown completed in 0.000 seconds
  mono=1  conc=5  optimal=False
  R_1=0.8667  worst_trip=(l3,l6,tr1,k2)
  K_1=0.8667
  R_alpha: heaviest_single_0.2=0.6667  heaviest_global_0.2=0.0667
  First solution: R_1=0.8667  R_TR=0.1667  s1_time=0.017  s2_time=0.025

  [layered_small_seed3 w=1000 s2=conc] Stage 2 solve (enc=stage2_packing.lp)...
  cmd: clingcon /tmp/s2_facts_ok849ihl.lp /home/racquelnina/MultiNetworkBatchingUsingASP/src/experiments/two_stage/final/encodings/stage2_packing.lp -c weight=1000 -c hetero_on=0 -c concentrated_on=1 --time-limit=100 --outf=2 -t 1 --configuration=many
  [clingcon stderr] *** Info : (clingcon): Sending shutdown signal...
  [clingcon stderr] *** ERROR: (clingcon): solving stopped by signal
  [clingcon stderr] *** Info : (clingcon): Shutdown completed in 0.000 seconds
  mono=16  conc=7  optimal=False
  R_1=0.8667  worst_trip=(l3,l6,tr1,k1)
  K_1=0.8667
  R_alpha: heaviest_single_0.2=0.6667  heaviest_global_0.2=0.0333
  First solution: R_1=0.8667  R_TR=0.1667  s1_time=0.017  s2_time=0.027

  [layered_small_seed3 w=1000 s2=both] Stage 2 solve (enc=stage2_packing.lp)...
  cmd: clingcon /tmp/s2_facts_ymbqywuc.lp /home/racquelnina/MultiNetworkBatchingUsingASP/src/experiments/two_stage/final/encodings/stage2_packing.lp -c weight=1000 -c hetero_on=1 -c concentrated_on=1 --time-limit=100 --outf=2 -t 1 --configuration=many
  [clingcon stderr] *** Info : (clingcon): Sending shutdown signal...
  [clingcon stderr] *** ERROR: (clingcon): solving stopped by signal
  [clingcon stderr] *** Info : (clingcon): Shutdown completed in 0.000 seconds
  mono=13  conc=7  optimal=False
  R_1=0.8667  worst_trip=(l3,l5,tr1,k1)
  K_1=0.8667
  R_alpha: heaviest_single_0.2=0.6667  heaviest_global_0.2=0.0333
  First solution: R_1=0.8667  R_TR=0.1667  s1_time=0.017  s2_time=0.013

══════════════════════════════════════════════════════════════════════
  Instance: layered_small_seed4  (type=layered, size=small, seed=4, time_limit=100s
══════════════════════════════════════════════════════════════════════
  Parsed: 2 parts, 17 routes

  [layered_small_seed4 w=0] Stage 1 solve (limit=100s, enc=stage_1_flow.lp)...
  cmd: clingcon /home/racquelnina/MultiNetworkBatchingUsingASP/src/experiments/two_stage/final/encodings/stage_1_flow.lp /home/racquelnina/MultiNetworkBatchingUsingASP/src/instances/generated/layered_small_seed4.lp -c weight=0 -c max_freq=20 -c exposure_n=3 -c use_exposure=1 -c cap_size_divide=1 --time-limit=100 --outf=2 -t 1 --configuration=many
  [clingcon stderr] *** Info : (clingcon): Sending shutdown signal...
  [clingcon stderr] *** ERROR: (clingcon): solving stopped by signal
  [clingcon stderr] *** Info : (clingcon): Shutdown completed in 0.002 seconds
  Stage 1: cost=3784  routes=8  loads=15  optimal=False
  R_TR=0.5667  worst_arc=(l1,l6,tr2)

  [layered_small_seed4 w=0 s2=off_off] Stage 2 solve (enc=stage2_packing.lp)...
  cmd: clingcon /tmp/s2_facts_oxn9ssoi.lp /home/racquelnina/MultiNetworkBatchingUsingASP/src/experiments/two_stage/final/encodings/stage2_packing.lp -c weight=0 -c hetero_on=0 -c concentrated_on=0 --time-limit=100 --outf=2 -t 1 --configuration=many
  mono=16  conc=7  optimal=True
  R_1=0.8333  worst_trip=(l1,l6,tr2,k2)
  K_1=0.8333
  R_alpha: heaviest_single_0.2=0.6  heaviest_global_0.2=0.0
  First solution: R_1=0.8333  R_TR=0.5333  s1_time=0.016  s2_time=0.025

  [layered_small_seed4 w=0 s2=hetero] Stage 2 solve (enc=stage2_packing.lp)...
  cmd: clingcon /tmp/s2_facts_vlk6v59_.lp /home/racquelnina/MultiNetworkBatchingUsingASP/src/experiments/two_stage/final/encodings/stage2_packing.lp -c weight=0 -c hetero_on=1 -c concentrated_on=0 --time-limit=100 --outf=2 -t 1 --configuration=many
  mono=2  conc=6  optimal=True
  R_1=0.9  worst_trip=(l1,l4,tr2,k1)
  K_1=0.9
  R_alpha: heaviest_single_0.2=0.6333  heaviest_global_0.2=0.0333
  First solution: R_1=0.8333  R_TR=0.5333  s1_time=0.016  s2_time=0.012

  [layered_small_seed4 w=0 s2=conc] Stage 2 solve (enc=stage2_packing.lp)...
  cmd: clingcon /tmp/s2_facts_er61icgg.lp /home/racquelnina/MultiNetworkBatchingUsingASP/src/experiments/two_stage/final/encodings/stage2_packing.lp -c weight=0 -c hetero_on=0 -c concentrated_on=1 --time-limit=100 --outf=2 -t 1 --configuration=many
  [clingcon stderr] *** Info : (clingcon): Sending shutdown signal...
  [clingcon stderr] *** ERROR: (clingcon): solving stopped by signal
  [clingcon stderr] *** Info : (clingcon): Shutdown completed in 0.001 seconds
  mono=8  conc=7  optimal=False
  R_1=0.9  worst_trip=(l4,l5,tr2,k7)
  K_1=0.9
  R_alpha: heaviest_single_0.2=0.6  heaviest_global_0.2=0.0333
  First solution: R_1=0.8333  R_TR=0.5333  s1_time=0.016  s2_time=0.012

  [layered_small_seed4 w=0 s2=both] Stage 2 solve (enc=stage2_packing.lp)...
  cmd: clingcon /tmp/s2_facts_ojdtm8q1.lp /home/racquelnina/MultiNetworkBatchingUsingASP/src/experiments/two_stage/final/encodings/stage2_packing.lp -c weight=0 -c hetero_on=1 -c concentrated_on=1 --time-limit=100 --outf=2 -t 1 --configuration=many
  [clingcon stderr] *** Info : (clingcon): Sending shutdown signal...
  [clingcon stderr] *** ERROR: (clingcon): solving stopped by signal
  [clingcon stderr] *** Info : (clingcon): Shutdown completed in 0.001 seconds
  mono=7  conc=6  optimal=False
  R_1=0.8333  worst_trip=(l4,l5,tr2,k6)
  K_1=0.8333
  R_alpha: heaviest_single_0.2=0.6  heaviest_global_0.2=0.0333
  First solution: R_1=0.8333  R_TR=0.5333  s1_time=0.016  s2_time=0.025

  [layered_small_seed4 w=300] Stage 1 solve (limit=100s, enc=stage_1_flow.lp)...
  cmd: clingcon /home/racquelnina/MultiNetworkBatchingUsingASP/src/experiments/two_stage/final/encodings/stage_1_flow.lp /home/racquelnina/MultiNetworkBatchingUsingASP/src/instances/generated/layered_small_seed4.lp -c weight=300 -c max_freq=20 -c exposure_n=3 -c use_exposure=1 -c cap_size_divide=1 --time-limit=100 --outf=2 -t 1 --configuration=many
  [clingcon stderr] *** Info : (clingcon): Sending shutdown signal...
  [clingcon stderr] *** ERROR: (clingcon): solving stopped by signal
  [clingcon stderr] *** Info : (clingcon): Shutdown completed in 0.001 seconds
  Stage 1: cost=3816  routes=8  loads=16  optimal=False
  R_TR=0.6667  worst_arc=(l1,l6,tr2)

  [layered_small_seed4 w=300 s2=off_off] Stage 2 solve (enc=stage2_packing.lp)...
  cmd: clingcon /tmp/s2_facts_4on4fwek.lp /home/racquelnina/MultiNetworkBatchingUsingASP/src/experiments/two_stage/final/encodings/stage2_packing.lp -c weight=300 -c hetero_on=0 -c concentrated_on=0 --time-limit=100 --outf=2 -t 1 --configuration=many
  mono=19  conc=11  optimal=True
  R_1=0.8  worst_trip=(l1,l6,tr1,k1)
  K_1=0.8
  R_alpha: heaviest_single_0.2=0.6667  heaviest_global_0.2=0.0
  First solution: R_1=0.8333  R_TR=0.5333  s1_time=0.031  s2_time=0.025

  [layered_small_seed4 w=300 s2=hetero] Stage 2 solve (enc=stage2_packing.lp)...
  cmd: clingcon /tmp/s2_facts_558_ctfv.lp /home/racquelnina/MultiNetworkBatchingUsingASP/src/experiments/two_stage/final/encodings/stage2_packing.lp -c weight=300 -c hetero_on=1 -c concentrated_on=0 --time-limit=100 --outf=2 -t 1 --configuration=many
  mono=2  conc=9  optimal=True
  R_1=0.8333  worst_trip=(l1,l6,tr1,k1)
  K_1=0.8333
  R_alpha: heaviest_single_0.2=0.7  heaviest_global_0.2=0.0333
  First solution: R_1=0.8333  R_TR=0.5333  s1_time=0.031  s2_time=0.014

  [layered_small_seed4 w=300 s2=conc] Stage 2 solve (enc=stage2_packing.lp)...
  cmd: clingcon /tmp/s2_facts_o3_pi2y2.lp /home/racquelnina/MultiNetworkBatchingUsingASP/src/experiments/two_stage/final/encodings/stage2_packing.lp -c weight=300 -c hetero_on=0 -c concentrated_on=1 --time-limit=100 --outf=2 -t 1 --configuration=many
  [clingcon stderr] *** Info : (clingcon): Sending shutdown signal...
  [clingcon stderr] *** ERROR: (clingcon): solving stopped by signal
  [clingcon stderr] *** Info : (clingcon): Shutdown completed in 0.001 seconds
  mono=11  conc=13  optimal=False
  R_1=0.8333  worst_trip=(l2,l3,tr2,k6)
  K_1=0.8333
  R_alpha: heaviest_single_0.2=0.7  heaviest_global_0.2=0.0667
  First solution: R_1=0.8333  R_TR=0.5333  s1_time=0.031  s2_time=0.014

  [layered_small_seed4 w=300 s2=both] Stage 2 solve (enc=stage2_packing.lp)...
  cmd: clingcon /tmp/s2_facts_654ucksl.lp /home/racquelnina/MultiNetworkBatchingUsingASP/src/experiments/two_stage/final/encodings/stage2_packing.lp -c weight=300 -c hetero_on=1 -c concentrated_on=1 --time-limit=100 --outf=2 -t 1 --configuration=many
  [clingcon stderr] *** Info : (clingcon): Sending shutdown signal...
  [clingcon stderr] *** ERROR: (clingcon): solving stopped by signal
  [clingcon stderr] *** Info : (clingcon): Shutdown completed in 0.001 seconds
  mono=18  conc=16  optimal=False
  R_1=0.8333  worst_trip=(l4,l5,tr2,k7)
  K_1=0.8333
  R_alpha: heaviest_single_0.2=0.6667  heaviest_global_0.2=0.0333
  First solution: R_1=0.8333  R_TR=0.5333  s1_time=0.031  s2_time=0.013

  [layered_small_seed4 w=500] Stage 1 solve (limit=100s, enc=stage_1_flow.lp)...
  cmd: clingcon /home/racquelnina/MultiNetworkBatchingUsingASP/src/experiments/two_stage/final/encodings/stage_1_flow.lp /home/racquelnina/MultiNetworkBatchingUsingASP/src/instances/generated/layered_small_seed4.lp -c weight=500 -c max_freq=20 -c exposure_n=3 -c use_exposure=1 -c cap_size_divide=1 --time-limit=100 --outf=2 -t 1 --configuration=many
  [clingcon stderr] *** Info : (clingcon): Sending shutdown signal...
  [clingcon stderr] *** ERROR: (clingcon): solving stopped by signal
  [clingcon stderr] *** Info : (clingcon): Shutdown completed in 0.001 seconds
  Stage 1: cost=3816  routes=8  loads=15  optimal=False
  R_TR=0.6667  worst_arc=(l2,l3,tr2)

  [layered_small_seed4 w=500 s2=off_off] Stage 2 solve (enc=stage2_packing.lp)...
  cmd: clingcon /tmp/s2_facts_517o50lo.lp /home/racquelnina/MultiNetworkBatchingUsingASP/src/experiments/two_stage/final/encodings/stage2_packing.lp -c weight=500 -c hetero_on=0 -c concentrated_on=0 --time-limit=100 --outf=2 -t 1 --configuration=many
  mono=18  conc=10  optimal=True
  R_1=0.8333  worst_trip=(l4,l5,tr2,k5)
  K_1=0.8333
  R_alpha: heaviest_single_0.2=0.7  heaviest_global_0.2=0.0667
  First solution: R_1=0.9  R_TR=0.5333  s1_time=0.026  s2_time=0.027

  [layered_small_seed4 w=500 s2=hetero] Stage 2 solve (enc=stage2_packing.lp)...
  cmd: clingcon /tmp/s2_facts_o_9to8zx.lp /home/racquelnina/MultiNetworkBatchingUsingASP/src/experiments/two_stage/final/encodings/stage2_packing.lp -c weight=500 -c hetero_on=1 -c concentrated_on=0 --time-limit=100 --outf=2 -t 1 --configuration=many
  mono=2  conc=4  optimal=True
  R_1=0.8333  worst_trip=(l1,l6,tr1,k1)
  K_1=0.8333
  R_alpha: heaviest_single_0.2=0.7  heaviest_global_0.2=0.0667
  First solution: R_1=0.9  R_TR=0.5333  s1_time=0.026  s2_time=0.013

  [layered_small_seed4 w=500 s2=conc] Stage 2 solve (enc=stage2_packing.lp)...
  cmd: clingcon /tmp/s2_facts_iaxgnq0_.lp /home/racquelnina/MultiNetworkBatchingUsingASP/src/experiments/two_stage/final/encodings/stage2_packing.lp -c weight=500 -c hetero_on=0 -c concentrated_on=1 --time-limit=100 --outf=2 -t 1 --configuration=many
  [clingcon stderr] *** Info : (clingcon): Sending shutdown signal...
  [clingcon stderr] *** ERROR: (clingcon): solving stopped by signal
  [clingcon stderr] *** Info : (clingcon): Shutdown completed in 0.001 seconds
  mono=10  conc=6  optimal=False
  R_1=0.8667  worst_trip=(l1,l6,tr1,k2)
  K_1=0.8667
  R_alpha: heaviest_single_0.2=0.7  heaviest_global_0.2=0.0333
  First solution: R_1=0.9  R_TR=0.5333  s1_time=0.026  s2_time=0.014

  [layered_small_seed4 w=500 s2=both] Stage 2 solve (enc=stage2_packing.lp)...
  cmd: clingcon /tmp/s2_facts_kxzmnyjs.lp /home/racquelnina/MultiNetworkBatchingUsingASP/src/experiments/two_stage/final/encodings/stage2_packing.lp -c weight=500 -c hetero_on=1 -c concentrated_on=1 --time-limit=100 --outf=2 -t 1 --configuration=many
  [clingcon stderr] *** Info : (clingcon): Sending shutdown signal...
  [clingcon stderr] *** ERROR: (clingcon): solving stopped by signal
  [clingcon stderr] *** Info : (clingcon): Shutdown completed in 0.001 seconds
  mono=12  conc=8  optimal=False
  R_1=0.8667  worst_trip=(l1,l6,tr1,k1)
  K_1=0.8667
  R_alpha: heaviest_single_0.2=0.7  heaviest_global_0.2=0.0667
  First solution: R_1=0.9  R_TR=0.5333  s1_time=0.026  s2_time=0.015

  [layered_small_seed4 w=750] Stage 1 solve (limit=100s, enc=stage_1_flow.lp)...
  cmd: clingcon /home/racquelnina/MultiNetworkBatchingUsingASP/src/experiments/two_stage/final/encodings/stage_1_flow.lp /home/racquelnina/MultiNetworkBatchingUsingASP/src/instances/generated/layered_small_seed4.lp -c weight=750 -c max_freq=20 -c exposure_n=3 -c use_exposure=1 -c cap_size_divide=1 --time-limit=100 --outf=2 -t 1 --configuration=many
  [clingcon stderr] *** Info : (clingcon): Sending shutdown signal...
  [clingcon stderr] *** ERROR: (clingcon): solving stopped by signal
  [clingcon stderr] *** Info : (clingcon): Shutdown completed in 0.001 seconds
  Stage 1: cost=3816  routes=8  loads=14  optimal=False
  R_TR=0.6667  worst_arc=(l1,l6,tr2)

  [layered_small_seed4 w=750 s2=off_off] Stage 2 solve (enc=stage2_packing.lp)...
  cmd: clingcon /tmp/s2_facts_z992_u3c.lp /home/racquelnina/MultiNetworkBatchingUsingASP/src/experiments/two_stage/final/encodings/stage2_packing.lp -c weight=750 -c hetero_on=0 -c concentrated_on=0 --time-limit=100 --outf=2 -t 1 --configuration=many
  mono=13  conc=9  optimal=True
  R_1=0.8333  worst_trip=(l4,l5,tr2,k4)
  K_1=0.8333
  R_alpha: heaviest_single_0.2=0.7  heaviest_global_0.2=0.0333
  First solution: R_1=0.8667  R_TR=0.5333  s1_time=0.032  s2_time=0.03

  [layered_small_seed4 w=750 s2=hetero] Stage 2 solve (enc=stage2_packing.lp)...
  cmd: clingcon /tmp/s2_facts_abjfsify.lp /home/racquelnina/MultiNetworkBatchingUsingASP/src/experiments/two_stage/final/encodings/stage2_packing.lp -c weight=750 -c hetero_on=1 -c concentrated_on=0 --time-limit=100 --outf=2 -t 1 --configuration=many
  mono=0  conc=5  optimal=True
  R_1=0.9  worst_trip=(l1,l6,tr2,k5)
  K_1=0.9
  R_alpha: heaviest_single_0.2=0.7  heaviest_global_0.2=0.0667
  First solution: R_1=0.8667  R_TR=0.5333  s1_time=0.032  s2_time=0.014

  [layered_small_seed4 w=750 s2=conc] Stage 2 solve (enc=stage2_packing.lp)...timal=True
  R_1=0.8333  worst_trip=(l4,l5,tr2,k4)
  K_1=0.8333
  R_alpha: heaviest_single_0.2=0.7  heaviest_global_0.2=0.0333
  First solution: R_1=0.8667  R_TR=0.5333  s1_time=0.036  s2_time=0.03

  [layered_small_seed4 w=750 s2=hetero] Stage 2 solve (enc=stage2_packing.lp)...
  cmd: clingcon /tmp/s2_facts_dwii6b1u.lp /home/racquelnina/MultiNetworkBatchingUsingASP/src/experiments/two_stage/final/encodings/stage2_packing.lp -c weight=750 -c hetero_on=1 -c concentrated_on=0 --time-limit=60 --outf=2 -t 1 --configuration=many
  mono=0  conc=5  optimal=True
  R_1=0.9  worst_trip=(l1,l6,tr2,k3)
  K_1=0.9
  R_alpha: heaviest_single_0.2=0.7  heaviest_global_0.2=0.0667
  First solution: R_1=0.8667  R_TR=0.5333  s1_time=0.036  s2_time=0.03

  [layered_small_seed4 w=750 s2=conc] Stage 2 solve (enc=stage2_packing.lp)...
  cmd: clingcon /tmp/s2_facts_e6d9m6xh.lp /home/racquelnina/MultiNetworkBatchingUsingASP/src/experiments/two_stage/final/encodings/stage2_packing.lp -c weight=750 -c hetero_on=0 -c concentrated_on=1 --time-limit=60 --outf=2 -t 1 --configuration=many
  [clingcon stderr] *** Info : (clingcon): Sending shutdown signal...
  [clingcon stderr] *** ERROR: (clingcon): solving stopped by signal
  [clingcon stderr] *** Info : (clingcon): Shutdown completed in 0.001 seconds
  mono=12  conc=12  optimal=False
  R_1=0.8333  worst_trip=(l1,l4,tr2,k4)
  K_1=0.8333
  R_alpha: heaviest_single_0.2=0.6667  heaviest_global_0.2=0.0667
  First solution: R_1=0.8667  R_TR=0.5333  s1_time=0.036  s2_time=0.014

  [layered_small_seed4 w=750 s2=both] Stage 2 solve (enc=stage2_packing.lp)...
  cmd: clingcon /tmp/s2_facts_yj7253ie.lp /home/racquelnina/MultiNetworkBatchingUsingASP/src/experiments/two_stage/final/encodings/stage2_packing.lp -c weight=750 -c hetero_on=1 -c concentrated_on=1 --time-limit=60 --outf=2 -t 1 --configuration=many
  [clingcon stderr] *** Info : (clingcon): Sending shutdown signal...
  [clingcon stderr] *** ERROR: (clingcon): solving stopped by signal
  [clingcon stderr] *** Info : (clingcon): Shutdown completed in 0.001 seconds
  mono=11  conc=13  optimal=False
  R_1=0.8333  worst_trip=(l1,l4,tr2,k6)
  K_1=0.8333
  R_alpha: heaviest_single_0.2=0.7  heaviest_global_0.2=0.0667
  First solution: R_1=0.8667  R_TR=0.5333  s1_time=0.036  s2_time=0.026

  [layered_small_seed4 w=1000] Stage 1 solve (limit=60s, enc=stage_1_flow.lp)...
  cmd: clingcon /home/racquelnina/MultiNetworkBatchingUsingASP/src/experiments/two_stage/final/encodings/stage_1_flow.lp /home/racquelnina/MultiNetworkBatchingUsingASP/src/instances/generated/layered_small_seed4.lp -c weight=1000 -c max_freq=20 -c exposure_n=3 -c use_exposure=1 -c cap_size_divide=1 --time-limit=60 --outf=2 -t 1 --configuration=many
  [clingcon stderr] *** Info : (clingcon): Sending shutdown signal...
  [clingcon stderr] *** ERROR: (clingcon): solving stopped by signal
  [clingcon stderr] *** Info : (clingcon): Shutdown completed in 0.001 seconds
  Stage 1: cost=3816  routes=8  loads=15  optimal=False
  R_TR=0.6667  worst_arc=(l1,l6,tr2)

  [layered_small_seed4 w=1000 s2=off_off] Stage 2 solve (enc=stage2_packing.lp)...
  cmd: clingcon /tmp/s2_facts_d0ogkz72.lp /home/racquelnina/MultiNetworkBatchingUsingASP/src/experiments/two_stage/final/encodings/stage2_packing.lp -c weight=1000 -c hetero_on=0 -c concentrated_on=0 --time-limit=60 --outf=2 -t 1 --configuration=many
  mono=22  conc=14  optimal=True
  R_1=0.8  worst_trip=(l1,l6,tr1,k1)
  K_1=0.8
  R_alpha: heaviest_single_0.2=0.6667  heaviest_global_0.2=0.0
  First solution: R_1=0.8333  R_TR=0.5333  s1_time=0.033  s2_time=0.025

  [layered_small_seed4 w=1000 s2=hetero] Stage 2 solve (enc=stage2_packing.lp)...
  cmd: clingcon /tmp/s2_facts_nb01hxfb.lp /home/racquelnina/MultiNetworkBatchingUsingASP/src/experiments/two_stage/final/encodings/stage2_packing.lp -c weight=1000 -c hetero_on=1 -c concentrated_on=0 --time-limit=60 --outf=2 -t 1 --configuration=many
  mono=0  conc=10  optimal=True
  R_1=0.8333  worst_trip=(l1,l6,tr1,k1)
  K_1=0.8333
  R_alpha: heaviest_single_0.2=0.7  heaviest_global_0.2=0.0333
  First solution: R_1=0.8333  R_TR=0.5333  s1_time=0.033  s2_time=0.026

  [layered_small_seed4 w=1000 s2=conc] Stage 2 solve (enc=stage2_packing.lp)...
  cmd: clingcon /tmp/s2_facts_j5g70w0_.lp /home/racquelnina/MultiNetworkBatchingUsingASP/src/experiments/two_stage/final/encodings/stage2_packing.lp -c weight=1000 -c hetero_on=0 -c concentrated_on=1 --time-limit=60 --outf=2 -t 1 --configuration=many
  [clingcon stderr] *** Info : (clingcon): Sending shutdown signal...
  [clingcon stderr] *** ERROR: (clingcon): solving stopped by signal
  [clingcon stderr] *** Info : (clingcon): Shutdown completed in 0.000 seconds
  mono=7  conc=15  optimal=False
  R_1=0.8333  worst_trip=(l2,l3,tr2,k4)
  K_1=0.8333
  R_alpha: heaviest_single_0.2=0.7  heaviest_global_0.2=0.0333
  First solution: R_1=0.8333  R_TR=0.5333  s1_time=0.033  s2_time=0.025

  [layered_small_seed4 w=1000 s2=both] Stage 2 solve (enc=stage2_packing.lp)...
  cmd: clingcon /tmp/s2_facts_ep_7gmb_.lp /home/racquelnina/MultiNetworkBatchingUsingASP/src/experiments/two_stage/final/encodings/stage2_packing.lp -c weight=1000 -c hetero_on=1 -c concentrated_on=1 --time-limit=60 --outf=2 -t 1 --configuration=many
  [clingcon stderr] *** Info : (clingcon): Sending shutdown signal...
  [clingcon stderr] *** ERROR: (clingcon): solving stopped by signal
  [clingcon stderr] *** Info : (clingcon): Shutdown completed in 0.001 seconds
  mono=10  conc=15  optimal=False
  R_1=0.8333  worst_trip=(l2,l3,tr2,k5)
  K_1=0.8333
  R_alpha: heaviest_single_0.2=0.6667  heaviest_global_0.2=0.0333
  First solution: R_1=0.8333  R_TR=0.5333  s1_time=0.033  s2_time=0.023

══════════════════════════════════════════════════════════════════════
  Instance: layered_small_seed5  (type=layered, size=small, seed=5, time_limit=60s
══════════════════════════════════════════════════════════════════════
  Parsed: 2 parts, 21 routes

  [layered_small_seed5 w=0] Stage 1 solve (limit=60s, enc=stage_1_flow.lp)...
  cmd: clingcon /home/racquelnina/MultiNetworkBatchingUsingASP/src/experiments/two_stage/final/encodings/stage_1_flow.lp /home/racquelnina/MultiNetworkBatchingUsingASP/src/instances/generated/layered_small_seed5.lp -c weight=0 -c max_freq=20 -c exposure_n=3 -c use_exposure=1 -c cap_size_divide=1 --time-limit=60 --outf=2 -t 1 --configuration=many
  [clingcon stderr] *** Info : (clingcon): Sending shutdown signal...
  [clingcon stderr] *** ERROR: (clingcon): solving stopped by signal
  [clingcon stderr] *** Info : (clingcon): Shutdown completed in 0.001 seconds
  Stage 1: cost=4410  routes=6  loads=10  optimal=False
  R_TR=0.2667  worst_arc=(l2,l4,tr2)

  [layered_small_seed5 w=0 s2=off_off] Stage 2 solve (enc=stage2_packing.lp)...
  cmd: clingcon /tmp/s2_facts_8khajtt1.lp /home/racquelnina/MultiNetworkBatchingUsingASP/src/experiments/two_stage/final/encodings/stage2_packing.lp -c weight=0 -c hetero_on=0 -c concentrated_on=0 --time-limit=60 --outf=2 -t 1 --configuration=many
  mono=7  conc=7  optimal=True
  R_1=0.7  worst_trip=(l4,l5,tr1,k5)
  K_1=0.7
  R_alpha: heaviest_single_0.2=0.2667  heaviest_global_0.2=0.0
  First solution: R_1=0.7  R_TR=0.2333  s1_time=0.042  s2_time=0.02

  [layered_small_seed5 w=0 s2=hetero] Stage 2 solve (enc=stage2_packing.lp)...
  cmd: clingcon /tmp/s2_facts_uspreyz5.lp /home/racquelnina/MultiNetworkBatchingUsingASP/src/experiments/two_stage/final/encodings/stage2_packing.lp -c weight=0 -c hetero_on=1 -c concentrated_on=0 --time-limit=60 --outf=2 -t 1 --configuration=many
  mono=4  conc=6  optimal=True
  R_1=0.7667  worst_trip=(l4,l5,tr1,k5)
  K_1=0.7667
  R_alpha: heaviest_single_0.2=0.2667  heaviest_global_0.2=0.0
  First solution: R_1=0.7  R_TR=0.2333  s1_time=0.042  s2_time=0.019

  [layered_small_seed5 w=0 s2=conc] Stage 2 solve (enc=stage2_packing.lp)...
  cmd: clingcon /tmp/s2_facts__xbtoeo7.lp /home/racquelnina/MultiNetworkBatchingUsingASP/src/experiments/two_stage/final/encodings/stage2_packing.lp -c weight=0 -c hetero_on=0 -c concentrated_on=1 --time-limit=60 --outf=2 -t 1 --configuration=many
  [clingcon stderr] *** Info : (clingcon): Sending shutdown signal...
  [clingcon stderr] *** ERROR: (clingcon): solving stopped by signal
  [clingcon stderr] *** Info : (clingcon): Shutdown completed in 0.001 seconds
  mono=12  conc=5  optimal=False
  R_1=0.7333  worst_trip=(l2,l4,tr2,k6)
  K_1=0.7333
  R_alpha: heaviest_single_0.2=0.3667  heaviest_global_0.2=0.0667
  First solution: R_1=0.7  R_TR=0.2333  s1_time=0.042  s2_time=0.019

  [layered_small_seed5 w=0 s2=both] Stage 2 solve (enc=stage2_packing.lp)...
  cmd: clingcon /tmp/s2_facts_qmbm8hq4.lp /home/racquelnina/MultiNetworkBatchingUsingASP/src/experiments/two_stage/final/encodings/stage2_packing.lp -c weight=0 -c hetero_on=1 -c concentrated_on=1 --time-limit=60 --outf=2 -t 1 --configuration=many
  [clingcon stderr] *** Info : (clingcon): Sending shutdown signal...
  [clingcon stderr] *** ERROR: (clingcon): solving stopped by signal
  [clingcon stderr] *** Info : (clingcon): Shutdown completed in 0.001 seconds
  mono=11  conc=5  optimal=False
  R_1=0.7333  worst_trip=(l2,l4,tr2,k4)
  K_1=0.7333
  R_alpha: heaviest_single_0.2=0.3667  heaviest_global_0.2=0.0667
  First solution: R_1=0.7  R_TR=0.2333  s1_time=0.042  s2_time=0.019

  [layered_small_seed5 w=300] Stage 1 solve (limit=60s, enc=stage_1_flow.lp)...
  cmd: clingcon /home/racquelnina/MultiNetworkBatchingUsingASP/src/experiments/two_stage/final/encodings/stage_1_flow.lp /home/racquelnina/MultiNetworkBatchingUsingASP/src/instances/generated/layered_small_seed5.lp -c weight=300 -c max_freq=20 -c exposure_n=3 -c use_exposure=1 -c cap_size_divide=1 --time-limit=60 --outf=2 -t 1 --configuration=many
  [clingcon stderr] *** Info : (clingcon): Sending shutdown signal...
  [clingcon stderr] *** ERROR: (clingcon): solving stopped by signal
  [clingcon stderr] *** Info : (clingcon): Shutdown completed in 0.001 seconds
  Stage 1: cost=5170  routes=6  loads=10  optimal=False
  R_TR=0.2333  worst_arc=(l2,l4,tr2)

  [layered_small_seed5 w=300 s2=off_off] Stage 2 solve (enc=stage2_packing.lp)...
  cmd: clingcon /tmp/s2_facts_gf9xkehs.lp /home/racquelnina/MultiNetworkBatchingUsingASP/src/experiments/two_stage/final/encodings/stage2_packing.lp -c weight=300 -c hetero_on=0 -c concentrated_on=0 --time-limit=60 --outf=2 -t 1 --configuration=many
  mono=6  conc=8  optimal=True
  R_1=0.7  worst_trip=(l4,l5,tr1,k4)
  K_1=0.7
  R_alpha: heaviest_single_0.2=0.2333  heaviest_global_0.2=0.0
  First solution: R_1=0.7  R_TR=0.2333  s1_time=0.038  s2_time=0.019

  [layered_small_seed5 w=300 s2=hetero] Stage 2 solve (enc=stage2_packing.lp)...
  cmd: clingcon /tmp/s2_facts_6zhzl24p.lp /home/racquelnina/MultiNetworkBatchingUsingASP/src/experiments/two_stage/final/encodings/stage2_packing.lp -c weight=300 -c hetero_on=1 -c concentrated_on=0 --time-limit=60 --outf=2 -t 1 --configuration=many
  mono=4  conc=11  optimal=True
  R_1=0.7  worst_trip=(l4,l5,tr1,k3)
  K_1=0.7
  R_alpha: heaviest_single_0.2=0.2333  heaviest_global_0.2=0.0
  First solution: R_1=0.7  R_TR=0.2333  s1_time=0.038  s2_time=0.019

  [layered_small_seed5 w=300 s2=conc] Stage 2 solve (enc=stage2_packing.lp)...
  cmd: clingcon /tmp/s2_facts_j9t1o5za.lp /home/racquelnina/MultiNetworkBatchingUsingASP/src/experiments/two_stage/final/encodings/stage2_packing.lp -c weight=300 -c hetero_on=0 -c concentrated_on=1 --time-limit=60 --outf=2 -t 1 --configuration=many
  [clingcon stderr] *** Info : (clingcon): Sending shutdown signal...
  [clingcon stderr] *** ERROR: (clingcon): solving stopped by signal
  [clingcon stderr] *** Info : (clingcon): Shutdown completed in 0.000 seconds
  mono=9  conc=9  optimal=False
  R_1=0.7  worst_trip=(l4,l5,tr1,k1)
  K_1=0.7
  R_alpha: heaviest_single_0.2=0.2333  heaviest_global_0.2=0.0
  First solution: R_1=0.7  R_TR=0.2333  s1_time=0.038  s2_time=0.019

  [layered_small_seed5 w=300 s2=both] Stage 2 solve (enc=stage2_packing.lp)...
  cmd: clingcon /tmp/s2_facts_osqtg344.lp /home/racquelnina/MultiNetworkBatchingUsingASP/src/experiments/two_stage/final/encodings/stage2_packing.lp -c weight=300 -c hetero_on=1 -c concentrated_on=1 --time-limit=60 --outf=2 -t 1 --configuration=many
  [clingcon stderr] *** Info : (clingcon): Sending shutdown signal...
  [clingcon stderr] *** ERROR: (clingcon): solving stopped by signal
  [clingcon stderr] *** Info : (clingcon): Shutdown completed in 0.000 seconds
  mono=7  conc=10  optimal=False
  R_1=0.7  worst_trip=(l4,l5,tr1,k1)
  K_1=0.7
  R_alpha: heaviest_single_0.2=0.2333  heaviest_global_0.2=0.0
  First solution: R_1=0.7  R_TR=0.2333  s1_time=0.038  s2_time=0.019

  [layered_small_seed5 w=500] Stage 1 solve (limit=60s, enc=stage_1_flow.lp)...
  cmd: clingcon /home/racquelnina/MultiNetworkBatchingUsingASP/src/experiments/two_stage/final/encodings/stage_1_flow.lp /home/racquelnina/MultiNetworkBatchingUsingASP/src/instances/generated/layered_small_seed5.lp -c weight=500 -c max_freq=20 -c exposure_n=3 -c use_exposure=1 -c cap_size_divide=1 --time-limit=60 --outf=2 -t 1 --configuration=many
  [clingcon stderr] *** Info : (clingcon): Sending shutdown signal...
  [clingcon stderr] *** ERROR: (clingcon): solving stopped by signal
  [clingcon stderr] *** Info : (clingcon): Shutdown completed in 0.001 seconds
  Stage 1: cost=5770  routes=6  loads=10  optimal=False
  R_TR=0.2333  worst_arc=(l2,l4,tr2)

  [layered_small_seed5 w=500 s2=off_off] Stage 2 solve (enc=stage2_packing.lp)...
  cmd: clingcon /tmp/s2_facts_jm0k_9dk.lp /home/racquelnina/MultiNetworkBatchingUsingASP/src/experiments/two_stage/final/encodings/stage2_packing.lp -c weight=500 -c hetero_on=0 -c concentrated_on=0 --time-limit=60 --outf=2 -t 1 --configuration=many
  mono=6  conc=8  optimal=True
  R_1=0.7  worst_trip=(l4,l5,tr1,k4)
  K_1=0.7
  R_alpha: heaviest_single_0.2=0.2333  heaviest_global_0.2=0.0
  First solution: R_1=0.7  R_TR=0.2333  s1_time=0.038  s2_time=0.018

  [layered_small_seed5 w=500 s2=hetero] Stage 2 solve (enc=stage2_packing.lp)...
  cmd: clingcon /tmp/s2_facts_mxorfslr.lp /home/racquelnina/MultiNetworkBatchingUsingASP/src/experiments/two_stage/final/encodings/stage2_packing.lp -c weight=500 -c hetero_on=1 -c concentrated_on=0 --time-limit=60 --outf=2 -t 1 --configuration=many
  mono=4  conc=11  optimal=True
  R_1=0.7  worst_trip=(l4,l5,tr1,k3)
  K_1=0.7
  R_alpha: heaviest_single_0.2=0.2333  heaviest_global_0.2=0.0
  First solution: R_1=0.7  R_TR=0.2333  s1_time=0.038  s2_time=0.019

  [layered_small_seed5 w=500 s2=conc] Stage 2 solve (enc=stage2_packing.lp)...
  cmd: clingcon /tmp/s2_facts_cxz0l3ee.lp /home/racquelnina/MultiNetworkBatchingUsingASP/src/experiments/two_stage/final/encodings/stage2_packing.lp -c weight=500 -c hetero_on=0 -c concentrated_on=1 --time-limit=60 --outf=2 -t 1 --configuration=many
  [clingcon stderr] *** Info : (clingcon): Sending shutdown signal...
  [clingcon stderr] *** ERROR: (clingcon): solving stopped by signal
  [clingcon stderr] *** Info : (clingcon): Shutdown completed in 0.000 seconds
  mono=9  conc=9  optimal=False
  R_1=0.7  worst_trip=(l4,l5,tr1,k1)
  K_1=0.7
  R_alpha: heaviest_single_0.2=0.2333  heaviest_global_0.2=0.0
  First solution: R_1=0.7  R_TR=0.2333  s1_time=0.038  s2_time=0.018

  [layered_small_seed5 w=500 s2=both] Stage 2 solve (enc=stage2_packing.lp)...
  cmd: clingcon /tmp/s2_facts_qrin9xg7.lp /home/racquelnina/MultiNetworkBatchingUsingASP/src/experiments/two_stage/final/encodings/stage2_packing.lp -c weight=500 -c hetero_on=1 -c concentrated_on=1 --time-limit=60 --outf=2 -t 1 --configuration=many
  [clingcon stderr] *** Info : (clingcon): Sending shutdown signal...
  [clingcon stderr] *** ERROR: (clingcon): solving stopped by signal
  [clingcon stderr] *** Info : (clingcon): Shutdown completed in 0.000 seconds
  mono=7  conc=10  optimal=False
  R_1=0.7  worst_trip=(l4,l5,tr1,k1)
  K_1=0.7
  R_alpha: heaviest_single_0.2=0.2333  heaviest_global_0.2=0.0
  First solution: R_1=0.7  R_TR=0.2333  s1_time=0.038  s2_time=0.019

  [layered_small_seed5 w=750] Stage 1 solve (limit=60s, enc=stage_1_flow.lp)...
  cmd: clingcon /home/racquelnina/MultiNetworkBatchingUsingASP/src/experiments/two_stage/final/encodings/stage_1_flow.lp /home/racquelnina/MultiNetworkBatchingUsingASP/src/instances/generated/layered_small_seed5.lp -c weight=750 -c max_freq=20 -c exposure_n=3 -c use_exposure=1 -c cap_size_divide=1 --time-limit=60 --outf=2 -t 1 --configuration=many
  [clingcon stderr] *** Info : (clingcon): Sending shutdown signal...
  [clingcon stderr] *** ERROR: (clingcon): solving stopped by signal
  [clingcon stderr] *** Info : (clingcon): Shutdown completed in 0.003 seconds
  Stage 1: cost=6400  routes=9  loads=13  optimal=False
  R_TR=0.3333  worst_arc=(l4,l5,tr1)

  [layered_small_seed5 w=750 s2=off_off] Stage 2 solve (enc=stage2_packing.lp)...
  cmd: clingcon /tmp/s2_facts_c36f467i.lp /home/racquelnina/MultiNetworkBatchingUsingASP/src/experiments/two_stage/final/encodings/stage2_packing.lp -c weight=750 -c hetero_on=0 -c concentrated_on=0 --time-limit=60 --outf=2 -t 1 --configuration=many
  mono=11  conc=10  optimal=True
  R_1=0.7  worst_trip=(l4,l5,tr1,k3)
  K_1=0.7
  R_alpha: heaviest_single_0.2=0.3333  heaviest_global_0.2=0.0
  First solution: R_1=0.7  R_TR=0.2333  s1_time=0.042  s2_time=0.018

  [layered_small_seed5 w=750 s2=hetero] Stage 2 solve (enc=stage2_packing.lp)...
  cmd: clingcon /tmp/s2_facts_fel7487x.lp /home/racquelnina/MultiNetworkBatchingUsingASP/src/experiments/two_stage/final/encodings/stage2_packing.lp -c weight=750 -c hetero_on=1 -c concentrated_on=0 --time-limit=60 --outf=2 -t 1 --configuration=many
  mono=1  conc=13  optimal=True
  R_1=0.7333  worst_trip=(l2,l4,tr1,k1)
  K_1=0.7333
  R_alpha: heaviest_single_0.2=0.3333  heaviest_global_0.2=0.0333
  First solution: R_1=0.7  R_TR=0.2333  s1_time=0.042  s2_time=0.019

  [layered_small_seed5 w=750 s2=conc] Stage 2 solve (enc=stage2_packing.lp)...
  cmd: clingcon /tmp/s2_facts_806bq_o4.lp /home/racquelnina/MultiNetworkBatchingUsingASP/src/experiments/two_stage/final/encodings/stage2_packing.lp -c weight=750 -c hetero_on=0 -c concentrated_on=1 --time-limit=60 --outf=2 -t 1 --configuration=many
  mono=9  conc=14  optimal=True
  R_1=0.8  worst_trip=(l2,l3,tr1,k1)
  K_1=0.8
  R_alpha: heaviest_single_0.2=0.3333  heaviest_global_0.2=0.0
  First solution: R_1=0.7  R_TR=0.2333  s1_time=0.042  s2_time=0.019

  [layered_small_seed5 w=750 s2=both] Stage 2 solve (enc=stage2_packing.lp)...
  cmd: clingcon /tmp/s2_facts_j8h4i_7p.lp /home/racquelnina/MultiNetworkBatchingUsingASP/src/experiments/two_stage/final/encodings/stage2_packing.lp -c weight=750 -c hetero_on=1 -c concentrated_on=1 --time-limit=60 --outf=2 -t 1 --configuration=many
  mono=8  conc=16  optimal=True
  R_1=0.8  worst_trip=(l2,l3,tr1,k1)
  K_1=0.8
  R_alpha: heaviest_single_0.2=0.3333  heaviest_global_0.2=0.0
  First solution: R_1=0.7  R_TR=0.2333  s1_time=0.042  s2_time=0.018

  [layered_small_seed5 w=1000] Stage 1 solve (limit=60s, enc=stage_1_flow.lp)...
  cmd: clingcon /home/racquelnina/MultiNetworkBatchingUsingASP/src/experiments/two_stage/final/encodings/stage_1_flow.lp /home/racquelnina/MultiNetworkBatchingUsingASP/src/instances/generated/layered_small_seed5.lp -c weight=1000 -c max_freq=20 -c exposure_n=3 -c use_exposure=1 -c cap_size_divide=1 --time-limit=60 --outf=2 -t 1 --configuration=many
  [clingcon stderr] *** Info : (clingcon): Sending shutdown signal...
  [clingcon stderr] *** ERROR: (clingcon): solving stopped by signal
  [clingcon stderr] *** Info : (clingcon): Shutdown completed in 0.004 seconds
  Stage 1: cost=7270  routes=6  loads=10  optimal=False
  R_TR=0.2333  worst_arc=(l2,l4,tr2)

  [layered_small_seed5 w=1000 s2=off_off] Stage 2 solve (enc=stage2_packing.lp)...
  cmd: clingcon /tmp/s2_facts_58u_1423.lp /home/racquelnina/MultiNetworkBatchingUsingASP/src/experiments/two_stage/final/encodings/stage2_packing.lp -c weight=1000 -c hetero_on=0 -c concentrated_on=0 --time-limit=60 --outf=2 -t 1 --configuration=many
  mono=6  conc=8  optimal=True
  R_1=0.7  worst_trip=(l4,l5,tr1,k3)
  K_1=0.7
  R_alpha: heaviest_single_0.2=0.2333  heaviest_global_0.2=0.0
  First solution: R_1=0.7  R_TR=0.2333  s1_time=0.037  s2_time=0.019

  [layered_small_seed5 w=1000 s2=hetero] Stage 2 solve (enc=stage2_packing.lp)...
  cmd: clingcon /tmp/s2_facts_6dajl41w.lp /home/racquelnina/MultiNetworkBatchingUsingASP/src/experiments/two_stage/final/encodings/stage2_packing.lp -c weight=1000 -c hetero_on=1 -c concentrated_on=0 --time-limit=60 --outf=2 -t 1 --configuration=many
  mono=4  conc=11  optimal=True
  R_1=0.7  worst_trip=(l4,l5,tr1,k4)
  K_1=0.7
  R_alpha: heaviest_single_0.2=0.2333  heaviest_global_0.2=0.0
  First solution: R_1=0.7  R_TR=0.2333  s1_time=0.037  s2_time=0.02

  [layered_small_seed5 w=1000 s2=conc] Stage 2 solve (enc=stage2_packing.lp)...
  cmd: clingcon /tmp/s2_facts_5cz_zs7k.lp /home/racquelnina/MultiNetworkBatchingUsingASP/src/experiments/two_stage/final/encodings/stage2_packing.lp -c weight=1000 -c hetero_on=0 -c concentrated_on=1 --time-limit=60 --outf=2 -t 1 --configuration=many
  [clingcon stderr] *** Info : (clingcon): Sending shutdown signal...
  [clingcon stderr] *** ERROR: (clingcon): solving stopped by signal
  [clingcon stderr] *** Info : (clingcon): Shutdown completed in 0.000 seconds
  mono=9  conc=9  optimal=False
  R_1=0.7  worst_trip=(l4,l5,tr1,k1)
  K_1=0.7
  R_alpha: heaviest_single_0.2=0.2333  heaviest_global_0.2=0.0
  First solution: R_1=0.7  R_TR=0.2333  s1_time=0.037  s2_time=0.019

  [layered_small_seed5 w=1000 s2=both] Stage 2 solve (enc=stage2_packing.lp)...
  cmd: clingcon /tmp/s2_facts_yf864fq9.lp /home/racquelnina/MultiNetworkBatchingUsingASP/src/experiments/two_stage/final/encodings/stage2_packing.lp -c weight=1000 -c hetero_on=1 -c concentrated_on=1 --time-limit=60 --outf=2 -t 1 --configuration=many
  [clingcon stderr] *** Info : (clingcon): Sending shutdown signal...
  [clingcon stderr] *** ERROR: (clingcon): solving stopped by signal
  [clingcon stderr] *** Info : (clingcon): Shutdown completed in 0.000 seconds
  mono=7  conc=10  optimal=False
  R_1=0.7  worst_trip=(l4,l5,tr1,k1)
  K_1=0.7
  R_alpha: heaviest_single_0.2=0.2333  heaviest_global_0.2=0.0
  First solution: R_1=0.7  R_TR=0.2333  s1_time=0.037  s2_time=0.019

══════════════════════════════════════════════════════════════════════
  COMPLETE: 100 rows in 4959.6s
  Results → src/experiments/two_stage/final/results/sweep_small_full_ra.csv
══════════════════════════════════════════════════════════════════════
