Traceback (most recent call last):
  File "<frozen runpy>", line 198, in _run_module_as_main
  File "<frozen runpy>", line 88, in _run_code
  File "/home/racquelnina/MultiNetworkBatchingUsingASP/new_code/src/multibatch/experiments/twostage/__main__.py", line 4, in <module>
    main()
    ~~~~^^
  File "/home/racquelnina/MultiNetworkBatchingUsingASP/new_code/src/multibatch/experiments/twostage/runner.py", line 625, in main
    n, s1_state, measured = run_weight_group(
                            ~~~~~~~~~~~~~~~~^
        inst_path, instance, meta,
        ^^^^^^^^^^^^^^^^^^^^^^^^^^
    ...<7 lines>...
        normalizer=norm,
        ^^^^^^^^^^^^^^^^
    )
    ^
  File "/home/racquelnina/MultiNetworkBatchingUsingASP/new_code/src/multibatch/experiments/twostage/runner.py", line 254, in run_weight_group
    stage1 = solver._solve_stage1()
  File "/home/racquelnina/MultiNetworkBatchingUsingASP/new_code/src/multibatch/solvers/twostage_clingcon.py", line 121, in _solve_stage1
    for model in handle:
                 ^^^^^^
  File "/home/racquelnina/MultiNetworkBatchingUsingASP/new_code/.venv/lib/python3.13/site-packages/clingo/solving.py", line 527, in __iter__
    m = self.model()
  File "/home/racquelnina/MultiNetworkBatchingUsingASP/new_code/.venv/lib/python3.13/site-packages/clingo/solving.py", line 596, in model
    _handle_error(_lib.clingo_solve_handle_model(self._rep, p_model), self._handler)
    ~~~~~~~~~~~~~^^^^^^^^^^^^^^^^^^^^^^^^^^^^^^^^^^^^^^^^^^^^^^^^^^^^^^^^^^^^^^^^^^^
  File "/home/racquelnina/MultiNetworkBatchingUsingASP/new_code/.venv/lib/python3.13/site-packages/clingo/_internal.py", line 77, in _handle_error
    raise handler.error[0](handler.error[1]).with_traceback(handler.error[2])
  File "/home/racquelnina/MultiNetworkBatchingUsingASP/new_code/.venv/lib/python3.13/site-packages/clingo/control.py", line 130, in _pyclingo_solve_event_callback
    @_ffi.def_extern(
    
KeyboardInterrupt
======================================================================
  TWO-STAGE RESILIENCE EXPERIMENT
  S1 encoding:  stage_1_clingcon_flow.lp
  S2 encoding:  stage_2_packing.lp
  Instances:    5
  Lambdas:      [0.0, 0.1, 0.25, 0.5, 1.0, 2.0, 4.0, 8.0]  (relative: weight = lambda x mean trip cost at w=0)
  Exposure N:   3
  S2 configs:   ['baseline', 'mixed', 'even', 'full']
  Threads:      [4]
  Configurations: ['many']
  Total runs:   160
  Output:       /home/racquelnina/MultiNetworkBatchingUsingASP/new_code/src/multibatch/experiments/twostage/results/experiment_rel_medium.csv
======================================================================
  Instance: layered_medium_seed1  
  Properties: 8 locs, 3 parts, 36 routes, density=0.321, tightness=1.867

  [layered_medium_seed1 w=0] Stage 1 (limit=600s)...
