======================================================================
  TWO-STAGE RESILIENCE EXPERIMENT
  S1 encoding:  stage_1_clingcon_flow.lp
  S2 encoding:  stage_2_packing.lp
  Instances:    1
  Weights:      [0, 500, 700, 1000, 1500, 2000, 2500, 3000, 3500]
  Exposure N:   3
  S2 configs:   ['baseline', 'mixed', 'even', 'full']
  Threads:      [4]
  Configurations: ['many']
  Total runs:   36
  Output:       /Users/racqueldennison/Documents/Masters/realdeal_masters/combined_encodings/new_code/src/multibatch/experiments/twostage/results/experiment_smaller_paper.csv
======================================================================
  Instance: layered_paper  
  Properties: 5 locs, 2 parts, 11 routes, density=0.275, tightness=0.982

  [layered_paper w=0] Stage 1 (limit=600s)...
  Stage 1: cost=3458  routes=8  optimal=True
{('l1', 'l3', 'tr1', 'p2'): 2, ('l1', 'l3', 'tr2', 'p2'): 3, ('l2', 'l3', 'tr1', 'p1'): 1, ('l2', 'l3', 'tr1', 'p2'): 3, ('l2', 'l3', 'tr2', 'p1'): 9, ('l2', 'l3', 'tr2', 'p2'): 2, ('l1', 'l4', 'tr2', 'p1'): 10, ('l1', 'l4', 'tr2', 'p2'): 10, ('l3', 'l4', 'tr2', 'p1'): 2, ('l3', 'l5', 'tr1', 'p1'): 3, ('l3', 'l5', 'tr1', 'p2'): 3, ('l3', 'l5', 'tr2', 'p1'): 5, ('l3', 'l5', 'tr2', 'p2'): 7}
  R_TR=0.5  worst_arc=(l1,l4,tr2)

  [layered_paper w=0 s2=baseline] Stage 2...
  mono=9  conc=20  optimal=True
{('l1', 'l3', 'tr1', 'p2', 1): 2, ('l2', 'l3', 'tr1', 'p2', 1): 1, ('l2', 'l3', 'tr1', 'p1', 2): 1, ('l2', 'l3', 'tr1', 'p2', 2): 2, ('l3', 'l5', 'tr1', 'p2', 1): 3, ('l3', 'l5', 'tr1', 'p1', 2): 1, ('l3', 'l5', 'tr1', 'p1', 3): 2, ('l1', 'l3', 'tr2', 'p2', 1): 3, ('l2', 'l3', 'tr2', 'p1', 2): 3, ('l2', 'l3', 'tr2', 'p2', 2): 1, ('l2', 'l3', 'tr2', 'p1', 3): 3, ('l2', 'l3', 'tr2', 'p1', 4): 3, ('l2', 'l3', 'tr2', 'p2', 4): 1, ('l1', 'l4', 'tr2', 'p2', 2): 5, ('l1', 'l4', 'tr2', 'p1', 4): 2, ('l1', 'l4', 'tr2', 'p2', 4): 2, ('l1', 'l4', 'tr2', 'p1', 5): 2, ('l1', 'l4', 'tr2', 'p2', 5): 2, ('l1', 'l4', 'tr2', 'p1', 6): 3, ('l1', 'l4', 'tr2', 'p1', 7): 3, ('l1', 'l4', 'tr2', 'p2', 7): 1, ('l3', 'l4', 'tr2', 'p1', 1): 2, ('l3', 'l5', 'tr2', 'p1', 2): 3, ('l3', 'l5', 'tr2', 'p1', 3): 2, ('l3', 'l5', 'tr2', 'p2', 3): 2, ('l3', 'l5', 'tr2', 'p2', 4): 5}
  Verification: PASS
  R_1=0.75
  K_1=0.75

  [layered_paper w=0 s2=mixed] Stage 2...
  mono=2  conc=16  optimal=True
{('l1', 'l3', 'tr1', 'p2', 1): 2, ('l2', 'l3', 'tr1', 'p1', 1): 1, ('l2', 'l3', 'tr1', 'p2', 1): 1, ('l2', 'l3', 'tr1', 'p2', 2): 2, ('l3', 'l5', 'tr1', 'p1', 1): 1, ('l3', 'l5', 'tr1', 'p2', 1): 1, ('l3', 'l5', 'tr1', 'p1', 2): 1, ('l3', 'l5', 'tr1', 'p2', 2): 1, ('l3', 'l5', 'tr1', 'p1', 3): 1, ('l3', 'l5', 'tr1', 'p2', 3): 1, ('l1', 'l3', 'tr2', 'p2', 1): 3, ('l2', 'l3', 'tr2', 'p1', 1): 3, ('l2', 'l3', 'tr2', 'p1', 3): 3, ('l2', 'l3', 'tr2', 'p2', 3): 1, ('l2', 'l3', 'tr2', 'p1', 4): 3, ('l2', 'l3', 'tr2', 'p2', 4): 1, ('l1', 'l4', 'tr2', 'p1', 1): 3, ('l1', 'l4', 'tr2', 'p2', 1): 1, ('l1', 'l4', 'tr2', 'p1', 4): 3, ('l1', 'l4', 'tr2', 'p2', 4): 1, ('l1', 'l4', 'tr2', 'p1', 5): 1, ('l1', 'l4', 'tr2', 'p2', 5): 3, ('l1', 'l4', 'tr2', 'p1', 6): 1, ('l1', 'l4', 'tr2', 'p2', 6): 3, ('l1', 'l4', 'tr2', 'p1', 7): 2, ('l1', 'l4', 'tr2', 'p2', 7): 2, ('l3', 'l4', 'tr2', 'p1', 1): 2, ('l3', 'l5', 'tr2', 'p1', 2): 1, ('l3', 'l5', 'tr2', 'p2', 2): 3, ('l3', 'l5', 'tr2', 'p1', 3): 1, ('l3', 'l5', 'tr2', 'p2', 3): 3, ('l3', 'l5', 'tr2', 'p1', 4): 3, ('l3', 'l5', 'tr2', 'p2', 4): 1}
  Verification: PASS
  R_1=0.85
  K_1=0.85

  [layered_paper w=0 s2=even] Stage 2...
  mono=7  conc=9  optimal=True
{('l1', 'l3', 'tr1', 'p2', 1): 2, ('l2', 'l3', 'tr1', 'p2', 1): 2, ('l2', 'l3', 'tr1', 'p1', 2): 1, ('l2', 'l3', 'tr1', 'p2', 2): 1, ('l3', 'l5', 'tr1', 'p1', 1): 1, ('l3', 'l5', 'tr1', 'p2', 1): 1, ('l3', 'l5', 'tr1', 'p1', 2): 1, ('l3', 'l5', 'tr1', 'p2', 2): 1, ('l3', 'l5', 'tr1', 'p1', 3): 1, ('l3', 'l5', 'tr1', 'p2', 3): 1, ('l1', 'l3', 'tr2', 'p2', 1): 3, ('l2', 'l3', 'tr2', 'p1', 1): 2, ('l2', 'l3', 'tr2', 'p2', 1): 2, ('l2', 'l3', 'tr2', 'p1', 2): 3, ('l2', 'l3', 'tr2', 'p1', 3): 2, ('l2', 'l3', 'tr2', 'p1', 4): 2, ('l1', 'l4', 'tr2', 'p1', 1): 1, ('l1', 'l4', 'tr2', 'p2', 1): 1, ('l1', 'l4', 'tr2', 'p1', 2): 1, ('l1', 'l4', 'tr2', 'p2', 2): 1, ('l1', 'l4', 'tr2', 'p1', 3): 1, ('l1', 'l4', 'tr2', 'p2', 3): 1, ('l1', 'l4', 'tr2', 'p1', 4): 3, ('l1', 'l4', 'tr2', 'p1', 5): 1, ('l1', 'l4', 'tr2', 'p2', 5): 1, ('l1', 'l4', 'tr2', 'p1', 6): 3, ('l1', 'l4', 'tr2', 'p2', 6): 1, ('l1', 'l4', 'tr2', 'p2', 7): 5, ('l3', 'l4', 'tr2', 'p1', 1): 2, ('l3', 'l5', 'tr2', 'p1', 1): 3, ('l3', 'l5', 'tr2', 'p2', 1): 1, ('l3', 'l5', 'tr2', 'p2', 2): 4, ('l3', 'l5', 'tr2', 'p1', 3): 1, ('l3', 'l5', 'tr2', 'p2', 3): 1, ('l3', 'l5', 'tr2', 'p1', 4): 1, ('l3', 'l5', 'tr2', 'p2', 4): 1}
  Verification: PASS
  R_1=0.75
  K_1=0.75

  [layered_paper w=0 s2=full] Stage 2...
  mono=6  conc=9  optimal=True
{('l1', 'l3', 'tr1', 'p2', 1): 2, ('l2', 'l3', 'tr1', 'p1', 1): 1, ('l2', 'l3', 'tr1', 'p2', 1): 2, ('l2', 'l3', 'tr1', 'p2', 2): 1, ('l3', 'l5', 'tr1', 'p1', 1): 1, ('l3', 'l5', 'tr1', 'p2', 1): 1, ('l3', 'l5', 'tr1', 'p1', 2): 1, ('l3', 'l5', 'tr1', 'p2', 2): 1, ('l3', 'l5', 'tr1', 'p1', 3): 1, ('l3', 'l5', 'tr1', 'p2', 3): 1, ('l1', 'l3', 'tr2', 'p2', 1): 3, ('l2', 'l3', 'tr2', 'p1', 1): 2, ('l2', 'l3', 'tr2', 'p1', 2): 3, ('l2', 'l3', 'tr2', 'p1', 3): 2, ('l2', 'l3', 'tr2', 'p1', 4): 2, ('l2', 'l3', 'tr2', 'p2', 4): 2, ('l1', 'l4', 'tr2', 'p1', 1): 1, ('l1', 'l4', 'tr2', 'p2', 1): 1, ('l1', 'l4', 'tr2', 'p1', 2): 3, ('l1', 'l4', 'tr2', 'p2', 2): 1, ('l1', 'l4', 'tr2', 'p1', 3): 1, ('l1', 'l4', 'tr2', 'p2', 3): 1, ('l1', 'l4', 'tr2', 'p1', 4): 1, ('l1', 'l4', 'tr2', 'p2', 4): 1, ('l1', 'l4', 'tr2', 'p1', 5): 3, ('l1', 'l4', 'tr2', 'p2', 5): 1, ('l1', 'l4', 'tr2', 'p1', 6): 1, ('l1', 'l4', 'tr2', 'p2', 6): 1, ('l1', 'l4', 'tr2', 'p2', 7): 4, ('l3', 'l4', 'tr2', 'p1', 1): 2, ('l3', 'l5', 'tr2', 'p1', 1): 3, ('l3', 'l5', 'tr2', 'p2', 1): 1, ('l3', 'l5', 'tr2', 'p1', 2): 1, ('l3', 'l5', 'tr2', 'p2', 2): 1, ('l3', 'l5', 'tr2', 'p1', 3): 1, ('l3', 'l5', 'tr2', 'p2', 3): 1, ('l3', 'l5', 'tr2', 'p2', 4): 4}
  Verification: PASS
  R_1=0.8
  K_1=0.8

  [layered_paper w=500] Stage 1 (limit=600s)...
  Stage 1: cost=3654  routes=9  optimal=True
{('l1', 'l3', 'tr1', 'p2'): 2, ('l1', 'l3', 'tr2', 'p1'): 3, ('l1', 'l3', 'tr2', 'p2'): 6, ('l2', 'l3', 'tr1', 'p1'): 5, ('l2', 'l3', 'tr1', 'p2'): 5, ('l2', 'l3', 'tr2', 'p1'): 5, ('l1', 'l4', 'tr1', 'p1'): 1, ('l1', 'l4', 'tr1', 'p2'): 1, ('l1', 'l4', 'tr2', 'p1'): 6, ('l1', 'l4', 'tr2', 'p2'): 6, ('l3', 'l4', 'tr2', 'p1'): 5, ('l3', 'l4', 'tr2', 'p2'): 3, ('l3', 'l5', 'tr1', 'p1'): 6, ('l3', 'l5', 'tr1', 'p2'): 6, ('l3', 'l5', 'tr2', 'p1'): 2, ('l3', 'l5', 'tr2', 'p2'): 4}
  R_TR=0.7  worst_arc=(l1,l3,tr2)

  [layered_paper w=500 s2=baseline] Stage 2...
  mono=10  conc=19  optimal=True
{('l1', 'l3', 'tr1', 'p2', 1): 2, ('l2', 'l3', 'tr1', 'p1', 1): 2, ('l2', 'l3', 'tr1', 'p2', 2): 3, ('l2', 'l3', 'tr1', 'p1', 3): 1, ('l2', 'l3', 'tr1', 'p2', 3): 2, ('l2', 'l3', 'tr1', 'p1', 5): 2, ('l1', 'l4', 'tr1', 'p1', 1): 1, ('l1', 'l4', 'tr1', 'p2', 1): 1, ('l3', 'l5', 'tr1', 'p1', 2): 1, ('l3', 'l5', 'tr1', 'p2', 2): 2, ('l3', 'l5', 'tr1', 'p1', 3): 1, ('l3', 'l5', 'tr1', 'p1', 4): 1, ('l3', 'l5', 'tr1', 'p2', 4): 2, ('l3', 'l5', 'tr1', 'p1', 5): 2, ('l3', 'l5', 'tr1', 'p1', 6): 1, ('l3', 'l5', 'tr1', 'p2', 6): 2, ('l1', 'l3', 'tr2', 'p2', 2): 5, ('l1', 'l3', 'tr2', 'p1', 3): 3, ('l1', 'l3', 'tr2', 'p2', 3): 1, ('l2', 'l3', 'tr2', 'p1', 1): 2, ('l2', 'l3', 'tr2', 'p1', 2): 3, ('l1', 'l4', 'tr2', 'p2', 1): 5, ('l1', 'l4', 'tr2', 'p1', 3): 3, ('l1', 'l4', 'tr2', 'p1', 4): 3, ('l1', 'l4', 'tr2', 'p2', 4): 1, ('l3', 'l4', 'tr2', 'p1', 2): 2, ('l3', 'l4', 'tr2', 'p2', 2): 2, ('l3', 'l4', 'tr2', 'p1', 3): 3, ('l3', 'l4', 'tr2', 'p2', 3): 1, ('l3', 'l5', 'tr2', 'p2', 1): 4, ('l3', 'l5', 'tr2', 'p1', 2): 2}
  Verification: PASS
  R_1=0.75
  K_1=0.75

  [layered_paper w=500 s2=mixed] Stage 2...
  mono=0  conc=11  optimal=True
{('l1', 'l3', 'tr1', 'p2', 1): 2, ('l2', 'l3', 'tr1', 'p1', 1): 1, ('l2', 'l3', 'tr1', 'p2', 1): 1, ('l2', 'l3', 'tr1', 'p1', 2): 1, ('l2', 'l3', 'tr1', 'p2', 2): 1, ('l2', 'l3', 'tr1', 'p1', 3): 1, ('l2', 'l3', 'tr1', 'p2', 3): 1, ('l2', 'l3', 'tr1', 'p1', 4): 1, ('l2', 'l3', 'tr1', 'p2', 4): 1, ('l2', 'l3', 'tr1', 'p1', 5): 1, ('l2', 'l3', 'tr1', 'p2', 5): 1, ('l1', 'l4', 'tr1', 'p1', 1): 1, ('l1', 'l4', 'tr1', 'p2', 1): 1, ('l3', 'l5', 'tr1', 'p1', 1): 1, ('l3', 'l5', 'tr1', 'p2', 1): 1, ('l3', 'l5', 'tr1', 'p1', 2): 1, ('l3', 'l5', 'tr1', 'p2', 2): 1, ('l3', 'l5', 'tr1', 'p1', 3): 1, ('l3', 'l5', 'tr1', 'p2', 3): 1, ('l3', 'l5', 'tr1', 'p1', 4): 1, ('l3', 'l5', 'tr1', 'p2', 4): 1, ('l3', 'l5', 'tr1', 'p1', 5): 1, ('l3', 'l5', 'tr1', 'p2', 5): 1, ('l3', 'l5', 'tr1', 'p1', 6): 1, ('l3', 'l5', 'tr1', 'p2', 6): 1, ('l1', 'l3', 'tr2', 'p1', 1): 1, ('l1', 'l3', 'tr2', 'p2', 1): 2, ('l1', 'l3', 'tr2', 'p1', 2): 1, ('l1', 'l3', 'tr2', 'p2', 2): 2, ('l1', 'l3', 'tr2', 'p1', 3): 1, ('l1', 'l3', 'tr2', 'p2', 3): 2, ('l2', 'l3', 'tr2', 'p1', 1): 3, ('l2', 'l3', 'tr2', 'p1', 2): 2, ('l1', 'l4', 'tr2', 'p1', 1): 2, ('l1', 'l4', 'tr2', 'p2', 1): 2, ('l1', 'l4', 'tr2', 'p1', 2): 2, ('l1', 'l4', 'tr2', 'p2', 2): 2, ('l1', 'l4', 'tr2', 'p1', 3): 2, ('l1', 'l4', 'tr2', 'p2', 3): 2, ('l3', 'l4', 'tr2', 'p1', 1): 3, ('l3', 'l4', 'tr2', 'p2', 1): 1, ('l3', 'l4', 'tr2', 'p1', 3): 2, ('l3', 'l4', 'tr2', 'p2', 3): 2, ('l3', 'l5', 'tr2', 'p1', 1): 1, ('l3', 'l5', 'tr2', 'p2', 1): 3, ('l3', 'l5', 'tr2', 'p1', 2): 1, ('l3', 'l5', 'tr2', 'p2', 2): 1}
  Verification: PASS
  R_1=0.85
  K_1=0.85

  [layered_paper w=500 s2=even] Stage 2...
  mono=0  conc=4  optimal=True
{('l1', 'l3', 'tr1', 'p2', 1): 2, ('l2', 'l3', 'tr1', 'p1', 1): 1, ('l2', 'l3', 'tr1', 'p2', 1): 1, ('l2', 'l3', 'tr1', 'p1', 2): 1, ('l2', 'l3', 'tr1', 'p2', 2): 1, ('l2', 'l3', 'tr1', 'p1', 3): 1, ('l2', 'l3', 'tr1', 'p2', 3): 1, ('l2', 'l3', 'tr1', 'p1', 4): 1, ('l2', 'l3', 'tr1', 'p2', 4): 1, ('l2', 'l3', 'tr1', 'p1', 5): 1, ('l2', 'l3', 'tr1', 'p2', 5): 1, ('l1', 'l4', 'tr1', 'p1', 1): 1, ('l1', 'l4', 'tr1', 'p2', 1): 1, ('l3', 'l5', 'tr1', 'p1', 1): 1, ('l3', 'l5', 'tr1', 'p2', 1): 1, ('l3', 'l5', 'tr1', 'p1', 2): 1, ('l3', 'l5', 'tr1', 'p2', 2): 1, ('l3', 'l5', 'tr1', 'p1', 3): 1, ('l3', 'l5', 'tr1', 'p2', 3): 1, ('l3', 'l5', 'tr1', 'p1', 4): 1, ('l3', 'l5', 'tr1', 'p2', 4): 1, ('l3', 'l5', 'tr1', 'p1', 5): 1, ('l3', 'l5', 'tr1', 'p2', 5): 1, ('l3', 'l5', 'tr1', 'p1', 6): 1, ('l3', 'l5', 'tr1', 'p2', 6): 1, ('l1', 'l3', 'tr2', 'p1', 1): 1, ('l1', 'l3', 'tr2', 'p2', 1): 2, ('l1', 'l3', 'tr2', 'p1', 2): 1, ('l1', 'l3', 'tr2', 'p2', 2): 2, ('l1', 'l3', 'tr2', 'p1', 3): 1, ('l1', 'l3', 'tr2', 'p2', 3): 2, ('l2', 'l3', 'tr2', 'p1', 1): 3, ('l2', 'l3', 'tr2', 'p1', 2): 2, ('l1', 'l4', 'tr2', 'p1', 1): 1, ('l1', 'l4', 'tr2', 'p2', 1): 1, ('l1', 'l4', 'tr2', 'p1', 2): 1, ('l1', 'l4', 'tr2', 'p2', 2): 1, ('l1', 'l4', 'tr2', 'p1', 3): 1, ('l1', 'l4', 'tr2', 'p2', 3): 3, ('l1', 'l4', 'tr2', 'p1', 4): 3, ('l1', 'l4', 'tr2', 'p2', 4): 1, ('l3', 'l4', 'tr2', 'p1', 1): 3, ('l3', 'l4', 'tr2', 'p2', 1): 1, ('l3', 'l4', 'tr2', 'p1', 2): 1, ('l3', 'l4', 'tr2', 'p2', 2): 1, ('l3', 'l4', 'tr2', 'p1', 3): 1, ('l3', 'l4', 'tr2', 'p2', 3): 1, ('l3', 'l5', 'tr2', 'p1', 1): 1, ('l3', 'l5', 'tr2', 'p2', 1): 2, ('l3', 'l5', 'tr2', 'p1', 2): 1, ('l3', 'l5', 'tr2', 'p2', 2): 2}
  Verification: PASS
  R_1=0.85
  K_1=0.85

  [layered_paper w=500 s2=full] Stage 2...
  mono=0  conc=4  optimal=True
{('l1', 'l3', 'tr1', 'p2', 1): 2, ('l2', 'l3', 'tr1', 'p1', 1): 1, ('l2', 'l3', 'tr1', 'p2', 1): 1, ('l2', 'l3', 'tr1', 'p1', 2): 1, ('l2', 'l3', 'tr1', 'p2', 2): 1, ('l2', 'l3', 'tr1', 'p1', 3): 1, ('l2', 'l3', 'tr1', 'p2', 3): 1, ('l2', 'l3', 'tr1', 'p1', 4): 1, ('l2', 'l3', 'tr1', 'p2', 4): 1, ('l2', 'l3', 'tr1', 'p1', 5): 1, ('l2', 'l3', 'tr1', 'p2', 5): 1, ('l1', 'l4', 'tr1', 'p1', 1): 1, ('l1', 'l4', 'tr1', 'p2', 1): 1, ('l3', 'l5', 'tr1', 'p1', 1): 1, ('l3', 'l5', 'tr1', 'p2', 1): 1, ('l3', 'l5', 'tr1', 'p1', 2): 1, ('l3', 'l5', 'tr1', 'p2', 2): 1, ('l3', 'l5', 'tr1', 'p1', 3): 1, ('l3', 'l5', 'tr1', 'p2', 3): 1, ('l3', 'l5', 'tr1', 'p1', 4): 1, ('l3', 'l5', 'tr1', 'p2', 4): 1, ('l3', 'l5', 'tr1', 'p1', 5): 1, ('l3', 'l5', 'tr1', 'p2', 5): 1, ('l3', 'l5', 'tr1', 'p1', 6): 1, ('l3', 'l5', 'tr1', 'p2', 6): 1, ('l1', 'l3', 'tr2', 'p1', 1): 1, ('l1', 'l3', 'tr2', 'p2', 1): 2, ('l1', 'l3', 'tr2', 'p1', 2): 1, ('l1', 'l3', 'tr2', 'p2', 2): 2, ('l1', 'l3', 'tr2', 'p1', 3): 1, ('l1', 'l3', 'tr2', 'p2', 3): 2, ('l2', 'l3', 'tr2', 'p1', 1): 3, ('l2', 'l3', 'tr2', 'p1', 2): 2, ('l1', 'l4', 'tr2', 'p1', 1): 3, ('l1', 'l4', 'tr2', 'p2', 1): 1, ('l1', 'l4', 'tr2', 'p1', 2): 1, ('l1', 'l4', 'tr2', 'p2', 2): 1, ('l1', 'l4', 'tr2', 'p1', 3): 1, ('l1', 'l4', 'tr2', 'p2', 3): 3, ('l1', 'l4', 'tr2', 'p1', 4): 1, ('l1', 'l4', 'tr2', 'p2', 4): 1, ('l3', 'l4', 'tr2', 'p1', 1): 3, ('l3', 'l4', 'tr2', 'p2', 1): 1, ('l3', 'l4', 'tr2', 'p1', 2): 1, ('l3', 'l4', 'tr2', 'p2', 2): 1, ('l3', 'l4', 'tr2', 'p1', 3): 1, ('l3', 'l4', 'tr2', 'p2', 3): 1, ('l3', 'l5', 'tr2', 'p1', 1): 1, ('l3', 'l5', 'tr2', 'p2', 1): 2, ('l3', 'l5', 'tr2', 'p1', 2): 1, ('l3', 'l5', 'tr2', 'p2', 2): 2}
  Verification: PASS
  R_1=0.85
  K_1=0.85

  [layered_paper w=700] Stage 1 (limit=600s)...
  Stage 1: cost=3654  routes=9  optimal=True
{('l1', 'l3', 'tr1', 'p2'): 4, ('l1', 'l3', 'tr2', 'p1'): 4, ('l1', 'l3', 'tr2', 'p2'): 5, ('l2', 'l3', 'tr1', 'p1'): 5, ('l2', 'l3', 'tr1', 'p2'): 5, ('l2', 'l3', 'tr2', 'p1'): 5, ('l1', 'l4', 'tr2', 'p1'): 6, ('l1', 'l4', 'tr2', 'p2'): 6, ('l3', 'l4', 'tr1', 'p2'): 2, ('l3', 'l4', 'tr2', 'p1'): 6, ('l3', 'l4', 'tr2', 'p2'): 2, ('l3', 'l5', 'tr1', 'p1'): 6, ('l3', 'l5', 'tr1', 'p2'): 6, ('l3', 'l5', 'tr2', 'p1'): 2, ('l3', 'l5', 'tr2', 'p2'): 4}
  R_TR=0.7  worst_arc=(l1,l4,tr2)

  [layered_paper w=700 s2=baseline] Stage 2...
  mono=9  conc=19  optimal=True
{('l1', 'l3', 'tr1', 'p2', 1): 2, ('l1', 'l3', 'tr1', 'p2', 2): 2, ('l2', 'l3', 'tr1', 'p1', 1): 2, ('l2', 'l3', 'tr1', 'p2', 2): 3, ('l2', 'l3', 'tr1', 'p1', 3): 1, ('l2', 'l3', 'tr1', 'p2', 3): 2, ('l2', 'l3', 'tr1', 'p1', 5): 2, ('l3', 'l4', 'tr1', 'p2', 1): 2, ('l3', 'l5', 'tr1', 'p1', 2): 1, ('l3', 'l5', 'tr1', 'p2', 2): 2, ('l3', 'l5', 'tr1', 'p1', 3): 1, ('l3', 'l5', 'tr1', 'p2', 3): 2, ('l3', 'l5', 'tr1', 'p1', 4): 1, ('l3', 'l5', 'tr1', 'p2', 4): 1, ('l3', 'l5', 'tr1', 'p1', 5): 1, ('l3', 'l5', 'tr1', 'p2', 5): 1, ('l3', 'l5', 'tr1', 'p1', 6): 2, ('l1', 'l3', 'tr2', 'p1', 1): 2, ('l1', 'l3', 'tr2', 'p2', 2): 5, ('l1', 'l3', 'tr2', 'p1', 3): 2, ('l2', 'l3', 'tr2', 'p1', 1): 2, ('l2', 'l3', 'tr2', 'p1', 2): 3, ('l1', 'l4', 'tr2', 'p2', 1): 5, ('l1', 'l4', 'tr2', 'p1', 3): 3, ('l1', 'l4', 'tr2', 'p2', 3): 1, ('l1', 'l4', 'tr2', 'p1', 4): 3, ('l3', 'l4', 'tr2', 'p1', 1): 3, ('l3', 'l4', 'tr2', 'p2', 1): 1, ('l3', 'l4', 'tr2', 'p1', 2): 3, ('l3', 'l4', 'tr2', 'p2', 2): 1, ('l3', 'l5', 'tr2', 'p1', 1): 1, ('l3', 'l5', 'tr2', 'p2', 1): 3, ('l3', 'l5', 'tr2', 'p1', 2): 1, ('l3', 'l5', 'tr2', 'p2', 2): 1}
  Verification: PASS
  R_1=0.75
  K_1=0.75

  [layered_paper w=700 s2=mixed] Stage 2...
  mono=0  conc=15  optimal=True
{('l1', 'l3', 'tr1', 'p2', 1): 2, ('l1', 'l3', 'tr1', 'p2', 2): 2, ('l2', 'l3', 'tr1', 'p1', 1): 1, ('l2', 'l3', 'tr1', 'p2', 1): 1, ('l2', 'l3', 'tr1', 'p1', 2): 1, ('l2', 'l3', 'tr1', 'p2', 2): 1, ('l2', 'l3', 'tr1', 'p1', 3): 1, ('l2', 'l3', 'tr1', 'p2', 3): 1, ('l2', 'l3', 'tr1', 'p1', 4): 1, ('l2', 'l3', 'tr1', 'p2', 4): 1, ('l2', 'l3', 'tr1', 'p1', 5): 1, ('l2', 'l3', 'tr1', 'p2', 5): 1, ('l3', 'l4', 'tr1', 'p2', 1): 2, ('l3', 'l5', 'tr1', 'p1', 1): 1, ('l3', 'l5', 'tr1', 'p2', 1): 1, ('l3', 'l5', 'tr1', 'p1', 2): 1, ('l3', 'l5', 'tr1', 'p2', 2): 1, ('l3', 'l5', 'tr1', 'p1', 3): 1, ('l3', 'l5', 'tr1', 'p2', 3): 1, ('l3', 'l5', 'tr1', 'p1', 4): 1, ('l3', 'l5', 'tr1', 'p2', 4): 1, ('l3', 'l5', 'tr1', 'p1', 5): 1, ('l3', 'l5', 'tr1', 'p2', 5): 1, ('l3', 'l5', 'tr1', 'p1', 6): 1, ('l3', 'l5', 'tr1', 'p2', 6): 1, ('l1', 'l3', 'tr2', 'p1', 1): 2, ('l1', 'l3', 'tr2', 'p2', 1): 2, ('l1', 'l3', 'tr2', 'p1', 2): 1, ('l1', 'l3', 'tr2', 'p2', 2): 1, ('l1', 'l3', 'tr2', 'p1', 3): 1, ('l1', 'l3', 'tr2', 'p2', 3): 2, ('l2', 'l3', 'tr2', 'p1', 1): 2, ('l2', 'l3', 'tr2', 'p1', 2): 3, ('l1', 'l4', 'tr2', 'p1', 2): 2, ('l1', 'l4', 'tr2', 'p2', 2): 2, ('l1', 'l4', 'tr2', 'p1', 3): 2, ('l1', 'l4', 'tr2', 'p2', 3): 2, ('l1', 'l4', 'tr2', 'p1', 4): 2, ('l1', 'l4', 'tr2', 'p2', 4): 2, ('l3', 'l4', 'tr2', 'p1', 2): 3, ('l3', 'l4', 'tr2', 'p2', 2): 1, ('l3', 'l4', 'tr2', 'p1', 3): 3, ('l3', 'l4', 'tr2', 'p2', 3): 1, ('l3', 'l5', 'tr2', 'p1', 1): 1, ('l3', 'l5', 'tr2', 'p2', 1): 1, ('l3', 'l5', 'tr2', 'p1', 2): 1, ('l3', 'l5', 'tr2', 'p2', 2): 3}
  Verification: PASS
  R_1=0.85
  K_1=0.85

  [layered_paper w=700 s2=even] Stage 2...
  mono=4  conc=6  optimal=True
{('l1', 'l3', 'tr1', 'p2', 1): 2, ('l1', 'l3', 'tr1', 'p2', 2): 2, ('l2', 'l3', 'tr1', 'p1', 1): 1, ('l2', 'l3', 'tr1', 'p2', 1): 1, ('l2', 'l3', 'tr1', 'p1', 2): 1, ('l2', 'l3', 'tr1', 'p2', 2): 1, ('l2', 'l3', 'tr1', 'p1', 3): 1, ('l2', 'l3', 'tr1', 'p2', 3): 1, ('l2', 'l3', 'tr1', 'p1', 4): 1, ('l2', 'l3', 'tr1', 'p2', 4): 1, ('l2', 'l3', 'tr1', 'p1', 5): 1, ('l2', 'l3', 'tr1', 'p2', 5): 1, ('l3', 'l4', 'tr1', 'p2', 1): 2, ('l3', 'l5', 'tr1', 'p1', 1): 1, ('l3', 'l5', 'tr1', 'p2', 1): 1, ('l3', 'l5', 'tr1', 'p1', 2): 1, ('l3', 'l5', 'tr1', 'p2', 2): 1, ('l3', 'l5', 'tr1', 'p1', 3): 1, ('l3', 'l5', 'tr1', 'p2', 3): 1, ('l3', 'l5', 'tr1', 'p1', 4): 1, ('l3', 'l5', 'tr1', 'p2', 4): 1, ('l3', 'l5', 'tr1', 'p1', 5): 1, ('l3', 'l5', 'tr1', 'p2', 5): 1, ('l3', 'l5', 'tr1', 'p1', 6): 1, ('l3', 'l5', 'tr1', 'p2', 6): 1, ('l1', 'l3', 'tr2', 'p1', 1): 1, ('l1', 'l3', 'tr2', 'p2', 2): 4, ('l1', 'l3', 'tr2', 'p1', 3): 3, ('l1', 'l3', 'tr2', 'p2', 3): 1, ('l2', 'l3', 'tr2', 'p1', 1): 2, ('l2', 'l3', 'tr2', 'p1', 2): 3, ('l1', 'l4', 'tr2', 'p1', 1): 1, ('l1', 'l4', 'tr2', 'p2', 1): 1, ('l1', 'l4', 'tr2', 'p1', 2): 1, ('l1', 'l4', 'tr2', 'p2', 2): 1, ('l1', 'l4', 'tr2', 'p1', 3): 1, ('l1', 'l4', 'tr2', 'p2', 3): 3, ('l1', 'l4', 'tr2', 'p1', 4): 3, ('l1', 'l4', 'tr2', 'p2', 4): 1, ('l3', 'l4', 'tr2', 'p1', 1): 2, ('l3', 'l4', 'tr2', 'p1', 2): 2, ('l3', 'l4', 'tr2', 'p2', 2): 2, ('l3', 'l4', 'tr2', 'p1', 3): 2, ('l3', 'l5', 'tr2', 'p1', 1): 1, ('l3', 'l5', 'tr2', 'p2', 1): 2, ('l3', 'l5', 'tr2', 'p1', 2): 1, ('l3', 'l5', 'tr2', 'p2', 2): 2}
  Verification: PASS
  R_1=0.8
  K_1=0.8

  [layered_paper w=700 s2=full] Stage 2...
  mono=2  conc=6  optimal=True
{('l1', 'l3', 'tr1', 'p2', 1): 2, ('l1', 'l3', 'tr1', 'p2', 2): 2, ('l2', 'l3', 'tr1', 'p1', 1): 1, ('l2', 'l3', 'tr1', 'p2', 1): 1, ('l2', 'l3', 'tr1', 'p1', 2): 1, ('l2', 'l3', 'tr1', 'p2', 2): 1, ('l2', 'l3', 'tr1', 'p1', 3): 1, ('l2', 'l3', 'tr1', 'p2', 3): 1, ('l2', 'l3', 'tr1', 'p1', 4): 1, ('l2', 'l3', 'tr1', 'p2', 4): 1, ('l2', 'l3', 'tr1', 'p1', 5): 1, ('l2', 'l3', 'tr1', 'p2', 5): 1, ('l3', 'l4', 'tr1', 'p2', 1): 2, ('l3', 'l5', 'tr1', 'p1', 1): 1, ('l3', 'l5', 'tr1', 'p2', 1): 1, ('l3', 'l5', 'tr1', 'p1', 2): 1, ('l3', 'l5', 'tr1', 'p2', 2): 1, ('l3', 'l5', 'tr1', 'p1', 3): 1, ('l3', 'l5', 'tr1', 'p2', 3): 1, ('l3', 'l5', 'tr1', 'p1', 4): 1, ('l3', 'l5', 'tr1', 'p2', 4): 1, ('l3', 'l5', 'tr1', 'p1', 5): 1, ('l3', 'l5', 'tr1', 'p2', 5): 1, ('l3', 'l5', 'tr1', 'p1', 6): 1, ('l3', 'l5', 'tr1', 'p2', 6): 1, ('l1', 'l3', 'tr2', 'p1', 1): 1, ('l1', 'l3', 'tr2', 'p2', 1): 3, ('l1', 'l3', 'tr2', 'p1', 2): 2, ('l1', 'l3', 'tr2', 'p2', 2): 1, ('l1', 'l3', 'tr2', 'p1', 3): 1, ('l1', 'l3', 'tr2', 'p2', 3): 1, ('l2', 'l3', 'tr2', 'p1', 1): 2, ('l2', 'l3', 'tr2', 'p1', 2): 3, ('l1', 'l4', 'tr2', 'p1', 1): 1, ('l1', 'l4', 'tr2', 'p2', 1): 3, ('l1', 'l4', 'tr2', 'p1', 2): 3, ('l1', 'l4', 'tr2', 'p2', 2): 1, ('l1', 'l4', 'tr2', 'p1', 3): 1, ('l1', 'l4', 'tr2', 'p2', 3): 1, ('l1', 'l4', 'tr2', 'p1', 4): 1, ('l1', 'l4', 'tr2', 'p2', 4): 1, ('l3', 'l4', 'tr2', 'p1', 1): 2, ('l3', 'l4', 'tr2', 'p2', 1): 2, ('l3', 'l4', 'tr2', 'p1', 2): 2, ('l3', 'l4', 'tr2', 'p1', 3): 2, ('l3', 'l5', 'tr2', 'p1', 1): 1, ('l3', 'l5', 'tr2', 'p2', 1): 2, ('l3', 'l5', 'tr2', 'p1', 2): 1, ('l3', 'l5', 'tr2', 'p2', 2): 2}
  Verification: PASS
  R_1=0.85
  K_1=0.85

  [layered_paper w=1000] Stage 1 (limit=600s)...
  Stage 1: cost=3654  routes=9  optimal=True
{('l1', 'l3', 'tr1', 'p2'): 4, ('l1', 'l3', 'tr2', 'p1'): 4, ('l1', 'l3', 'tr2', 'p2'): 5, ('l2', 'l3', 'tr1', 'p1'): 5, ('l2', 'l3', 'tr1', 'p2'): 5, ('l2', 'l3', 'tr2', 'p1'): 5, ('l1', 'l4', 'tr2', 'p1'): 6, ('l1', 'l4', 'tr2', 'p2'): 6, ('l3', 'l4', 'tr1', 'p2'): 2, ('l3', 'l4', 'tr2', 'p1'): 6, ('l3', 'l4', 'tr2', 'p2'): 2, ('l3', 'l5', 'tr1', 'p1'): 6, ('l3', 'l5', 'tr1', 'p2'): 6, ('l3', 'l5', 'tr2', 'p1'): 2, ('l3', 'l5', 'tr2', 'p2'): 4}
  R_TR=0.7  worst_arc=(l1,l4,tr2)

  [layered_paper w=1000 s2=baseline] Stage 2...
  mono=9  conc=19  optimal=True
{('l1', 'l3', 'tr1', 'p2', 1): 2, ('l1', 'l3', 'tr1', 'p2', 2): 2, ('l2', 'l3', 'tr1', 'p1', 1): 2, ('l2', 'l3', 'tr1', 'p2', 2): 3, ('l2', 'l3', 'tr1', 'p1', 3): 1, ('l2', 'l3', 'tr1', 'p2', 3): 2, ('l2', 'l3', 'tr1', 'p1', 5): 2, ('l3', 'l4', 'tr1', 'p2', 1): 2, ('l3', 'l5', 'tr1', 'p1', 2): 1, ('l3', 'l5', 'tr1', 'p2', 2): 2, ('l3', 'l5', 'tr1', 'p1', 3): 1, ('l3', 'l5', 'tr1', 'p2', 3): 2, ('l3', 'l5', 'tr1', 'p1', 4): 1, ('l3', 'l5', 'tr1', 'p2', 4): 1, ('l3', 'l5', 'tr1', 'p1', 5): 1, ('l3', 'l5', 'tr1', 'p2', 5): 1, ('l3', 'l5', 'tr1', 'p1', 6): 2, ('l1', 'l3', 'tr2', 'p1', 1): 2, ('l1', 'l3', 'tr2', 'p2', 2): 5, ('l1', 'l3', 'tr2', 'p1', 3): 2, ('l2', 'l3', 'tr2', 'p1', 1): 2, ('l2', 'l3', 'tr2', 'p1', 2): 3, ('l1', 'l4', 'tr2', 'p2', 1): 5, ('l1', 'l4', 'tr2', 'p1', 3): 3, ('l1', 'l4', 'tr2', 'p2', 3): 1, ('l1', 'l4', 'tr2', 'p1', 4): 3, ('l3', 'l4', 'tr2', 'p1', 1): 3, ('l3', 'l4', 'tr2', 'p2', 1): 1, ('l3', 'l4', 'tr2', 'p1', 2): 3, ('l3', 'l4', 'tr2', 'p2', 2): 1, ('l3', 'l5', 'tr2', 'p1', 1): 1, ('l3', 'l5', 'tr2', 'p2', 1): 3, ('l3', 'l5', 'tr2', 'p1', 2): 1, ('l3', 'l5', 'tr2', 'p2', 2): 1}
  Verification: PASS
  R_1=0.75
  K_1=0.75

  [layered_paper w=1000 s2=mixed] Stage 2...
  mono=0  conc=15  optimal=True
{('l1', 'l3', 'tr1', 'p2', 1): 2, ('l1', 'l3', 'tr1', 'p2', 2): 2, ('l2', 'l3', 'tr1', 'p1', 1): 1, ('l2', 'l3', 'tr1', 'p2', 1): 1, ('l2', 'l3', 'tr1', 'p1', 2): 1, ('l2', 'l3', 'tr1', 'p2', 2): 1, ('l2', 'l3', 'tr1', 'p1', 3): 1, ('l2', 'l3', 'tr1', 'p2', 3): 1, ('l2', 'l3', 'tr1', 'p1', 4): 1, ('l2', 'l3', 'tr1', 'p2', 4): 1, ('l2', 'l3', 'tr1', 'p1', 5): 1, ('l2', 'l3', 'tr1', 'p2', 5): 1, ('l3', 'l4', 'tr1', 'p2', 1): 2, ('l3', 'l5', 'tr1', 'p1', 1): 1, ('l3', 'l5', 'tr1', 'p2', 1): 1, ('l3', 'l5', 'tr1', 'p1', 2): 1, ('l3', 'l5', 'tr1', 'p2', 2): 1, ('l3', 'l5', 'tr1', 'p1', 3): 1, ('l3', 'l5', 'tr1', 'p2', 3): 1, ('l3', 'l5', 'tr1', 'p1', 4): 1, ('l3', 'l5', 'tr1', 'p2', 4): 1, ('l3', 'l5', 'tr1', 'p1', 5): 1, ('l3', 'l5', 'tr1', 'p2', 5): 1, ('l3', 'l5', 'tr1', 'p1', 6): 1, ('l3', 'l5', 'tr1', 'p2', 6): 1, ('l1', 'l3', 'tr2', 'p1', 1): 2, ('l1', 'l3', 'tr2', 'p2', 1): 2, ('l1', 'l3', 'tr2', 'p1', 2): 1, ('l1', 'l3', 'tr2', 'p2', 2): 1, ('l1', 'l3', 'tr2', 'p1', 3): 1, ('l1', 'l3', 'tr2', 'p2', 3): 2, ('l2', 'l3', 'tr2', 'p1', 1): 2, ('l2', 'l3', 'tr2', 'p1', 2): 3, ('l1', 'l4', 'tr2', 'p1', 2): 2, ('l1', 'l4', 'tr2', 'p2', 2): 2, ('l1', 'l4', 'tr2', 'p1', 3): 2, ('l1', 'l4', 'tr2', 'p2', 3): 2, ('l1', 'l4', 'tr2', 'p1', 4): 2, ('l1', 'l4', 'tr2', 'p2', 4): 2, ('l3', 'l4', 'tr2', 'p1', 2): 3, ('l3', 'l4', 'tr2', 'p2', 2): 1, ('l3', 'l4', 'tr2', 'p1', 3): 3, ('l3', 'l4', 'tr2', 'p2', 3): 1, ('l3', 'l5', 'tr2', 'p1', 1): 1, ('l3', 'l5', 'tr2', 'p2', 1): 1, ('l3', 'l5', 'tr2', 'p1', 2): 1, ('l3', 'l5', 'tr2', 'p2', 2): 3}
  Verification: PASS
  R_1=0.85
  K_1=0.85

  [layered_paper w=1000 s2=even] Stage 2...
  mono=4  conc=6  optimal=True
{('l1', 'l3', 'tr1', 'p2', 1): 2, ('l1', 'l3', 'tr1', 'p2', 2): 2, ('l2', 'l3', 'tr1', 'p1', 1): 1, ('l2', 'l3', 'tr1', 'p2', 1): 1, ('l2', 'l3', 'tr1', 'p1', 2): 1, ('l2', 'l3', 'tr1', 'p2', 2): 1, ('l2', 'l3', 'tr1', 'p1', 3): 1, ('l2', 'l3', 'tr1', 'p2', 3): 1, ('l2', 'l3', 'tr1', 'p1', 4): 1, ('l2', 'l3', 'tr1', 'p2', 4): 1, ('l2', 'l3', 'tr1', 'p1', 5): 1, ('l2', 'l3', 'tr1', 'p2', 5): 1, ('l3', 'l4', 'tr1', 'p2', 1): 2, ('l3', 'l5', 'tr1', 'p1', 1): 1, ('l3', 'l5', 'tr1', 'p2', 1): 1, ('l3', 'l5', 'tr1', 'p1', 2): 1, ('l3', 'l5', 'tr1', 'p2', 2): 1, ('l3', 'l5', 'tr1', 'p1', 3): 1, ('l3', 'l5', 'tr1', 'p2', 3): 1, ('l3', 'l5', 'tr1', 'p1', 4): 1, ('l3', 'l5', 'tr1', 'p2', 4): 1, ('l3', 'l5', 'tr1', 'p1', 5): 1, ('l3', 'l5', 'tr1', 'p2', 5): 1, ('l3', 'l5', 'tr1', 'p1', 6): 1, ('l3', 'l5', 'tr1', 'p2', 6): 1, ('l1', 'l3', 'tr2', 'p1', 1): 1, ('l1', 'l3', 'tr2', 'p2', 2): 4, ('l1', 'l3', 'tr2', 'p1', 3): 3, ('l1', 'l3', 'tr2', 'p2', 3): 1, ('l2', 'l3', 'tr2', 'p1', 1): 2, ('l2', 'l3', 'tr2', 'p1', 2): 3, ('l1', 'l4', 'tr2', 'p1', 1): 1, ('l1', 'l4', 'tr2', 'p2', 1): 1, ('l1', 'l4', 'tr2', 'p1', 2): 1, ('l1', 'l4', 'tr2', 'p2', 2): 1, ('l1', 'l4', 'tr2', 'p1', 3): 1, ('l1', 'l4', 'tr2', 'p2', 3): 3, ('l1', 'l4', 'tr2', 'p1', 4): 3, ('l1', 'l4', 'tr2', 'p2', 4): 1, ('l3', 'l4', 'tr2', 'p1', 1): 2, ('l3', 'l4', 'tr2', 'p1', 2): 2, ('l3', 'l4', 'tr2', 'p2', 2): 2, ('l3', 'l4', 'tr2', 'p1', 3): 2, ('l3', 'l5', 'tr2', 'p1', 1): 1, ('l3', 'l5', 'tr2', 'p2', 1): 2, ('l3', 'l5', 'tr2', 'p1', 2): 1, ('l3', 'l5', 'tr2', 'p2', 2): 2}
  Verification: PASS
  R_1=0.8
  K_1=0.8

  [layered_paper w=1000 s2=full] Stage 2...
  mono=2  conc=6  optimal=True
{('l1', 'l3', 'tr1', 'p2', 1): 2, ('l1', 'l3', 'tr1', 'p2', 2): 2, ('l2', 'l3', 'tr1', 'p1', 1): 1, ('l2', 'l3', 'tr1', 'p2', 1): 1, ('l2', 'l3', 'tr1', 'p1', 2): 1, ('l2', 'l3', 'tr1', 'p2', 2): 1, ('l2', 'l3', 'tr1', 'p1', 3): 1, ('l2', 'l3', 'tr1', 'p2', 3): 1, ('l2', 'l3', 'tr1', 'p1', 4): 1, ('l2', 'l3', 'tr1', 'p2', 4): 1, ('l2', 'l3', 'tr1', 'p1', 5): 1, ('l2', 'l3', 'tr1', 'p2', 5): 1, ('l3', 'l4', 'tr1', 'p2', 1): 2, ('l3', 'l5', 'tr1', 'p1', 1): 1, ('l3', 'l5', 'tr1', 'p2', 1): 1, ('l3', 'l5', 'tr1', 'p1', 2): 1, ('l3', 'l5', 'tr1', 'p2', 2): 1, ('l3', 'l5', 'tr1', 'p1', 3): 1, ('l3', 'l5', 'tr1', 'p2', 3): 1, ('l3', 'l5', 'tr1', 'p1', 4): 1, ('l3', 'l5', 'tr1', 'p2', 4): 1, ('l3', 'l5', 'tr1', 'p1', 5): 1, ('l3', 'l5', 'tr1', 'p2', 5): 1, ('l3', 'l5', 'tr1', 'p1', 6): 1, ('l3', 'l5', 'tr1', 'p2', 6): 1, ('l1', 'l3', 'tr2', 'p1', 1): 1, ('l1', 'l3', 'tr2', 'p2', 1): 3, ('l1', 'l3', 'tr2', 'p1', 2): 2, ('l1', 'l3', 'tr2', 'p2', 2): 1, ('l1', 'l3', 'tr2', 'p1', 3): 1, ('l1', 'l3', 'tr2', 'p2', 3): 1, ('l2', 'l3', 'tr2', 'p1', 1): 2, ('l2', 'l3', 'tr2', 'p1', 2): 3, ('l1', 'l4', 'tr2', 'p1', 1): 1, ('l1', 'l4', 'tr2', 'p2', 1): 3, ('l1', 'l4', 'tr2', 'p1', 2): 3, ('l1', 'l4', 'tr2', 'p2', 2): 1, ('l1', 'l4', 'tr2', 'p1', 3): 1, ('l1', 'l4', 'tr2', 'p2', 3): 1, ('l1', 'l4', 'tr2', 'p1', 4): 1, ('l1', 'l4', 'tr2', 'p2', 4): 1, ('l3', 'l4', 'tr2', 'p1', 1): 2, ('l3', 'l4', 'tr2', 'p2', 1): 2, ('l3', 'l4', 'tr2', 'p1', 2): 2, ('l3', 'l4', 'tr2', 'p1', 3): 2, ('l3', 'l5', 'tr2', 'p1', 1): 1, ('l3', 'l5', 'tr2', 'p2', 1): 2, ('l3', 'l5', 'tr2', 'p1', 2): 1, ('l3', 'l5', 'tr2', 'p2', 2): 2}
  Verification: PASS
  R_1=0.85
  K_1=0.85

  [layered_paper w=1500] Stage 1 (limit=600s)...
  Stage 1: cost=3654  routes=9  optimal=True
{('l1', 'l3', 'tr1', 'p2'): 4, ('l1', 'l3', 'tr2', 'p1'): 4, ('l1', 'l3', 'tr2', 'p2'): 5, ('l2', 'l3', 'tr1', 'p1'): 5, ('l2', 'l3', 'tr1', 'p2'): 5, ('l2', 'l3', 'tr2', 'p1'): 5, ('l1', 'l4', 'tr2', 'p1'): 6, ('l1', 'l4', 'tr2', 'p2'): 6, ('l3', 'l4', 'tr1', 'p2'): 2, ('l3', 'l4', 'tr2', 'p1'): 6, ('l3', 'l4', 'tr2', 'p2'): 2, ('l3', 'l5', 'tr1', 'p1'): 6, ('l3', 'l5', 'tr1', 'p2'): 6, ('l3', 'l5', 'tr2', 'p1'): 2, ('l3', 'l5', 'tr2', 'p2'): 4}
  R_TR=0.7  worst_arc=(l1,l4,tr2)

  [layered_paper w=1500 s2=baseline] Stage 2...
  mono=9  conc=19  optimal=True
{('l1', 'l3', 'tr1', 'p2', 1): 2, ('l1', 'l3', 'tr1', 'p2', 2): 2, ('l2', 'l3', 'tr1', 'p1', 1): 2, ('l2', 'l3', 'tr1', 'p2', 2): 3, ('l2', 'l3', 'tr1', 'p1', 3): 1, ('l2', 'l3', 'tr1', 'p2', 3): 2, ('l2', 'l3', 'tr1', 'p1', 5): 2, ('l3', 'l4', 'tr1', 'p2', 1): 2, ('l3', 'l5', 'tr1', 'p1', 2): 1, ('l3', 'l5', 'tr1', 'p2', 2): 2, ('l3', 'l5', 'tr1', 'p1', 3): 1, ('l3', 'l5', 'tr1', 'p2', 3): 2, ('l3', 'l5', 'tr1', 'p1', 4): 1, ('l3', 'l5', 'tr1', 'p2', 4): 1, ('l3', 'l5', 'tr1', 'p1', 5): 1, ('l3', 'l5', 'tr1', 'p2', 5): 1, ('l3', 'l5', 'tr1', 'p1', 6): 2, ('l1', 'l3', 'tr2', 'p1', 1): 2, ('l1', 'l3', 'tr2', 'p2', 2): 5, ('l1', 'l3', 'tr2', 'p1', 3): 2, ('l2', 'l3', 'tr2', 'p1', 1): 2, ('l2', 'l3', 'tr2', 'p1', 2): 3, ('l1', 'l4', 'tr2', 'p2', 1): 5, ('l1', 'l4', 'tr2', 'p1', 3): 3, ('l1', 'l4', 'tr2', 'p2', 3): 1, ('l1', 'l4', 'tr2', 'p1', 4): 3, ('l3', 'l4', 'tr2', 'p1', 1): 3, ('l3', 'l4', 'tr2', 'p2', 1): 1, ('l3', 'l4', 'tr2', 'p1', 2): 3, ('l3', 'l4', 'tr2', 'p2', 2): 1, ('l3', 'l5', 'tr2', 'p1', 1): 1, ('l3', 'l5', 'tr2', 'p2', 1): 3, ('l3', 'l5', 'tr2', 'p1', 2): 1, ('l3', 'l5', 'tr2', 'p2', 2): 1}
  Verification: PASS
  R_1=0.75
  K_1=0.75

  [layered_paper w=1500 s2=mixed] Stage 2...
  mono=0  conc=15  optimal=True
{('l1', 'l3', 'tr1', 'p2', 1): 2, ('l1', 'l3', 'tr1', 'p2', 2): 2, ('l2', 'l3', 'tr1', 'p1', 1): 1, ('l2', 'l3', 'tr1', 'p2', 1): 1, ('l2', 'l3', 'tr1', 'p1', 2): 1, ('l2', 'l3', 'tr1', 'p2', 2): 1, ('l2', 'l3', 'tr1', 'p1', 3): 1, ('l2', 'l3', 'tr1', 'p2', 3): 1, ('l2', 'l3', 'tr1', 'p1', 4): 1, ('l2', 'l3', 'tr1', 'p2', 4): 1, ('l2', 'l3', 'tr1', 'p1', 5): 1, ('l2', 'l3', 'tr1', 'p2', 5): 1, ('l3', 'l4', 'tr1', 'p2', 1): 2, ('l3', 'l5', 'tr1', 'p1', 1): 1, ('l3', 'l5', 'tr1', 'p2', 1): 1, ('l3', 'l5', 'tr1', 'p1', 2): 1, ('l3', 'l5', 'tr1', 'p2', 2): 1, ('l3', 'l5', 'tr1', 'p1', 3): 1, ('l3', 'l5', 'tr1', 'p2', 3): 1, ('l3', 'l5', 'tr1', 'p1', 4): 1, ('l3', 'l5', 'tr1', 'p2', 4): 1, ('l3', 'l5', 'tr1', 'p1', 5): 1, ('l3', 'l5', 'tr1', 'p2', 5): 1, ('l3', 'l5', 'tr1', 'p1', 6): 1, ('l3', 'l5', 'tr1', 'p2', 6): 1, ('l1', 'l3', 'tr2', 'p1', 1): 2, ('l1', 'l3', 'tr2', 'p2', 1): 2, ('l1', 'l3', 'tr2', 'p1', 2): 1, ('l1', 'l3', 'tr2', 'p2', 2): 1, ('l1', 'l3', 'tr2', 'p1', 3): 1, ('l1', 'l3', 'tr2', 'p2', 3): 2, ('l2', 'l3', 'tr2', 'p1', 1): 2, ('l2', 'l3', 'tr2', 'p1', 2): 3, ('l1', 'l4', 'tr2', 'p1', 2): 2, ('l1', 'l4', 'tr2', 'p2', 2): 2, ('l1', 'l4', 'tr2', 'p1', 3): 2, ('l1', 'l4', 'tr2', 'p2', 3): 2, ('l1', 'l4', 'tr2', 'p1', 4): 2, ('l1', 'l4', 'tr2', 'p2', 4): 2, ('l3', 'l4', 'tr2', 'p1', 2): 3, ('l3', 'l4', 'tr2', 'p2', 2): 1, ('l3', 'l4', 'tr2', 'p1', 3): 3, ('l3', 'l4', 'tr2', 'p2', 3): 1, ('l3', 'l5', 'tr2', 'p1', 1): 1, ('l3', 'l5', 'tr2', 'p2', 1): 1, ('l3', 'l5', 'tr2', 'p1', 2): 1, ('l3', 'l5', 'tr2', 'p2', 2): 3}
  Verification: PASS
  R_1=0.85
  K_1=0.85

  [layered_paper w=1500 s2=even] Stage 2...
  mono=4  conc=6  optimal=True
{('l1', 'l3', 'tr1', 'p2', 1): 2, ('l1', 'l3', 'tr1', 'p2', 2): 2, ('l2', 'l3', 'tr1', 'p1', 1): 1, ('l2', 'l3', 'tr1', 'p2', 1): 1, ('l2', 'l3', 'tr1', 'p1', 2): 1, ('l2', 'l3', 'tr1', 'p2', 2): 1, ('l2', 'l3', 'tr1', 'p1', 3): 1, ('l2', 'l3', 'tr1', 'p2', 3): 1, ('l2', 'l3', 'tr1', 'p1', 4): 1, ('l2', 'l3', 'tr1', 'p2', 4): 1, ('l2', 'l3', 'tr1', 'p1', 5): 1, ('l2', 'l3', 'tr1', 'p2', 5): 1, ('l3', 'l4', 'tr1', 'p2', 1): 2, ('l3', 'l5', 'tr1', 'p1', 1): 1, ('l3', 'l5', 'tr1', 'p2', 1): 1, ('l3', 'l5', 'tr1', 'p1', 2): 1, ('l3', 'l5', 'tr1', 'p2', 2): 1, ('l3', 'l5', 'tr1', 'p1', 3): 1, ('l3', 'l5', 'tr1', 'p2', 3): 1, ('l3', 'l5', 'tr1', 'p1', 4): 1, ('l3', 'l5', 'tr1', 'p2', 4): 1, ('l3', 'l5', 'tr1', 'p1', 5): 1, ('l3', 'l5', 'tr1', 'p2', 5): 1, ('l3', 'l5', 'tr1', 'p1', 6): 1, ('l3', 'l5', 'tr1', 'p2', 6): 1, ('l1', 'l3', 'tr2', 'p1', 1): 1, ('l1', 'l3', 'tr2', 'p2', 2): 4, ('l1', 'l3', 'tr2', 'p1', 3): 3, ('l1', 'l3', 'tr2', 'p2', 3): 1, ('l2', 'l3', 'tr2', 'p1', 1): 2, ('l2', 'l3', 'tr2', 'p1', 2): 3, ('l1', 'l4', 'tr2', 'p1', 1): 1, ('l1', 'l4', 'tr2', 'p2', 1): 1, ('l1', 'l4', 'tr2', 'p1', 2): 1, ('l1', 'l4', 'tr2', 'p2', 2): 1, ('l1', 'l4', 'tr2', 'p1', 3): 1, ('l1', 'l4', 'tr2', 'p2', 3): 3, ('l1', 'l4', 'tr2', 'p1', 4): 3, ('l1', 'l4', 'tr2', 'p2', 4): 1, ('l3', 'l4', 'tr2', 'p1', 1): 2, ('l3', 'l4', 'tr2', 'p1', 2): 2, ('l3', 'l4', 'tr2', 'p2', 2): 2, ('l3', 'l4', 'tr2', 'p1', 3): 2, ('l3', 'l5', 'tr2', 'p1', 1): 1, ('l3', 'l5', 'tr2', 'p2', 1): 2, ('l3', 'l5', 'tr2', 'p1', 2): 1, ('l3', 'l5', 'tr2', 'p2', 2): 2}
  Verification: PASS
  R_1=0.8
  K_1=0.8

  [layered_paper w=1500 s2=full] Stage 2...
  mono=2  conc=6  optimal=True
{('l1', 'l3', 'tr1', 'p2', 1): 2, ('l1', 'l3', 'tr1', 'p2', 2): 2, ('l2', 'l3', 'tr1', 'p1', 1): 1, ('l2', 'l3', 'tr1', 'p2', 1): 1, ('l2', 'l3', 'tr1', 'p1', 2): 1, ('l2', 'l3', 'tr1', 'p2', 2): 1, ('l2', 'l3', 'tr1', 'p1', 3): 1, ('l2', 'l3', 'tr1', 'p2', 3): 1, ('l2', 'l3', 'tr1', 'p1', 4): 1, ('l2', 'l3', 'tr1', 'p2', 4): 1, ('l2', 'l3', 'tr1', 'p1', 5): 1, ('l2', 'l3', 'tr1', 'p2', 5): 1, ('l3', 'l4', 'tr1', 'p2', 1): 2, ('l3', 'l5', 'tr1', 'p1', 1): 1, ('l3', 'l5', 'tr1', 'p2', 1): 1, ('l3', 'l5', 'tr1', 'p1', 2): 1, ('l3', 'l5', 'tr1', 'p2', 2): 1, ('l3', 'l5', 'tr1', 'p1', 3): 1, ('l3', 'l5', 'tr1', 'p2', 3): 1, ('l3', 'l5', 'tr1', 'p1', 4): 1, ('l3', 'l5', 'tr1', 'p2', 4): 1, ('l3', 'l5', 'tr1', 'p1', 5): 1, ('l3', 'l5', 'tr1', 'p2', 5): 1, ('l3', 'l5', 'tr1', 'p1', 6): 1, ('l3', 'l5', 'tr1', 'p2', 6): 1, ('l1', 'l3', 'tr2', 'p1', 1): 1, ('l1', 'l3', 'tr2', 'p2', 1): 3, ('l1', 'l3', 'tr2', 'p1', 2): 2, ('l1', 'l3', 'tr2', 'p2', 2): 1, ('l1', 'l3', 'tr2', 'p1', 3): 1, ('l1', 'l3', 'tr2', 'p2', 3): 1, ('l2', 'l3', 'tr2', 'p1', 1): 2, ('l2', 'l3', 'tr2', 'p1', 2): 3, ('l1', 'l4', 'tr2', 'p1', 1): 1, ('l1', 'l4', 'tr2', 'p2', 1): 3, ('l1', 'l4', 'tr2', 'p1', 2): 3, ('l1', 'l4', 'tr2', 'p2', 2): 1, ('l1', 'l4', 'tr2', 'p1', 3): 1, ('l1', 'l4', 'tr2', 'p2', 3): 1, ('l1', 'l4', 'tr2', 'p1', 4): 1, ('l1', 'l4', 'tr2', 'p2', 4): 1, ('l3', 'l4', 'tr2', 'p1', 1): 2, ('l3', 'l4', 'tr2', 'p2', 1): 2, ('l3', 'l4', 'tr2', 'p1', 2): 2, ('l3', 'l4', 'tr2', 'p1', 3): 2, ('l3', 'l5', 'tr2', 'p1', 1): 1, ('l3', 'l5', 'tr2', 'p2', 1): 2, ('l3', 'l5', 'tr2', 'p1', 2): 1, ('l3', 'l5', 'tr2', 'p2', 2): 2}
  Verification: PASS
  R_1=0.85
  K_1=0.85

  [layered_paper w=2000] Stage 1 (limit=600s)...
  Stage 1: cost=3654  routes=9  optimal=True
{('l1', 'l3', 'tr1', 'p2'): 4, ('l1', 'l3', 'tr2', 'p1'): 4, ('l1', 'l3', 'tr2', 'p2'): 5, ('l2', 'l3', 'tr1', 'p1'): 5, ('l2', 'l3', 'tr1', 'p2'): 5, ('l2', 'l3', 'tr2', 'p1'): 5, ('l1', 'l4', 'tr2', 'p1'): 6, ('l1', 'l4', 'tr2', 'p2'): 6, ('l3', 'l4', 'tr1', 'p1'): 1, ('l3', 'l4', 'tr1', 'p2'): 1, ('l3', 'l4', 'tr2', 'p1'): 5, ('l3', 'l4', 'tr2', 'p2'): 3, ('l3', 'l5', 'tr1', 'p1'): 6, ('l3', 'l5', 'tr1', 'p2'): 6, ('l3', 'l5', 'tr2', 'p1'): 2, ('l3', 'l5', 'tr2', 'p2'): 4}
  R_TR=0.7  worst_arc=(l1,l4,tr2)

  [layered_paper w=2000 s2=baseline] Stage 2...
  mono=10  conc=18  optimal=True
{('l1', 'l3', 'tr1', 'p2', 1): 2, ('l1', 'l3', 'tr1', 'p2', 2): 2, ('l2', 'l3', 'tr1', 'p1', 1): 2, ('l2', 'l3', 'tr1', 'p2', 2): 3, ('l2', 'l3', 'tr1', 'p1', 3): 1, ('l2', 'l3', 'tr1', 'p2', 3): 2, ('l2', 'l3', 'tr1', 'p1', 5): 2, ('l3', 'l4', 'tr1', 'p1', 1): 1, ('l3', 'l4', 'tr1', 'p2', 1): 1, ('l3', 'l5', 'tr1', 'p1', 2): 1, ('l3', 'l5', 'tr1', 'p2', 2): 2, ('l3', 'l5', 'tr1', 'p1', 3): 2, ('l3', 'l5', 'tr1', 'p1', 4): 1, ('l3', 'l5', 'tr1', 'p2', 4): 2, ('l3', 'l5', 'tr1', 'p1', 5): 1, ('l3', 'l5', 'tr1', 'p1', 6): 1, ('l3', 'l5', 'tr1', 'p2', 6): 2, ('l1', 'l3', 'tr2', 'p1', 1): 1, ('l1', 'l3', 'tr2', 'p2', 2): 5, ('l1', 'l3', 'tr2', 'p1', 3): 3, ('l2', 'l3', 'tr2', 'p1', 1): 2, ('l2', 'l3', 'tr2', 'p1', 2): 3, ('l1', 'l4', 'tr2', 'p2', 1): 5, ('l1', 'l4', 'tr2', 'p1', 3): 3, ('l1', 'l4', 'tr2', 'p2', 3): 1, ('l1', 'l4', 'tr2', 'p1', 4): 3, ('l3', 'l4', 'tr2', 'p1', 2): 3, ('l3', 'l4', 'tr2', 'p2', 2): 1, ('l3', 'l4', 'tr2', 'p1', 3): 2, ('l3', 'l4', 'tr2', 'p2', 3): 2, ('l3', 'l5', 'tr2', 'p1', 1): 1, ('l3', 'l5', 'tr2', 'p2', 1): 1, ('l3', 'l5', 'tr2', 'p1', 2): 1, ('l3', 'l5', 'tr2', 'p2', 2): 3}
  Verification: PASS
  R_1=0.75
  K_1=0.75

  [layered_paper w=2000 s2=mixed] Stage 2...
  mono=0  conc=12  optimal=True
{('l1', 'l3', 'tr1', 'p2', 1): 2, ('l1', 'l3', 'tr1', 'p2', 2): 2, ('l2', 'l3', 'tr1', 'p1', 1): 1, ('l2', 'l3', 'tr1', 'p2', 1): 1, ('l2', 'l3', 'tr1', 'p1', 2): 1, ('l2', 'l3', 'tr1', 'p2', 2): 1, ('l2', 'l3', 'tr1', 'p1', 3): 1, ('l2', 'l3', 'tr1', 'p2', 3): 1, ('l2', 'l3', 'tr1', 'p1', 4): 1, ('l2', 'l3', 'tr1', 'p2', 4): 1, ('l2', 'l3', 'tr1', 'p1', 5): 1, ('l2', 'l3', 'tr1', 'p2', 5): 1, ('l3', 'l4', 'tr1', 'p1', 1): 1, ('l3', 'l4', 'tr1', 'p2', 1): 1, ('l3', 'l5', 'tr1', 'p1', 1): 1, ('l3', 'l5', 'tr1', 'p2', 1): 1, ('l3', 'l5', 'tr1', 'p1', 2): 1, ('l3', 'l5', 'tr1', 'p2', 2): 1, ('l3', 'l5', 'tr1', 'p1', 3): 1, ('l3', 'l5', 'tr1', 'p2', 3): 1, ('l3', 'l5', 'tr1', 'p1', 4): 1, ('l3', 'l5', 'tr1', 'p2', 4): 1, ('l3', 'l5', 'tr1', 'p1', 5): 1, ('l3', 'l5', 'tr1', 'p2', 5): 1, ('l3', 'l5', 'tr1', 'p1', 6): 1, ('l3', 'l5', 'tr1', 'p2', 6): 1, ('l1', 'l3', 'tr2', 'p1', 1): 2, ('l1', 'l3', 'tr2', 'p2', 1): 2, ('l1', 'l3', 'tr2', 'p1', 2): 1, ('l1', 'l3', 'tr2', 'p2', 2): 1, ('l1', 'l3', 'tr2', 'p1', 3): 1, ('l1', 'l3', 'tr2', 'p2', 3): 2, ('l2', 'l3', 'tr2', 'p1', 1): 2, ('l2', 'l3', 'tr2', 'p1', 2): 3, ('l1', 'l4', 'tr2', 'p1', 1): 2, ('l1', 'l4', 'tr2', 'p2', 1): 2, ('l1', 'l4', 'tr2', 'p1', 2): 3, ('l1', 'l4', 'tr2', 'p2', 2): 1, ('l1', 'l4', 'tr2', 'p1', 3): 1, ('l1', 'l4', 'tr2', 'p2', 3): 3, ('l3', 'l4', 'tr2', 'p1', 2): 2, ('l3', 'l4', 'tr2', 'p2', 2): 2, ('l3', 'l4', 'tr2', 'p1', 3): 3, ('l3', 'l4', 'tr2', 'p2', 3): 1, ('l3', 'l5', 'tr2', 'p1', 1): 1, ('l3', 'l5', 'tr2', 'p2', 1): 1, ('l3', 'l5', 'tr2', 'p1', 2): 1, ('l3', 'l5', 'tr2', 'p2', 2): 3}
  Verification: PASS
  R_1=0.85
  K_1=0.85

  [layered_paper w=2000 s2=even] Stage 2...
  mono=0  conc=6  optimal=True
{('l1', 'l3', 'tr1', 'p2', 1): 2, ('l1', 'l3', 'tr1', 'p2', 2): 2, ('l2', 'l3', 'tr1', 'p1', 1): 1, ('l2', 'l3', 'tr1', 'p2', 1): 1, ('l2', 'l3', 'tr1', 'p1', 2): 1, ('l2', 'l3', 'tr1', 'p2', 2): 1, ('l2', 'l3', 'tr1', 'p1', 3): 1, ('l2', 'l3', 'tr1', 'p2', 3): 1, ('l2', 'l3', 'tr1', 'p1', 4): 1, ('l2', 'l3', 'tr1', 'p2', 4): 1, ('l2', 'l3', 'tr1', 'p1', 5): 1, ('l2', 'l3', 'tr1', 'p2', 5): 1, ('l3', 'l4', 'tr1', 'p1', 1): 1, ('l3', 'l4', 'tr1', 'p2', 1): 1, ('l3', 'l5', 'tr1', 'p1', 1): 1, ('l3', 'l5', 'tr1', 'p2', 1): 1, ('l3', 'l5', 'tr1', 'p1', 2): 1, ('l3', 'l5', 'tr1', 'p2', 2): 1, ('l3', 'l5', 'tr1', 'p1', 3): 1, ('l3', 'l5', 'tr1', 'p2', 3): 1, ('l3', 'l5', 'tr1', 'p1', 4): 1, ('l3', 'l5', 'tr1', 'p2', 4): 1, ('l3', 'l5', 'tr1', 'p1', 5): 1, ('l3', 'l5', 'tr1', 'p2', 5): 1, ('l3', 'l5', 'tr1', 'p1', 6): 1, ('l3', 'l5', 'tr1', 'p2', 6): 1, ('l1', 'l3', 'tr2', 'p1', 1): 2, ('l1', 'l3', 'tr2', 'p2', 1): 1, ('l1', 'l3', 'tr2', 'p1', 2): 1, ('l1', 'l3', 'tr2', 'p2', 2): 3, ('l1', 'l3', 'tr2', 'p1', 3): 1, ('l1', 'l3', 'tr2', 'p2', 3): 1, ('l2', 'l3', 'tr2', 'p1', 1): 3, ('l2', 'l3', 'tr2', 'p1', 2): 2, ('l1', 'l4', 'tr2', 'p1', 1): 1, ('l1', 'l4', 'tr2', 'p2', 1): 1, ('l1', 'l4', 'tr2', 'p1', 2): 1, ('l1', 'l4', 'tr2', 'p2', 2): 1, ('l1', 'l4', 'tr2', 'p1', 3): 3, ('l1', 'l4', 'tr2', 'p2', 3): 1, ('l1', 'l4', 'tr2', 'p1', 4): 1, ('l1', 'l4', 'tr2', 'p2', 4): 3, ('l3', 'l4', 'tr2', 'p1', 1): 3, ('l3', 'l4', 'tr2', 'p2', 1): 1, ('l3', 'l4', 'tr2', 'p1', 2): 1, ('l3', 'l4', 'tr2', 'p2', 2): 1, ('l3', 'l4', 'tr2', 'p1', 3): 1, ('l3', 'l4', 'tr2', 'p2', 3): 1, ('l3', 'l5', 'tr2', 'p1', 1): 1, ('l3', 'l5', 'tr2', 'p2', 1): 2, ('l3', 'l5', 'tr2', 'p1', 2): 1, ('l3', 'l5', 'tr2', 'p2', 2): 2}
  Verification: PASS
  R_1=0.85
  K_1=0.85

  [layered_paper w=2000 s2=full] Stage 2...
  mono=0  conc=6  optimal=True
{('l1', 'l3', 'tr1', 'p2', 1): 2, ('l1', 'l3', 'tr1', 'p2', 2): 2, ('l2', 'l3', 'tr1', 'p1', 1): 1, ('l2', 'l3', 'tr1', 'p2', 1): 1, ('l2', 'l3', 'tr1', 'p1', 2): 1, ('l2', 'l3', 'tr1', 'p2', 2): 1, ('l2', 'l3', 'tr1', 'p1', 3): 1, ('l2', 'l3', 'tr1', 'p2', 3): 1, ('l2', 'l3', 'tr1', 'p1', 4): 1, ('l2', 'l3', 'tr1', 'p2', 4): 1, ('l2', 'l3', 'tr1', 'p1', 5): 1, ('l2', 'l3', 'tr1', 'p2', 5): 1, ('l3', 'l4', 'tr1', 'p1', 1): 1, ('l3', 'l4', 'tr1', 'p2', 1): 1, ('l3', 'l5', 'tr1', 'p1', 1): 1, ('l3', 'l5', 'tr1', 'p2', 1): 1, ('l3', 'l5', 'tr1', 'p1', 2): 1, ('l3', 'l5', 'tr1', 'p2', 2): 1, ('l3', 'l5', 'tr1', 'p1', 3): 1, ('l3', 'l5', 'tr1', 'p2', 3): 1, ('l3', 'l5', 'tr1', 'p1', 4): 1, ('l3', 'l5', 'tr1', 'p2', 4): 1, ('l3', 'l5', 'tr1', 'p1', 5): 1, ('l3', 'l5', 'tr1', 'p2', 5): 1, ('l3', 'l5', 'tr1', 'p1', 6): 1, ('l3', 'l5', 'tr1', 'p2', 6): 1, ('l1', 'l3', 'tr2', 'p1', 1): 2, ('l1', 'l3', 'tr2', 'p2', 1): 1, ('l1', 'l3', 'tr2', 'p1', 2): 1, ('l1', 'l3', 'tr2', 'p2', 2): 1, ('l1', 'l3', 'tr2', 'p1', 3): 1, ('l1', 'l3', 'tr2', 'p2', 3): 3, ('l2', 'l3', 'tr2', 'p1', 1): 3, ('l2', 'l3', 'tr2', 'p1', 2): 2, ('l1', 'l4', 'tr2', 'p1', 1): 1, ('l1', 'l4', 'tr2', 'p2', 1): 1, ('l1', 'l4', 'tr2', 'p1', 2): 1, ('l1', 'l4', 'tr2', 'p2', 2): 3, ('l1', 'l4', 'tr2', 'p1', 3): 1, ('l1', 'l4', 'tr2', 'p2', 3): 1, ('l1', 'l4', 'tr2', 'p1', 4): 3, ('l1', 'l4', 'tr2', 'p2', 4): 1, ('l3', 'l4', 'tr2', 'p1', 1): 3, ('l3', 'l4', 'tr2', 'p2', 1): 1, ('l3', 'l4', 'tr2', 'p1', 2): 1, ('l3', 'l4', 'tr2', 'p2', 2): 1, ('l3', 'l4', 'tr2', 'p1', 3): 1, ('l3', 'l4', 'tr2', 'p2', 3): 1, ('l3', 'l5', 'tr2', 'p1', 1): 1, ('l3', 'l5', 'tr2', 'p2', 1): 2, ('l3', 'l5', 'tr2', 'p1', 2): 1, ('l3', 'l5', 'tr2', 'p2', 2): 2}
  Verification: PASS
  R_1=0.85
  K_1=0.85

  [layered_paper w=2500] Stage 1 (limit=600s)...
  Stage 1: cost=3654  routes=9  optimal=True
{('l1', 'l3', 'tr1', 'p1'): 1, ('l1', 'l3', 'tr1', 'p2'): 1, ('l1', 'l3', 'tr2', 'p1'): 3, ('l1', 'l3', 'tr2', 'p2'): 6, ('l2', 'l3', 'tr1', 'p1'): 5, ('l2', 'l3', 'tr1', 'p2'): 5, ('l2', 'l3', 'tr2', 'p1'): 5, ('l1', 'l4', 'tr1', 'p2'): 2, ('l1', 'l4', 'tr2', 'p1'): 6, ('l1', 'l4', 'tr2', 'p2'): 6, ('l3', 'l4', 'tr2', 'p1'): 6, ('l3', 'l4', 'tr2', 'p2'): 2, ('l3', 'l5', 'tr1', 'p1'): 2, ('l3', 'l5', 'tr1', 'p2'): 4, ('l3', 'l5', 'tr2', 'p1'): 6, ('l3', 'l5', 'tr2', 'p2'): 6}
  R_TR=0.7  worst_arc=(l1,l3,tr2)

  [layered_paper w=2500 s2=baseline] Stage 2...
  mono=8  conc=21  optimal=True
{('l1', 'l3', 'tr1', 'p1', 1): 1, ('l1', 'l3', 'tr1', 'p2', 1): 1, ('l2', 'l3', 'tr1', 'p1', 2): 2, ('l2', 'l3', 'tr1', 'p2', 3): 3, ('l2', 'l3', 'tr1', 'p1', 4): 1, ('l2', 'l3', 'tr1', 'p2', 4): 2, ('l2', 'l3', 'tr1', 'p1', 5): 2, ('l1', 'l4', 'tr1', 'p2', 1): 2, ('l3', 'l5', 'tr1', 'p1', 2): 1, ('l3', 'l5', 'tr1', 'p2', 2): 2, ('l3', 'l5', 'tr1', 'p1', 3): 1, ('l3', 'l5', 'tr1', 'p2', 3): 2, ('l1', 'l3', 'tr2', 'p2', 2): 5, ('l1', 'l3', 'tr2', 'p1', 3): 3, ('l1', 'l3', 'tr2', 'p2', 3): 1, ('l2', 'l3', 'tr2', 'p1', 1): 3, ('l2', 'l3', 'tr2', 'p1', 2): 2, ('l1', 'l4', 'tr2', 'p1', 2): 3, ('l1', 'l4', 'tr2', 'p1', 3): 3, ('l1', 'l4', 'tr2', 'p2', 3): 1, ('l1', 'l4', 'tr2', 'p2', 4): 5, ('l3', 'l4', 'tr2', 'p1', 1): 3, ('l3', 'l4', 'tr2', 'p2', 1): 1, ('l3', 'l4', 'tr2', 'p1', 3): 3, ('l3', 'l4', 'tr2', 'p2', 3): 1, ('l3', 'l5', 'tr2', 'p1', 2): 3, ('l3', 'l5', 'tr2', 'p1', 3): 3, ('l3', 'l5', 'tr2', 'p2', 3): 1, ('l3', 'l5', 'tr2', 'p2', 4): 5}
  Verification: PASS
  R_1=0.75
  K_1=0.75

  [layered_paper w=2500 s2=mixed] Stage 2...
  mono=0  conc=20  optimal=True
{('l1', 'l3', 'tr1', 'p1', 1): 1, ('l1', 'l3', 'tr1', 'p2', 1): 1, ('l2', 'l3', 'tr1', 'p1', 1): 1, ('l2', 'l3', 'tr1', 'p2', 1): 1, ('l2', 'l3', 'tr1', 'p1', 2): 1, ('l2', 'l3', 'tr1', 'p2', 2): 1, ('l2', 'l3', 'tr1', 'p1', 3): 1, ('l2', 'l3', 'tr1', 'p2', 3): 1, ('l2', 'l3', 'tr1', 'p1', 4): 1, ('l2', 'l3', 'tr1', 'p2', 4): 1, ('l2', 'l3', 'tr1', 'p1', 5): 1, ('l2', 'l3', 'tr1', 'p2', 5): 1, ('l1', 'l4', 'tr1', 'p2', 1): 2, ('l3', 'l5', 'tr1', 'p1', 1): 1, ('l3', 'l5', 'tr1', 'p2', 1): 2, ('l3', 'l5', 'tr1', 'p1', 3): 1, ('l3', 'l5', 'tr1', 'p2', 3): 2, ('l1', 'l3', 'tr2', 'p1', 1): 1, ('l1', 'l3', 'tr2', 'p2', 1): 3, ('l1', 'l3', 'tr2', 'p1', 2): 1, ('l1', 'l3', 'tr2', 'p2', 2): 1, ('l1', 'l3', 'tr2', 'p1', 3): 1, ('l1', 'l3', 'tr2', 'p2', 3): 2, ('l2', 'l3', 'tr2', 'p1', 1): 2, ('l2', 'l3', 'tr2', 'p1', 2): 3, ('l1', 'l4', 'tr2', 'p1', 2): 3, ('l1', 'l4', 'tr2', 'p2', 2): 1, ('l1', 'l4', 'tr2', 'p1', 3): 1, ('l1', 'l4', 'tr2', 'p2', 3): 3, ('l1', 'l4', 'tr2', 'p1', 4): 2, ('l1', 'l4', 'tr2', 'p2', 4): 2, ('l3', 'l4', 'tr2', 'p1', 2): 3, ('l3', 'l4', 'tr2', 'p2', 2): 1, ('l3', 'l4', 'tr2', 'p1', 3): 3, ('l3', 'l4', 'tr2', 'p2', 3): 1, ('l3', 'l5', 'tr2', 'p1', 1): 2, ('l3', 'l5', 'tr2', 'p2', 1): 2, ('l3', 'l5', 'tr2', 'p1', 2): 2, ('l3', 'l5', 'tr2', 'p2', 2): 2, ('l3', 'l5', 'tr2', 'p1', 4): 2, ('l3', 'l5', 'tr2', 'p2', 4): 2}
  Verification: PASS
  R_1=0.85
  K_1=0.85

  [layered_paper w=2500 s2=even] Stage 2...
  mono=5  conc=8  optimal=True
{('l1', 'l3', 'tr1', 'p1', 1): 1, ('l1', 'l3', 'tr1', 'p2', 1): 1, ('l2', 'l3', 'tr1', 'p1', 1): 1, ('l2', 'l3', 'tr1', 'p2', 1): 1, ('l2', 'l3', 'tr1', 'p1', 2): 1, ('l2', 'l3', 'tr1', 'p2', 2): 1, ('l2', 'l3', 'tr1', 'p1', 3): 1, ('l2', 'l3', 'tr1', 'p2', 3): 1, ('l2', 'l3', 'tr1', 'p1', 4): 1, ('l2', 'l3', 'tr1', 'p2', 4): 1, ('l2', 'l3', 'tr1', 'p1', 5): 1, ('l2', 'l3', 'tr1', 'p2', 5): 1, ('l1', 'l4', 'tr1', 'p2', 1): 2, ('l3', 'l5', 'tr1', 'p1', 1): 2, ('l3', 'l5', 'tr1', 'p2', 2): 3, ('l3', 'l5', 'tr1', 'p2', 3): 1, ('l1', 'l3', 'tr2', 'p1', 1): 1, ('l1', 'l3', 'tr2', 'p2', 1): 2, ('l1', 'l3', 'tr2', 'p1', 2): 1, ('l1', 'l3', 'tr2', 'p2', 2): 2, ('l1', 'l3', 'tr2', 'p1', 3): 1, ('l1', 'l3', 'tr2', 'p2', 3): 2, ('l2', 'l3', 'tr2', 'p1', 1): 2, ('l2', 'l3', 'tr2', 'p1', 2): 3, ('l1', 'l4', 'tr2', 'p1', 1): 1, ('l1', 'l4', 'tr2', 'p2', 1): 1, ('l1', 'l4', 'tr2', 'p1', 2): 3, ('l1', 'l4', 'tr2', 'p2', 2): 1, ('l1', 'l4', 'tr2', 'p1', 3): 1, ('l1', 'l4', 'tr2', 'p2', 3): 1, ('l1', 'l4', 'tr2', 'p1', 4): 1, ('l1', 'l4', 'tr2', 'p2', 4): 3, ('l3', 'l4', 'tr2', 'p1', 1): 2, ('l3', 'l4', 'tr2', 'p1', 2): 2, ('l3', 'l4', 'tr2', 'p1', 3): 2, ('l3', 'l4', 'tr2', 'p2', 3): 2, ('l3', 'l5', 'tr2', 'p1', 1): 1, ('l3', 'l5', 'tr2', 'p2', 1): 3, ('l3', 'l5', 'tr2', 'p1', 2): 1, ('l3', 'l5', 'tr2', 'p2', 2): 1, ('l3', 'l5', 'tr2', 'p1', 3): 1, ('l3', 'l5', 'tr2', 'p2', 3): 1, ('l3', 'l5', 'tr2', 'p1', 4): 3, ('l3', 'l5', 'tr2', 'p2', 4): 1}
  Verification: PASS
  R_1=0.85
  K_1=0.85

  [layered_paper w=2500 s2=full] Stage 2...
  mono=5  conc=8  optimal=True
{('l1', 'l3', 'tr1', 'p1', 1): 1, ('l1', 'l3', 'tr1', 'p2', 1): 1, ('l2', 'l3', 'tr1', 'p1', 1): 1, ('l2', 'l3', 'tr1', 'p2', 1): 1, ('l2', 'l3', 'tr1', 'p1', 2): 1, ('l2', 'l3', 'tr1', 'p2', 2): 1, ('l2', 'l3', 'tr1', 'p1', 3): 1, ('l2', 'l3', 'tr1', 'p2', 3): 1, ('l2', 'l3', 'tr1', 'p1', 4): 1, ('l2', 'l3', 'tr1', 'p2', 4): 1, ('l2', 'l3', 'tr1', 'p1', 5): 1, ('l2', 'l3', 'tr1', 'p2', 5): 1, ('l1', 'l4', 'tr1', 'p2', 1): 2, ('l3', 'l5', 'tr1', 'p2', 1): 3, ('l3', 'l5', 'tr1', 'p1', 2): 2, ('l3', 'l5', 'tr1', 'p2', 3): 1, ('l1', 'l3', 'tr2', 'p1', 1): 1, ('l1', 'l3', 'tr2', 'p2', 1): 2, ('l1', 'l3', 'tr2', 'p1', 2): 1, ('l1', 'l3', 'tr2', 'p2', 2): 2, ('l1', 'l3', 'tr2', 'p1', 3): 1, ('l1', 'l3', 'tr2', 'p2', 3): 2, ('l2', 'l3', 'tr2', 'p1', 1): 2, ('l2', 'l3', 'tr2', 'p1', 2): 3, ('l1', 'l4', 'tr2', 'p1', 1): 1, ('l1', 'l4', 'tr2', 'p2', 1): 3, ('l1', 'l4', 'tr2', 'p1', 2): 1, ('l1', 'l4', 'tr2', 'p2', 2): 1, ('l1', 'l4', 'tr2', 'p1', 3): 3, ('l1', 'l4', 'tr2', 'p2', 3): 1, ('l1', 'l4', 'tr2', 'p1', 4): 1, ('l1', 'l4', 'tr2', 'p2', 4): 1, ('l3', 'l4', 'tr2', 'p1', 1): 2, ('l3', 'l4', 'tr2', 'p1', 2): 2, ('l3', 'l4', 'tr2', 'p1', 3): 2, ('l3', 'l4', 'tr2', 'p2', 3): 2, ('l3', 'l5', 'tr2', 'p1', 1): 1, ('l3', 'l5', 'tr2', 'p2', 1): 1, ('l3', 'l5', 'tr2', 'p1', 2): 1, ('l3', 'l5', 'tr2', 'p2', 2): 3, ('l3', 'l5', 'tr2', 'p1', 3): 1, ('l3', 'l5', 'tr2', 'p2', 3): 1, ('l3', 'l5', 'tr2', 'p1', 4): 3, ('l3', 'l5', 'tr2', 'p2', 4): 1}
  Verification: PASS
  R_1=0.85
  K_1=0.85

  [layered_paper w=3000] Stage 1 (limit=600s)...
  Stage 1: cost=3654  routes=9  optimal=True
{('l1', 'l3', 'tr1', 'p1'): 1, ('l1', 'l3', 'tr1', 'p2'): 3, ('l1', 'l3', 'tr2', 'p1'): 3, ('l1', 'l3', 'tr2', 'p2'): 6, ('l2', 'l3', 'tr1', 'p1'): 5, ('l2', 'l3', 'tr1', 'p2'): 5, ('l2', 'l3', 'tr2', 'p1'): 5, ('l1', 'l4', 'tr2', 'p1'): 6, ('l1', 'l4', 'tr2', 'p2'): 6, ('l3', 'l4', 'tr1', 'p1'): 1, ('l3', 'l4', 'tr1', 'p2'): 1, ('l3', 'l4', 'tr2', 'p1'): 5, ('l3', 'l4', 'tr2', 'p2'): 3, ('l3', 'l5', 'tr1', 'p1'): 2, ('l3', 'l5', 'tr1', 'p2'): 4, ('l3', 'l5', 'tr2', 'p1'): 6, ('l3', 'l5', 'tr2', 'p2'): 6}
  R_TR=0.7  worst_arc=(l1,l3,tr2)

  [layered_paper w=3000 s2=baseline] Stage 2...
  mono=10  conc=22  optimal=True
{('l1', 'l3', 'tr1', 'p1', 1): 1, ('l1', 'l3', 'tr1', 'p2', 2): 3, ('l2', 'l3', 'tr1', 'p1', 2): 2, ('l2', 'l3', 'tr1', 'p1', 3): 2, ('l2', 'l3', 'tr1', 'p1', 4): 1, ('l2', 'l3', 'tr1', 'p2', 4): 2, ('l2', 'l3', 'tr1', 'p2', 5): 3, ('l3', 'l4', 'tr1', 'p1', 1): 1, ('l3', 'l4', 'tr1', 'p2', 1): 1, ('l3', 'l5', 'tr1', 'p1', 1): 1, ('l3', 'l5', 'tr1', 'p2', 1): 2, ('l3', 'l5', 'tr1', 'p1', 2): 1, ('l3', 'l5', 'tr1', 'p2', 2): 2, ('l1', 'l3', 'tr2', 'p2', 2): 5, ('l1', 'l3', 'tr2', 'p1', 3): 3, ('l1', 'l3', 'tr2', 'p2', 3): 1, ('l2', 'l3', 'tr2', 'p1', 1): 3, ('l2', 'l3', 'tr2', 'p1', 2): 2, ('l1', 'l4', 'tr2', 'p1', 1): 3, ('l1', 'l4', 'tr2', 'p1', 2): 3, ('l1', 'l4', 'tr2', 'p2', 2): 1, ('l1', 'l4', 'tr2', 'p2', 3): 5, ('l3', 'l4', 'tr2', 'p1', 2): 2, ('l3', 'l4', 'tr2', 'p2', 2): 2, ('l3', 'l4', 'tr2', 'p1', 3): 3, ('l3', 'l4', 'tr2', 'p2', 3): 1, ('l3', 'l5', 'tr2', 'p2', 2): 5, ('l3', 'l5', 'tr2', 'p1', 3): 3, ('l3', 'l5', 'tr2', 'p1', 4): 3, ('l3', 'l5', 'tr2', 'p2', 4): 1}
  Verification: PASS
  R_1=0.75
  K_1=0.75

  [layered_paper w=3000 s2=mixed] Stage 2...
  mono=1  conc=21  optimal=True
{('l1', 'l3', 'tr1', 'p1', 1): 1, ('l1', 'l3', 'tr1', 'p2', 1): 1, ('l1', 'l3', 'tr1', 'p2', 2): 2, ('l2', 'l3', 'tr1', 'p1', 1): 1, ('l2', 'l3', 'tr1', 'p2', 1): 1, ('l2', 'l3', 'tr1', 'p1', 2): 1, ('l2', 'l3', 'tr1', 'p2', 2): 1, ('l2', 'l3', 'tr1', 'p1', 3): 1, ('l2', 'l3', 'tr1', 'p2', 3): 1, ('l2', 'l3', 'tr1', 'p1', 4): 1, ('l2', 'l3', 'tr1', 'p2', 4): 1, ('l2', 'l3', 'tr1', 'p1', 5): 1, ('l2', 'l3', 'tr1', 'p2', 5): 1, ('l3', 'l4', 'tr1', 'p1', 1): 1, ('l3', 'l4', 'tr1', 'p2', 1): 1, ('l3', 'l5', 'tr1', 'p1', 1): 1, ('l3', 'l5', 'tr1', 'p2', 1): 2, ('l3', 'l5', 'tr1', 'p1', 2): 1, ('l3', 'l5', 'tr1', 'p2', 2): 2, ('l1', 'l3', 'tr2', 'p1', 1): 1, ('l1', 'l3', 'tr2', 'p2', 1): 1, ('l1', 'l3', 'tr2', 'p1', 2): 1, ('l1', 'l3', 'tr2', 'p2', 2): 2, ('l1', 'l3', 'tr2', 'p1', 3): 1, ('l1', 'l3', 'tr2', 'p2', 3): 3, ('l2', 'l3', 'tr2', 'p1', 1): 2, ('l2', 'l3', 'tr2', 'p1', 2): 3, ('l1', 'l4', 'tr2', 'p1', 1): 2, ('l1', 'l4', 'tr2', 'p2', 1): 2, ('l1', 'l4', 'tr2', 'p1', 2): 2, ('l1', 'l4', 'tr2', 'p2', 2): 2, ('l1', 'l4', 'tr2', 'p1', 4): 2, ('l1', 'l4', 'tr2', 'p2', 4): 2, ('l3', 'l4', 'tr2', 'p1', 2): 2, ('l3', 'l4', 'tr2', 'p2', 2): 2, ('l3', 'l4', 'tr2', 'p1', 3): 3, ('l3', 'l4', 'tr2', 'p2', 3): 1, ('l3', 'l5', 'tr2', 'p1', 2): 1, ('l3', 'l5', 'tr2', 'p2', 2): 3, ('l3', 'l5', 'tr2', 'p1', 3): 3, ('l3', 'l5', 'tr2', 'p2', 3): 1, ('l3', 'l5', 'tr2', 'p1', 4): 2, ('l3', 'l5', 'tr2', 'p2', 4): 2}
  Verification: PASS
  R_1=0.85
  K_1=0.85

  [layered_paper w=3000 s2=even] Stage 2...
  mono=5  conc=10  optimal=True
{('l1', 'l3', 'tr1', 'p2', 1): 3, ('l1', 'l3', 'tr1', 'p1', 2): 1, ('l2', 'l3', 'tr1', 'p1', 1): 1, ('l2', 'l3', 'tr1', 'p2', 1): 1, ('l2', 'l3', 'tr1', 'p1', 2): 1, ('l2', 'l3', 'tr1', 'p2', 2): 1, ('l2', 'l3', 'tr1', 'p1', 3): 1, ('l2', 'l3', 'tr1', 'p2', 3): 1, ('l2', 'l3', 'tr1', 'p1', 4): 1, ('l2', 'l3', 'tr1', 'p2', 4): 1, ('l2', 'l3', 'tr1', 'p1', 5): 1, ('l2', 'l3', 'tr1', 'p2', 5): 1, ('l3', 'l4', 'tr1', 'p1', 1): 1, ('l3', 'l4', 'tr1', 'p2', 1): 1, ('l3', 'l5', 'tr1', 'p1', 1): 2, ('l3', 'l5', 'tr1', 'p2', 2): 1, ('l3', 'l5', 'tr1', 'p2', 3): 3, ('l1', 'l3', 'tr2', 'p1', 1): 1, ('l1', 'l3', 'tr2', 'p2', 1): 2, ('l1', 'l3', 'tr2', 'p1', 2): 1, ('l1', 'l3', 'tr2', 'p2', 2): 2, ('l1', 'l3', 'tr2', 'p1', 3): 1, ('l1', 'l3', 'tr2', 'p2', 3): 2, ('l2', 'l3', 'tr2', 'p1', 1): 3, ('l2', 'l3', 'tr2', 'p1', 2): 2, ('l1', 'l4', 'tr2', 'p1', 1): 1, ('l1', 'l4', 'tr2', 'p2', 1): 1, ('l1', 'l4', 'tr2', 'p1', 2): 3, ('l1', 'l4', 'tr2', 'p2', 2): 1, ('l1', 'l4', 'tr2', 'p1', 3): 1, ('l1', 'l4', 'tr2', 'p2', 3): 1, ('l1', 'l4', 'tr2', 'p1', 4): 1, ('l1', 'l4', 'tr2', 'p2', 4): 3, ('l3', 'l4', 'tr2', 'p1', 1): 1, ('l3', 'l4', 'tr2', 'p2', 1): 1, ('l3', 'l4', 'tr2', 'p1', 2): 1, ('l3', 'l4', 'tr2', 'p2', 2): 1, ('l3', 'l4', 'tr2', 'p1', 3): 3, ('l3', 'l4', 'tr2', 'p2', 3): 1, ('l3', 'l5', 'tr2', 'p1', 1): 1, ('l3', 'l5', 'tr2', 'p2', 1): 3, ('l3', 'l5', 'tr2', 'p1', 2): 1, ('l3', 'l5', 'tr2', 'p2', 2): 1, ('l3', 'l5', 'tr2', 'p1', 3): 1, ('l3', 'l5', 'tr2', 'p2', 3): 1, ('l3', 'l5', 'tr2', 'p1', 4): 3, ('l3', 'l5', 'tr2', 'p2', 4): 1}
  Verification: PASS
  R_1=0.85
  K_1=0.85

  [layered_paper w=3000 s2=full] Stage 2...
  mono=4  conc=10  optimal=True
{('l1', 'l3', 'tr1', 'p1', 1): 1, ('l1', 'l3', 'tr1', 'p2', 1): 1, ('l1', 'l3', 'tr1', 'p2', 2): 2, ('l2', 'l3', 'tr1', 'p1', 1): 1, ('l2', 'l3', 'tr1', 'p2', 1): 1, ('l2', 'l3', 'tr1', 'p1', 2): 1, ('l2', 'l3', 'tr1', 'p2', 2): 1, ('l2', 'l3', 'tr1', 'p1', 3): 1, ('l2', 'l3', 'tr1', 'p2', 3): 1, ('l2', 'l3', 'tr1', 'p1', 4): 1, ('l2', 'l3', 'tr1', 'p2', 4): 1, ('l2', 'l3', 'tr1', 'p1', 5): 1, ('l2', 'l3', 'tr1', 'p2', 5): 1, ('l3', 'l4', 'tr1', 'p1', 1): 1, ('l3', 'l4', 'tr1', 'p2', 1): 1, ('l3', 'l5', 'tr1', 'p2', 1): 3, ('l3', 'l5', 'tr1', 'p1', 2): 2, ('l3', 'l5', 'tr1', 'p2', 3): 1, ('l1', 'l3', 'tr2', 'p1', 1): 1, ('l1', 'l3', 'tr2', 'p2', 1): 2, ('l1', 'l3', 'tr2', 'p1', 2): 1, ('l1', 'l3', 'tr2', 'p2', 2): 2, ('l1', 'l3', 'tr2', 'p1', 3): 1, ('l1', 'l3', 'tr2', 'p2', 3): 2, ('l2', 'l3', 'tr2', 'p1', 1): 2, ('l2', 'l3', 'tr2', 'p1', 2): 3, ('l1', 'l4', 'tr2', 'p1', 1): 1, ('l1', 'l4', 'tr2', 'p2', 1): 1, ('l1', 'l4', 'tr2', 'p1', 2): 3, ('l1', 'l4', 'tr2', 'p2', 2): 1, ('l1', 'l4', 'tr2', 'p1', 3): 1, ('l1', 'l4', 'tr2', 'p2', 3): 1, ('l1', 'l4', 'tr2', 'p1', 4): 1, ('l1', 'l4', 'tr2', 'p2', 4): 3, ('l3', 'l4', 'tr2', 'p1', 1): 1, ('l3', 'l4', 'tr2', 'p2', 1): 1, ('l3', 'l4', 'tr2', 'p1', 2): 3, ('l3', 'l4', 'tr2', 'p2', 2): 1, ('l3', 'l4', 'tr2', 'p1', 3): 1, ('l3', 'l4', 'tr2', 'p2', 3): 1, ('l3', 'l5', 'tr2', 'p1', 1): 1, ('l3', 'l5', 'tr2', 'p2', 1): 3, ('l3', 'l5', 'tr2', 'p1', 2): 3, ('l3', 'l5', 'tr2', 'p2', 2): 1, ('l3', 'l5', 'tr2', 'p1', 3): 1, ('l3', 'l5', 'tr2', 'p2', 3): 1, ('l3', 'l5', 'tr2', 'p1', 4): 1, ('l3', 'l5', 'tr2', 'p2', 4): 1}
  Verification: PASS
  R_1=0.85
  K_1=0.85

  [layered_paper w=3500] Stage 1 (limit=600s)...
  Stage 1: cost=3654  routes=9  optimal=True
{('l1', 'l3', 'tr1', 'p1'): 1, ('l1', 'l3', 'tr1', 'p2'): 3, ('l1', 'l3', 'tr2', 'p1'): 3, ('l1', 'l3', 'tr2', 'p2'): 6, ('l2', 'l3', 'tr1', 'p1'): 5, ('l2', 'l3', 'tr1', 'p2'): 5, ('l2', 'l3', 'tr2', 'p1'): 5, ('l1', 'l4', 'tr2', 'p1'): 6, ('l1', 'l4', 'tr2', 'p2'): 6, ('l3', 'l4', 'tr1', 'p1'): 1, ('l3', 'l4', 'tr1', 'p2'): 1, ('l3', 'l4', 'tr2', 'p1'): 5, ('l3', 'l4', 'tr2', 'p2'): 3, ('l3', 'l5', 'tr1', 'p1'): 2, ('l3', 'l5', 'tr1', 'p2'): 4, ('l3', 'l5', 'tr2', 'p1'): 6, ('l3', 'l5', 'tr2', 'p2'): 6}
  R_TR=0.7  worst_arc=(l1,l3,tr2)

  [layered_paper w=3500 s2=baseline] Stage 2...
  mono=10  conc=22  optimal=True
{('l1', 'l3', 'tr1', 'p1', 1): 1, ('l1', 'l3', 'tr1', 'p2', 2): 3, ('l2', 'l3', 'tr1', 'p1', 2): 2, ('l2', 'l3', 'tr1', 'p1', 3): 2, ('l2', 'l3', 'tr1', 'p1', 4): 1, ('l2', 'l3', 'tr1', 'p2', 4): 2, ('l2', 'l3', 'tr1', 'p2', 5): 3, ('l3', 'l4', 'tr1', 'p1', 1): 1, ('l3', 'l4', 'tr1', 'p2', 1): 1, ('l3', 'l5', 'tr1', 'p1', 1): 1, ('l3', 'l5', 'tr1', 'p2', 1): 2, ('l3', 'l5', 'tr1', 'p1', 2): 1, ('l3', 'l5', 'tr1', 'p2', 2): 2, ('l1', 'l3', 'tr2', 'p2', 2): 5, ('l1', 'l3', 'tr2', 'p1', 3): 3, ('l1', 'l3', 'tr2', 'p2', 3): 1, ('l2', 'l3', 'tr2', 'p1', 1): 3, ('l2', 'l3', 'tr2', 'p1', 2): 2, ('l1', 'l4', 'tr2', 'p1', 1): 3, ('l1', 'l4', 'tr2', 'p1', 2): 3, ('l1', 'l4', 'tr2', 'p2', 2): 1, ('l1', 'l4', 'tr2', 'p2', 3): 5, ('l3', 'l4', 'tr2', 'p1', 2): 2, ('l3', 'l4', 'tr2', 'p2', 2): 2, ('l3', 'l4', 'tr2', 'p1', 3): 3, ('l3', 'l4', 'tr2', 'p2', 3): 1, ('l3', 'l5', 'tr2', 'p2', 2): 5, ('l3', 'l5', 'tr2', 'p1', 3): 3, ('l3', 'l5', 'tr2', 'p1', 4): 3, ('l3', 'l5', 'tr2', 'p2', 4): 1}
  Verification: PASS
  R_1=0.75
  K_1=0.75

  [layered_paper w=3500 s2=mixed] Stage 2...
  mono=1  conc=21  optimal=True
{('l1', 'l3', 'tr1', 'p1', 1): 1, ('l1', 'l3', 'tr1', 'p2', 1): 1, ('l1', 'l3', 'tr1', 'p2', 2): 2, ('l2', 'l3', 'tr1', 'p1', 1): 1, ('l2', 'l3', 'tr1', 'p2', 1): 1, ('l2', 'l3', 'tr1', 'p1', 2): 1, ('l2', 'l3', 'tr1', 'p2', 2): 1, ('l2', 'l3', 'tr1', 'p1', 3): 1, ('l2', 'l3', 'tr1', 'p2', 3): 1, ('l2', 'l3', 'tr1', 'p1', 4): 1, ('l2', 'l3', 'tr1', 'p2', 4): 1, ('l2', 'l3', 'tr1', 'p1', 5): 1, ('l2', 'l3', 'tr1', 'p2', 5): 1, ('l3', 'l4', 'tr1', 'p1', 1): 1, ('l3', 'l4', 'tr1', 'p2', 1): 1, ('l3', 'l5', 'tr1', 'p1', 1): 1, ('l3', 'l5', 'tr1', 'p2', 1): 2, ('l3', 'l5', 'tr1', 'p1', 2): 1, ('l3', 'l5', 'tr1', 'p2', 2): 2, ('l1', 'l3', 'tr2', 'p1', 1): 1, ('l1', 'l3', 'tr2', 'p2', 1): 1, ('l1', 'l3', 'tr2', 'p1', 2): 1, ('l1', 'l3', 'tr2', 'p2', 2): 2, ('l1', 'l3', 'tr2', 'p1', 3): 1, ('l1', 'l3', 'tr2', 'p2', 3): 3, ('l2', 'l3', 'tr2', 'p1', 1): 2, ('l2', 'l3', 'tr2', 'p1', 2): 3, ('l1', 'l4', 'tr2', 'p1', 1): 2, ('l1', 'l4', 'tr2', 'p2', 1): 2, ('l1', 'l4', 'tr2', 'p1', 2): 2, ('l1', 'l4', 'tr2', 'p2', 2): 2, ('l1', 'l4', 'tr2', 'p1', 4): 2, ('l1', 'l4', 'tr2', 'p2', 4): 2, ('l3', 'l4', 'tr2', 'p1', 2): 2, ('l3', 'l4', 'tr2', 'p2', 2): 2, ('l3', 'l4', 'tr2', 'p1', 3): 3, ('l3', 'l4', 'tr2', 'p2', 3): 1, ('l3', 'l5', 'tr2', 'p1', 2): 1, ('l3', 'l5', 'tr2', 'p2', 2): 3, ('l3', 'l5', 'tr2', 'p1', 3): 3, ('l3', 'l5', 'tr2', 'p2', 3): 1, ('l3', 'l5', 'tr2', 'p1', 4): 2, ('l3', 'l5', 'tr2', 'p2', 4): 2}
  Verification: PASS
  R_1=0.85
  K_1=0.85

  [layered_paper w=3500 s2=even] Stage 2...
  mono=5  conc=10  optimal=True
{('l1', 'l3', 'tr1', 'p2', 1): 3, ('l1', 'l3', 'tr1', 'p1', 2): 1, ('l2', 'l3', 'tr1', 'p1', 1): 1, ('l2', 'l3', 'tr1', 'p2', 1): 1, ('l2', 'l3', 'tr1', 'p1', 2): 1, ('l2', 'l3', 'tr1', 'p2', 2): 1, ('l2', 'l3', 'tr1', 'p1', 3): 1, ('l2', 'l3', 'tr1', 'p2', 3): 1, ('l2', 'l3', 'tr1', 'p1', 4): 1, ('l2', 'l3', 'tr1', 'p2', 4): 1, ('l2', 'l3', 'tr1', 'p1', 5): 1, ('l2', 'l3', 'tr1', 'p2', 5): 1, ('l3', 'l4', 'tr1', 'p1', 1): 1, ('l3', 'l4', 'tr1', 'p2', 1): 1, ('l3', 'l5', 'tr1', 'p1', 1): 2, ('l3', 'l5', 'tr1', 'p2', 2): 1, ('l3', 'l5', 'tr1', 'p2', 3): 3, ('l1', 'l3', 'tr2', 'p1', 1): 1, ('l1', 'l3', 'tr2', 'p2', 1): 2, ('l1', 'l3', 'tr2', 'p1', 2): 1, ('l1', 'l3', 'tr2', 'p2', 2): 2, ('l1', 'l3', 'tr2', 'p1', 3): 1, ('l1', 'l3', 'tr2', 'p2', 3): 2, ('l2', 'l3', 'tr2', 'p1', 1): 3, ('l2', 'l3', 'tr2', 'p1', 2): 2, ('l1', 'l4', 'tr2', 'p1', 1): 1, ('l1', 'l4', 'tr2', 'p2', 1): 1, ('l1', 'l4', 'tr2', 'p1', 2): 3, ('l1', 'l4', 'tr2', 'p2', 2): 1, ('l1', 'l4', 'tr2', 'p1', 3): 1, ('l1', 'l4', 'tr2', 'p2', 3): 1, ('l1', 'l4', 'tr2', 'p1', 4): 1, ('l1', 'l4', 'tr2', 'p2', 4): 3, ('l3', 'l4', 'tr2', 'p1', 1): 1, ('l3', 'l4', 'tr2', 'p2', 1): 1, ('l3', 'l4', 'tr2', 'p1', 2): 1, ('l3', 'l4', 'tr2', 'p2', 2): 1, ('l3', 'l4', 'tr2', 'p1', 3): 3, ('l3', 'l4', 'tr2', 'p2', 3): 1, ('l3', 'l5', 'tr2', 'p1', 1): 1, ('l3', 'l5', 'tr2', 'p2', 1): 3, ('l3', 'l5', 'tr2', 'p1', 2): 1, ('l3', 'l5', 'tr2', 'p2', 2): 1, ('l3', 'l5', 'tr2', 'p1', 3): 1, ('l3', 'l5', 'tr2', 'p2', 3): 1, ('l3', 'l5', 'tr2', 'p1', 4): 3, ('l3', 'l5', 'tr2', 'p2', 4): 1}
  Verification: PASS
  R_1=0.85
  K_1=0.85

  [layered_paper w=3500 s2=full] Stage 2...
  mono=4  conc=10  optimal=True
{('l1', 'l3', 'tr1', 'p1', 1): 1, ('l1', 'l3', 'tr1', 'p2', 1): 1, ('l1', 'l3', 'tr1', 'p2', 2): 2, ('l2', 'l3', 'tr1', 'p1', 1): 1, ('l2', 'l3', 'tr1', 'p2', 1): 1, ('l2', 'l3', 'tr1', 'p1', 2): 1, ('l2', 'l3', 'tr1', 'p2', 2): 1, ('l2', 'l3', 'tr1', 'p1', 3): 1, ('l2', 'l3', 'tr1', 'p2', 3): 1, ('l2', 'l3', 'tr1', 'p1', 4): 1, ('l2', 'l3', 'tr1', 'p2', 4): 1, ('l2', 'l3', 'tr1', 'p1', 5): 1, ('l2', 'l3', 'tr1', 'p2', 5): 1, ('l3', 'l4', 'tr1', 'p1', 1): 1, ('l3', 'l4', 'tr1', 'p2', 1): 1, ('l3', 'l5', 'tr1', 'p2', 1): 3, ('l3', 'l5', 'tr1', 'p1', 2): 2, ('l3', 'l5', 'tr1', 'p2', 3): 1, ('l1', 'l3', 'tr2', 'p1', 1): 1, ('l1', 'l3', 'tr2', 'p2', 1): 2, ('l1', 'l3', 'tr2', 'p1', 2): 1, ('l1', 'l3', 'tr2', 'p2', 2): 2, ('l1', 'l3', 'tr2', 'p1', 3): 1, ('l1', 'l3', 'tr2', 'p2', 3): 2, ('l2', 'l3', 'tr2', 'p1', 1): 2, ('l2', 'l3', 'tr2', 'p1', 2): 3, ('l1', 'l4', 'tr2', 'p1', 1): 1, ('l1', 'l4', 'tr2', 'p2', 1): 1, ('l1', 'l4', 'tr2', 'p1', 2): 3, ('l1', 'l4', 'tr2', 'p2', 2): 1, ('l1', 'l4', 'tr2', 'p1', 3): 1, ('l1', 'l4', 'tr2', 'p2', 3): 1, ('l1', 'l4', 'tr2', 'p1', 4): 1, ('l1', 'l4', 'tr2', 'p2', 4): 3, ('l3', 'l4', 'tr2', 'p1', 1): 1, ('l3', 'l4', 'tr2', 'p2', 1): 1, ('l3', 'l4', 'tr2', 'p1', 2): 3, ('l3', 'l4', 'tr2', 'p2', 2): 1, ('l3', 'l4', 'tr2', 'p1', 3): 1, ('l3', 'l4', 'tr2', 'p2', 3): 1, ('l3', 'l5', 'tr2', 'p1', 1): 1, ('l3', 'l5', 'tr2', 'p2', 1): 3, ('l3', 'l5', 'tr2', 'p1', 2): 3, ('l3', 'l5', 'tr2', 'p2', 2): 1, ('l3', 'l5', 'tr2', 'p1', 3): 1, ('l3', 'l5', 'tr2', 'p2', 3): 1, ('l3', 'l5', 'tr2', 'p1', 4): 1, ('l3', 'l5', 'tr2', 'p2', 4): 1}
  Verification: PASS
  R_1=0.85
  K_1=0.85

======================================================================
  COMPLETE: 36 rows in 239.8s
  Results -> /Users/racqueldennison/Documents/Masters/realdeal_masters/combined_encodings/new_code/src/multibatch/experiments/twostage/results/experiment_smaller_paper.csv
======================================================================
