Instance:       2 parts, 19 routes
Weights:        [0, 10, 50, 100, 200, 300]
Total timeout:  600s per weight
Stall timeout:  120s per round

════════════════════════════════════════════════════════════
  div_weight = 0
════════════════════════════════════════════════════════════
    round  1  budget=120s  best_so_far=None ...  → improved to 4788
    [bound added: combined_obj < 4788, starting round 2]
    round  2  budget=120s  best_so_far=4788 ...  → improved to 4522
    [bound added: combined_obj < 4522, starting round 3]
    round  3  budget=120s  best_so_far=4522 ...  → no solution this round
    [bound added: combined_obj < 4522, starting round 4]
    round  4  budget=120s  best_so_far=4522 ...  → no solution this round
    [bound added: combined_obj < 4522, starting round 5]
    round  5  budget=119s  best_so_far=4522 ...  → no solution this round
    [bound added: combined_obj < 4522, starting round 6]
    [total timeout after 5 rounds]

  ✓ cost=4522  dominant=9  solver_obj=4522  time=599.076s  optimal=False  rounds=5

════════════════════════════════════════════════════════════
  div_weight = 10
════════════════════════════════════════════════════════════
    round  1  budget=120s  best_so_far=None ...  → improved to 4648
    [bound added: combined_obj < 4648, starting round 2]
    round  2  budget=120s  best_so_far=4648 ...  → improved to 4546
    [bound added: combined_obj < 4546, starting round 3]
    round  3  budget=120s  best_so_far=4546 ...  → improved to 4536
    [bound added: combined_obj < 4536, starting round 4]
    round  4  budget=120s  best_so_far=4536 ...  → no solution this round
    [bound added: combined_obj < 4536, starting round 5]
    round  5  budget=119s  best_so_far=4536 ...  → no solution this round
    [bound added: combined_obj < 4536, starting round 6]
    [total timeout after 5 rounds]

  ✓ cost=4466  dominant=7  solver_obj=4536  time=599.103s  optimal=False  rounds=5

════════════════════════════════════════════════════════════
  div_weight = 50
════════════════════════════════════════════════════════════
    round  1  budget=120s  best_so_far=None ...  → improved to 5144
    [bound added: combined_obj < 5144, starting round 2]
    round  2  budget=120s  best_so_far=5144 ...  → improved to 4794
    [bound added: combined_obj < 4794, starting round 3]
    round  3  budget=120s  best_so_far=4794 ...  → no solution this round
    [bound added: combined_obj < 4794, starting round 4]
    round  4  budget=120s  best_so_far=4794 ...  → no solution this round
    [bound added: combined_obj < 4794, starting round 5]
    round  5  budget=119s  best_so_far=4794 ...  → no solution this round
    [bound added: combined_obj < 4794, starting round 6]
    [total timeout after 5 rounds]

  ✓ cost=4494  dominant=6  solver_obj=4794  time=599.109s  optimal=False  rounds=5

════════════════════════════════════════════════════════════
  div_weight = 100
════════════════════════════════════════════════════════════
    round  1  budget=120s  best_so_far=None ...  → improved to 5374
    [bound added: combined_obj < 5374, starting round 2]
    round  2  budget=120s  best_so_far=5374 ...  → no solution this round
    [bound added: combined_obj < 5374, starting round 3]
    round  3  budget=120s  best_so_far=5374 ...  → improved to 5358
    [bound added: combined_obj < 5358, starting round 4]
    round  4  budget=120s  best_so_far=5358 ...  → no solution this round
    [bound added: combined_obj < 5358, starting round 5]
    round  5  budget=119s  best_so_far=5358 ...  → no solution this round
    [bound added: combined_obj < 5358, starting round 6]
    [total timeout after 5 rounds]

  ✓ cost=4858  dominant=5  solver_obj=5358  time=599.092s  optimal=False  rounds=5

════════════════════════════════════════════════════════════
  div_weight = 200
════════════════════════════════════════════════════════════
    round  1  budget=120s  best_so_far=None ...  → improved to 5938
    [bound added: combined_obj < 5938, starting round 2]
    round  2  budget=120s  best_so_far=5938 ...  → improved to 5798
    [bound added: combined_obj < 5798, starting round 3]
    round  3  budget=120s  best_so_far=5798 ...  → no solution this round
    [bound added: combined_obj < 5798, starting round 4]
    round  4  budget=120s  best_so_far=5798 ...  → no solution this round
    [bound added: combined_obj < 5798, starting round 5]
    round  5  budget=119s  best_so_far=5798 ...  → improved to 5694
    [bound added: combined_obj < 5694, starting round 6]
    [total timeout after 5 rounds]

  ✓ cost=4494  dominant=6  solver_obj=5694  time=599.106s  optimal=False  rounds=5

════════════════════════════════════════════════════════════
  div_weight = 300
════════════════════════════════════════════════════════════
    round  1  budget=120s  best_so_far=None ...  → improved to 6374
    [bound added: combined_obj < 6374, starting round 2]
    round  2  budget=120s  best_so_far=6374 ...  → improved to 6354
    [bound added: combined_obj < 6354, starting round 3]
    round  3  budget=120s  best_so_far=6354 ...  → improved to 6214
    [bound added: combined_obj < 6214, starting round 4]
    round  4  budget=120s  best_so_far=6214 ...  → no solution this round
    [bound added: combined_obj < 6214, starting round 5]
    round  5  budget=119s  best_so_far=6214 ...  → no solution this round
    [bound added: combined_obj < 6214, starting round 6]
    [total timeout after 5 rounds]

  ✓ cost=5614  dominant=2  solver_obj=6214  time=599.088s  optimal=False  rounds=5

CSV → /Users/racqueldennison/Desktop/realdeal_masters/combined_encodings/ASP Pure Encodings/two_stage/pareto/results/pareto_sweep.csv

Pareto-optimal: 5 / 6 points
    weight      cost    dominant   rounds  optimal
       300      5614           2        5  False
       100      4858           5        5  False
        50      4494           6        5  False
       200      4494           6        5  False
        10      4466           7        5  False
Plot saved → /Users/racqueldennison/Desktop/realdeal_masters/combined_encodings/ASP Pure Encodings/two_stage/pareto/results/pareto_sweep.png
