Found 1 instances

=================================================================
  ε-CONSTRAINT PARETO FRONT (freq ≥ 2 + resource balance)
=================================================================

=================================================================
  Instance: paper_data — ε-constraint Pareto
=================================================================
    Solving Stage 1 (S1-eps0)... cost=0, time=4.595s
    Solving Stage 2 (S2-FULL)... cost=[0, 45, 4411], time=4.04s
    Solving Stage 1 (S1-eps1)... cost=0, time=5.765s
    Solving Stage 2 (S2-FULL)... cost=[0, 50, 4354], time=2.401s
    Solving Stage 1 (S1-eps2)... cost=0, time=8.142s
    Solving Stage 2 (S2-FULL)... cost=[0, 65, 4468], time=223.585s
    Solving Stage 1 (S1-eps3)... cost=0, time=7.12s
    Solving Stage 2 (S2-FULL)... cost=[0, 65, 4467], time=0.675s
    Solving Stage 1 (S1-eps4)... cost=0, time=5.909s
    Solving Stage 2 (S2-FULL)... cost=[0, 85, 4468], time=133.508s
    Solving Stage 1 (S1-eps5)... cost=0, time=5.087s
    Solving Stage 2 (S2-FULL)... cost=[0, 45, 4411], time=4.252s
    Solving Stage 1 (S1-eps6)... cost=0, time=5.896s
    Solving Stage 2 (S2-FULL)... cost=[0, 100, 4469], time=600.012s
    Solving Stage 1 (S1-eps7)... cost=0, time=5.955s
    Solving Stage 2 (S2-FULL)... cost=[0, 80, 4412], time=600.012s
    Solving Stage 1 (S1-eps8)... cost=0, time=7.058s
    Solving Stage 2 (S2-FULL)... cost=[0, 50, 4354], time=1.982s
    Solving Stage 1 (S1-eps9)... cost=0, time=5.298s
    Solving Stage 2 (S2-FULL)... cost=[0, 65, 4467], time=3.354s
    Solving Stage 1 (S1-eps10)... cost=0, time=7.819s
    Solving Stage 2 (S2-FULL)... cost=[0, 65, 4410], time=0.645s

Results written to /Users/racqueldennison/Desktop/realdeal_masters/combined_encodings/ASP Pure Encodings/two_stage/experiments/results/epsilon_pareto_minfreq.csv (11 rows)

Results written to /Users/racqueldennison/Desktop/realdeal_masters/combined_encodings/ASP Pure Encodings/two_stage/experiments/results/all_results.csv (11 rows)

Total experiments completed: 11
