clingcon version 5.2.1
Reading from ...ings/encodings/encoding_alternative.lp ...
Solving...
Answer: 40 (Time: 0.122s)
pack(0,p1,1,l1,l4,tr1) pack(0,p1,1,l1,l4,tr2) pack(0,p1,1,l2,l3,tr2) pack(0,p1,1,l2,l4,tr1) pack(0,p1,1,l2,l4,tr2) pack(0,p1,1,l2,l6,tr1) pack(0,p1,1,l3,l5,tr2) pack(0,p1,1,l3,l6,tr2) pack(0,p1,1,l4,l5,tr1) pack(0,p1,1,l4,l6,tr1) pack(0,p1,1,l4,l6,tr2) pack(1,p1,1,l4,l5,tr2) pack(2,p1,1,l1,l2,tr1) pack(2,p1,1,l1,l3,tr1) pack(2,p1,1,l2,l3,tr1) pack(2,p1,1,l3,l5,tr1) pack(2,p1,1,l3,l6,tr1) pack(3,p1,1,l1,l2,tr2) pack(3,p1,1,l1,l3,tr2)
Assignment:
flow(l1,l2,p1)=0 flow(l1,l3,p1)=10 flow(l1,l4,p1)=0 flow(l2,l3,p1)=20 flow(l2,l4,p1)=0 flow(l2,l6,p1)=0 flow(l3,l5,p1)=10 flow(l3,l6,p1)=20 flow(l4,l5,p1)=0 flow(l4,l6,p1)=0
Cost: 3752
SATISFIABLE

Models       : 40
Calls        : 1
Time         : 0.167s (Solving: 0.16s 1st Model: 0.00s Unsat: 0.04s)
CPU Time     : 0.167s

Choices      : 10129   
Conflicts    : 7012     (Analyzed: 5963)
Restarts     : 7        (Average: 851.86 Last: 444 Blocked: 0)
Model-Level  : 46.2    
Problems     : 1        (Average Length: 1.00 Splits: 0)
Lemmas       : 44633    (Deleted: 42872)
  Binary     : 639      (Ratio:   1.43%)
  Ternary    : 4402     (Ratio:   9.86%)
  Conflict   : 5963     (Average Length:   16.7 Ratio:  13.36%) 
  Loop       : 0        (Average Length:    0.0 Ratio:   0.00%) 
  Other      : 38670    (Average Length:    7.0 Ratio:  86.64%) 
Backjumps    : 5963     (Average:  1.53 Max:  39 Sum:   9144)
  Executed   : 5951     (Average:  1.51 Max:  39 Sum:   9005 Ratio:  98.48%)
  Bounded    : 12       (Average: 11.58 Max:  33 Sum:    139 Ratio:   1.52%)

Rules        : 366     
  Choice     : 19      
Atoms        : 394     
Bodies       : 124     
  Count      : 38      
Equivalences : 274      (Atom=Atom: 85 Body=Body: 0 Other: 189)
Tight        : Yes
Variables    : 776      (Eliminated:    0 Frozen:  776)
Constraints  : 4313     (Binary:  14.1% Ternary:  85.1% Other:   0.8%)

Clingcon
  Cost       : 3752
  Init time in seconds
    Total    : 0.00158467
    Simplify : 5.2375e-05
    Translate: 0.000494833
  Problem
    Constraints: 5
    Variables: 48
    Clauses  : 4420
    Literals : 691
  Translate
    Constraints removed: 122
    Constraints added: 0
    Clauses  : 4253
    Weight constraints: 5
    Literals : 653
  [Thread 0]
    Time in seconds
      Total  : 0.0831441
      Propagation: 0.0231186
      Check  : 0.0583583
      Undo   : 0.00166716
    Refined reason: 15289
    Introduced reason: 2575
    Literals introduced: 63
