RUN_TAG = 
SIZES   = paper small medium

============================================================
  benchmark size:   paper
  run_tag:          
  time_limit:       60s
  out files:        /Users/racqueldennison/Documents/Masters/realdeal_masters/combined_encodings/new_code/src/multibatch/experiments/benchmark/results/{benchmark_raw,benchmark_summary}_paper.csv
  log:              /Users/racqueldennison/Documents/Masters/realdeal_masters/combined_encodings/new_code/src/multibatch/experiments/benchmark/results/logs/run_paper.log
============================================================
  [paper] FAILED exit=130  (see /Users/racqueldennison/Documents/Masters/realdeal_masters/combined_encodings/new_code/src/multibatch/experiments/benchmark/results/logs/run_paper.log)

============================================================
  benchmark size:   small
  run_tag:          
  time_limit:       60s
  out files:        /Users/racqueldennison/Documents/Masters/realdeal_masters/combined_encodings/new_code/src/multibatch/experiments/benchmark/results/{benchmark_raw,benchmark_summary}_small.csv
  log:              /Users/racqueldennison/Documents/Masters/realdeal_masters/combined_encodings/new_code/src/multibatch/experiments/benchmark/results/logs/run_small.log
============================================================
  [small] OK in 4h15m02s

============================================================
  benchmark size:   medium
  run_tag:          
  time_limit:       120s
  out files:        /Users/racqueldennison/Documents/Masters/realdeal_masters/combined_encodings/new_code/src/multibatch/experiments/benchmark/results/{benchmark_raw,benchmark_summary}_medium.csv
  log:              /Users/racqueldennison/Documents/Masters/realdeal_masters/combined_encodings/new_code/src/multibatch/experiments/benchmark/results/logs/run_medium.log
============================================================
  [medium] FAILED exit=1  (see /Users/racqueldennison/Documents/Masters/realdeal_masters/combined_encodings/new_code/src/multibatch/experiments/benchmark/results/logs/run_medium.log)

PARTIAL — tag=  ok=(small)  fail=(paper medium)
