Benchmark: 3 solvers x 5 instances x 1 bin sizes x 5 configs x 2 thread counts x 3 reps = 450 runs
Time limit: 60s | Max freq: 20 | Bins: [3]
Configs:   ['default', 'frumpy', 'handy', 'trendy', 'many'] | Threads: [1, 4]
Instances: /Users/racqueldennison/Documents/Masters/realdeal_masters/combined_encodings/new_code/src/multibatch/instances/generated
Sizes:     ['small']

============================================================
  Solver: naive_optimised
============================================================
  [1/450] layered_small_seed1 | bins=3 | cfg=default t=1 | run 1/3 ... SAT cost=12216 t=60.407s
  [2/450] layered_small_seed1 | bins=3 | cfg=default t=1 | run 2/3 ... SAT cost=12216 t=60.447s
  [3/450] layered_small_seed1 | bins=3 | cfg=default t=1 | run 3/3 ... SAT cost=12216 t=60.406s
  [4/450] layered_small_seed1 | bins=3 | cfg=default t=4 | run 1/3 ... SAT cost=13600 t=60.534s
  [5/450] layered_small_seed1 | bins=3 | cfg=default t=4 | run 2/3 ... SAT cost=12142 t=60.572s
  [6/450] layered_small_seed1 | bins=3 | cfg=default t=4 | run 3/3 ... SAT cost=12450 t=60.598s
  [7/450] layered_small_seed1 | bins=3 | cfg=frumpy t=1 | run 1/3 ... SAT cost=17036 t=60.479s
  [8/450] layered_small_seed1 | bins=3 | cfg=frumpy t=1 | run 2/3 ... SAT cost=17036 t=60.471s
  [9/450] layered_small_seed1 | bins=3 | cfg=frumpy t=1 | run 3/3 ... SAT cost=17036 t=60.642s
  [10/450] layered_small_seed1 | bins=3 | cfg=frumpy t=4 | run 1/3 ... SAT cost=14394 t=61.334s
  [11/450] layered_small_seed1 | bins=3 | cfg=frumpy t=4 | run 2/3 ... SAT cost=14300 t=60.61s
  [12/450] layered_small_seed1 | bins=3 | cfg=frumpy t=4 | run 3/3 ... SAT cost=13210 t=61.016s
  [13/450] layered_small_seed1 | bins=3 | cfg=handy t=1 | run 1/3 ... SAT cost=12142 t=60.42s
  [14/450] layered_small_seed1 | bins=3 | cfg=handy t=1 | run 2/3 ... SAT cost=12142 t=60.405s
  [15/450] layered_small_seed1 | bins=3 | cfg=handy t=1 | run 3/3 ... SAT cost=12142 t=60.404s
  [16/450] layered_small_seed1 | bins=3 | cfg=handy t=4 | run 1/3 ... SAT cost=12216 t=60.434s
  [17/450] layered_small_seed1 | bins=3 | cfg=handy t=4 | run 2/3 ... SAT cost=12142 t=60.408s
  [18/450] layered_small_seed1 | bins=3 | cfg=handy t=4 | run 3/3 ... SAT cost=12142 t=60.407s
  [19/450] layered_small_seed1 | bins=3 | cfg=trendy t=1 | run 1/3 ... SAT cost=12680 t=60.416s
  [20/450] layered_small_seed1 | bins=3 | cfg=trendy t=1 | run 2/3 ... SAT cost=12680 t=60.413s
  [21/450] layered_small_seed1 | bins=3 | cfg=trendy t=1 | run 3/3 ... SAT cost=12680 t=60.42s
  [22/450] layered_small_seed1 | bins=3 | cfg=trendy t=4 | run 1/3 ... SAT cost=12142 t=60.416s
  [23/450] layered_small_seed1 | bins=3 | cfg=trendy t=4 | run 2/3 ... SAT cost=12142 t=60.428s
  [24/450] layered_small_seed1 | bins=3 | cfg=trendy t=4 | run 3/3 ... SAT cost=12142 t=60.443s
  [25/450] layered_small_seed1 | bins=3 | cfg=many t=1 | run 1/3 ... SAT cost=12216 t=60.424s
  [26/450] layered_small_seed1 | bins=3 | cfg=many t=1 | run 2/3 ... SAT cost=12216 t=60.456s
  [27/450] layered_small_seed1 | bins=3 | cfg=many t=1 | run 3/3 ... SAT cost=12216 t=60.429s
  [28/450] layered_small_seed1 | bins=3 | cfg=many t=4 | run 1/3 ... SAT cost=12366 t=60.562s
  [29/450] layered_small_seed1 | bins=3 | cfg=many t=4 | run 2/3 ... SAT cost=12740 t=60.471s
  [30/450] layered_small_seed1 | bins=3 | cfg=many t=4 | run 3/3 ... SAT cost=12216 t=60.485s
  [31/450] layered_small_seed2 | bins=3 | cfg=default t=1 | run 1/3 ... SAT cost=3929 t=60.717s
  [32/450] layered_small_seed2 | bins=3 | cfg=default t=1 | run 2/3 ... SAT cost=3929 t=60.672s
  [33/450] layered_small_seed2 | bins=3 | cfg=default t=1 | run 3/3 ... SAT cost=3929 t=60.661s
  [34/450] layered_small_seed2 | bins=3 | cfg=default t=4 | run 1/3 ... SAT cost=4115 t=61.095s
  [35/450] layered_small_seed2 | bins=3 | cfg=default t=4 | run 2/3 ... SAT cost=3929 t=60.802s
  [36/450] layered_small_seed2 | bins=3 | cfg=default t=4 | run 3/3 ... SAT cost=3929 t=60.812s
  [37/450] layered_small_seed2 | bins=3 | cfg=frumpy t=1 | run 1/3 ... SAT cost=5244 t=60.716s
  [38/450] layered_small_seed2 | bins=3 | cfg=frumpy t=1 | run 2/3 ... SAT cost=5300 t=60.674s
  [39/450] layered_small_seed2 | bins=3 | cfg=frumpy t=1 | run 3/3 ... SAT cost=5244 t=60.743s
  [40/450] layered_small_seed2 | bins=3 | cfg=frumpy t=4 | run 1/3 ... SAT cost=4225 t=61.529s
  [41/450] layered_small_seed2 | bins=3 | cfg=frumpy t=4 | run 2/3 ... SAT cost=4281 t=60.773s
  [42/450] layered_small_seed2 | bins=3 | cfg=frumpy t=4 | run 3/3 ... SAT cost=4061 t=61.355s
  [43/450] layered_small_seed2 | bins=3 | cfg=handy t=1 | run 1/3 ... SAT cost=4790 t=60.68s
  [44/450] layered_small_seed2 | bins=3 | cfg=handy t=1 | run 2/3 ... SAT cost=4790 t=60.664s
  [45/450] layered_small_seed2 | bins=3 | cfg=handy t=1 | run 3/3 ... SAT cost=4790 t=60.644s
  [46/450] layered_small_seed2 | bins=3 | cfg=handy t=4 | run 1/3 ... SAT cost=3929 t=60.642s
  [47/450] layered_small_seed2 | bins=3 | cfg=handy t=4 | run 2/3 ... SAT cost=3929 t=60.641s
  [48/450] layered_small_seed2 | bins=3 | cfg=handy t=4 | run 3/3 ... SAT cost=3929 t=60.64s
  [49/450] layered_small_seed2 | bins=3 | cfg=trendy t=1 | run 1/3 ... SAT cost=3929 t=60.659s
  [50/450] layered_small_seed2 | bins=3 | cfg=trendy t=1 | run 2/3 ... SAT cost=3929 t=60.655s
  [51/450] layered_small_seed2 | bins=3 | cfg=trendy t=1 | run 3/3 ... SAT cost=3929 t=60.634s
  [52/450] layered_small_seed2 | bins=3 | cfg=trendy t=4 | run 1/3 ... SAT cost=3929 t=60.668s
  [53/450] layered_small_seed2 | bins=3 | cfg=trendy t=4 | run 2/3 ... SAT cost=3929 t=60.643s
  [54/450] layered_small_seed2 | bins=3 | cfg=trendy t=4 | run 3/3 ... SAT cost=3929 t=60.665s
  [55/450] layered_small_seed2 | bins=3 | cfg=many t=1 | run 1/3 ... SAT cost=3929 t=60.636s
  [56/450] layered_small_seed2 | bins=3 | cfg=many t=1 | run 2/3 ... SAT cost=3929 t=60.639s
  [57/450] layered_small_seed2 | bins=3 | cfg=many t=1 | run 3/3 ... SAT cost=3929 t=60.629s
  [58/450] layered_small_seed2 | bins=3 | cfg=many t=4 | run 1/3 ... SAT cost=4492 t=60.741s
  [59/450] layered_small_seed2 | bins=3 | cfg=many t=4 | run 2/3 ... SAT cost=3929 t=60.802s
  [60/450] layered_small_seed2 | bins=3 | cfg=many t=4 | run 3/3 ... SAT cost=3929 t=60.878s
  [61/450] layered_small_seed3 | bins=3 | cfg=default t=1 | run 1/3 ... SAT cost=11668 t=60.294s
  [62/450] layered_small_seed3 | bins=3 | cfg=default t=1 | run 2/3 ... SAT cost=11668 t=60.278s
  [63/450] layered_small_seed3 | bins=3 | cfg=default t=1 | run 3/3 ... SAT cost=11668 t=60.289s
  [64/450] layered_small_seed3 | bins=3 | cfg=default t=4 | run 1/3 ... SAT cost=12044 t=60.386s
  [65/450] layered_small_seed3 | bins=3 | cfg=default t=4 | run 2/3 ... SAT cost=14500 t=60.357s
  [66/450] layered_small_seed3 | bins=3 | cfg=default t=4 | run 3/3 ... SAT cost=11940 t=60.356s
  [67/450] layered_small_seed3 | bins=3 | cfg=frumpy t=1 | run 1/3 ... SAT cost=19508 t=60.311s
  [68/450] layered_small_seed3 | bins=3 | cfg=frumpy t=1 | run 2/3 ... SAT cost=19508 t=60.305s
  [69/450] layered_small_seed3 | bins=3 | cfg=frumpy t=1 | run 3/3 ... SAT cost=19508 t=60.311s
  [70/450] layered_small_seed3 | bins=3 | cfg=frumpy t=4 | run 1/3 ... SAT cost=20332 t=60.33s
  [71/450] layered_small_seed3 | bins=3 | cfg=frumpy t=4 | run 2/3 ... SAT cost=13648 t=60.477s
  [72/450] layered_small_seed3 | bins=3 | cfg=frumpy t=4 | run 3/3 ... SAT cost=18484 t=60.35s
  [73/450] layered_small_seed3 | bins=3 | cfg=handy t=1 | run 1/3 ... SAT cost=11024 t=60.298s
  [74/450] layered_small_seed3 | bins=3 | cfg=handy t=1 | run 2/3 ... SAT cost=11024 t=60.277s
  [75/450] layered_small_seed3 | bins=3 | cfg=handy t=1 | run 3/3 ... SAT cost=11024 t=60.273s
  [76/450] layered_small_seed3 | bins=3 | cfg=handy t=4 | run 1/3 ... SAT cost=11192 t=60.283s
  [77/450] layered_small_seed3 | bins=3 | cfg=handy t=4 | run 2/3 ... SAT cost=11024 t=60.273s
  [78/450] layered_small_seed3 | bins=3 | cfg=handy t=4 | run 3/3 ... SAT cost=11564 t=60.277s
  [79/450] layered_small_seed3 | bins=3 | cfg=trendy t=1 | run 1/3 ... SAT cost=11304 t=60.284s
  [80/450] layered_small_seed3 | bins=3 | cfg=trendy t=1 | run 2/3 ... SAT cost=11304 t=60.287s
  [81/450] layered_small_seed3 | bins=3 | cfg=trendy t=1 | run 3/3 ... SAT cost=11304 t=60.276s
  [82/450] layered_small_seed3 | bins=3 | cfg=trendy t=4 | run 1/3 ... SAT cost=11096 t=60.287s
  [83/450] layered_small_seed3 | bins=3 | cfg=trendy t=4 | run 2/3 ... SAT cost=11024 t=60.287s
  [84/450] layered_small_seed3 | bins=3 | cfg=trendy t=4 | run 3/3 ... SAT cost=11024 t=60.279s
  [85/450] layered_small_seed3 | bins=3 | cfg=many t=1 | run 1/3 ... SAT cost=11668 t=60.276s
  [86/450] layered_small_seed3 | bins=3 | cfg=many t=1 | run 2/3 ... SAT cost=11668 t=60.285s
  [87/450] layered_small_seed3 | bins=3 | cfg=many t=1 | run 3/3 ... SAT cost=11668 t=60.285s
  [88/450] layered_small_seed3 | bins=3 | cfg=many t=4 | run 1/3 ... SAT cost=11056 t=60.376s
  [89/450] layered_small_seed3 | bins=3 | cfg=many t=4 | run 2/3 ... SAT cost=11516 t=60.38s
  [90/450] layered_small_seed3 | bins=3 | cfg=many t=4 | run 3/3 ... SAT cost=12608 t=60.382s
  [91/450] layered_small_seed4 | bins=3 | cfg=default t=1 | run 1/3 ... SAT cost=8704 t=60.457s
  [92/450] layered_small_seed4 | bins=3 | cfg=default t=1 | run 2/3 ... SAT cost=8704 t=60.428s
  [93/450] layered_small_seed4 | bins=3 | cfg=default t=1 | run 3/3 ... SAT cost=8704 t=60.42s
  [94/450] layered_small_seed4 | bins=3 | cfg=default t=4 | run 1/3 ... SAT cost=8608 t=60.528s
  [95/450] layered_small_seed4 | bins=3 | cfg=default t=4 | run 2/3 ... SAT cost=9480 t=60.484s
  [96/450] layered_small_seed4 | bins=3 | cfg=default t=4 | run 3/3 ... SAT cost=9152 t=60.529s
  [97/450] layered_small_seed4 | bins=3 | cfg=frumpy t=1 | run 1/3 ... SAT cost=22584 t=60.617s
  [98/450] layered_small_seed4 | bins=3 | cfg=frumpy t=1 | run 2/3 ... SAT cost=22584 t=60.629s
  [99/450] layered_small_seed4 | bins=3 | cfg=frumpy t=1 | run 3/3 ... SAT cost=22584 t=60.699s
  [100/450] layered_small_seed4 | bins=3 | cfg=frumpy t=4 | run 1/3 ... SAT cost=12408 t=60.531s
  [101/450] layered_small_seed4 | bins=3 | cfg=frumpy t=4 | run 2/3 ... SAT cost=19744 t=60.617s
  [102/450] layered_small_seed4 | bins=3 | cfg=frumpy t=4 | run 3/3 ... SAT cost=12544 t=60.738s
  [103/450] layered_small_seed4 | bins=3 | cfg=handy t=1 | run 1/3 ... SAT cost=8480 t=60.427s
  [104/450] layered_small_seed4 | bins=3 | cfg=handy t=1 | run 2/3 ... SAT cost=8480 t=60.431s
  [105/450] layered_small_seed4 | bins=3 | cfg=handy t=1 | run 3/3 ... SAT cost=8480 t=60.406s
  [106/450] layered_small_seed4 | bins=3 | cfg=handy t=4 | run 1/3 ... SAT cost=8680 t=60.409s
  [107/450] layered_small_seed4 | bins=3 | cfg=handy t=4 | run 2/3 ... SAT cost=8480 t=60.405s
  [108/450] layered_small_seed4 | bins=3 | cfg=handy t=4 | run 3/3 ... SAT cost=8488 t=60.409s
  [109/450] layered_small_seed4 | bins=3 | cfg=trendy t=1 | run 1/3 ... SAT cost=8584 t=60.425s
  [110/450] layered_small_seed4 | bins=3 | cfg=trendy t=1 | run 2/3 ... SAT cost=8584 t=60.41s
  [111/450] layered_small_seed4 | bins=3 | cfg=trendy t=1 | run 3/3 ... SAT cost=8584 t=60.426s
  [112/450] layered_small_seed4 | bins=3 | cfg=trendy t=4 | run 1/3 ... SAT cost=8480 t=60.575s
  [113/450] layered_small_seed4 | bins=3 | cfg=trendy t=4 | run 2/3 ... SAT cost=8480 t=60.435s
  [114/450] layered_small_seed4 | bins=3 | cfg=trendy t=4 | run 3/3 ... SAT cost=8552 t=60.43s
  [115/450] layered_small_seed4 | bins=3 | cfg=many t=1 | run 1/3 ... SAT cost=8704 t=60.436s
  [116/450] layered_small_seed4 | bins=3 | cfg=many t=1 | run 2/3 ... SAT cost=8704 t=60.409s
  [117/450] layered_small_seed4 | bins=3 | cfg=many t=1 | run 3/3 ... SAT cost=8704 t=60.415s
  [118/450] layered_small_seed4 | bins=3 | cfg=many t=4 | run 1/3 ... SAT cost=8824 t=60.657s
  [119/450] layered_small_seed4 | bins=3 | cfg=many t=4 | run 2/3 ... SAT cost=9352 t=60.634s
  [120/450] layered_small_seed4 | bins=3 | cfg=many t=4 | run 3/3 ... SAT cost=8552 t=60.479s
  [121/450] layered_small_seed5 | bins=3 | cfg=default t=1 | run 1/3 ... SAT cost=23100 t=60.851s
  [122/450] layered_small_seed5 | bins=3 | cfg=default t=1 | run 2/3 ... SAT cost=23100 t=60.818s
  [123/450] layered_small_seed5 | bins=3 | cfg=default t=1 | run 3/3 ... SAT cost=23100 t=60.822s
  [124/450] layered_small_seed5 | bins=3 | cfg=default t=4 | run 1/3 ... SAT cost=23205 t=61.306s
  [125/450] layered_small_seed5 | bins=3 | cfg=default t=4 | run 2/3 ... SAT cost=16905 t=61.511s
  [126/450] layered_small_seed5 | bins=3 | cfg=default t=4 | run 3/3 ... SAT cost=17955 t=60.936s
  [127/450] layered_small_seed5 | bins=3 | cfg=frumpy t=1 | run 1/3 ... SAT cost=25270 t=60.821s
  [128/450] layered_small_seed5 | bins=3 | cfg=frumpy t=1 | run 2/3 ... SAT cost=25270 t=60.816s
  [129/450] layered_small_seed5 | bins=3 | cfg=frumpy t=1 | run 3/3 ... SAT cost=25270 t=60.797s
  [130/450] layered_small_seed5 | bins=3 | cfg=frumpy t=4 | run 1/3 ... SAT cost=29155 t=61.325s
  [131/450] layered_small_seed5 | bins=3 | cfg=frumpy t=4 | run 2/3 ... SAT cost=31325 t=60.999s
  [132/450] layered_small_seed5 | bins=3 | cfg=frumpy t=4 | run 3/3 ... SAT cost=47180 t=61.207s
  [133/450] layered_small_seed5 | bins=3 | cfg=handy t=1 | run 1/3 ... SAT cost=16135 t=60.85s
  [134/450] layered_small_seed5 | bins=3 | cfg=handy t=1 | run 2/3 ... SAT cost=16135 t=60.792s
  [135/450] layered_small_seed5 | bins=3 | cfg=handy t=1 | run 3/3 ... SAT cost=16135 t=60.818s
  [136/450] layered_small_seed5 | bins=3 | cfg=handy t=4 | run 1/3 ... SAT cost=20510 t=60.83s
  [137/450] layered_small_seed5 | bins=3 | cfg=handy t=4 | run 2/3 ... SAT cost=15050 t=60.83s
  [138/450] layered_small_seed5 | bins=3 | cfg=handy t=4 | run 3/3 ... SAT cost=16730 t=60.866s
  [139/450] layered_small_seed5 | bins=3 | cfg=trendy t=1 | run 1/3 ... SAT cost=16730 t=60.803s
  [140/450] layered_small_seed5 | bins=3 | cfg=trendy t=1 | run 2/3 ... SAT cost=16730 t=60.803s
  [141/450] layered_small_seed5 | bins=3 | cfg=trendy t=1 | run 3/3 ... SAT cost=16730 t=60.803s
  [142/450] layered_small_seed5 | bins=3 | cfg=trendy t=4 | run 1/3 ... SAT cost=18235 t=60.788s
  [143/450] layered_small_seed5 | bins=3 | cfg=trendy t=4 | run 2/3 ... SAT cost=18445 t=60.876s
  [144/450] layered_small_seed5 | bins=3 | cfg=trendy t=4 | run 3/3 ... SAT cost=16065 t=60.873s
  [145/450] layered_small_seed5 | bins=3 | cfg=many t=1 | run 1/3 ... SAT cost=23100 t=60.798s
  [146/450] layered_small_seed5 | bins=3 | cfg=many t=1 | run 2/3 ... SAT cost=23100 t=60.825s
  [147/450] layered_small_seed5 | bins=3 | cfg=many t=1 | run 3/3 ... SAT cost=23100 t=60.781s
  [148/450] layered_small_seed5 | bins=3 | cfg=many t=4 | run 1/3 ... SAT cost=20440 t=60.98s
  [149/450] layered_small_seed5 | bins=3 | cfg=many t=4 | run 2/3 ... SAT cost=16205 t=61.135s
  [150/450] layered_small_seed5 | bins=3 | cfg=many t=4 | run 3/3 ... SAT cost=20790 t=60.891s
============================================================
  Solver: clingcon
============================================================
  [151/450] layered_small_seed1 | bins=3 | cfg=default t=1 | run 1/3 ... SAT cost=31716 t=60.019s
  [152/450] layered_small_seed1 | bins=3 | cfg=default t=1 | run 2/3 ... SAT cost=31716 t=60.016s
  [153/450] layered_small_seed1 | bins=3 | cfg=default t=1 | run 3/3 ... SAT cost=31716 t=60.092s
  [154/450] layered_small_seed1 | bins=3 | cfg=default t=4 | run 1/3 ... SAT cost=17510 t=60.017s
  [155/450] layered_small_seed1 | bins=3 | cfg=default t=4 | run 2/3 ... SAT cost=25744 t=60.016s
  [156/450] layered_small_seed1 | bins=3 | cfg=default t=4 | run 3/3 ... SAT cost=21978 t=60.016s
  [157/450] layered_small_seed1 | bins=3 | cfg=frumpy t=1 | run 1/3 ... SAT cost=92410 t=60.015s
  [158/450] layered_small_seed1 | bins=3 | cfg=frumpy t=1 | run 2/3 ... SAT cost=92410 t=60.01s
  [159/450] layered_small_seed1 | bins=3 | cfg=frumpy t=1 | run 3/3 ... SAT cost=92410 t=60.011s
  [160/450] layered_small_seed1 | bins=3 | cfg=frumpy t=4 | run 1/3 ... SAT cost=30998 t=60.015s
  [161/450] layered_small_seed1 | bins=3 | cfg=frumpy t=4 | run 2/3 ... SAT cost=36508 t=60.016s
  [162/450] layered_small_seed1 | bins=3 | cfg=frumpy t=4 | run 3/3 ... SAT cost=43638 t=60.016s
  [163/450] layered_small_seed1 | bins=3 | cfg=handy t=1 | run 1/3 ... SAT cost=138478 t=60.006s
  [164/450] layered_small_seed1 | bins=3 | cfg=handy t=1 | run 2/3 ... SAT cost=138478 t=60.015s
  [165/450] layered_small_seed1 | bins=3 | cfg=handy t=1 | run 3/3 ... SAT cost=138478 t=60.005s
  [166/450] layered_small_seed1 | bins=3 | cfg=handy t=4 | run 1/3 ... SAT cost=19690 t=60.015s
  [167/450] layered_small_seed1 | bins=3 | cfg=handy t=4 | run 2/3 ... SAT cost=19984 t=60.016s
  [168/450] layered_small_seed1 | bins=3 | cfg=handy t=4 | run 3/3 ... SAT cost=30558 t=60.016s
  [169/450] layered_small_seed1 | bins=3 | cfg=trendy t=1 | run 1/3 ... SAT cost=130254 t=60.016s
  [170/450] layered_small_seed1 | bins=3 | cfg=trendy t=1 | run 2/3 ... SAT cost=130254 t=60.015s
  [171/450] layered_small_seed1 | bins=3 | cfg=trendy t=1 | run 3/3 ... SAT cost=130254 t=60.013s
  [172/450] layered_small_seed1 | bins=3 | cfg=trendy t=4 | run 1/3 ... SAT cost=28504 t=60.016s
  [173/450] layered_small_seed1 | bins=3 | cfg=trendy t=4 | run 2/3 ... SAT cost=40582 t=60.017s
  [174/450] layered_small_seed1 | bins=3 | cfg=trendy t=4 | run 3/3 ... SAT cost=29444 t=60.016s
  [175/450] layered_small_seed1 | bins=3 | cfg=many t=1 | run 1/3 ... SAT cost=31716 t=60.021s
  [176/450] layered_small_seed1 | bins=3 | cfg=many t=1 | run 2/3 ... SAT cost=31716 t=60.013s
  [177/450] layered_small_seed1 | bins=3 | cfg=many t=1 | run 3/3 ... SAT cost=31716 t=60.022s
  [178/450] layered_small_seed1 | bins=3 | cfg=many t=4 | run 1/3 ... SAT cost=35584 t=60.026s
  [179/450] layered_small_seed1 | bins=3 | cfg=many t=4 | run 2/3 ... SAT cost=21572 t=60.021s
  [180/450] layered_small_seed1 | bins=3 | cfg=many t=4 | run 3/3 ... SAT cost=27386 t=60.026s
  [181/450] layered_small_seed2 | bins=3 | cfg=default t=1 | run 1/3 ... SAT cost=82108 t=60.33s
  [182/450] layered_small_seed2 | bins=3 | cfg=default t=1 | run 2/3 ... SAT cost=82108 t=60.026s
  [183/450] layered_small_seed2 | bins=3 | cfg=default t=1 | run 3/3 ... SAT cost=82108 t=60.062s
  [184/450] layered_small_seed2 | bins=3 | cfg=default t=4 | run 1/3 ... SAT cost=3929 t=60.017s
  [185/450] layered_small_seed2 | bins=3 | cfg=default t=4 | run 2/3 ... SAT cost=3929 t=60.025s
  [186/450] layered_small_seed2 | bins=3 | cfg=default t=4 | run 3/3 ... SAT cost=3985 t=60.064s
  [187/450] layered_small_seed2 | bins=3 | cfg=frumpy t=1 | run 1/3 ... SAT cost=53154 t=60.022s
  [188/450] layered_small_seed2 | bins=3 | cfg=frumpy t=1 | run 2/3 ... SAT cost=53154 t=60.02s
  [189/450] layered_small_seed2 | bins=3 | cfg=frumpy t=1 | run 3/3 ... SAT cost=53154 t=60.021s
  [190/450] layered_small_seed2 | bins=3 | cfg=frumpy t=4 | run 1/3 ... SAT cost=5945 t=60.038s
  [191/450] layered_small_seed2 | bins=3 | cfg=frumpy t=4 | run 2/3 ... SAT cost=4077 t=60.164s
  [192/450] layered_small_seed2 | bins=3 | cfg=frumpy t=4 | run 3/3 ... SAT cost=4409 t=60.013s
  [193/450] layered_small_seed2 | bins=3 | cfg=handy t=1 | run 1/3 ... SAT cost=105522 t=60.018s
  [194/450] layered_small_seed2 | bins=3 | cfg=handy t=1 | run 2/3 ... SAT cost=105522 t=60.024s
  [195/450] layered_small_seed2 | bins=3 | cfg=handy t=1 | run 3/3 ... SAT cost=105522 t=60.024s
  [196/450] layered_small_seed2 | bins=3 | cfg=handy t=4 | run 1/3 ... SAT cost=3929 t=60.04s
  [197/450] layered_small_seed2 | bins=3 | cfg=handy t=4 | run 2/3 ... SAT cost=3929 t=60.031s
  [198/450] layered_small_seed2 | bins=3 | cfg=handy t=4 | run 3/3 ... SAT cost=3985 t=60.026s
  [199/450] layered_small_seed2 | bins=3 | cfg=trendy t=1 | run 1/3 ... SAT cost=52720 t=60.019s
  [200/450] layered_small_seed2 | bins=3 | cfg=trendy t=1 | run 2/3 ... SAT cost=52720 t=60.017s
  [201/450] layered_small_seed2 | bins=3 | cfg=trendy t=1 | run 3/3 ... SAT cost=52720 t=60.017s
  [202/450] layered_small_seed2 | bins=3 | cfg=trendy t=4 | run 1/3 ... SAT cost=3948 t=60.019s
  [203/450] layered_small_seed2 | bins=3 | cfg=trendy t=4 | run 2/3 ... SAT cost=13082 t=60.018s
  [204/450] layered_small_seed2 | bins=3 | cfg=trendy t=4 | run 3/3 ... SAT cost=3985 t=60.026s
  [205/450] layered_small_seed2 | bins=3 | cfg=many t=1 | run 1/3 ... SAT cost=82108 t=60.024s
  [206/450] layered_small_seed2 | bins=3 | cfg=many t=1 | run 2/3 ... SAT cost=82108 t=60.112s
  [207/450] layered_small_seed2 | bins=3 | cfg=many t=1 | run 3/3 ... SAT cost=82108 t=60.028s
  [208/450] layered_small_seed2 | bins=3 | cfg=many t=4 | run 1/3 ... SAT cost=3966 t=60.025s
  [209/450] layered_small_seed2 | bins=3 | cfg=many t=4 | run 2/3 ... SAT cost=4004 t=60.026s
  [210/450] layered_small_seed2 | bins=3 | cfg=many t=4 | run 3/3 ... SAT cost=6114 t=60.023s
  [211/450] layered_small_seed3 | bins=3 | cfg=default t=1 | run 1/3 ... SAT cost=163368 t=60.085s
  [212/450] layered_small_seed3 | bins=3 | cfg=default t=1 | run 2/3 ... SAT cost=163368 t=60.196s
  [213/450] layered_small_seed3 | bins=3 | cfg=default t=1 | run 3/3 ... SAT cost=163368 t=60.026s
  [214/450] layered_small_seed3 | bins=3 | cfg=default t=4 | run 1/3 ... SAT cost=31288 t=60.025s
  [215/450] layered_small_seed3 | bins=3 | cfg=default t=4 | run 2/3 ... SAT cost=37572 t=60.146s
  [216/450] layered_small_seed3 | bins=3 | cfg=default t=4 | run 3/3 ... SAT cost=50044 t=60.892s
  [217/450] layered_small_seed3 | bins=3 | cfg=frumpy t=1 | run 1/3 ... SAT cost=20976 t=60.031s
  [218/450] layered_small_seed3 | bins=3 | cfg=frumpy t=1 | run 2/3 ... SAT cost=20976 t=60.032s
  [219/450] layered_small_seed3 | bins=3 | cfg=frumpy t=1 | run 3/3 ... SAT cost=20976 t=60.019s
  [220/450] layered_small_seed3 | bins=3 | cfg=frumpy t=4 | run 1/3 ... SAT cost=18836 t=60.019s
  [221/450] layered_small_seed3 | bins=3 | cfg=frumpy t=4 | run 2/3 ... SAT cost=14552 t=60.025s
  [222/450] layered_small_seed3 | bins=3 | cfg=frumpy t=4 | run 3/3 ... SAT cost=14552 t=60.033s
  [223/450] layered_small_seed3 | bins=3 | cfg=handy t=1 | run 1/3 ... SAT cost=53316 t=60.079s
  [224/450] layered_small_seed3 | bins=3 | cfg=handy t=1 | run 2/3 ... SAT cost=53316 t=60.069s
  [225/450] layered_small_seed3 | bins=3 | cfg=handy t=1 | run 3/3 ... SAT cost=53316 t=60.013s
  [226/450] layered_small_seed3 | bins=3 | cfg=handy t=4 | run 1/3 ... SAT cost=38484 t=60.015s
  [227/450] layered_small_seed3 | bins=3 | cfg=handy t=4 | run 2/3 ... SAT cost=40012 t=60.036s
  [228/450] layered_small_seed3 | bins=3 | cfg=handy t=4 | run 3/3 ... SAT cost=31932 t=60.018s
  [229/450] layered_small_seed3 | bins=3 | cfg=trendy t=1 | run 1/3 ... SAT cost=53316 t=60.015s
  [230/450] layered_small_seed3 | bins=3 | cfg=trendy t=1 | run 2/3 ... SAT cost=53316 t=60.017s
  [231/450] layered_small_seed3 | bins=3 | cfg=trendy t=1 | run 3/3 ... SAT cost=53316 t=60.016s
  [232/450] layered_small_seed3 | bins=3 | cfg=trendy t=4 | run 1/3 ... SAT cost=43020 t=60.017s
  [233/450] layered_small_seed3 | bins=3 | cfg=trendy t=4 | run 2/3 ... SAT cost=49756 t=60.016s
  [234/450] layered_small_seed3 | bins=3 | cfg=trendy t=4 | run 3/3 ... SAT cost=40284 t=60.019s
  [235/450] layered_small_seed3 | bins=3 | cfg=many t=1 | run 1/3 ... SAT cost=163368 t=60.123s
  [236/450] layered_small_seed3 | bins=3 | cfg=many t=1 | run 2/3 ... SAT cost=163368 t=60.024s
  [237/450] layered_small_seed3 | bins=3 | cfg=many t=1 | run 3/3 ... SAT cost=163368 t=60.103s
  [238/450] layered_small_seed3 | bins=3 | cfg=many t=4 | run 1/3 ... SAT cost=37760 t=60.017s
  [239/450] layered_small_seed3 | bins=3 | cfg=many t=4 | run 2/3 ... SAT cost=36804 t=60.02s
  [240/450] layered_small_seed3 | bins=3 | cfg=many t=4 | run 3/3 ... SAT cost=25752 t=60.022s
  [241/450] layered_small_seed4 | bins=3 | cfg=default t=1 | run 1/3 ... SAT cost=55112 t=60.016s
  [242/450] layered_small_seed4 | bins=3 | cfg=default t=1 | run 2/3 ... SAT cost=58432 t=60.02s
  [243/450] layered_small_seed4 | bins=3 | cfg=default t=1 | run 3/3 ... SAT cost=55112 t=60.016s
  [244/450] layered_small_seed4 | bins=3 | cfg=default t=4 | run 1/3 ... SAT cost=14616 t=60.02s
  [245/450] layered_small_seed4 | bins=3 | cfg=default t=4 | run 2/3 ... SAT cost=26848 t=60.026s
  [246/450] layered_small_seed4 | bins=3 | cfg=default t=4 | run 3/3 ... SAT cost=14912 t=60.021s
  [247/450] layered_small_seed4 | bins=3 | cfg=frumpy t=1 | run 1/3 ... SAT cost=248800 t=60.016s
  [248/450] layered_small_seed4 | bins=3 | cfg=frumpy t=1 | run 2/3 ... SAT cost=248800 t=60.016s
  [249/450] layered_small_seed4 | bins=3 | cfg=frumpy t=1 | run 3/3 ... SAT cost=252000 t=60.014s
  [250/450] layered_small_seed4 | bins=3 | cfg=frumpy t=4 | run 1/3 ... SAT cost=11560 t=60.015s
  [251/450] layered_small_seed4 | bins=3 | cfg=frumpy t=4 | run 2/3 ... SAT cost=14144 t=60.017s
  [252/450] layered_small_seed4 | bins=3 | cfg=frumpy t=4 | run 3/3 ... SAT cost=23264 t=60.016s
  [253/450] layered_small_seed4 | bins=3 | cfg=handy t=1 | run 1/3 ... SAT cost=82464 t=60.142s
  [254/450] layered_small_seed4 | bins=3 | cfg=handy t=1 | run 2/3 ... SAT cost=82464 t=60.068s
  [255/450] layered_small_seed4 | bins=3 | cfg=handy t=1 | run 3/3 ... SAT cost=82464 t=60.021s
  [256/450] layered_small_seed4 | bins=3 | cfg=handy t=4 | run 1/3 ... SAT cost=16704 t=60.017s
  [257/450] layered_small_seed4 | bins=3 | cfg=handy t=4 | run 2/3 ... SAT cost=37488 t=60.02s
  [258/450] layered_small_seed4 | bins=3 | cfg=handy t=4 | run 3/3 ... SAT cost=15992 t=60.019s
  [259/450] layered_small_seed4 | bins=3 | cfg=trendy t=1 | run 1/3 ... SAT cost=85648 t=60.018s
  [260/450] layered_small_seed4 | bins=3 | cfg=trendy t=1 | run 2/3 ... SAT cost=85648 t=60.017s
  [261/450] layered_small_seed4 | bins=3 | cfg=trendy t=1 | run 3/3 ... SAT cost=85648 t=60.017s
  [262/450] layered_small_seed4 | bins=3 | cfg=trendy t=4 | run 1/3 ... SAT cost=31040 t=60.021s
  [263/450] layered_small_seed4 | bins=3 | cfg=trendy t=4 | run 2/3 ... SAT cost=18448 t=60.017s
  [264/450] layered_small_seed4 | bins=3 | cfg=trendy t=4 | run 3/3 ... SAT cost=20512 t=60.012s
  [265/450] layered_small_seed4 | bins=3 | cfg=many t=1 | run 1/3 ... SAT cost=53128 t=60.054s
  [266/450] layered_small_seed4 | bins=3 | cfg=many t=1 | run 2/3 ... SAT cost=53128 t=60.134s
  [267/450] layered_small_seed4 | bins=3 | cfg=many t=1 | run 3/3 ... SAT cost=53128 t=60.058s
  [268/450] layered_small_seed4 | bins=3 | cfg=many t=4 | run 1/3 ... SAT cost=17496 t=60.017s
  [269/450] layered_small_seed4 | bins=3 | cfg=many t=4 | run 2/3 ... SAT cost=26064 t=60.017s
  [270/450] layered_small_seed4 | bins=3 | cfg=many t=4 | run 3/3 ... SAT cost=18256 t=60.019s
  [271/450] layered_small_seed5 | bins=3 | cfg=default t=1 | run 1/3 ... SAT cost=53375 t=60.039s
  [272/450] layered_small_seed5 | bins=3 | cfg=default t=1 | run 2/3 ... SAT cost=53375 t=60.024s
  [273/450] layered_small_seed5 | bins=3 | cfg=default t=1 | run 3/3 ... SAT cost=53375 t=60.022s
  [274/450] layered_small_seed5 | bins=3 | cfg=default t=4 | run 1/3 ... SAT cost=38185 t=60.023s
  [275/450] layered_small_seed5 | bins=3 | cfg=default t=4 | run 2/3 ... SAT cost=33425 t=60.021s
  [276/450] layered_small_seed5 | bins=3 | cfg=default t=4 | run 3/3 ... SAT cost=17290 t=60.118s
  [277/450] layered_small_seed5 | bins=3 | cfg=frumpy t=1 | run 1/3 ... SAT cost=90160 t=60.055s
  [278/450] layered_small_seed5 | bins=3 | cfg=frumpy t=1 | run 2/3 ... SAT cost=90160 t=60.021s
  [279/450] layered_small_seed5 | bins=3 | cfg=frumpy t=1 | run 3/3 ... SAT cost=90160 t=60.02s
  [280/450] layered_small_seed5 | bins=3 | cfg=frumpy t=4 | run 1/3 ... SAT cost=57400 t=60.021s
  [281/450] layered_small_seed5 | bins=3 | cfg=frumpy t=4 | run 2/3 ... SAT cost=36505 t=60.028s
  [282/450] layered_small_seed5 | bins=3 | cfg=frumpy t=4 | run 3/3 ... SAT cost=29505 t=60.049s
  [283/450] layered_small_seed5 | bins=3 | cfg=handy t=1 | run 1/3 ... SAT cost=101045 t=60.033s
  [284/450] layered_small_seed5 | bins=3 | cfg=handy t=1 | run 2/3 ... SAT cost=101045 t=60.022s
  [285/450] layered_small_seed5 | bins=3 | cfg=handy t=1 | run 3/3 ... SAT cost=101045 t=60.028s
  [286/450] layered_small_seed5 | bins=3 | cfg=handy t=4 | run 1/3 ... SAT cost=62020 t=60.023s
  [287/450] layered_small_seed5 | bins=3 | cfg=handy t=4 | run 2/3 ... SAT cost=54005 t=60.03s
  [288/450] layered_small_seed5 | bins=3 | cfg=handy t=4 | run 3/3 ... SAT cost=32165 t=60.043s
  [289/450] layered_small_seed5 | bins=3 | cfg=trendy t=1 | run 1/3 ... SAT cost=75145 t=60.021s
  [290/450] layered_small_seed5 | bins=3 | cfg=trendy t=1 | run 2/3 ... SAT cost=75145 t=60.123s
  [291/450] layered_small_seed5 | bins=3 | cfg=trendy t=1 | run 3/3 ... SAT cost=75145 t=60.093s
  [292/450] layered_small_seed5 | bins=3 | cfg=trendy t=4 | run 1/3 ... SAT cost=51030 t=60.021s
  [293/450] layered_small_seed5 | bins=3 | cfg=trendy t=4 | run 2/3 ... SAT cost=29155 t=60.02s
  [294/450] layered_small_seed5 | bins=3 | cfg=trendy t=4 | run 3/3 ... SAT cost=41965 t=60.023s
  [295/450] layered_small_seed5 | bins=3 | cfg=many t=1 | run 1/3 ... SAT cost=53375 t=60.021s
  [296/450] layered_small_seed5 | bins=3 | cfg=many t=1 | run 2/3 ... SAT cost=53375 t=60.024s
  [297/450] layered_small_seed5 | bins=3 | cfg=many t=1 | run 3/3 ... SAT cost=53375 t=60.056s
  [298/450] layered_small_seed5 | bins=3 | cfg=many t=4 | run 1/3 ... SAT cost=30905 t=60.029s
  [299/450] layered_small_seed5 | bins=3 | cfg=many t=4 | run 2/3 ... SAT cost=21035 t=60.026s
  [300/450] layered_small_seed5 | bins=3 | cfg=many t=4 | run 3/3 ... SAT cost=17430 t=60.026s
============================================================
  Solver: clingcon_optimised
============================================================
  [301/450] layered_small_seed1 | bins=3 | cfg=default t=1 | run 1/3 ... OPT cost=12142 t=5.537s
  [302/450] layered_small_seed1 | bins=3 | cfg=default t=1 | run 2/3 ... OPT cost=12142 t=6.023s
  [303/450] layered_small_seed1 | bins=3 | cfg=default t=1 | run 3/3 ... OPT cost=12142 t=5.682s
  [304/450] layered_small_seed1 | bins=3 | cfg=default t=4 | run 1/3 ... OPT cost=12142 t=1.857s
  [305/450] layered_small_seed1 | bins=3 | cfg=default t=4 | run 2/3 ... OPT cost=12142 t=1.693s
  [306/450] layered_small_seed1 | bins=3 | cfg=default t=4 | run 3/3 ... OPT cost=12142 t=1.462s
  [307/450] layered_small_seed1 | bins=3 | cfg=frumpy t=1 | run 1/3 ... OPT cost=12142 t=10.109s
  [308/450] layered_small_seed1 | bins=3 | cfg=frumpy t=1 | run 2/3 ... OPT cost=12142 t=9.53s
  [309/450] layered_small_seed1 | bins=3 | cfg=frumpy t=1 | run 3/3 ... OPT cost=12142 t=8.993s
  [310/450] layered_small_seed1 | bins=3 | cfg=frumpy t=4 | run 1/3 ... OPT cost=12142 t=2.544s
  [311/450] layered_small_seed1 | bins=3 | cfg=frumpy t=4 | run 2/3 ... OPT cost=12142 t=2.463s
  [312/450] layered_small_seed1 | bins=3 | cfg=frumpy t=4 | run 3/3 ... OPT cost=12142 t=1.943s
  [313/450] layered_small_seed1 | bins=3 | cfg=handy t=1 | run 1/3 ... OPT cost=12142 t=8.418s
  [314/450] layered_small_seed1 | bins=3 | cfg=handy t=1 | run 2/3 ... OPT cost=12142 t=9.717s
  [315/450] layered_small_seed1 | bins=3 | cfg=handy t=1 | run 3/3 ... OPT cost=12142 t=8.278s
  [316/450] layered_small_seed1 | bins=3 | cfg=handy t=4 | run 1/3 ... OPT cost=12142 t=1.555s
  [317/450] layered_small_seed1 | bins=3 | cfg=handy t=4 | run 2/3 ... OPT cost=12142 t=2.463s
  [318/450] layered_small_seed1 | bins=3 | cfg=handy t=4 | run 3/3 ... OPT cost=12142 t=2.005s
  [319/450] layered_small_seed1 | bins=3 | cfg=trendy t=1 | run 1/3 ... OPT cost=12142 t=4.684s
  [320/450] layered_small_seed1 | bins=3 | cfg=trendy t=1 | run 2/3 ... OPT cost=12142 t=3.696s
  [321/450] layered_small_seed1 | bins=3 | cfg=trendy t=1 | run 3/3 ... OPT cost=12142 t=3.815s
  [322/450] layered_small_seed1 | bins=3 | cfg=trendy t=4 | run 1/3 ... OPT cost=12142 t=1.595s
  [323/450] layered_small_seed1 | bins=3 | cfg=trendy t=4 | run 2/3 ... OPT cost=12142 t=1.743s
  [324/450] layered_small_seed1 | bins=3 | cfg=trendy t=4 | run 3/3 ... OPT cost=12142 t=1.355s
  [325/450] layered_small_seed1 | bins=3 | cfg=many t=1 | run 1/3 ... OPT cost=12142 t=5.299s
  [326/450] layered_small_seed1 | bins=3 | cfg=many t=1 | run 2/3 ... OPT cost=12142 t=5.037s
  [327/450] layered_small_seed1 | bins=3 | cfg=many t=1 | run 3/3 ... OPT cost=12142 t=5.114s
  [328/450] layered_small_seed1 | bins=3 | cfg=many t=4 | run 1/3 ... OPT cost=12142 t=4.433s
  [329/450] layered_small_seed1 | bins=3 | cfg=many t=4 | run 2/3 ... OPT cost=12142 t=3.031s
  [330/450] layered_small_seed1 | bins=3 | cfg=many t=4 | run 3/3 ... OPT cost=12142 t=1.611s
  [331/450] layered_small_seed2 | bins=3 | cfg=default t=1 | run 1/3 ... OPT cost=3929 t=8.11s
  [332/450] layered_small_seed2 | bins=3 | cfg=default t=1 | run 2/3 ... OPT cost=3929 t=4.712s
  [333/450] layered_small_seed2 | bins=3 | cfg=default t=1 | run 3/3 ... OPT cost=3929 t=4.495s
  [334/450] layered_small_seed2 | bins=3 | cfg=default t=4 | run 1/3 ... OPT cost=3929 t=0.73s
  [335/450] layered_small_seed2 | bins=3 | cfg=default t=4 | run 2/3 ... OPT cost=3929 t=0.647s
  [336/450] layered_small_seed2 | bins=3 | cfg=default t=4 | run 3/3 ... OPT cost=3929 t=0.602s
  [337/450] layered_small_seed2 | bins=3 | cfg=frumpy t=1 | run 1/3 ... OPT cost=3929 t=3.998s
  [338/450] layered_small_seed2 | bins=3 | cfg=frumpy t=1 | run 2/3 ... OPT cost=3929 t=4.375s
  [339/450] layered_small_seed2 | bins=3 | cfg=frumpy t=1 | run 3/3 ... OPT cost=3929 t=4.232s
  [340/450] layered_small_seed2 | bins=3 | cfg=frumpy t=4 | run 1/3 ... OPT cost=3929 t=1.924s
  [341/450] layered_small_seed2 | bins=3 | cfg=frumpy t=4 | run 2/3 ... OPT cost=3929 t=1.894s
  [342/450] layered_small_seed2 | bins=3 | cfg=frumpy t=4 | run 3/3 ... OPT cost=3929 t=1.781s
  [343/450] layered_small_seed2 | bins=3 | cfg=handy t=1 | run 1/3 ... OPT cost=3929 t=3.4s
  [344/450] layered_small_seed2 | bins=3 | cfg=handy t=1 | run 2/3 ... OPT cost=3929 t=3.314s
  [345/450] layered_small_seed2 | bins=3 | cfg=handy t=1 | run 3/3 ... OPT cost=3929 t=3.38s
  [346/450] layered_small_seed2 | bins=3 | cfg=handy t=4 | run 1/3 ... OPT cost=3929 t=0.792s
  [347/450] layered_small_seed2 | bins=3 | cfg=handy t=4 | run 2/3 ... OPT cost=3929 t=0.879s
  [348/450] layered_small_seed2 | bins=3 | cfg=handy t=4 | run 3/3 ... OPT cost=3929 t=0.944s
  [349/450] layered_small_seed2 | bins=3 | cfg=trendy t=1 | run 1/3 ... OPT cost=3929 t=1.238s
  [350/450] layered_small_seed2 | bins=3 | cfg=trendy t=1 | run 2/3 ... OPT cost=3929 t=1.24s
  [351/450] layered_small_seed2 | bins=3 | cfg=trendy t=1 | run 3/3 ... OPT cost=3929 t=1.247s
  [352/450] layered_small_seed2 | bins=3 | cfg=trendy t=4 | run 1/3 ... OPT cost=3929 t=0.648s
  [353/450] layered_small_seed2 | bins=3 | cfg=trendy t=4 | run 2/3 ... OPT cost=3929 t=0.808s
  [354/450] layered_small_seed2 | bins=3 | cfg=trendy t=4 | run 3/3 ... OPT cost=3929 t=0.999s
  [355/450] layered_small_seed2 | bins=3 | cfg=many t=1 | run 1/3 ... OPT cost=3929 t=4.542s
  [356/450] layered_small_seed2 | bins=3 | cfg=many t=1 | run 2/3 ... OPT cost=3929 t=4.916s
  [357/450] layered_small_seed2 | bins=3 | cfg=many t=1 | run 3/3 ... OPT cost=3929 t=4.322s
  [358/450] layered_small_seed2 | bins=3 | cfg=many t=4 | run 1/3 ... OPT cost=3929 t=0.614s
  [359/450] layered_small_seed2 | bins=3 | cfg=many t=4 | run 2/3 ... OPT cost=3929 t=1.506s
  [360/450] layered_small_seed2 | bins=3 | cfg=many t=4 | run 3/3 ... OPT cost=3929 t=0.592s
  [361/450] layered_small_seed3 | bins=3 | cfg=default t=1 | run 1/3 ... OPT cost=11024 t=11.078s
  [362/450] layered_small_seed3 | bins=3 | cfg=default t=1 | run 2/3 ... OPT cost=11024 t=12.582s
  [363/450] layered_small_seed3 | bins=3 | cfg=default t=1 | run 3/3 ... OPT cost=11024 t=11.195s
  [364/450] layered_small_seed3 | bins=3 | cfg=default t=4 | run 1/3 ... OPT cost=11024 t=6.605s
  [365/450] layered_small_seed3 | bins=3 | cfg=default t=4 | run 2/3 ... OPT cost=11024 t=4.824s
  [366/450] layered_small_seed3 | bins=3 | cfg=default t=4 | run 3/3 ... OPT cost=11024 t=6.217s
  [367/450] layered_small_seed3 | bins=3 | cfg=frumpy t=1 | run 1/3 ... OPT cost=11024 t=18.018s
  [368/450] layered_small_seed3 | bins=3 | cfg=frumpy t=1 | run 2/3 ... OPT cost=11024 t=19.976s
  [369/450] layered_small_seed3 | bins=3 | cfg=frumpy t=1 | run 3/3 ... OPT cost=11024 t=19.027s
  [370/450] layered_small_seed3 | bins=3 | cfg=frumpy t=4 | run 1/3 ... OPT cost=11024 t=6.262s
  [371/450] layered_small_seed3 | bins=3 | cfg=frumpy t=4 | run 2/3 ... OPT cost=11024 t=6.164s
  [372/450] layered_small_seed3 | bins=3 | cfg=frumpy t=4 | run 3/3 ... OPT cost=11024 t=5.772s
  [373/450] layered_small_seed3 | bins=3 | cfg=handy t=1 | run 1/3 ... OPT cost=11024 t=15.36s
  [374/450] layered_small_seed3 | bins=3 | cfg=handy t=1 | run 2/3 ... OPT cost=11024 t=16.693s
  [375/450] layered_small_seed3 | bins=3 | cfg=handy t=1 | run 3/3 ... OPT cost=11024 t=15.325s
  [376/450] layered_small_seed3 | bins=3 | cfg=handy t=4 | run 1/3 ... OPT cost=11024 t=7.088s
  [377/450] layered_small_seed3 | bins=3 | cfg=handy t=4 | run 2/3 ... OPT cost=11024 t=10.492s
  [378/450] layered_small_seed3 | bins=3 | cfg=handy t=4 | run 3/3 ... OPT cost=11024 t=10.524s
  [379/450] layered_small_seed3 | bins=3 | cfg=trendy t=1 | run 1/3 ... OPT cost=11024 t=17.019s
  [380/450] layered_small_seed3 | bins=3 | cfg=trendy t=1 | run 2/3 ... OPT cost=11024 t=17.417s
  [381/450] layered_small_seed3 | bins=3 | cfg=trendy t=1 | run 3/3 ... OPT cost=11024 t=17.272s
  [382/450] layered_small_seed3 | bins=3 | cfg=trendy t=4 | run 1/3 ... OPT cost=11024 t=3.959s
  [383/450] layered_small_seed3 | bins=3 | cfg=trendy t=4 | run 2/3 ... OPT cost=11024 t=3.704s
  [384/450] layered_small_seed3 | bins=3 | cfg=trendy t=4 | run 3/3 ... OPT cost=11024 t=4.847s
  [385/450] layered_small_seed3 | bins=3 | cfg=many t=1 | run 1/3 ... OPT cost=11024 t=11.291s
  [386/450] layered_small_seed3 | bins=3 | cfg=many t=1 | run 2/3 ... OPT cost=11024 t=11.772s
  [387/450] layered_small_seed3 | bins=3 | cfg=many t=1 | run 3/3 ... OPT cost=11024 t=11.191s
  [388/450] layered_small_seed3 | bins=3 | cfg=many t=4 | run 1/3 ... OPT cost=11024 t=7.53s
  [389/450] layered_small_seed3 | bins=3 | cfg=many t=4 | run 2/3 ... OPT cost=11024 t=5.628s
  [390/450] layered_small_seed3 | bins=3 | cfg=many t=4 | run 3/3 ... OPT cost=11024 t=4.305s
  [391/450] layered_small_seed4 | bins=3 | cfg=default t=1 | run 1/3 ... SAT cost=36832 t=60.016s
  [392/450] layered_small_seed4 | bins=3 | cfg=default t=1 | run 2/3 ... SAT cost=36832 t=60.015s
  [393/450] layered_small_seed4 | bins=3 | cfg=default t=1 | run 3/3 ... SAT cost=36832 t=60.027s
  [394/450] layered_small_seed4 | bins=3 | cfg=default t=4 | run 1/3 ... OPT cost=8480 t=28.869s
  [395/450] layered_small_seed4 | bins=3 | cfg=default t=4 | run 2/3 ... OPT cost=8480 t=28.394s
  [396/450] layered_small_seed4 | bins=3 | cfg=default t=4 | run 3/3 ... OPT cost=8480 t=30.917s
  [397/450] layered_small_seed4 | bins=3 | cfg=frumpy t=1 | run 1/3 ... SAT cost=8480 t=60.017s
  [398/450] layered_small_seed4 | bins=3 | cfg=frumpy t=1 | run 2/3 ... SAT cost=8480 t=60.019s
  [399/450] layered_small_seed4 | bins=3 | cfg=frumpy t=1 | run 3/3 ... SAT cost=8480 t=60.023s
  [400/450] layered_small_seed4 | bins=3 | cfg=frumpy t=4 | run 1/3 ... OPT cost=8480 t=56.626s
  [401/450] layered_small_seed4 | bins=3 | cfg=frumpy t=4 | run 2/3 ... OPT cost=8480 t=49.601s
  [402/450] layered_small_seed4 | bins=3 | cfg=frumpy t=4 | run 3/3 ... SAT cost=8480 t=60.034s
  [403/450] layered_small_seed4 | bins=3 | cfg=handy t=1 | run 1/3 ... SAT cost=8480 t=60.035s
  [404/450] layered_small_seed4 | bins=3 | cfg=handy t=1 | run 2/3 ... SAT cost=8480 t=60.04s
  [405/450] layered_small_seed4 | bins=3 | cfg=handy t=1 | run 3/3 ... SAT cost=8480 t=60.043s
  [406/450] layered_small_seed4 | bins=3 | cfg=handy t=4 | run 1/3 ... OPT cost=8480 t=28.171s
  [407/450] layered_small_seed4 | bins=3 | cfg=handy t=4 | run 2/3 ... OPT cost=8480 t=22.675s
  [408/450] layered_small_seed4 | bins=3 | cfg=handy t=4 | run 3/3 ... OPT cost=8480 t=20.113s
  [409/450] layered_small_seed4 | bins=3 | cfg=trendy t=1 | run 1/3 ... SAT cost=8480 t=60.018s
  [410/450] layered_small_seed4 | bins=3 | cfg=trendy t=1 | run 2/3 ... SAT cost=8480 t=60.026s
  [411/450] layered_small_seed4 | bins=3 | cfg=trendy t=1 | run 3/3 ... SAT cost=8480 t=60.034s
  [412/450] layered_small_seed4 | bins=3 | cfg=trendy t=4 | run 1/3 ... OPT cost=8480 t=32.863s
  [413/450] layered_small_seed4 | bins=3 | cfg=trendy t=4 | run 2/3 ... OPT cost=8480 t=19.063s
  [414/450] layered_small_seed4 | bins=3 | cfg=trendy t=4 | run 3/3 ... OPT cost=8480 t=25.218s
  [415/450] layered_small_seed4 | bins=3 | cfg=many t=1 | run 1/3 ... SAT cost=36832 t=60.019s
  [416/450] layered_small_seed4 | bins=3 | cfg=many t=1 | run 2/3 ... SAT cost=64168 t=60.025s
  [417/450] layered_small_seed4 | bins=3 | cfg=many t=1 | run 3/3 ... SAT cost=36864 t=60.178s
  [418/450] layered_small_seed4 | bins=3 | cfg=many t=4 | run 1/3 ... OPT cost=8480 t=41.278s
  [419/450] layered_small_seed4 | bins=3 | cfg=many t=4 | run 2/3 ... OPT cost=8480 t=39.12s
  [420/450] layered_small_seed4 | bins=3 | cfg=many t=4 | run 3/3 ... OPT cost=8480 t=29.749s
  [421/450] layered_small_seed5 | bins=3 | cfg=default t=1 | run 1/3 ... SAT cost=13825 t=60.1s
  [422/450] layered_small_seed5 | bins=3 | cfg=default t=1 | run 2/3 ... SAT cost=13825 t=60.044s
  [423/450] layered_small_seed5 | bins=3 | cfg=default t=1 | run 3/3 ... SAT cost=13825 t=60.102s
  [424/450] layered_small_seed5 | bins=3 | cfg=default t=4 | run 1/3 ... SAT cost=13825 t=60.097s
  [425/450] layered_small_seed5 | bins=3 | cfg=default t=4 | run 2/3 ... SAT cost=13825 t=60.075s
  [426/450] layered_small_seed5 | bins=3 | cfg=default t=4 | run 3/3 ... SAT cost=13825 t=60.057s
  [427/450] layered_small_seed5 | bins=3 | cfg=frumpy t=1 | run 1/3 ... SAT cost=16310 t=60.027s
  [428/450] layered_small_seed5 | bins=3 | cfg=frumpy t=1 | run 2/3 ... SAT cost=16310 t=60.046s
  [429/450] layered_small_seed5 | bins=3 | cfg=frumpy t=1 | run 3/3 ... SAT cost=16310 t=60.034s
  [430/450] layered_small_seed5 | bins=3 | cfg=frumpy t=4 | run 1/3 ... SAT cost=14280 t=60.031s
  [431/450] layered_small_seed5 | bins=3 | cfg=frumpy t=4 | run 2/3 ... SAT cost=13825 t=60.028s
  [432/450] layered_small_seed5 | bins=3 | cfg=frumpy t=4 | run 3/3 ... SAT cost=13895 t=60.035s
  [433/450] layered_small_seed5 | bins=3 | cfg=handy t=1 | run 1/3 ... SAT cost=13825 t=64.574s
  [434/450] layered_small_seed5 | bins=3 | cfg=handy t=1 | run 2/3 ... SAT cost=13825 t=61.654s
  [435/450] layered_small_seed5 | bins=3 | cfg=handy t=1 | run 3/3 ... SAT cost=13825 t=65.859s
  [436/450] layered_small_seed5 | bins=3 | cfg=handy t=4 | run 1/3 ... SAT cost=16030 t=62.418s
  [437/450] layered_small_seed5 | bins=3 | cfg=handy t=4 | run 2/3 ... SAT cost=14070 t=60.091s
  [438/450] layered_small_seed5 | bins=3 | cfg=handy t=4 | run 3/3 ... SAT cost=16030 t=60.13s
  [439/450] layered_small_seed5 | bins=3 | cfg=trendy t=1 | run 1/3 ... SAT cost=13825 t=60.147s
  [440/450] layered_small_seed5 | bins=3 | cfg=trendy t=1 | run 2/3 ... SAT cost=13825 t=60.057s
  [441/450] layered_small_seed5 | bins=3 | cfg=trendy t=1 | run 3/3 ... SAT cost=13825 t=60.034s
  [442/450] layered_small_seed5 | bins=3 | cfg=trendy t=4 | run 1/3 ... SAT cost=13825 t=60.033s
  [443/450] layered_small_seed5 | bins=3 | cfg=trendy t=4 | run 2/3 ... SAT cost=13825 t=60.043s
  [444/450] layered_small_seed5 | bins=3 | cfg=trendy t=4 | run 3/3 ... SAT cost=13825 t=60.027s
  [445/450] layered_small_seed5 | bins=3 | cfg=many t=1 | run 1/3 ... SAT cost=13825 t=60.743s
  [446/450] layered_small_seed5 | bins=3 | cfg=many t=1 | run 2/3 ... SAT cost=13825 t=60.057s
  [447/450] layered_small_seed5 | bins=3 | cfg=many t=1 | run 3/3 ... SAT cost=13825 t=60.036s
  [448/450] layered_small_seed5 | bins=3 | cfg=many t=4 | run 1/3 ... SAT cost=13825 t=60.043s
  [449/450] layered_small_seed5 | bins=3 | cfg=many t=4 | run 2/3 ... SAT cost=13825 t=60.044s
  [450/450] layered_small_seed5 | bins=3 | cfg=many t=4 | run 3/3 ... SAT cost=13825 t=60.031s

Done! 450 new runs, 0 resumed.
  Raw:     /Users/racqueldennison/Documents/Masters/realdeal_masters/combined_encodings/new_code/src/multibatch/experiments/benchmark/results/benchmark_raw_portfolio_small.csv
  Summary: /Users/racqueldennison/Documents/Masters/realdeal_masters/combined_encodings/new_code/src/multibatch/experiments/benchmark/results/benchmark_summary_portfolio_small.csv
