clingcon version 5.2.1
Reading from encoding_alternative.lp ...
Solving...
Answer: 49 (Time: 1.593s)
pack(0,p1,1,l1,l2,tr1) pack(0,p1,1,l1,l2,tr2) pack(0,p1,1,l4,l5,tr1) pack(0,p1,2,l1,l3,tr1) pack(0,p1,2,l1,l4,tr2) pack(0,p1,2,l3,l5,tr2) pack(1,p1,1,l1,l3,tr1) pack(1,p1,1,l1,l4,tr2) pack(1,p1,1,l2,l3,tr1) pack(1,p1,1,l2,l3,tr2) pack(1,p1,1,l2,l4,tr1) pack(1,p1,1,l2,l4,tr2) pack(1,p1,1,l2,l6,tr1) pack(1,p1,1,l3,l6,tr1) pack(1,p1,1,l3,l6,tr2) pack(1,p1,1,l4,l6,tr1) pack(1,p1,1,l4,l6,tr2) pack(1,p1,2,l2,l3,tr1) pack(1,p1,2,l2,l3,tr2) pack(1,p1,2,l2,l4,tr1) pack(1,p1,2,l2,l4,tr2) pack(1,p1,2,l2,l6,tr1) pack(1,p1,2,l3,l6,tr1) pack(1,p1,2,l3,l6,tr2) pack(1,p1,2,l4,l6,tr1) pack(1,p1,2,l4,l6,tr2) pack(2,p1,1,l1,l4,tr1) pack(2,p1,1,l3,l5,tr1) pack(2,p1,1,l3,l5,tr2) pack(2,p1,2,l1,l2,tr1) pack(2,p1,2,l1,l4,tr1) pack(2,p1,2,l3,l5,tr1) pack(2,p1,2,l4,l5,tr1) pack(3,p1,1,l1,l3,tr2) pack(3,p1,1,l4,l5,tr2) pack(3,p1,2,l1,l2,tr2) pack(3,p1,2,l1,l3,tr2) pack(3,p1,2,l4,l5,tr2)
Assignment:
flow(l1,l2,p1)=0 flow(l1,l3,p1)=0 flow(l1,l4,p1)=10 flow(l2,l3,p1)=5 flow(l2,l4,p1)=15 flow(l2,l6,p1)=0 flow(l3,l5,p1)=0 flow(l3,l6,p1)=5 flow(l4,l5,p1)=10 flow(l4,l6,p1)=15
Cost: 18844
SATISFIABLE

TIME LIMIT   : 1
Models       : 49+
Calls        : 1
Time         : 2.004s (Solving: 2.00s 1st Model: 0.00s Unsat: 0.00s)
CPU Time     : 2.004s

Choices      : 175163  
Conflicts    : 131874   (Analyzed: 131296)
Restarts     : 1632     (Average: 80.45 Last: 0 Blocked: 0)
Model-Level  : 155.0   
Problems     : 1        (Average Length: 1.00 Splits: 0)
Lemmas       : 572865   (Deleted: 548733)
  Binary     : 581      (Ratio:   0.10%)
  Ternary    : 1291     (Ratio:   0.23%)
  Conflict   : 131296   (Average Length:   23.8 Ratio:  22.92%) 
  Loop       : 0        (Average Length:    0.0 Ratio:   0.00%) 
  Other      : 441569   (Average Length:   11.1 Ratio:  77.08%) 
Backjumps    : 131296   (Average:  1.29 Max:  30 Sum: 169164)
  Executed   : 131287   (Average:  1.29 Max:  30 Sum: 169110 Ratio:  99.97%)
  Bounded    : 9        (Average:  6.00 Max:  29 Sum:     54 Ratio:   0.03%)

Rules        : 809      (Original: 585)
  Choice     : 38      
Atoms        : 641     
Bodies       : 339      (Original: 247)
  Count      : 0        (Original: 76)
Equivalences : 510      (Atom=Atom: 170 Body=Body: 0 Other: 340)
Tight        : Yes
Variables    : 1412     (Eliminated:    0 Frozen: 1412)
Constraints  : 6316     (Binary:   7.7% Ternary:  46.5% Other:  45.7%)

Clingcon
  Cost       : 18844
  Init time in seconds
    Total    : 0.00125658
    Simplify : 4.0375e-05
    Translate: 0.000411041
  Problem
    Constraints: 17
    Variables: 86
    Clauses  : 6374
    Literals : 1242
  Translate
    Constraints removed: 204
    Constraints added: 0
    Clauses  : 6066
    Weight constraints: 10
    Literals : 1166
  [Thread 0]
    Time in seconds
      Total  : 0.720675
      Propagation: 0.104611
      Check  : 0.604062
      Undo   : 0.0120019
    Refined reason: 391553
    Introduced reason: 24125
    Literals introduced: 54

*** Info : (clingcon): Sending shutdown signal...
*** ERROR: (clingcon): solving stopped by signal
*** Info : (clingcon): Shutdown completed in 0.001 seconds
