══════════════════════════════════════════════════════════════════════
  FINAL TWO-STAGE EXPERIMENT
══════════════════════════════════════════════════════════════════════
  Stage 1 encoding: stage_1_flow.lp
  Stage 2 encoding: stage2_packing.lp
  Instances:        11
  Weights:          [0, 1000]
  Exposure N:       3
  S2 configs:       ['off_off', 'hetero', 'conc', 'both']
  Total runs:       88
  Output:           experiments/two_stage/final/results/sweep_industry_heavy.csv
══════════════════════════════════════════════════════════════════════

══════════════════════════════════════════════════════════════════════
  Instance: industry_instances  (type=industry, size=industry, seed=0, time_limit=1800s
══════════════════════════════════════════════════════════════════════
  Parsed: 35 parts, 5610 routes

  [industry_instances w=0] Stage 1 solve (limit=1800s, enc=stage_1_flow.lp)...
  cmd: clingcon /Users/racqueldennison/Documents/Masters/realdeal_masters/combined_encodings/src/experiments/two_stage/final/encodings/stage_1_flow.lp /Users/racqueldennison/Documents/Masters/realdeal_masters/combined_encodings/src/instances/industry/industry_instances.lp -c weight=0 -c max_freq=20 -c exposure_n=3 -c use_exposure=1 -c cap_size_divide=1 --time-limit=1800 --outf=2 -t 1 --configuration=many
Traceback (most recent call last):
  File "/Users/racqueldennison/Documents/Masters/realdeal_masters/combined_encodings/src/experiments/two_stage/final/run_full_experiment.py", line 681, in <module>
    main()
    ~~~~^^
  File "/Users/racqueldennison/Documents/Masters/realdeal_masters/combined_encodings/src/experiments/two_stage/final/run_full_experiment.py", line 656, in main
    n = run_weight_group(
        inst_path, instance_data, inst_name, meta,
    ...<11 lines>...
        cap_size_divide=args.cap_size_divide,
    )
  File "/Users/racqueldennison/Documents/Masters/realdeal_masters/combined_encodings/src/experiments/two_stage/final/run_full_experiment.py", line 268, in run_weight_group
    solver, stage1 = solve_stage1(
                     ~~~~~~~~~~~~^
        str(instance_path),
        ^^^^^^^^^^^^^^^^^^^
    ...<7 lines>...
        cap_size_divide=cap_size_divide,
        ^^^^^^^^^^^^^^^^^^^^^^^^^^^^^^^^
    )
    ^
  File "/Users/racqueldennison/Documents/Masters/realdeal_masters/combined_encodings/src/main.py", line 120, in solve_stage1
    stage1, wall_time, _ = solver.run_stage1_subprocess()
                           ~~~~~~~~~~~~~~~~~~~~~~~~~~~~^^
  File "/Users/racqueldennison/Documents/Masters/realdeal_masters/combined_encodings/src/modules/run_two_stage_subprocess.py", line 129, in run_stage1_subprocess
    proc = subprocess.run(
        cmd,
    ...<2 lines>...
        timeout=self.time_limit + 30,
    )
  File "/opt/miniconda3/lib/python3.13/subprocess.py", line 556, in run
    stdout, stderr = process.communicate(input, timeout=timeout)
                     ~~~~~~~~~~~~~~~~~~~^^^^^^^^^^^^^^^^^^^^^^^^
  File "/opt/miniconda3/lib/python3.13/subprocess.py", line 1222, in communicate
    stdout, stderr = self._communicate(input, endtime, timeout)
                     ~~~~~~~~~~~~~~~~~^^^^^^^^^^^^^^^^^^^^^^^^^
  File "/opt/miniconda3/lib/python3.13/subprocess.py", line 2128, in _communicate
    ready = selector.select(timeout)
  File "/opt/miniconda3/lib/python3.13/selectors.py", line 398, in select
    fd_event_list = self._selector.poll(timeout)
KeyboardInterrupt
